[MAIN-PROCESS][[36m2026-10-02 15:36:57,257[0m][[34mprocess[0m][[32mINFO[0m] - Allocated process launcher[0m
[MAIN-PROCESS][[36m2026-10-02 15:36:57,258[0m][[34mprocess[0m][[32mINFO[0m] - 	+ Setting multiprocessing start method to spawn[0m
[ISOLATED-PROCESS][[36m2026-10-02 15:37:05,132[0m][[34mpytorch[0m][[32mINFO[0m] - Allocating pytorch backend[0m
[ISOLATED-PROCESS][[36m2026-10-02 15:37:05,133[0m][[34mpytorch[0m][[32mINFO[0m] - 	+ Seeding backend with 0[0m
[ISOLATED-PROCESS][[36m2026-10-02 15:37:05,136[0m][[34mpytorch[0m][[32mINFO[0m] - 	+ Benchmarking a Transformers model[0m
[ISOLATED-PROCESS][[36m2026-10-02 15:37:05,146[0m][[34minference[0m][[32mINFO[0m] - Allocating inference scenario[0m
[ISOLATED-PROCESS][[36m2026-10-02 15:37:05,146[0m][[34minference[0m][[32mINFO[0m] - 	+ Updating Text Generation kwargs with default values[0m
[ISOLATED-PROCESS][[36m2026-10-02 15:37:05,146[0m][[34minference[0m][[32mINFO[0m] - 	+ Initializing Text Generation targets list[0m
[ISOLATED-PROCESS][[36m2026-10-02 15:37:05,147[0m][[34minference[0m][[32mINFO[0m] - 	+ Initializing Latency tracker[0m
[ISOLATED-PROCESS][[36m2026-10-02 15:37:05,148[0m][[34mlatency[0m][[32mINFO[0m] - 		+ Tracking latency using CPU performance counter[0m
[ISOLATED-PROCESS][[36m2026-10-02 15:37:05,148[0m][[34minference[0m][[32mINFO[0m] - 	+ Initializing Per-Token Latency tracker[0m
[ISOLATED-PROCESS][[36m2026-10-02 15:37:05,148[0m][[34mlatency[0m][[32mINFO[0m] - 		+ Tracking latency using CPU performance counter[0m
[ISOLATED-PROCESS][[36m2026-10-02 15:37:05,148[0m][[34minference[0m][[32mINFO[0m] - 	+ Initializing Memory tracker[0m
[ISOLATED-PROCESS][[36m2026-10-02 15:37:05,148[0m][[34mmemory[0m][[32mINFO[0m] - 		+ Tracking RAM memory of process 9287[0m
[ISOLATED-PROCESS][[36m2026-10-02 15:37:05,149[0m][[34minference[0m][[32mINFO[0m] - 	+ Generating inputs for task text-generation[0m
[ISOLATED-PROCESS][[36m2026-10-02 15:37:05,150[0m][[34minference[0m][[32mINFO[0m] - 	+ Running model loading tracking[0m
[ISOLATED-PROCESS][[36m2026-10-02 15:37:11,694[0m][[34mpytorch[0m][[32mINFO[0m] - 	+ Creating backend temporary directory[0m
[ISOLATED-PROCESS][[36m2026-10-02 15:37:11,695[0m][[34mpytorch[0m][[32mINFO[0m] - 	+ Loading model with pretrained weights[0m
[ISOLATED-PROCESS][[36m2026-10-02 15:37:11,695[0m][[34mpytorch[0m][[32mINFO[0m] - 	+ Loading Transformers model[0m
[ISOLATED-PROCESS][[36m2026-10-02 15:37:12,079[0m][[34mpytorch[0m][[32mINFO[0m] - 	+ Enabling eval mode[0m
[ISOLATED-PROCESS][[36m2026-10-02 15:37:12,081[0m][[34mpytorch[0m][[32mINFO[0m] - 	+ Cleaning up backend temporary directory[0m
[ISOLATED-PROCESS][[36m2026-10-02 15:37:12,089[0m][[34minference[0m][[32mINFO[0m] - 	+ Preparing inputs for backend pytorch[0m
[ISOLATED-PROCESS][[36m2026-10-02 15:37:12,090[0m][[34minference[0m][[32mINFO[0m] - 	+ Running Per-Token Text Generation latency tracking[0m
[ISOLATED-PROCESS][[36m2026-10-02 15:37:26,138[0m][[34minference[0m][[32mINFO[0m] - 	+ Running Text Generation memory tracking[0m
[ISOLATED-PROCESS][[36m2026-10-02 15:37:41,665[0m][[34mprocess[0m][[32mINFO[0m] - 	+ Sending report dictionary to main process[0m
[ISOLATED-PROCESS][[36m2026-10-02 15:37:41,668[0m][[34mprocess[0m][[32mINFO[0m] - 	+ Sending report dictionary directly (13050 bytes)[0m
[ISOLATED-PROCESS][[36m2026-10-02 15:37:41,669[0m][[34mprocess[0m][[32mINFO[0m] - 	+ Exiting isolated process[0m
[MAIN-PROCESS][[36m2026-10-02 15:37:41,669[0m][[34mprocess[0m][[32mINFO[0m] - 	+ Received report dictionary from isolated process[0m
[MAIN-PROCESS][[36m2026-10-02 15:37:41,673[0m][[34mreport[0m][[32mINFO[0m] - + load_model:[0m
[MAIN-PROCESS][[36m2026-10-02 15:37:41,674[0m][[34mreport[0m][[32mINFO[0m] - 	+ memory:[0m
[MAIN-PROCESS][[36m2026-10-02 15:37:41,674[0m][[34mreport[0m][[32mINFO[0m] - 		+ max_ram: 1926.30 (MB)[0m
[MAIN-PROCESS][[36m2026-10-02 15:37:41,674[0m][[34mreport[0m][[32mINFO[0m] - 	+ latency:[0m
[MAIN-PROCESS][[36m2026-10-02 15:37:41,675[0m][[34mreport[0m][[32mINFO[0m] - 		+ count: 1[0m
[MAIN-PROCESS][[36m2026-10-02 15:37:41,675[0m][[34mreport[0m][[32mINFO[0m] - 		+ total: 0.392614 (s)[0m
[MAIN-PROCESS][[36m2026-10-02 15:37:41,675[0m][[34mreport[0m][[32mINFO[0m] - 		+ mean: 0.392614 (s)[0m
[MAIN-PROCESS][[36m2026-10-02 15:37:41,675[0m][[34mreport[0m][[32mINFO[0m] - 		+ p50: 0.392614 (s)[0m
[MAIN-PROCESS][[36m2026-10-02 15:37:41,675[0m][[34mreport[0m][[32mINFO[0m] - 		+ p90: 0.392614 (s)[0m
[MAIN-PROCESS][[36m2026-10-02 15:37:41,675[0m][[34mreport[0m][[32mINFO[0m] - 		+ p95: 0.392614 (s)[0m
[MAIN-PROCESS][[36m2026-10-02 15:37:41,675[0m][[34mreport[0m][[32mINFO[0m] - 		+ p99: 0.392614 (s)[0m
[MAIN-PROCESS][[36m2026-10-02 15:37:41,675[0m][[34mreport[0m][[32mINFO[0m] - 		+ stdev: 0.000000 (s)[0m
[MAIN-PROCESS][[36m2026-10-02 15:37:41,675[0m][[34mreport[0m][[32mINFO[0m] - 		+ stdev_: 0.00 (%)[0m
[MAIN-PROCESS][[36m2026-10-02 15:37:41,676[0m][[34mreport[0m][[32mINFO[0m] - + first_generate:[0m
[MAIN-PROCESS][[36m2026-10-02 15:37:41,676[0m][[34mreport[0m][[32mINFO[0m] - + generate:[0m
[MAIN-PROCESS][[36m2026-10-02 15:37:41,676[0m][[34mreport[0m][[32mINFO[0m] - 	+ latency:[0m
[MAIN-PROCESS][[36m2026-10-02 15:37:41,676[0m][[34mreport[0m][[32mINFO[0m] - 		+ count: 5[0m
[MAIN-PROCESS][[36m2026-10-02 15:37:41,676[0m][[34mreport[0m][[32mINFO[0m] - 		+ total: 14.044601 (s)[0m
[MAIN-PROCESS][[36m2026-10-02 15:37:41,676[0m][[34mreport[0m][[32mINFO[0m] - 		+ mean: 2.808920 (s)[0m
[MAIN-PROCESS][[36m2026-10-02 15:37:41,676[0m][[34mreport[0m][[32mINFO[0m] - 		+ p50: 2.546366 (s)[0m
[MAIN-PROCESS][[36m2026-10-02 15:37:41,676[0m][[34mreport[0m][[32mINFO[0m] - 		+ p90: 3.470797 (s)[0m
[MAIN-PROCESS][[36m2026-10-02 15:37:41,677[0m][[34mreport[0m][[32mINFO[0m] - 		+ p95: 3.759192 (s)[0m
[MAIN-PROCESS][[36m2026-10-02 15:37:41,677[0m][[34mreport[0m][[32mINFO[0m] - 		+ p99: 3.989909 (s)[0m
[MAIN-PROCESS][[36m2026-10-02 15:37:41,677[0m][[34mreport[0m][[32mINFO[0m] - 		+ stdev: 0.623445 (s)[0m
[MAIN-PROCESS][[36m2026-10-02 15:37:41,677[0m][[34mreport[0m][[32mINFO[0m] - 		+ stdev_: 22.20 (%)[0m
[MAIN-PROCESS][[36m2026-10-02 15:37:41,677[0m][[34mreport[0m][[32mINFO[0m] - 	+ throughput:[0m
[MAIN-PROCESS][[36m2026-10-02 15:37:41,677[0m][[34mreport[0m][[32mINFO[0m] - 		+ throughput: 11.04 (samples/s)[0m
[MAIN-PROCESS][[36m2026-10-02 15:37:41,677[0m][[34mreport[0m][[32mINFO[0m] - + prefill:[0m
[MAIN-PROCESS][[36m2026-10-02 15:37:41,678[0m][[34mreport[0m][[32mINFO[0m] - 	+ memory:[0m
[MAIN-PROCESS][[36m2026-10-02 15:37:41,678[0m][[34mreport[0m][[32mINFO[0m] - 		+ max_ram: 1703.68 (MB)[0m
[MAIN-PROCESS][[36m2026-10-02 15:37:41,678[0m][[34mreport[0m][[32mINFO[0m] - 	+ latency:[0m
[MAIN-PROCESS][[36m2026-10-02 15:37:41,678[0m][[34mreport[0m][[32mINFO[0m] - 		+ count: 5[0m
[MAIN-PROCESS][[36m2026-10-02 15:37:41,678[0m][[34mreport[0m][[32mINFO[0m] - 		+ total: 2.264972 (s)[0m
[MAIN-PROCESS][[36m2026-10-02 15:37:41,678[0m][[34mreport[0m][[32mINFO[0m] - 		+ mean: 0.452994 (s)[0m
[MAIN-PROCESS][[36m2026-10-02 15:37:41,678[0m][[34mreport[0m][[32mINFO[0m] - 		+ p50: 0.288578 (s)[0m
[MAIN-PROCESS][[36m2026-10-02 15:37:41,679[0m][[34mreport[0m][[32mINFO[0m] - 		+ p90: 0.777777 (s)[0m
[MAIN-PROCESS][[36m2026-10-02 15:37:41,679[0m][[34mreport[0m][[32mINFO[0m] - 		+ p95: 0.923671 (s)[0m
[MAIN-PROCESS][[36m2026-10-02 15:37:41,679[0m][[34mreport[0m][[32mINFO[0m] - 		+ p99: 1.040386 (s)[0m
[MAIN-PROCESS][[36m2026-10-02 15:37:41,679[0m][[34mreport[0m][[32mINFO[0m] - 		+ stdev: 0.309040 (s)[0m
[MAIN-PROCESS][[36m2026-10-02 15:37:41,679[0m][[34mreport[0m][[32mINFO[0m] - 		+ stdev_: 68.22 (%)[0m
[MAIN-PROCESS][[36m2026-10-02 15:37:41,679[0m][[34mreport[0m][[32mINFO[0m] - 	+ throughput:[0m
[MAIN-PROCESS][[36m2026-10-02 15:37:41,679[0m][[34mreport[0m][[32mINFO[0m] - 		+ throughput: 2.21 (samples/s)[0m
[MAIN-PROCESS][[36m2026-10-02 15:37:41,679[0m][[34mreport[0m][[32mINFO[0m] - + decode:[0m
[MAIN-PROCESS][[36m2026-10-02 15:37:41,679[0m][[34mreport[0m][[32mINFO[0m] - 	+ memory:[0m
[MAIN-PROCESS][[36m2026-10-02 15:37:41,680[0m][[34mreport[0m][[32mINFO[0m] - 		+ max_ram: 1703.68 (MB)[0m
[MAIN-PROCESS][[36m2026-10-02 15:37:41,680[0m][[34mreport[0m][[32mINFO[0m] - 	+ latency:[0m
[MAIN-PROCESS][[36m2026-10-02 15:37:41,680[0m][[34mreport[0m][[32mINFO[0m] - 		+ count: 5[0m
[MAIN-PROCESS][[36m2026-10-02 15:37:41,680[0m][[34mreport[0m][[32mINFO[0m] - 		+ total: 11.779629 (s)[0m
[MAIN-PROCESS][[36m2026-10-02 15:37:41,680[0m][[34mreport[0m][[32mINFO[0m] - 		+ mean: 2.355926 (s)[0m
[MAIN-PROCESS][[36m2026-10-02 15:37:41,680[0m][[34mreport[0m][[32mINFO[0m] - 		+ p50: 2.258269 (s)[0m
[MAIN-PROCESS][[36m2026-10-02 15:37:41,680[0m][[34mreport[0m][[32mINFO[0m] - 		+ p90: 2.717604 (s)[0m
[MAIN-PROCESS][[36m2026-10-02 15:37:41,680[0m][[34mreport[0m][[32mINFO[0m] - 		+ p95: 2.847813 (s)[0m
[MAIN-PROCESS][[36m2026-10-02 15:37:41,680[0m][[34mreport[0m][[32mINFO[0m] - 		+ p99: 2.951981 (s)[0m
[MAIN-PROCESS][[36m2026-10-02 15:37:41,680[0m][[34mreport[0m][[32mINFO[0m] - 		+ stdev: 0.323367 (s)[0m
[MAIN-PROCESS][[36m2026-10-02 15:37:41,680[0m][[34mreport[0m][[32mINFO[0m] - 		+ stdev_: 13.73 (%)[0m
[MAIN-PROCESS][[36m2026-10-02 15:37:41,681[0m][[34mreport[0m][[32mINFO[0m] - 	+ throughput:[0m
[MAIN-PROCESS][[36m2026-10-02 15:37:41,681[0m][[34mreport[0m][[32mINFO[0m] - 		+ throughput: 13.16 (tokens/s)[0m
[MAIN-PROCESS][[36m2026-10-02 15:37:41,681[0m][[34mreport[0m][[32mINFO[0m] - + per_token:[0m
[MAIN-PROCESS][[36m2026-10-02 15:37:41,681[0m][[34mreport[0m][[32mINFO[0m] - 	+ latency:[0m
[MAIN-PROCESS][[36m2026-10-02 15:37:41,681[0m][[34mreport[0m][[32mINFO[0m] - 		+ count: 475[0m
[MAIN-PROCESS][[36m2026-10-02 15:37:41,681[0m][[34mreport[0m][[32mINFO[0m] - 		+ total: 39.987349 (s)[0m
[MAIN-PROCESS][[36m2026-10-02 15:37:41,681[0m][[34mreport[0m][[32mINFO[0m] - 		+ mean: 0.084184 (s)[0m
[MAIN-PROCESS][[36m2026-10-02 15:37:41,681[0m][[34mreport[0m][[32mINFO[0m] - 		+ p50: 0.069483 (s)[0m
[MAIN-PROCESS][[36m2026-10-02 15:37:41,681[0m][[34mreport[0m][[32mINFO[0m] - 		+ p90: 0.102860 (s)[0m
[MAIN-PROCESS][[36m2026-10-02 15:37:41,681[0m][[34mreport[0m][[32mINFO[0m] - 		+ p95: 0.224590 (s)[0m
[MAIN-PROCESS][[36m2026-10-02 15:37:41,682[0m][[34mreport[0m][[32mINFO[0m] - 		+ p99: 0.339303 (s)[0m
[MAIN-PROCESS][[36m2026-10-02 15:37:41,682[0m][[34mreport[0m][[32mINFO[0m] - 		+ stdev: 0.053143 (s)[0m
[MAIN-PROCESS][[36m2026-10-02 15:37:41,682[0m][[34mreport[0m][[32mINFO[0m] - 		+ stdev_: 63.13 (%)[0m
