[MAIN-PROCESS][[36m2026-10-02 15:36:17,024[0m][[34mprocess[0m][[32mINFO[0m] - Allocated process launcher[0m
[MAIN-PROCESS][[36m2026-10-02 15:36:17,024[0m][[34mprocess[0m][[32mINFO[0m] - 	+ Setting multiprocessing start method to spawn[0m
[ISOLATED-PROCESS][[36m2026-10-02 15:36:24,325[0m][[34mpytorch[0m][[32mINFO[0m] - Allocating pytorch backend[0m
[ISOLATED-PROCESS][[36m2026-10-02 15:36:24,325[0m][[34mpytorch[0m][[32mINFO[0m] - 	+ Seeding backend with 0[0m
[ISOLATED-PROCESS][[36m2026-10-02 15:36:24,330[0m][[34mpytorch[0m][[32mINFO[0m] - 	+ Benchmarking a Transformers model[0m
[ISOLATED-PROCESS][[36m2026-10-02 15:36:24,345[0m][[34minference[0m][[32mINFO[0m] - Allocating inference scenario[0m
[ISOLATED-PROCESS][[36m2026-10-02 15:36:24,346[0m][[34minference[0m][[32mINFO[0m] - 	+ Updating Text Generation kwargs with default values[0m
[ISOLATED-PROCESS][[36m2026-10-02 15:36:24,346[0m][[34minference[0m][[32mINFO[0m] - 	+ Initializing Text Generation targets list[0m
[ISOLATED-PROCESS][[36m2026-10-02 15:36:24,347[0m][[34minference[0m][[32mINFO[0m] - 	+ Initializing Latency tracker[0m
[ISOLATED-PROCESS][[36m2026-10-02 15:36:24,348[0m][[34mlatency[0m][[32mINFO[0m] - 		+ Tracking latency using CPU performance counter[0m
[ISOLATED-PROCESS][[36m2026-10-02 15:36:24,348[0m][[34minference[0m][[32mINFO[0m] - 	+ Initializing Per-Token Latency tracker[0m
[ISOLATED-PROCESS][[36m2026-10-02 15:36:24,348[0m][[34mlatency[0m][[32mINFO[0m] - 		+ Tracking latency using CPU performance counter[0m
[ISOLATED-PROCESS][[36m2026-10-02 15:36:24,348[0m][[34minference[0m][[32mINFO[0m] - 	+ Generating inputs for task text-generation[0m
[ISOLATED-PROCESS][[36m2026-10-02 15:36:24,350[0m][[34minference[0m][[32mINFO[0m] - 	+ Running model loading tracking[0m
[ISOLATED-PROCESS][[36m2026-10-02 15:36:24,350[0m][[34mpytorch[0m][[32mINFO[0m] - 	+ Creating backend temporary directory[0m
[ISOLATED-PROCESS][[36m2026-10-02 15:36:24,350[0m][[34mpytorch[0m][[32mINFO[0m] - 	+ Loading model with pretrained weights[0m
[ISOLATED-PROCESS][[36m2026-10-02 15:36:24,351[0m][[34mpytorch[0m][[32mINFO[0m] - 	+ Loading Transformers model[0m
[ISOLATED-PROCESS][[36m2026-10-02 15:36:24,815[0m][[34mpytorch[0m][[32mINFO[0m] - 	+ Enabling eval mode[0m
[ISOLATED-PROCESS][[36m2026-10-02 15:36:24,817[0m][[34mpytorch[0m][[32mINFO[0m] - 	+ Cleaning up backend temporary directory[0m
[ISOLATED-PROCESS][[36m2026-10-02 15:36:24,819[0m][[34minference[0m][[32mINFO[0m] - 	+ Preparing inputs for backend pytorch[0m
[ISOLATED-PROCESS][[36m2026-10-02 15:36:24,820[0m][[34minference[0m][[32mINFO[0m] - 	+ Warming up backend for Text Generation[0m
[ISOLATED-PROCESS][[36m2026-10-02 15:36:28,582[0m][[34minference[0m][[32mINFO[0m] - 	+ Running Per-Token Text Generation latency tracking[0m
[ISOLATED-PROCESS][[36m2026-10-02 15:36:33,213[0m][[34mprocess[0m][[32mINFO[0m] - 	+ Sending report dictionary to main process[0m
[ISOLATED-PROCESS][[36m2026-10-02 15:36:33,214[0m][[34mprocess[0m][[32mINFO[0m] - 	+ Sending report dictionary directly (5404 bytes)[0m
[ISOLATED-PROCESS][[36m2026-10-02 15:36:33,215[0m][[34mprocess[0m][[32mINFO[0m] - 	+ Exiting isolated process[0m
[MAIN-PROCESS][[36m2026-10-02 15:36:33,215[0m][[34mprocess[0m][[32mINFO[0m] - 	+ Received report dictionary from isolated process[0m
[MAIN-PROCESS][[36m2026-10-02 15:36:33,218[0m][[34mreport[0m][[32mINFO[0m] - + load_model:[0m
[MAIN-PROCESS][[36m2026-10-02 15:36:33,218[0m][[34mreport[0m][[32mINFO[0m] - 	+ latency:[0m
[MAIN-PROCESS][[36m2026-10-02 15:36:33,219[0m][[34mreport[0m][[32mINFO[0m] - 		+ count: 1[0m
[MAIN-PROCESS][[36m2026-10-02 15:36:33,219[0m][[34mreport[0m][[32mINFO[0m] - 		+ total: 0.467906 (s)[0m
[MAIN-PROCESS][[36m2026-10-02 15:36:33,219[0m][[34mreport[0m][[32mINFO[0m] - 		+ mean: 0.467906 (s)[0m
[MAIN-PROCESS][[36m2026-10-02 15:36:33,219[0m][[34mreport[0m][[32mINFO[0m] - 		+ p50: 0.467906 (s)[0m
[MAIN-PROCESS][[36m2026-10-02 15:36:33,219[0m][[34mreport[0m][[32mINFO[0m] - 		+ p90: 0.467906 (s)[0m
[MAIN-PROCESS][[36m2026-10-02 15:36:33,219[0m][[34mreport[0m][[32mINFO[0m] - 		+ p95: 0.467906 (s)[0m
[MAIN-PROCESS][[36m2026-10-02 15:36:33,219[0m][[34mreport[0m][[32mINFO[0m] - 		+ p99: 0.467906 (s)[0m
[MAIN-PROCESS][[36m2026-10-02 15:36:33,219[0m][[34mreport[0m][[32mINFO[0m] - 		+ stdev: 0.000000 (s)[0m
[MAIN-PROCESS][[36m2026-10-02 15:36:33,220[0m][[34mreport[0m][[32mINFO[0m] - 		+ stdev_: 0.00 (%)[0m
[MAIN-PROCESS][[36m2026-10-02 15:36:33,220[0m][[34mreport[0m][[32mINFO[0m] - + first_generate:[0m
[MAIN-PROCESS][[36m2026-10-02 15:36:33,220[0m][[34mreport[0m][[32mINFO[0m] - 	+ latency:[0m
[MAIN-PROCESS][[36m2026-10-02 15:36:33,220[0m][[34mreport[0m][[32mINFO[0m] - 		+ count: 1[0m
[MAIN-PROCESS][[36m2026-10-02 15:36:33,220[0m][[34mreport[0m][[32mINFO[0m] - 		+ total: 1.450172 (s)[0m
[MAIN-PROCESS][[36m2026-10-02 15:36:33,220[0m][[34mreport[0m][[32mINFO[0m] - 		+ mean: 1.450172 (s)[0m
[MAIN-PROCESS][[36m2026-10-02 15:36:33,220[0m][[34mreport[0m][[32mINFO[0m] - 		+ p50: 1.450172 (s)[0m
[MAIN-PROCESS][[36m2026-10-02 15:36:33,220[0m][[34mreport[0m][[32mINFO[0m] - 		+ p90: 1.450172 (s)[0m
[MAIN-PROCESS][[36m2026-10-02 15:36:33,220[0m][[34mreport[0m][[32mINFO[0m] - 		+ p95: 1.450172 (s)[0m
[MAIN-PROCESS][[36m2026-10-02 15:36:33,221[0m][[34mreport[0m][[32mINFO[0m] - 		+ p99: 1.450172 (s)[0m
[MAIN-PROCESS][[36m2026-10-02 15:36:33,221[0m][[34mreport[0m][[32mINFO[0m] - 		+ stdev: 0.000000 (s)[0m
[MAIN-PROCESS][[36m2026-10-02 15:36:33,221[0m][[34mreport[0m][[32mINFO[0m] - 		+ stdev_: 0.00 (%)[0m
[MAIN-PROCESS][[36m2026-10-02 15:36:33,221[0m][[34mreport[0m][[32mINFO[0m] - + generate:[0m
[MAIN-PROCESS][[36m2026-10-02 15:36:33,221[0m][[34mreport[0m][[32mINFO[0m] - 	+ latency:[0m
[MAIN-PROCESS][[36m2026-10-02 15:36:33,221[0m][[34mreport[0m][[32mINFO[0m] - 		+ count: 3[0m
[MAIN-PROCESS][[36m2026-10-02 15:36:33,221[0m][[34mreport[0m][[32mINFO[0m] - 		+ total: 4.615855 (s)[0m
[MAIN-PROCESS][[36m2026-10-02 15:36:33,222[0m][[34mreport[0m][[32mINFO[0m] - 		+ mean: 1.538618 (s)[0m
[MAIN-PROCESS][[36m2026-10-02 15:36:33,222[0m][[34mreport[0m][[32mINFO[0m] - 		+ p50: 1.501538 (s)[0m
[MAIN-PROCESS][[36m2026-10-02 15:36:33,222[0m][[34mreport[0m][[32mINFO[0m] - 		+ p90: 1.600758 (s)[0m
[MAIN-PROCESS][[36m2026-10-02 15:36:33,222[0m][[34mreport[0m][[32mINFO[0m] - 		+ p95: 1.613160 (s)[0m
[MAIN-PROCESS][[36m2026-10-02 15:36:33,222[0m][[34mreport[0m][[32mINFO[0m] - 		+ p99: 1.623082 (s)[0m
[MAIN-PROCESS][[36m2026-10-02 15:36:33,223[0m][[34mreport[0m][[32mINFO[0m] - 		+ stdev: 0.061700 (s)[0m
[MAIN-PROCESS][[36m2026-10-02 15:36:33,223[0m][[34mreport[0m][[32mINFO[0m] - 		+ stdev_: 4.01 (%)[0m
[MAIN-PROCESS][[36m2026-10-02 15:36:33,223[0m][[34mreport[0m][[32mINFO[0m] - 	+ throughput:[0m
[MAIN-PROCESS][[36m2026-10-02 15:36:33,223[0m][[34mreport[0m][[32mINFO[0m] - 		+ throughput: 12.35 (samples/s)[0m
[MAIN-PROCESS][[36m2026-10-02 15:36:33,223[0m][[34mreport[0m][[32mINFO[0m] - + prefill:[0m
[MAIN-PROCESS][[36m2026-10-02 15:36:33,223[0m][[34mreport[0m][[32mINFO[0m] - 	+ latency:[0m
[MAIN-PROCESS][[36m2026-10-02 15:36:33,223[0m][[34mreport[0m][[32mINFO[0m] - 		+ count: 3[0m
[MAIN-PROCESS][[36m2026-10-02 15:36:33,224[0m][[34mreport[0m][[32mINFO[0m] - 		+ total: 0.848248 (s)[0m
[MAIN-PROCESS][[36m2026-10-02 15:36:33,224[0m][[34mreport[0m][[32mINFO[0m] - 		+ mean: 0.282749 (s)[0m
[MAIN-PROCESS][[36m2026-10-02 15:36:33,224[0m][[34mreport[0m][[32mINFO[0m] - 		+ p50: 0.291216 (s)[0m
[MAIN-PROCESS][[36m2026-10-02 15:36:33,224[0m][[34mreport[0m][[32mINFO[0m] - 		+ p90: 0.308220 (s)[0m
[MAIN-PROCESS][[36m2026-10-02 15:36:33,224[0m][[34mreport[0m][[32mINFO[0m] - 		+ p95: 0.310345 (s)[0m
[MAIN-PROCESS][[36m2026-10-02 15:36:33,224[0m][[34mreport[0m][[32mINFO[0m] - 		+ p99: 0.312046 (s)[0m
[MAIN-PROCESS][[36m2026-10-02 15:36:33,224[0m][[34mreport[0m][[32mINFO[0m] - 		+ stdev: 0.028363 (s)[0m
[MAIN-PROCESS][[36m2026-10-02 15:36:33,224[0m][[34mreport[0m][[32mINFO[0m] - 		+ stdev_: 10.03 (%)[0m
[MAIN-PROCESS][[36m2026-10-02 15:36:33,225[0m][[34mreport[0m][[32mINFO[0m] - 	+ throughput:[0m
[MAIN-PROCESS][[36m2026-10-02 15:36:33,225[0m][[34mreport[0m][[32mINFO[0m] - 		+ throughput: 3.54 (samples/s)[0m
[MAIN-PROCESS][[36m2026-10-02 15:36:33,225[0m][[34mreport[0m][[32mINFO[0m] - + decode:[0m
[MAIN-PROCESS][[36m2026-10-02 15:36:33,225[0m][[34mreport[0m][[32mINFO[0m] - 	+ latency:[0m
[MAIN-PROCESS][[36m2026-10-02 15:36:33,225[0m][[34mreport[0m][[32mINFO[0m] - 		+ count: 3[0m
[MAIN-PROCESS][[36m2026-10-02 15:36:33,225[0m][[34mreport[0m][[32mINFO[0m] - 		+ total: 3.767607 (s)[0m
[MAIN-PROCESS][[36m2026-10-02 15:36:33,225[0m][[34mreport[0m][[32mINFO[0m] - 		+ mean: 1.255869 (s)[0m
[MAIN-PROCESS][[36m2026-10-02 15:36:33,225[0m][[34mreport[0m][[32mINFO[0m] - 		+ p50: 1.244193 (s)[0m
[MAIN-PROCESS][[36m2026-10-02 15:36:33,225[0m][[34mreport[0m][[32mINFO[0m] - 		+ p90: 1.299312 (s)[0m
[MAIN-PROCESS][[36m2026-10-02 15:36:33,225[0m][[34mreport[0m][[32mINFO[0m] - 		+ p95: 1.306202 (s)[0m
[MAIN-PROCESS][[36m2026-10-02 15:36:33,226[0m][[34mreport[0m][[32mINFO[0m] - 		+ p99: 1.311714 (s)[0m
[MAIN-PROCESS][[36m2026-10-02 15:36:33,226[0m][[34mreport[0m][[32mINFO[0m] - 		+ stdev: 0.042760 (s)[0m
[MAIN-PROCESS][[36m2026-10-02 15:36:33,226[0m][[34mreport[0m][[32mINFO[0m] - 		+ stdev_: 3.40 (%)[0m
[MAIN-PROCESS][[36m2026-10-02 15:36:33,226[0m][[34mreport[0m][[32mINFO[0m] - 	+ throughput:[0m
[MAIN-PROCESS][[36m2026-10-02 15:36:33,226[0m][[34mreport[0m][[32mINFO[0m] - 		+ throughput: 15.13 (tokens/s)[0m
[MAIN-PROCESS][[36m2026-10-02 15:36:33,226[0m][[34mreport[0m][[32mINFO[0m] - + per_token:[0m
[MAIN-PROCESS][[36m2026-10-02 15:36:33,226[0m][[34mreport[0m][[32mINFO[0m] - 	+ latency:[0m
[MAIN-PROCESS][[36m2026-10-02 15:36:33,227[0m][[34mreport[0m][[32mINFO[0m] - 		+ count: 117[0m
[MAIN-PROCESS][[36m2026-10-02 15:36:33,227[0m][[34mreport[0m][[32mINFO[0m] - 		+ total: 8.231069 (s)[0m
[MAIN-PROCESS][[36m2026-10-02 15:36:33,227[0m][[34mreport[0m][[32mINFO[0m] - 		+ mean: 0.070351 (s)[0m
[MAIN-PROCESS][[36m2026-10-02 15:36:33,227[0m][[34mreport[0m][[32mINFO[0m] - 		+ p50: 0.062073 (s)[0m
[MAIN-PROCESS][[36m2026-10-02 15:36:33,227[0m][[34mreport[0m][[32mINFO[0m] - 		+ p90: 0.082209 (s)[0m
[MAIN-PROCESS][[36m2026-10-02 15:36:33,227[0m][[34mreport[0m][[32mINFO[0m] - 		+ p95: 0.096632 (s)[0m
[MAIN-PROCESS][[36m2026-10-02 15:36:33,227[0m][[34mreport[0m][[32mINFO[0m] - 		+ p99: 0.245645 (s)[0m
[MAIN-PROCESS][[36m2026-10-02 15:36:33,227[0m][[34mreport[0m][[32mINFO[0m] - 		+ stdev: 0.035128 (s)[0m
[MAIN-PROCESS][[36m2026-10-02 15:36:33,227[0m][[34mreport[0m][[32mINFO[0m] - 		+ stdev_: 49.93 (%)[0m
