[MAIN-PROCESS][[36m2026-10-02 15:46:11,270[0m][[34mprocess[0m][[32mINFO[0m] - Allocated process launcher[0m
[ISOLATED-PROCESS][[36m2026-10-02 15:46:18,232[0m][[34mpytorch[0m][[32mINFO[0m] - Allocating pytorch backend[0m
[ISOLATED-PROCESS][[36m2026-10-02 15:46:18,233[0m][[34mpytorch[0m][[32mINFO[0m] - 	+ Seeding backend with 0[0m
[ISOLATED-PROCESS][[36m2026-10-02 15:46:18,237[0m][[34mpytorch[0m][[32mINFO[0m] - 	+ Benchmarking a Transformers model[0m
[ISOLATED-PROCESS][[36m2026-10-02 15:46:18,250[0m][[34minference[0m][[32mINFO[0m] - Allocating inference scenario[0m
[ISOLATED-PROCESS][[36m2026-10-02 15:46:18,250[0m][[34minference[0m][[32mINFO[0m] - 	+ Updating Text Generation kwargs with default values[0m
[ISOLATED-PROCESS][[36m2026-10-02 15:46:18,250[0m][[34minference[0m][[32mINFO[0m] - 	+ Initializing Text Generation targets list[0m
[ISOLATED-PROCESS][[36m2026-10-02 15:46:18,251[0m][[34minference[0m][[32mINFO[0m] - 	+ Initializing Latency tracker[0m
[ISOLATED-PROCESS][[36m2026-10-02 15:46:18,252[0m][[34mlatency[0m][[32mINFO[0m] - 		+ Tracking latency using CPU performance counter[0m
[ISOLATED-PROCESS][[36m2026-10-02 15:46:18,252[0m][[34minference[0m][[32mINFO[0m] - 	+ Initializing Per-Token Latency tracker[0m
[ISOLATED-PROCESS][[36m2026-10-02 15:46:18,252[0m][[34mlatency[0m][[32mINFO[0m] - 		+ Tracking latency using CPU performance counter[0m
[ISOLATED-PROCESS][[36m2026-10-02 15:46:18,252[0m][[34minference[0m][[32mINFO[0m] - 	+ Initializing Memory tracker[0m
[ISOLATED-PROCESS][[36m2026-10-02 15:46:18,253[0m][[34mmemory[0m][[32mINFO[0m] - 		+ Tracking RAM memory of process 10026[0m
[ISOLATED-PROCESS][[36m2026-10-02 15:46:18,253[0m][[34minference[0m][[32mINFO[0m] - 	+ Generating inputs for task text-generation[0m
[ISOLATED-PROCESS][[36m2026-10-02 15:46:18,254[0m][[34minference[0m][[32mINFO[0m] - 	+ Running model loading tracking[0m
[ISOLATED-PROCESS][[36m2026-10-02 15:46:24,637[0m][[34mpytorch[0m][[32mINFO[0m] - 	+ Creating backend temporary directory[0m
[ISOLATED-PROCESS][[36m2026-10-02 15:46:24,638[0m][[34mpytorch[0m][[32mINFO[0m] - 	+ Loading model with pretrained weights[0m
[ISOLATED-PROCESS][[36m2026-10-02 15:46:24,638[0m][[34mpytorch[0m][[32mINFO[0m] - 	+ Loading Transformers model[0m
[ISOLATED-PROCESS][[36m2026-10-02 15:46:25,867[0m][[34mpytorch[0m][[32mINFO[0m] - 	+ Enabling eval mode[0m
[ISOLATED-PROCESS][[36m2026-10-02 15:46:25,869[0m][[34mpytorch[0m][[32mINFO[0m] - 	+ Cleaning up backend temporary directory[0m
[ISOLATED-PROCESS][[36m2026-10-02 15:46:25,872[0m][[34minference[0m][[32mINFO[0m] - 	+ Preparing inputs for backend pytorch[0m
[ISOLATED-PROCESS][[36m2026-10-02 15:46:25,872[0m][[34minference[0m][[32mINFO[0m] - 	+ Running Per-Token Text Generation latency tracking[0m
[ISOLATED-PROCESS][[36m2026-10-02 15:46:49,214[0m][[34minference[0m][[32mINFO[0m] - 	+ Running Text Generation memory tracking[0m
[ISOLATED-PROCESS][[36m2026-10-02 15:47:07,268[0m][[34mprocess[0m][[32mINFO[0m] - 	+ Sending report dictionary to main process[0m
[ISOLATED-PROCESS][[36m2026-10-02 15:47:07,271[0m][[34mprocess[0m][[32mINFO[0m] - 	+ Sending report dictionary directly (12960 bytes)[0m
[ISOLATED-PROCESS][[36m2026-10-02 15:47:07,271[0m][[34mprocess[0m][[32mINFO[0m] - 	+ Exiting isolated process[0m
[MAIN-PROCESS][[36m2026-10-02 15:47:07,271[0m][[34mprocess[0m][[32mINFO[0m] - 	+ Received report dictionary from isolated process[0m
[MAIN-PROCESS][[36m2026-10-02 15:47:07,275[0m][[34mreport[0m][[32mINFO[0m] - + load_model:[0m
[MAIN-PROCESS][[36m2026-10-02 15:47:07,275[0m][[34mreport[0m][[32mINFO[0m] - 	+ memory:[0m
[MAIN-PROCESS][[36m2026-10-02 15:47:07,275[0m][[34mreport[0m][[32mINFO[0m] - 		+ max_ram: 3281.92 (MB)[0m
[MAIN-PROCESS][[36m2026-10-02 15:47:07,275[0m][[34mreport[0m][[32mINFO[0m] - 	+ latency:[0m
[MAIN-PROCESS][[36m2026-10-02 15:47:07,275[0m][[34mreport[0m][[32mINFO[0m] - 		+ count: 1[0m
[MAIN-PROCESS][[36m2026-10-02 15:47:07,276[0m][[34mreport[0m][[32mINFO[0m] - 		+ total: 1.233363 (s)[0m
[MAIN-PROCESS][[36m2026-10-02 15:47:07,276[0m][[34mreport[0m][[32mINFO[0m] - 		+ mean: 1.233363 (s)[0m
[MAIN-PROCESS][[36m2026-10-02 15:47:07,276[0m][[34mreport[0m][[32mINFO[0m] - 		+ p50: 1.233363 (s)[0m
[MAIN-PROCESS][[36m2026-10-02 15:47:07,276[0m][[34mreport[0m][[32mINFO[0m] - 		+ p90: 1.233363 (s)[0m
[MAIN-PROCESS][[36m2026-10-02 15:47:07,276[0m][[34mreport[0m][[32mINFO[0m] - 		+ p95: 1.233363 (s)[0m
[MAIN-PROCESS][[36m2026-10-02 15:47:07,276[0m][[34mreport[0m][[32mINFO[0m] - 		+ p99: 1.233363 (s)[0m
[MAIN-PROCESS][[36m2026-10-02 15:47:07,276[0m][[34mreport[0m][[32mINFO[0m] - 		+ stdev: 0.000000 (s)[0m
[MAIN-PROCESS][[36m2026-10-02 15:47:07,276[0m][[34mreport[0m][[32mINFO[0m] - 		+ stdev_: 0.00 (%)[0m
[MAIN-PROCESS][[36m2026-10-02 15:47:07,277[0m][[34mreport[0m][[32mINFO[0m] - + first_generate:[0m
[MAIN-PROCESS][[36m2026-10-02 15:47:07,277[0m][[34mreport[0m][[32mINFO[0m] - + generate:[0m
[MAIN-PROCESS][[36m2026-10-02 15:47:07,277[0m][[34mreport[0m][[32mINFO[0m] - 	+ latency:[0m
[MAIN-PROCESS][[36m2026-10-02 15:47:07,277[0m][[34mreport[0m][[32mINFO[0m] - 		+ count: 5[0m
[MAIN-PROCESS][[36m2026-10-02 15:47:07,277[0m][[34mreport[0m][[32mINFO[0m] - 		+ total: 23.338615 (s)[0m
[MAIN-PROCESS][[36m2026-10-02 15:47:07,277[0m][[34mreport[0m][[32mINFO[0m] - 		+ mean: 4.667723 (s)[0m
[MAIN-PROCESS][[36m2026-10-02 15:47:07,277[0m][[34mreport[0m][[32mINFO[0m] - 		+ p50: 4.358909 (s)[0m
[MAIN-PROCESS][[36m2026-10-02 15:47:07,277[0m][[34mreport[0m][[32mINFO[0m] - 		+ p90: 5.329446 (s)[0m
[MAIN-PROCESS][[36m2026-10-02 15:47:07,278[0m][[34mreport[0m][[32mINFO[0m] - 		+ p95: 5.618176 (s)[0m
[MAIN-PROCESS][[36m2026-10-02 15:47:07,278[0m][[34mreport[0m][[32mINFO[0m] - 		+ p99: 5.849160 (s)[0m
[MAIN-PROCESS][[36m2026-10-02 15:47:07,278[0m][[34mreport[0m][[32mINFO[0m] - 		+ stdev: 0.622331 (s)[0m
[MAIN-PROCESS][[36m2026-10-02 15:47:07,278[0m][[34mreport[0m][[32mINFO[0m] - 		+ stdev_: 13.33 (%)[0m
[MAIN-PROCESS][[36m2026-10-02 15:47:07,278[0m][[34mreport[0m][[32mINFO[0m] - 	+ throughput:[0m
[MAIN-PROCESS][[36m2026-10-02 15:47:07,278[0m][[34mreport[0m][[32mINFO[0m] - 		+ throughput: 6.64 (samples/s)[0m
[MAIN-PROCESS][[36m2026-10-02 15:47:07,278[0m][[34mreport[0m][[32mINFO[0m] - + prefill:[0m
[MAIN-PROCESS][[36m2026-10-02 15:47:07,278[0m][[34mreport[0m][[32mINFO[0m] - 	+ memory:[0m
[MAIN-PROCESS][[36m2026-10-02 15:47:07,279[0m][[34mreport[0m][[32mINFO[0m] - 		+ max_ram: 2622.60 (MB)[0m
[MAIN-PROCESS][[36m2026-10-02 15:47:07,279[0m][[34mreport[0m][[32mINFO[0m] - 	+ latency:[0m
[MAIN-PROCESS][[36m2026-10-02 15:47:07,279[0m][[34mreport[0m][[32mINFO[0m] - 		+ count: 5[0m
[MAIN-PROCESS][[36m2026-10-02 15:47:07,279[0m][[34mreport[0m][[32mINFO[0m] - 		+ total: 5.274159 (s)[0m
[MAIN-PROCESS][[36m2026-10-02 15:47:07,279[0m][[34mreport[0m][[32mINFO[0m] - 		+ mean: 1.054832 (s)[0m
[MAIN-PROCESS][[36m2026-10-02 15:47:07,279[0m][[34mreport[0m][[32mINFO[0m] - 		+ p50: 0.818884 (s)[0m
[MAIN-PROCESS][[36m2026-10-02 15:47:07,279[0m][[34mreport[0m][[32mINFO[0m] - 		+ p90: 1.535645 (s)[0m
[MAIN-PROCESS][[36m2026-10-02 15:47:07,279[0m][[34mreport[0m][[32mINFO[0m] - 		+ p95: 1.768506 (s)[0m
[MAIN-PROCESS][[36m2026-10-02 15:47:07,280[0m][[34mreport[0m][[32mINFO[0m] - 		+ p99: 1.954795 (s)[0m
[MAIN-PROCESS][[36m2026-10-02 15:47:07,280[0m][[34mreport[0m][[32mINFO[0m] - 		+ stdev: 0.473408 (s)[0m
[MAIN-PROCESS][[36m2026-10-02 15:47:07,280[0m][[34mreport[0m][[32mINFO[0m] - 		+ stdev_: 44.88 (%)[0m
[MAIN-PROCESS][[36m2026-10-02 15:47:07,280[0m][[34mreport[0m][[32mINFO[0m] - 	+ throughput:[0m
[MAIN-PROCESS][[36m2026-10-02 15:47:07,280[0m][[34mreport[0m][[32mINFO[0m] - 		+ throughput: 0.95 (samples/s)[0m
[MAIN-PROCESS][[36m2026-10-02 15:47:07,280[0m][[34mreport[0m][[32mINFO[0m] - + decode:[0m
[MAIN-PROCESS][[36m2026-10-02 15:47:07,280[0m][[34mreport[0m][[32mINFO[0m] - 	+ memory:[0m
[MAIN-PROCESS][[36m2026-10-02 15:47:07,280[0m][[34mreport[0m][[32mINFO[0m] - 		+ max_ram: 2622.60 (MB)[0m
[MAIN-PROCESS][[36m2026-10-02 15:47:07,280[0m][[34mreport[0m][[32mINFO[0m] - 	+ latency:[0m
[MAIN-PROCESS][[36m2026-10-02 15:47:07,281[0m][[34mreport[0m][[32mINFO[0m] - 		+ count: 5[0m
[MAIN-PROCESS][[36m2026-10-02 15:47:07,281[0m][[34mreport[0m][[32mINFO[0m] - 		+ total: 18.064456 (s)[0m
[MAIN-PROCESS][[36m2026-10-02 15:47:07,281[0m][[34mreport[0m][[32mINFO[0m] - 		+ mean: 3.612891 (s)[0m
[MAIN-PROCESS][[36m2026-10-02 15:47:07,281[0m][[34mreport[0m][[32mINFO[0m] - 		+ p50: 3.558134 (s)[0m
[MAIN-PROCESS][[36m2026-10-02 15:47:07,281[0m][[34mreport[0m][[32mINFO[0m] - 		+ p90: 3.802196 (s)[0m
[MAIN-PROCESS][[36m2026-10-02 15:47:07,281[0m][[34mreport[0m][[32mINFO[0m] - 		+ p95: 3.853867 (s)[0m
[MAIN-PROCESS][[36m2026-10-02 15:47:07,281[0m][[34mreport[0m][[32mINFO[0m] - 		+ p99: 3.895204 (s)[0m
[MAIN-PROCESS][[36m2026-10-02 15:47:07,281[0m][[34mreport[0m][[32mINFO[0m] - 		+ stdev: 0.159814 (s)[0m
[MAIN-PROCESS][[36m2026-10-02 15:47:07,282[0m][[34mreport[0m][[32mINFO[0m] - 		+ stdev_: 4.42 (%)[0m
[MAIN-PROCESS][[36m2026-10-02 15:47:07,282[0m][[34mreport[0m][[32mINFO[0m] - 	+ throughput:[0m
[MAIN-PROCESS][[36m2026-10-02 15:47:07,282[0m][[34mreport[0m][[32mINFO[0m] - 		+ throughput: 8.58 (tokens/s)[0m
[MAIN-PROCESS][[36m2026-10-02 15:47:07,282[0m][[34mreport[0m][[32mINFO[0m] - + per_token:[0m
[MAIN-PROCESS][[36m2026-10-02 15:47:07,282[0m][[34mreport[0m][[32mINFO[0m] - 	+ latency:[0m
[MAIN-PROCESS][[36m2026-10-02 15:47:07,282[0m][[34mreport[0m][[32mINFO[0m] - 		+ count: 475[0m
[MAIN-PROCESS][[36m2026-10-02 15:47:07,282[0m][[34mreport[0m][[32mINFO[0m] - 		+ total: 63.129113 (s)[0m
[MAIN-PROCESS][[36m2026-10-02 15:47:07,282[0m][[34mreport[0m][[32mINFO[0m] - 		+ mean: 0.132903 (s)[0m
[MAIN-PROCESS][[36m2026-10-02 15:47:07,282[0m][[34mreport[0m][[32mINFO[0m] - 		+ p50: 0.114580 (s)[0m
[MAIN-PROCESS][[36m2026-10-02 15:47:07,283[0m][[34mreport[0m][[32mINFO[0m] - 		+ p90: 0.138239 (s)[0m
[MAIN-PROCESS][[36m2026-10-02 15:47:07,283[0m][[34mreport[0m][[32mINFO[0m] - 		+ p95: 0.147639 (s)[0m
[MAIN-PROCESS][[36m2026-10-02 15:47:07,283[0m][[34mreport[0m][[32mINFO[0m] - 		+ p99: 0.816682 (s)[0m
[MAIN-PROCESS][[36m2026-10-02 15:47:07,283[0m][[34mreport[0m][[32mINFO[0m] - 		+ stdev: 0.102582 (s)[0m
[MAIN-PROCESS][[36m2026-10-02 15:47:07,283[0m][[34mreport[0m][[32mINFO[0m] - 		+ stdev_: 77.19 (%)[0m
