{
    "process": "awq",
    "layer": 0,
    "module": "self_attn.q_proj",
    "feat: in, out": "576, 576",
    "dtype: size": "f32: 2.6MB",
    "loss": "0.0000277402",
    "samples": "65536",
    "activation_raw_tokens": 65536,
    "activation_retained_tokens": 65536,
    "activation_batches": 128,
    "activation_aggregation": "batch",
    "scale_feature": "self_attn.q_proj",
    "scale_raw_tokens": 65536,
    "scale_retained_tokens": 65536,
    "scale_batches": 128,
    "scale_aggregation": "batch",
    "time": "0.003",
    "(v)ram": "n/a"
}
{
    "process": "awq",
    "layer": 0,
    "module": "self_attn.k_proj",
    "feat: in, out": "576, 192",
    "dtype: size": "f32: 0.9MB",
    "loss": "0.0000277402",
    "samples": "65536",
    "activation_raw_tokens": 65536,
    "activation_retained_tokens": 65536,
    "activation_batches": 128,
    "activation_aggregation": "batch",
    "scale_feature": "self_attn.q_proj",
    "scale_raw_tokens": 65536,
    "scale_retained_tokens": 65536,
    "scale_batches": 128,
    "scale_aggregation": "batch",
    "time": "0.010",
    "(v)ram": "n/a"
}
{
    "process": "awq",
    "layer": 0,
    "module": "self_attn.v_proj",
    "feat: in, out": "576, 192",
    "dtype: size": "f32: 0.9MB",
    "loss": "0.0000277402",
    "samples": "65536",
    "activation_raw_tokens": 65536,
    "activation_retained_tokens": 65536,
    "activation_batches": 128,
    "activation_aggregation": "batch",
    "scale_feature": "self_attn.q_proj",
    "scale_raw_tokens": 65536,
    "scale_retained_tokens": 65536,
    "scale_batches": 128,
    "scale_aggregation": "batch",
    "time": "0.013",
    "(v)ram": "n/a"
}
{
    "process": "awq",
    "layer": 0,
    "module": "self_attn.o_proj",
    "feat: in, out": "576, 576",
    "dtype: size": "f32: 2.6MB",
    "loss": "not applicable",
    "samples": "65536",
    "activation_raw_tokens": 65536,
    "activation_retained_tokens": 65536,
    "activation_batches": 128,
    "activation_aggregation": "batch",
    "scale_feature": "self_attn.o_proj",
    "scale_raw_tokens": 65536,
    "scale_retained_tokens": 65536,
    "scale_batches": 128,
    "scale_aggregation": "batch",
    "time": "0.017",
    "(v)ram": "n/a"
}
{
    "process": "awq",
    "layer": 0,
    "module": "mlp.gate_proj",
    "feat: in, out": "576, 1536",
    "dtype: size": "f32: 6.9MB",
    "loss": "0.0002164088",
    "samples": "65536",
    "activation_raw_tokens": 65536,
    "activation_retained_tokens": 65536,
    "activation_batches": 128,
    "activation_aggregation": "batch",
    "scale_feature": "mlp.gate_proj",
    "scale_raw_tokens": 65536,
    "scale_retained_tokens": 65536,
    "scale_batches": 128,
    "scale_aggregation": "batch",
    "time": "0.022",
    "(v)ram": "n/a"
}
{
    "process": "awq",
    "layer": 0,
    "module": "mlp.up_proj",
    "feat: in, out": "576, 1536",
    "dtype: size": "f32: 6.9MB",
    "loss": "0.0002164088",
    "samples": "65536",
    "activation_raw_tokens": 65536,
    "activation_retained_tokens": 65536,
    "activation_batches": 128,
    "activation_aggregation": "batch",
    "scale_feature": "mlp.gate_proj",
    "scale_raw_tokens": 65536,
    "scale_retained_tokens": 65536,
    "scale_batches": 128,
    "scale_aggregation": "batch",
    "time": "0.029",
    "(v)ram": "n/a"
}
{
    "process": "awq",
    "layer": 0,
    "module": "mlp.down_proj",
    "feat: in, out": "1536, 576",
    "dtype: size": "f32: 6.9MB",
    "loss": "0.0001013115",
    "samples": "65536",
    "activation_raw_tokens": 65536,
    "activation_retained_tokens": 65536,
    "activation_batches": 128,
    "activation_aggregation": "batch",
    "scale_feature": "mlp.down_proj",
    "scale_raw_tokens": 65536,
    "scale_retained_tokens": 65536,
    "scale_batches": 128,
    "scale_aggregation": "batch",
    "time": "0.035",
    "(v)ram": "n/a"
}
