{
    "process": "gptq",
    "layer": 0,
    "module": "self_attn.k_proj",
    "feat: in, out": "576, 192",
    "dtype: size": "bf16: 0.2MB",
    "loss": "0.0000044237",
    "samples": "65536",
    "damp": "0.05000",
    "time": "0.649",
    "fwd_time": "1.624",
    "(v)ram": "n/a"
}
{
    "process": "gptq",
    "layer": 0,
    "module": "self_attn.q_proj",
    "feat: in, out": "576, 576",
    "dtype: size": "bf16: 0.7MB",
    "loss": "0.0000132244",
    "samples": "65536",
    "damp": "0.05000",
    "time": "0.752",
    "fwd_time": "1.624",
    "(v)ram": "n/a"
}
{
    "process": "gptq",
    "layer": 0,
    "module": "self_attn.v_proj",
    "feat: in, out": "576, 192",
    "dtype: size": "bf16: 0.2MB",
    "loss": "0.0000043564",
    "samples": "65536",
    "damp": "0.05000",
    "time": "0.305",
    "fwd_time": "1.624",
    "(v)ram": "n/a"
}
{
    "process": "gptq",
    "layer": 0,
    "module": "self_attn.o_proj",
    "feat: in, out": "576, 576",
    "dtype: size": "bf16: 0.7MB",
    "loss": "0.0000000331",
    "samples": "65536",
    "damp": "0.05000",
    "time": "0.363",
    "fwd_time": "3.637",
    "(v)ram": "n/a"
}
{
    "process": "gptq",
    "layer": 0,
    "module": "mlp.gate_proj",
    "feat: in, out": "576, 1536",
    "dtype: size": "bf16: 1.7MB",
    "loss": "0.0000138505",
    "samples": "65536",
    "damp": "0.05000",
    "time": "0.956",
    "fwd_time": "7.008",
    "(v)ram": "n/a"
}
{
    "process": "gptq",
    "layer": 0,
    "module": "mlp.up_proj",
    "feat: in, out": "576, 1536",
    "dtype: size": "bf16: 1.7MB",
    "loss": "0.0000137819",
    "samples": "65536",
    "damp": "0.05000",
    "time": "0.969",
    "fwd_time": "7.008",
    "(v)ram": "n/a"
}
{
    "process": "gptq",
    "layer": 0,
    "module": "mlp.down_proj",
    "feat: in, out": "1536, 576",
    "dtype: size": "bf16: 1.7MB",
    "loss": "0.0000002511",
    "samples": "65536",
    "damp": "0.05000",
    "time": "1.265",
    "fwd_time": "9.851",
    "(v)ram": "n/a"
}
{
    "process": "gptq",
    "layer": 1,
    "module": "self_attn.k_proj",
    "feat: in, out": "576, 192",
    "dtype: size": "bf16: 0.2MB",
    "loss": "0.0000021702",
    "samples": "65536",
    "damp": "0.05000",
    "time": "0.719",
    "fwd_time": "2.627",
    "(v)ram": "n/a"
}
{
    "process": "gptq",
    "layer": 1,
    "module": "self_attn.q_proj",
    "feat: in, out": "576, 576",
    "dtype: size": "bf16: 0.7MB",
    "loss": "0.0000064989",
    "samples": "65536",
    "damp": "0.05000",
    "time": "0.799",
    "fwd_time": "2.627",
    "(v)ram": "n/a"
}
{
    "process": "gptq",
    "layer": 1,
    "module": "self_attn.v_proj",
    "feat: in, out": "576, 192",
    "dtype: size": "bf16: 0.2MB",
    "loss": "0.0000021626",
    "samples": "65536",
    "damp": "0.05000",
    "time": "0.325",
    "fwd_time": "2.627",
    "(v)ram": "n/a"
}
{
    "process": "gptq",
    "layer": 1,
    "module": "self_attn.o_proj",
    "feat: in, out": "576, 576",
    "dtype: size": "bf16: 0.7MB",
    "loss": "0.0000003479",
    "samples": "65536",
    "damp": "0.05000",
    "time": "0.489",
    "fwd_time": "4.058",
    "(v)ram": "n/a"
}
{
    "process": "gptq",
    "layer": 1,
    "module": "mlp.up_proj",
    "feat: in, out": "576, 1536",
    "dtype: size": "bf16: 1.7MB",
    "loss": "0.0000114511",
    "samples": "65536",
    "damp": "0.05000",
    "time": "1.397",
    "fwd_time": "7.639",
    "(v)ram": "n/a"
}
{
    "process": "gptq",
    "layer": 1,
    "module": "mlp.gate_proj",
    "feat: in, out": "576, 1536",
    "dtype: size": "bf16: 1.7MB",
    "loss": "0.0000113920",
    "samples": "65536",
    "damp": "0.05000",
    "time": "1.415",
    "fwd_time": "7.639",
    "(v)ram": "n/a"
}
{
    "process": "gptq",
    "layer": 1,
    "module": "mlp.down_proj",
    "feat: in, out": "1536, 576",
    "dtype: size": "bf16: 1.7MB",
    "loss": "0.0000002303",
    "samples": "65536",
    "damp": "0.05000",
    "time": "1.127",
    "fwd_time": "10.986",
    "(v)ram": "n/a"
}
{
    "process": "gptq",
    "layer": 2,
    "module": "self_attn.k_proj",
    "feat: in, out": "576, 192",
    "dtype: size": "bf16: 0.2MB",
    "loss": "0.0000016030",
    "samples": "65536",
    "damp": "0.05000",
    "time": "0.587",
    "fwd_time": "1.880",
    "(v)ram": "n/a"
}
{
    "process": "gptq",
    "layer": 2,
    "module": "self_attn.q_proj",
    "feat: in, out": "576, 576",
    "dtype: size": "bf16: 0.7MB",
    "loss": "0.0000047972",
    "samples": "65536",
    "damp": "0.05000",
    "time": "0.682",
    "fwd_time": "1.880",
    "(v)ram": "n/a"
}
{
    "process": "gptq",
    "layer": 2,
    "module": "self_attn.v_proj",
    "feat: in, out": "576, 192",
    "dtype: size": "bf16: 0.2MB",
    "loss": "0.0000015929",
    "samples": "65536",
    "damp": "0.05000",
    "time": "0.244",
    "fwd_time": "1.880",
    "(v)ram": "n/a"
}
{
    "process": "gptq",
    "layer": 2,
    "module": "self_attn.o_proj",
    "feat: in, out": "576, 576",
    "dtype: size": "bf16: 0.7MB",
    "loss": "0.0000005408",
    "samples": "65536",
    "damp": "0.05000",
    "time": "0.410",
    "fwd_time": "3.660",
    "(v)ram": "n/a"
}
{
    "process": "gptq",
    "layer": 2,
    "module": "mlp.up_proj",
    "feat: in, out": "576, 1536",
    "dtype: size": "bf16: 1.7MB",
    "loss": "0.0000113998",
    "samples": "65536",
    "damp": "0.05000",
    "time": "0.981",
    "fwd_time": "7.772",
    "(v)ram": "n/a"
}
{
    "process": "gptq",
    "layer": 2,
    "module": "mlp.gate_proj",
    "feat: in, out": "576, 1536",
    "dtype: size": "bf16: 1.7MB",
    "loss": "0.0000112782",
    "samples": "65536",
    "damp": "0.05000",
    "time": "0.989",
    "fwd_time": "7.772",
    "(v)ram": "n/a"
}
{
    "process": "gptq",
    "layer": 2,
    "module": "mlp.down_proj",
    "feat: in, out": "1536, 576",
    "dtype: size": "bf16: 1.7MB",
    "loss": "0.0000002251",
    "samples": "65536",
    "damp": "0.05000",
    "time": "1.202",
    "fwd_time": "11.284",
    "(v)ram": "n/a"
}
{
    "process": "gptq",
    "layer": 3,
    "module": "self_attn.k_proj",
    "feat: in, out": "576, 192",
    "dtype: size": "bf16: 0.2MB",
    "loss": "0.0000015319",
    "samples": "65536",
    "damp": "0.05000",
    "time": "0.636",
    "fwd_time": "2.072",
    "(v)ram": "n/a"
}
{
    "process": "gptq",
    "layer": 3,
    "module": "self_attn.q_proj",
    "feat: in, out": "576, 576",
    "dtype: size": "bf16: 0.7MB",
    "loss": "0.0000045695",
    "samples": "65536",
    "damp": "0.05000",
    "time": "0.756",
    "fwd_time": "2.072",
    "(v)ram": "n/a"
}
{
    "process": "gptq",
    "layer": 3,
    "module": "self_attn.v_proj",
    "feat: in, out": "576, 192",
    "dtype: size": "bf16: 0.2MB",
    "loss": "0.0000015489",
    "samples": "65536",
    "damp": "0.05000",
    "time": "0.301",
    "fwd_time": "2.072",
    "(v)ram": "n/a"
}
{
    "process": "gptq",
    "layer": 3,
    "module": "self_attn.o_proj",
    "feat: in, out": "576, 576",
    "dtype: size": "bf16: 0.7MB",
    "loss": "0.0000005873",
    "samples": "65536",
    "damp": "0.05000",
    "time": "0.369",
    "fwd_time": "3.794",
    "(v)ram": "n/a"
}
{
    "process": "gptq",
    "layer": 3,
    "module": "mlp.up_proj",
    "feat: in, out": "576, 1536",
    "dtype: size": "bf16: 1.7MB",
    "loss": "0.0000113077",
    "samples": "65536",
    "damp": "0.05000",
    "time": "0.929",
    "fwd_time": "7.385",
    "(v)ram": "n/a"
}
{
    "process": "gptq",
    "layer": 3,
    "module": "mlp.gate_proj",
    "feat: in, out": "576, 1536",
    "dtype: size": "bf16: 1.7MB",
    "loss": "0.0000114299",
    "samples": "65536",
    "damp": "0.05000",
    "time": "0.939",
    "fwd_time": "7.385",
    "(v)ram": "n/a"
}
{
    "process": "gptq",
    "layer": 3,
    "module": "mlp.down_proj",
    "feat: in, out": "1536, 576",
    "dtype: size": "bf16: 1.7MB",
    "loss": "0.0000002147",
    "samples": "65536",
    "damp": "0.05000",
    "time": "1.099",
    "fwd_time": "10.697",
    "(v)ram": "n/a"
}
{
    "process": "gptq",
    "layer": 4,
    "module": "self_attn.k_proj",
    "feat: in, out": "576, 192",
    "dtype: size": "bf16: 0.2MB",
    "loss": "0.0000014745",
    "samples": "65536",
    "damp": "0.05000",
    "time": "0.693",
    "fwd_time": "1.995",
    "(v)ram": "n/a"
}
{
    "process": "gptq",
    "layer": 4,
    "module": "self_attn.q_proj",
    "feat: in, out": "576, 576",
    "dtype: size": "bf16: 0.7MB",
    "loss": "0.0000045100",
    "samples": "65536",
    "damp": "0.05000",
    "time": "0.798",
    "fwd_time": "1.995",
    "(v)ram": "n/a"
}
{
    "process": "gptq",
    "layer": 4,
    "module": "self_attn.v_proj",
    "feat: in, out": "576, 192",
    "dtype: size": "bf16: 0.2MB",
    "loss": "0.0000014606",
    "samples": "65536",
    "damp": "0.05000",
    "time": "0.287",
    "fwd_time": "1.995",
    "(v)ram": "n/a"
}
{
    "process": "gptq",
    "layer": 4,
    "module": "self_attn.o_proj",
    "feat: in, out": "576, 576",
    "dtype: size": "bf16: 0.7MB",
    "loss": "0.0000006016",
    "samples": "65536",
    "damp": "0.05000",
    "time": "0.506",
    "fwd_time": "5.105",
    "(v)ram": "n/a"
}
{
    "process": "gptq",
    "layer": 4,
    "module": "mlp.up_proj",
    "feat: in, out": "576, 1536",
    "dtype: size": "bf16: 1.7MB",
    "loss": "0.0000115878",
    "samples": "65536",
    "damp": "0.05000",
    "time": "0.895",
    "fwd_time": "7.992",
    "(v)ram": "n/a"
}
{
    "process": "gptq",
    "layer": 4,
    "module": "mlp.gate_proj",
    "feat: in, out": "576, 1536",
    "dtype: size": "bf16: 1.7MB",
    "loss": "0.0000115998",
    "samples": "65536",
    "damp": "0.05000",
    "time": "0.915",
    "fwd_time": "7.992",
    "(v)ram": "n/a"
}
{
    "process": "gptq",
    "layer": 4,
    "module": "mlp.down_proj",
    "feat: in, out": "1536, 576",
    "dtype: size": "bf16: 1.7MB",
    "loss": "0.0000002170",
    "samples": "65536",
    "damp": "0.05000",
    "time": "1.154",
    "fwd_time": "10.343",
    "(v)ram": "n/a"
}
{
    "process": "gptq",
    "layer": 5,
    "module": "self_attn.k_proj",
    "feat: in, out": "576, 192",
    "dtype: size": "bf16: 0.2MB",
    "loss": "0.0000015197",
    "samples": "65536",
    "damp": "0.05000",
    "time": "0.686",
    "fwd_time": "2.118",
    "(v)ram": "n/a"
}
{
    "process": "gptq",
    "layer": 5,
    "module": "self_attn.q_proj",
    "feat: in, out": "576, 576",
    "dtype: size": "bf16: 0.7MB",
    "loss": "0.0000045417",
    "samples": "65536",
    "damp": "0.05000",
    "time": "0.815",
    "fwd_time": "2.118",
    "(v)ram": "n/a"
}
{
    "process": "gptq",
    "layer": 5,
    "module": "self_attn.v_proj",
    "feat: in, out": "576, 192",
    "dtype: size": "bf16: 0.2MB",
    "loss": "0.0000015016",
    "samples": "65536",
    "damp": "0.05000",
    "time": "0.259",
    "fwd_time": "2.118",
    "(v)ram": "n/a"
}
{
    "process": "gptq",
    "layer": 5,
    "module": "self_attn.o_proj",
    "feat: in, out": "576, 576",
    "dtype: size": "bf16: 0.7MB",
    "loss": "0.0000006253",
    "samples": "65536",
    "damp": "0.05000",
    "time": "0.350",
    "fwd_time": "3.602",
    "(v)ram": "n/a"
}
{
    "process": "gptq",
    "layer": 5,
    "module": "mlp.gate_proj",
    "feat: in, out": "576, 1536",
    "dtype: size": "bf16: 1.7MB",
    "loss": "0.0000117631",
    "samples": "65536",
    "damp": "0.05000",
    "time": "0.883",
    "fwd_time": "7.169",
    "(v)ram": "n/a"
}
{
    "process": "gptq",
    "layer": 5,
    "module": "mlp.up_proj",
    "feat: in, out": "576, 1536",
    "dtype: size": "bf16: 1.7MB",
    "loss": "0.0000118082",
    "samples": "65536",
    "damp": "0.05000",
    "time": "0.910",
    "fwd_time": "7.169",
    "(v)ram": "n/a"
}
{
    "process": "gptq",
    "layer": 5,
    "module": "mlp.down_proj",
    "feat: in, out": "1536, 576",
    "dtype: size": "bf16: 1.7MB",
    "loss": "0.0000002094",
    "samples": "65536",
    "damp": "0.05000",
    "time": "1.191",
    "fwd_time": "9.949",
    "(v)ram": "n/a"
}
{
    "process": "gptq",
    "layer": 6,
    "module": "self_attn.k_proj",
    "feat: in, out": "576, 192",
    "dtype: size": "bf16: 0.2MB",
    "loss": "0.0000015348",
    "samples": "65536",
    "damp": "0.05000",
    "time": "0.649",
    "fwd_time": "2.056",
    "(v)ram": "n/a"
}
{
    "process": "gptq",
    "layer": 6,
    "module": "self_attn.q_proj",
    "feat: in, out": "576, 576",
    "dtype: size": "bf16: 0.7MB",
    "loss": "0.0000045527",
    "samples": "65536",
    "damp": "0.05000",
    "time": "0.804",
    "fwd_time": "2.056",
    "(v)ram": "n/a"
}
{
    "process": "gptq",
    "layer": 6,
    "module": "self_attn.v_proj",
    "feat: in, out": "576, 192",
    "dtype: size": "bf16: 0.2MB",
    "loss": "0.0000015345",
    "samples": "65536",
    "damp": "0.05000",
    "time": "0.301",
    "fwd_time": "2.056",
    "(v)ram": "n/a"
}
{
    "process": "gptq",
    "layer": 6,
    "module": "self_attn.o_proj",
    "feat: in, out": "576, 576",
    "dtype: size": "bf16: 0.7MB",
    "loss": "0.0000006662",
    "samples": "65536",
    "damp": "0.05000",
    "time": "0.407",
    "fwd_time": "3.806",
    "(v)ram": "n/a"
}
{
    "process": "gptq",
    "layer": 6,
    "module": "mlp.gate_proj",
    "feat: in, out": "576, 1536",
    "dtype: size": "bf16: 1.7MB",
    "loss": "0.0000118868",
    "samples": "65536",
    "damp": "0.05000",
    "time": "0.893",
    "fwd_time": "7.804",
    "(v)ram": "n/a"
}
{
    "process": "gptq",
    "layer": 6,
    "module": "mlp.up_proj",
    "feat: in, out": "576, 1536",
    "dtype: size": "bf16: 1.7MB",
    "loss": "0.0000118612",
    "samples": "65536",
    "damp": "0.05000",
    "time": "0.915",
    "fwd_time": "7.804",
    "(v)ram": "n/a"
}
{
    "process": "gptq",
    "layer": 6,
    "module": "mlp.down_proj",
    "feat: in, out": "1536, 576",
    "dtype: size": "bf16: 1.7MB",
    "loss": "0.0000002046",
    "samples": "65536",
    "damp": "0.05000",
    "time": "1.616",
    "fwd_time": "10.044",
    "(v)ram": "n/a"
}
{
    "process": "gptq",
    "layer": 7,
    "module": "self_attn.k_proj",
    "feat: in, out": "576, 192",
    "dtype: size": "bf16: 0.2MB",
    "loss": "0.0000014931",
    "samples": "65536",
    "damp": "0.05000",
    "time": "0.668",
    "fwd_time": "2.052",
    "(v)ram": "n/a"
}
{
    "process": "gptq",
    "layer": 7,
    "module": "self_attn.q_proj",
    "feat: in, out": "576, 576",
    "dtype: size": "bf16: 0.7MB",
    "loss": "0.0000045896",
    "samples": "65536",
    "damp": "0.05000",
    "time": "0.803",
    "fwd_time": "2.052",
    "(v)ram": "n/a"
}
{
    "process": "gptq",
    "layer": 7,
    "module": "self_attn.v_proj",
    "feat: in, out": "576, 192",
    "dtype: size": "bf16: 0.2MB",
    "loss": "0.0000015217",
    "samples": "65536",
    "damp": "0.05000",
    "time": "0.331",
    "fwd_time": "2.052",
    "(v)ram": "n/a"
}
{
    "process": "gptq",
    "layer": 7,
    "module": "self_attn.o_proj",
    "feat: in, out": "576, 576",
    "dtype: size": "bf16: 0.7MB",
    "loss": "0.0000006451",
    "samples": "65536",
    "damp": "0.05000",
    "time": "0.384",
    "fwd_time": "3.703",
    "(v)ram": "n/a"
}
{
    "process": "gptq",
    "layer": 7,
    "module": "mlp.gate_proj",
    "feat: in, out": "576, 1536",
    "dtype: size": "bf16: 1.7MB",
    "loss": "0.0000120305",
    "samples": "65536",
    "damp": "0.05000",
    "time": "0.893",
    "fwd_time": "7.374",
    "(v)ram": "n/a"
}
{
    "process": "gptq",
    "layer": 7,
    "module": "mlp.up_proj",
    "feat: in, out": "576, 1536",
    "dtype: size": "bf16: 1.7MB",
    "loss": "0.0000120038",
    "samples": "65536",
    "damp": "0.05000",
    "time": "0.919",
    "fwd_time": "7.374",
    "(v)ram": "n/a"
}
{
    "process": "gptq",
    "layer": 7,
    "module": "mlp.down_proj",
    "feat: in, out": "1536, 576",
    "dtype: size": "bf16: 1.7MB",
    "loss": "0.0000002145",
    "samples": "65536",
    "damp": "0.05000",
    "time": "1.189",
    "fwd_time": "9.955",
    "(v)ram": "n/a"
}
{
    "process": "gptq",
    "layer": 8,
    "module": "self_attn.k_proj",
    "feat: in, out": "576, 192",
    "dtype: size": "bf16: 0.2MB",
    "loss": "0.0000015335",
    "samples": "65536",
    "damp": "0.05000",
    "time": "0.607",
    "fwd_time": "1.994",
    "(v)ram": "n/a"
}
{
    "process": "gptq",
    "layer": 8,
    "module": "self_attn.q_proj",
    "feat: in, out": "576, 576",
    "dtype: size": "bf16: 0.7MB",
    "loss": "0.0000046212",
    "samples": "65536",
    "damp": "0.05000",
    "time": "0.729",
    "fwd_time": "1.994",
    "(v)ram": "n/a"
}
{
    "process": "gptq",
    "layer": 8,
    "module": "self_attn.v_proj",
    "feat: in, out": "576, 192",
    "dtype: size": "bf16: 0.2MB",
    "loss": "0.0000015192",
    "samples": "65536",
    "damp": "0.05000",
    "time": "0.291",
    "fwd_time": "1.994",
    "(v)ram": "n/a"
}
{
    "process": "gptq",
    "layer": 8,
    "module": "self_attn.o_proj",
    "feat: in, out": "576, 576",
    "dtype: size": "bf16: 0.7MB",
    "loss": "0.0000006740",
    "samples": "65536",
    "damp": "0.05000",
    "time": "0.440",
    "fwd_time": "3.616",
    "(v)ram": "n/a"
}
{
    "process": "gptq",
    "layer": 8,
    "module": "mlp.up_proj",
    "feat: in, out": "576, 1536",
    "dtype: size": "bf16: 1.7MB",
    "loss": "0.0000121749",
    "samples": "65536",
    "damp": "0.05000",
    "time": "0.935",
    "fwd_time": "7.663",
    "(v)ram": "n/a"
}
{
    "process": "gptq",
    "layer": 8,
    "module": "mlp.gate_proj",
    "feat: in, out": "576, 1536",
    "dtype: size": "bf16: 1.7MB",
    "loss": "0.0000121577",
    "samples": "65536",
    "damp": "0.05000",
    "time": "0.956",
    "fwd_time": "7.663",
    "(v)ram": "n/a"
}
{
    "process": "gptq",
    "layer": 8,
    "module": "mlp.down_proj",
    "feat: in, out": "1536, 576",
    "dtype: size": "bf16: 1.7MB",
    "loss": "0.0000002087",
    "samples": "65536",
    "damp": "0.05000",
    "time": "1.256",
    "fwd_time": "10.659",
    "(v)ram": "n/a"
}
{
    "process": "gptq",
    "layer": 9,
    "module": "self_attn.k_proj",
    "feat: in, out": "576, 192",
    "dtype: size": "bf16: 0.2MB",
    "loss": "0.0000015171",
    "samples": "65536",
    "damp": "0.05000",
    "time": "0.700",
    "fwd_time": "2.482",
    "(v)ram": "n/a"
}
{
    "process": "gptq",
    "layer": 9,
    "module": "self_attn.q_proj",
    "feat: in, out": "576, 576",
    "dtype: size": "bf16: 0.7MB",
    "loss": "0.0000046220",
    "samples": "65536",
    "damp": "0.05000",
    "time": "0.811",
    "fwd_time": "2.482",
    "(v)ram": "n/a"
}
{
    "process": "gptq",
    "layer": 9,
    "module": "self_attn.v_proj",
    "feat: in, out": "576, 192",
    "dtype: size": "bf16: 0.2MB",
    "loss": "0.0000015707",
    "samples": "65536",
    "damp": "0.05000",
    "time": "0.330",
    "fwd_time": "2.482",
    "(v)ram": "n/a"
}
{
    "process": "gptq",
    "layer": 9,
    "module": "self_attn.o_proj",
    "feat: in, out": "576, 576",
    "dtype: size": "bf16: 0.7MB",
    "loss": "0.0000006693",
    "samples": "65536",
    "damp": "0.05000",
    "time": "0.359",
    "fwd_time": "5.082",
    "(v)ram": "n/a"
}
{
    "process": "gptq",
    "layer": 9,
    "module": "mlp.up_proj",
    "feat: in, out": "576, 1536",
    "dtype: size": "bf16: 1.7MB",
    "loss": "0.0000121428",
    "samples": "65536",
    "damp": "0.05000",
    "time": "0.959",
    "fwd_time": "9.542",
    "(v)ram": "n/a"
}
{
    "process": "gptq",
    "layer": 9,
    "module": "mlp.gate_proj",
    "feat: in, out": "576, 1536",
    "dtype: size": "bf16: 1.7MB",
    "loss": "0.0000122009",
    "samples": "65536",
    "damp": "0.05000",
    "time": "0.991",
    "fwd_time": "9.542",
    "(v)ram": "n/a"
}
{
    "process": "gptq",
    "layer": 9,
    "module": "mlp.down_proj",
    "feat: in, out": "1536, 576",
    "dtype: size": "bf16: 1.7MB",
    "loss": "0.0000002016",
    "samples": "65536",
    "damp": "0.05000",
    "time": "1.207",
    "fwd_time": "15.452",
    "(v)ram": "n/a"
}
{
    "process": "gptq",
    "layer": 10,
    "module": "self_attn.k_proj",
    "feat: in, out": "576, 192",
    "dtype: size": "bf16: 0.2MB",
    "loss": "0.0000015330",
    "samples": "65536",
    "damp": "0.05000",
    "time": "0.664",
    "fwd_time": "2.779",
    "(v)ram": "n/a"
}
{
    "process": "gptq",
    "layer": 10,
    "module": "self_attn.q_proj",
    "feat: in, out": "576, 576",
    "dtype: size": "bf16: 0.7MB",
    "loss": "0.0000046349",
    "samples": "65536",
    "damp": "0.05000",
    "time": "0.769",
    "fwd_time": "2.779",
    "(v)ram": "n/a"
}
{
    "process": "gptq",
    "layer": 10,
    "module": "self_attn.v_proj",
    "feat: in, out": "576, 192",
    "dtype: size": "bf16: 0.2MB",
    "loss": "0.0000015175",
    "samples": "65536",
    "damp": "0.05000",
    "time": "0.274",
    "fwd_time": "2.779",
    "(v)ram": "n/a"
}
{
    "process": "gptq",
    "layer": 10,
    "module": "self_attn.o_proj",
    "feat: in, out": "576, 576",
    "dtype: size": "bf16: 0.7MB",
    "loss": "0.0000006944",
    "samples": "65536",
    "damp": "0.05000",
    "time": "0.418",
    "fwd_time": "3.809",
    "(v)ram": "n/a"
}
{
    "process": "gptq",
    "layer": 10,
    "module": "mlp.up_proj",
    "feat: in, out": "576, 1536",
    "dtype: size": "bf16: 1.7MB",
    "loss": "0.0000120797",
    "samples": "65536",
    "damp": "0.05000",
    "time": "1.015",
    "fwd_time": "7.909",
    "(v)ram": "n/a"
}
{
    "process": "gptq",
    "layer": 10,
    "module": "mlp.gate_proj",
    "feat: in, out": "576, 1536",
    "dtype: size": "bf16: 1.7MB",
    "loss": "0.0000122588",
    "samples": "65536",
    "damp": "0.05000",
    "time": "1.029",
    "fwd_time": "7.909",
    "(v)ram": "n/a"
}
{
    "process": "gptq",
    "layer": 10,
    "module": "mlp.down_proj",
    "feat: in, out": "1536, 576",
    "dtype: size": "bf16: 1.7MB",
    "loss": "0.0000002026",
    "samples": "65536",
    "damp": "0.05000",
    "time": "1.260",
    "fwd_time": "10.438",
    "(v)ram": "n/a"
}
{
    "process": "gptq",
    "layer": 11,
    "module": "self_attn.k_proj",
    "feat: in, out": "576, 192",
    "dtype: size": "bf16: 0.2MB",
    "loss": "0.0000015315",
    "samples": "65536",
    "damp": "0.05000",
    "time": "0.745",
    "fwd_time": "2.266",
    "(v)ram": "n/a"
}
{
    "process": "gptq",
    "layer": 11,
    "module": "self_attn.q_proj",
    "feat: in, out": "576, 576",
    "dtype: size": "bf16: 0.7MB",
    "loss": "0.0000046558",
    "samples": "65536",
    "damp": "0.05000",
    "time": "0.859",
    "fwd_time": "2.266",
    "(v)ram": "n/a"
}
{
    "process": "gptq",
    "layer": 11,
    "module": "self_attn.v_proj",
    "feat: in, out": "576, 192",
    "dtype: size": "bf16: 0.2MB",
    "loss": "0.0000015287",
    "samples": "65536",
    "damp": "0.05000",
    "time": "0.365",
    "fwd_time": "2.266",
    "(v)ram": "n/a"
}
{
    "process": "gptq",
    "layer": 11,
    "module": "self_attn.o_proj",
    "feat: in, out": "576, 576",
    "dtype: size": "bf16: 0.7MB",
    "loss": "0.0000006920",
    "samples": "65536",
    "damp": "0.05000",
    "time": "0.407",
    "fwd_time": "4.061",
    "(v)ram": "n/a"
}
{
    "process": "gptq",
    "layer": 11,
    "module": "mlp.up_proj",
    "feat: in, out": "576, 1536",
    "dtype: size": "bf16: 1.7MB",
    "loss": "0.0000121575",
    "samples": "65536",
    "damp": "0.05000",
    "time": "0.920",
    "fwd_time": "7.388",
    "(v)ram": "n/a"
}
{
    "process": "gptq",
    "layer": 11,
    "module": "mlp.gate_proj",
    "feat: in, out": "576, 1536",
    "dtype: size": "bf16: 1.7MB",
    "loss": "0.0000120942",
    "samples": "65536",
    "damp": "0.05000",
    "time": "0.943",
    "fwd_time": "7.388",
    "(v)ram": "n/a"
}
{
    "process": "gptq",
    "layer": 11,
    "module": "mlp.down_proj",
    "feat: in, out": "1536, 576",
    "dtype: size": "bf16: 1.7MB",
    "loss": "0.0000001969",
    "samples": "65536",
    "damp": "0.05000",
    "time": "1.156",
    "fwd_time": "11.316",
    "(v)ram": "n/a"
}
{
    "process": "gptq",
    "layer": 12,
    "module": "self_attn.k_proj",
    "feat: in, out": "576, 192",
    "dtype: size": "bf16: 0.2MB",
    "loss": "0.0000015272",
    "samples": "65536",
    "damp": "0.05000",
    "time": "0.683",
    "fwd_time": "1.999",
    "(v)ram": "n/a"
}
{
    "process": "gptq",
    "layer": 12,
    "module": "self_attn.q_proj",
    "feat: in, out": "576, 576",
    "dtype: size": "bf16: 0.7MB",
    "loss": "0.0000046366",
    "samples": "65536",
    "damp": "0.05000",
    "time": "0.806",
    "fwd_time": "1.999",
    "(v)ram": "n/a"
}
{
    "process": "gptq",
    "layer": 12,
    "module": "self_attn.v_proj",
    "feat: in, out": "576, 192",
    "dtype: size": "bf16: 0.2MB",
    "loss": "0.0000015657",
    "samples": "65536",
    "damp": "0.05000",
    "time": "0.335",
    "fwd_time": "1.999",
    "(v)ram": "n/a"
}
{
    "process": "gptq",
    "layer": 12,
    "module": "self_attn.o_proj",
    "feat: in, out": "576, 576",
    "dtype: size": "bf16: 0.7MB",
    "loss": "0.0000006846",
    "samples": "65536",
    "damp": "0.05000",
    "time": "0.413",
    "fwd_time": "3.952",
    "(v)ram": "n/a"
}
{
    "process": "gptq",
    "layer": 12,
    "module": "mlp.gate_proj",
    "feat: in, out": "576, 1536",
    "dtype: size": "bf16: 1.7MB",
    "loss": "0.0000121435",
    "samples": "65536",
    "damp": "0.05000",
    "time": "0.910",
    "fwd_time": "9.951",
    "(v)ram": "n/a"
}
{
    "process": "gptq",
    "layer": 12,
    "module": "mlp.up_proj",
    "feat: in, out": "576, 1536",
    "dtype: size": "bf16: 1.7MB",
    "loss": "0.0000122268",
    "samples": "65536",
    "damp": "0.05000",
    "time": "0.944",
    "fwd_time": "9.951",
    "(v)ram": "n/a"
}
{
    "process": "gptq",
    "layer": 12,
    "module": "mlp.down_proj",
    "feat: in, out": "1536, 576",
    "dtype: size": "bf16: 1.7MB",
    "loss": "0.0000001981",
    "samples": "65536",
    "damp": "0.05000",
    "time": "1.135",
    "fwd_time": "14.162",
    "(v)ram": "n/a"
}
{
    "process": "gptq",
    "layer": 13,
    "module": "self_attn.k_proj",
    "feat: in, out": "576, 192",
    "dtype: size": "bf16: 0.2MB",
    "loss": "0.0000015418",
    "samples": "65536",
    "damp": "0.05000",
    "time": "0.669",
    "fwd_time": "2.829",
    "(v)ram": "n/a"
}
{
    "process": "gptq",
    "layer": 13,
    "module": "self_attn.q_proj",
    "feat: in, out": "576, 576",
    "dtype: size": "bf16: 0.7MB",
    "loss": "0.0000045620",
    "samples": "65536",
    "damp": "0.05000",
    "time": "0.750",
    "fwd_time": "2.829",
    "(v)ram": "n/a"
}
{
    "process": "gptq",
    "layer": 13,
    "module": "self_attn.v_proj",
    "feat: in, out": "576, 192",
    "dtype: size": "bf16: 0.2MB",
    "loss": "0.0000015223",
    "samples": "65536",
    "damp": "0.05000",
    "time": "0.274",
    "fwd_time": "2.829",
    "(v)ram": "n/a"
}
{
    "process": "gptq",
    "layer": 13,
    "module": "self_attn.o_proj",
    "feat: in, out": "576, 576",
    "dtype: size": "bf16: 0.7MB",
    "loss": "0.0000007215",
    "samples": "65536",
    "damp": "0.05000",
    "time": "0.459",
    "fwd_time": "5.913",
    "(v)ram": "n/a"
}
{
    "process": "gptq",
    "layer": 13,
    "module": "mlp.up_proj",
    "feat: in, out": "576, 1536",
    "dtype: size": "bf16: 1.7MB",
    "loss": "0.0000121742",
    "samples": "65536",
    "damp": "0.05000",
    "time": "0.957",
    "fwd_time": "10.732",
    "(v)ram": "n/a"
}
{
    "process": "gptq",
    "layer": 13,
    "module": "mlp.gate_proj",
    "feat: in, out": "576, 1536",
    "dtype: size": "bf16: 1.7MB",
    "loss": "0.0000121414",
    "samples": "65536",
    "damp": "0.05000",
    "time": "0.978",
    "fwd_time": "10.732",
    "(v)ram": "n/a"
}
{
    "process": "gptq",
    "layer": 13,
    "module": "mlp.down_proj",
    "feat: in, out": "1536, 576",
    "dtype: size": "bf16: 1.7MB",
    "loss": "0.0000001968",
    "samples": "65536",
    "damp": "0.05000",
    "time": "1.191",
    "fwd_time": "14.704",
    "(v)ram": "n/a"
}
{
    "process": "gptq",
    "layer": 14,
    "module": "self_attn.k_proj",
    "feat: in, out": "576, 192",
    "dtype: size": "bf16: 0.2MB",
    "loss": "0.0000015341",
    "samples": "65536",
    "damp": "0.05000",
    "time": "0.641",
    "fwd_time": "2.392",
    "(v)ram": "n/a"
}
{
    "process": "gptq",
    "layer": 14,
    "module": "self_attn.q_proj",
    "feat: in, out": "576, 576",
    "dtype: size": "bf16: 0.7MB",
    "loss": "0.0000046559",
    "samples": "65536",
    "damp": "0.05000",
    "time": "0.768",
    "fwd_time": "2.392",
    "(v)ram": "n/a"
}
{
    "process": "gptq",
    "layer": 14,
    "module": "self_attn.v_proj",
    "feat: in, out": "576, 192",
    "dtype: size": "bf16: 0.2MB",
    "loss": "0.0000015489",
    "samples": "65536",
    "damp": "0.05000",
    "time": "0.248",
    "fwd_time": "2.392",
    "(v)ram": "n/a"
}
{
    "process": "gptq",
    "layer": 14,
    "module": "self_attn.o_proj",
    "feat: in, out": "576, 576",
    "dtype: size": "bf16: 0.7MB",
    "loss": "0.0000006919",
    "samples": "65536",
    "damp": "0.05000",
    "time": "0.389",
    "fwd_time": "3.836",
    "(v)ram": "n/a"
}
{
    "process": "gptq",
    "layer": 14,
    "module": "mlp.gate_proj",
    "feat: in, out": "576, 1536",
    "dtype: size": "bf16: 1.7MB",
    "loss": "0.0000121855",
    "samples": "65536",
    "damp": "0.05000",
    "time": "1.020",
    "fwd_time": "7.414",
    "(v)ram": "n/a"
}
{
    "process": "gptq",
    "layer": 14,
    "module": "mlp.up_proj",
    "feat: in, out": "576, 1536",
    "dtype: size": "bf16: 1.7MB",
    "loss": "0.0000121972",
    "samples": "65536",
    "damp": "0.05000",
    "time": "1.021",
    "fwd_time": "7.414",
    "(v)ram": "n/a"
}
{
    "process": "gptq",
    "layer": 14,
    "module": "mlp.down_proj",
    "feat: in, out": "1536, 576",
    "dtype: size": "bf16: 1.7MB",
    "loss": "0.0000001968",
    "samples": "65536",
    "damp": "0.05000",
    "time": "1.148",
    "fwd_time": "10.910",
    "(v)ram": "n/a"
}
{
    "process": "gptq",
    "layer": 15,
    "module": "self_attn.k_proj",
    "feat: in, out": "576, 192",
    "dtype: size": "bf16: 0.2MB",
    "loss": "0.0000015523",
    "samples": "65536",
    "damp": "0.05000",
    "time": "0.610",
    "fwd_time": "2.149",
    "(v)ram": "n/a"
}
{
    "process": "gptq",
    "layer": 15,
    "module": "self_attn.q_proj",
    "feat: in, out": "576, 576",
    "dtype: size": "bf16: 0.7MB",
    "loss": "0.0000046221",
    "samples": "65536",
    "damp": "0.05000",
    "time": "0.707",
    "fwd_time": "2.149",
    "(v)ram": "n/a"
}
{
    "process": "gptq",
    "layer": 15,
    "module": "self_attn.v_proj",
    "feat: in, out": "576, 192",
    "dtype: size": "bf16: 0.2MB",
    "loss": "0.0000015438",
    "samples": "65536",
    "damp": "0.05000",
    "time": "0.239",
    "fwd_time": "2.149",
    "(v)ram": "n/a"
}
{
    "process": "gptq",
    "layer": 15,
    "module": "self_attn.o_proj",
    "feat: in, out": "576, 576",
    "dtype: size": "bf16: 0.7MB",
    "loss": "0.0000007209",
    "samples": "65536",
    "damp": "0.05000",
    "time": "0.373",
    "fwd_time": "3.597",
    "(v)ram": "n/a"
}
{
    "process": "gptq",
    "layer": 15,
    "module": "mlp.up_proj",
    "feat: in, out": "576, 1536",
    "dtype: size": "bf16: 1.7MB",
    "loss": "0.0000122473",
    "samples": "65536",
    "damp": "0.05000",
    "time": "1.008",
    "fwd_time": "8.240",
    "(v)ram": "n/a"
}
{
    "process": "gptq",
    "layer": 15,
    "module": "mlp.gate_proj",
    "feat: in, out": "576, 1536",
    "dtype: size": "bf16: 1.7MB",
    "loss": "0.0000122083",
    "samples": "65536",
    "damp": "0.05000",
    "time": "1.026",
    "fwd_time": "8.240",
    "(v)ram": "n/a"
}
{
    "process": "gptq",
    "layer": 15,
    "module": "mlp.down_proj",
    "feat: in, out": "1536, 576",
    "dtype: size": "bf16: 1.7MB",
    "loss": "0.0000002053",
    "samples": "65536",
    "damp": "0.05000",
    "time": "1.122",
    "fwd_time": "11.179",
    "(v)ram": "n/a"
}
{
    "process": "gptq",
    "layer": 16,
    "module": "self_attn.k_proj",
    "feat: in, out": "576, 192",
    "dtype: size": "bf16: 0.2MB",
    "loss": "0.0000015421",
    "samples": "65536",
    "damp": "0.05000",
    "time": "0.642",
    "fwd_time": "2.108",
    "(v)ram": "n/a"
}
{
    "process": "gptq",
    "layer": 16,
    "module": "self_attn.q_proj",
    "feat: in, out": "576, 576",
    "dtype: size": "bf16: 0.7MB",
    "loss": "0.0000045828",
    "samples": "65536",
    "damp": "0.05000",
    "time": "0.730",
    "fwd_time": "2.108",
    "(v)ram": "n/a"
}
{
    "process": "gptq",
    "layer": 16,
    "module": "self_attn.v_proj",
    "feat: in, out": "576, 192",
    "dtype: size": "bf16: 0.2MB",
    "loss": "0.0000015365",
    "samples": "65536",
    "damp": "0.05000",
    "time": "0.306",
    "fwd_time": "2.108",
    "(v)ram": "n/a"
}
{
    "process": "gptq",
    "layer": 16,
    "module": "self_attn.o_proj",
    "feat: in, out": "576, 576",
    "dtype: size": "bf16: 0.7MB",
    "loss": "0.0000007110",
    "samples": "65536",
    "damp": "0.05000",
    "time": "0.414",
    "fwd_time": "3.758",
    "(v)ram": "n/a"
}
{
    "process": "gptq",
    "layer": 16,
    "module": "mlp.up_proj",
    "feat: in, out": "576, 1536",
    "dtype: size": "bf16: 1.7MB",
    "loss": "0.0000122968",
    "samples": "65536",
    "damp": "0.05000",
    "time": "0.911",
    "fwd_time": "7.338",
    "(v)ram": "n/a"
}
{
    "process": "gptq",
    "layer": 16,
    "module": "mlp.gate_proj",
    "feat: in, out": "576, 1536",
    "dtype: size": "bf16: 1.7MB",
    "loss": "0.0000122625",
    "samples": "65536",
    "damp": "0.05000",
    "time": "0.931",
    "fwd_time": "7.338",
    "(v)ram": "n/a"
}
{
    "process": "gptq",
    "layer": 16,
    "module": "mlp.down_proj",
    "feat: in, out": "1536, 576",
    "dtype: size": "bf16: 1.7MB",
    "loss": "0.0000001986",
    "samples": "65536",
    "damp": "0.05000",
    "time": "1.057",
    "fwd_time": "10.595",
    "(v)ram": "n/a"
}
{
    "process": "gptq",
    "layer": 17,
    "module": "self_attn.k_proj",
    "feat: in, out": "576, 192",
    "dtype: size": "bf16: 0.2MB",
    "loss": "0.0000015447",
    "samples": "65536",
    "damp": "0.05000",
    "time": "0.603",
    "fwd_time": "1.957",
    "(v)ram": "n/a"
}
{
    "process": "gptq",
    "layer": 17,
    "module": "self_attn.q_proj",
    "feat: in, out": "576, 576",
    "dtype: size": "bf16: 0.7MB",
    "loss": "0.0000046519",
    "samples": "65536",
    "damp": "0.05000",
    "time": "0.703",
    "fwd_time": "1.957",
    "(v)ram": "n/a"
}
{
    "process": "gptq",
    "layer": 17,
    "module": "self_attn.v_proj",
    "feat: in, out": "576, 192",
    "dtype: size": "bf16: 0.2MB",
    "loss": "0.0000015249",
    "samples": "65536",
    "damp": "0.05000",
    "time": "0.304",
    "fwd_time": "1.957",
    "(v)ram": "n/a"
}
{
    "process": "gptq",
    "layer": 17,
    "module": "self_attn.o_proj",
    "feat: in, out": "576, 576",
    "dtype: size": "bf16: 0.7MB",
    "loss": "0.0000006793",
    "samples": "65536",
    "damp": "0.05000",
    "time": "0.429",
    "fwd_time": "3.762",
    "(v)ram": "n/a"
}
{
    "process": "gptq",
    "layer": 17,
    "module": "mlp.gate_proj",
    "feat: in, out": "576, 1536",
    "dtype: size": "bf16: 1.7MB",
    "loss": "0.0000122431",
    "samples": "65536",
    "damp": "0.05000",
    "time": "0.836",
    "fwd_time": "7.388",
    "(v)ram": "n/a"
}
{
    "process": "gptq",
    "layer": 17,
    "module": "mlp.up_proj",
    "feat: in, out": "576, 1536",
    "dtype: size": "bf16: 1.7MB",
    "loss": "0.0000122708",
    "samples": "65536",
    "damp": "0.05000",
    "time": "0.868",
    "fwd_time": "7.388",
    "(v)ram": "n/a"
}
{
    "process": "gptq",
    "layer": 17,
    "module": "mlp.down_proj",
    "feat: in, out": "1536, 576",
    "dtype: size": "bf16: 1.7MB",
    "loss": "0.0000001903",
    "samples": "65536",
    "damp": "0.05000",
    "time": "1.128",
    "fwd_time": "9.801",
    "(v)ram": "n/a"
}
{
    "process": "gptq",
    "layer": 18,
    "module": "self_attn.k_proj",
    "feat: in, out": "576, 192",
    "dtype: size": "bf16: 0.2MB",
    "loss": "0.0000015352",
    "samples": "65536",
    "damp": "0.05000",
    "time": "0.664",
    "fwd_time": "1.943",
    "(v)ram": "n/a"
}
{
    "process": "gptq",
    "layer": 18,
    "module": "self_attn.q_proj",
    "feat: in, out": "576, 576",
    "dtype: size": "bf16: 0.7MB",
    "loss": "0.0000045860",
    "samples": "65536",
    "damp": "0.05000",
    "time": "0.757",
    "fwd_time": "1.943",
    "(v)ram": "n/a"
}
{
    "process": "gptq",
    "layer": 18,
    "module": "self_attn.v_proj",
    "feat: in, out": "576, 192",
    "dtype: size": "bf16: 0.2MB",
    "loss": "0.0000015273",
    "samples": "65536",
    "damp": "0.05000",
    "time": "0.326",
    "fwd_time": "1.943",
    "(v)ram": "n/a"
}
{
    "process": "gptq",
    "layer": 18,
    "module": "self_attn.o_proj",
    "feat: in, out": "576, 576",
    "dtype: size": "bf16: 0.7MB",
    "loss": "0.0000007085",
    "samples": "65536",
    "damp": "0.05000",
    "time": "0.351",
    "fwd_time": "3.836",
    "(v)ram": "n/a"
}
{
    "process": "gptq",
    "layer": 18,
    "module": "mlp.gate_proj",
    "feat: in, out": "576, 1536",
    "dtype: size": "bf16: 1.7MB",
    "loss": "0.0000122014",
    "samples": "65536",
    "damp": "0.05000",
    "time": "0.939",
    "fwd_time": "7.337",
    "(v)ram": "n/a"
}
{
    "process": "gptq",
    "layer": 18,
    "module": "mlp.up_proj",
    "feat: in, out": "576, 1536",
    "dtype: size": "bf16: 1.7MB",
    "loss": "0.0000122464",
    "samples": "65536",
    "damp": "0.05000",
    "time": "0.949",
    "fwd_time": "7.337",
    "(v)ram": "n/a"
}
{
    "process": "gptq",
    "layer": 18,
    "module": "mlp.down_proj",
    "feat: in, out": "1536, 576",
    "dtype: size": "bf16: 1.7MB",
    "loss": "0.0000001931",
    "samples": "65536",
    "damp": "0.05000",
    "time": "1.116",
    "fwd_time": "10.536",
    "(v)ram": "n/a"
}
{
    "process": "gptq",
    "layer": 19,
    "module": "self_attn.k_proj",
    "feat: in, out": "576, 192",
    "dtype: size": "bf16: 0.2MB",
    "loss": "0.0000015348",
    "samples": "65536",
    "damp": "0.05000",
    "time": "0.631",
    "fwd_time": "1.779",
    "(v)ram": "n/a"
}
{
    "process": "gptq",
    "layer": 19,
    "module": "self_attn.q_proj",
    "feat: in, out": "576, 576",
    "dtype: size": "bf16: 0.7MB",
    "loss": "0.0000046355",
    "samples": "65536",
    "damp": "0.05000",
    "time": "0.736",
    "fwd_time": "1.779",
    "(v)ram": "n/a"
}
{
    "process": "gptq",
    "layer": 19,
    "module": "self_attn.v_proj",
    "feat: in, out": "576, 192",
    "dtype: size": "bf16: 0.2MB",
    "loss": "0.0000015362",
    "samples": "65536",
    "damp": "0.05000",
    "time": "0.252",
    "fwd_time": "1.779",
    "(v)ram": "n/a"
}
{
    "process": "gptq",
    "layer": 19,
    "module": "self_attn.o_proj",
    "feat: in, out": "576, 576",
    "dtype: size": "bf16: 0.7MB",
    "loss": "0.0000007343",
    "samples": "65536",
    "damp": "0.05000",
    "time": "0.399",
    "fwd_time": "3.486",
    "(v)ram": "n/a"
}
{
    "process": "gptq",
    "layer": 19,
    "module": "mlp.gate_proj",
    "feat: in, out": "576, 1536",
    "dtype: size": "bf16: 1.7MB",
    "loss": "0.0000122137",
    "samples": "65536",
    "damp": "0.05000",
    "time": "0.952",
    "fwd_time": "7.726",
    "(v)ram": "n/a"
}
{
    "process": "gptq",
    "layer": 19,
    "module": "mlp.up_proj",
    "feat: in, out": "576, 1536",
    "dtype: size": "bf16: 1.7MB",
    "loss": "0.0000121178",
    "samples": "65536",
    "damp": "0.05000",
    "time": "0.967",
    "fwd_time": "7.726",
    "(v)ram": "n/a"
}
{
    "process": "gptq",
    "layer": 19,
    "module": "mlp.down_proj",
    "feat: in, out": "1536, 576",
    "dtype: size": "bf16: 1.7MB",
    "loss": "0.0000001877",
    "samples": "65536",
    "damp": "0.05000",
    "time": "1.145",
    "fwd_time": "10.013",
    "(v)ram": "n/a"
}
{
    "process": "gptq",
    "layer": 20,
    "module": "self_attn.k_proj",
    "feat: in, out": "576, 192",
    "dtype: size": "bf16: 0.2MB",
    "loss": "0.0000015215",
    "samples": "65536",
    "damp": "0.05000",
    "time": "0.632",
    "fwd_time": "2.103",
    "(v)ram": "n/a"
}
{
    "process": "gptq",
    "layer": 20,
    "module": "self_attn.q_proj",
    "feat: in, out": "576, 576",
    "dtype: size": "bf16: 0.7MB",
    "loss": "0.0000045388",
    "samples": "65536",
    "damp": "0.05000",
    "time": "0.732",
    "fwd_time": "2.103",
    "(v)ram": "n/a"
}
{
    "process": "gptq",
    "layer": 20,
    "module": "self_attn.v_proj",
    "feat: in, out": "576, 192",
    "dtype: size": "bf16: 0.2MB",
    "loss": "0.0000015413",
    "samples": "65536",
    "damp": "0.05000",
    "time": "0.276",
    "fwd_time": "2.103",
    "(v)ram": "n/a"
}
{
    "process": "gptq",
    "layer": 20,
    "module": "self_attn.o_proj",
    "feat: in, out": "576, 576",
    "dtype: size": "bf16: 0.7MB",
    "loss": "0.0000007298",
    "samples": "65536",
    "damp": "0.05000",
    "time": "0.425",
    "fwd_time": "3.805",
    "(v)ram": "n/a"
}
{
    "process": "gptq",
    "layer": 20,
    "module": "mlp.gate_proj",
    "feat: in, out": "576, 1536",
    "dtype: size": "bf16: 1.7MB",
    "loss": "0.0000122171",
    "samples": "65536",
    "damp": "0.05000",
    "time": "0.924",
    "fwd_time": "7.904",
    "(v)ram": "n/a"
}
{
    "process": "gptq",
    "layer": 20,
    "module": "mlp.up_proj",
    "feat: in, out": "576, 1536",
    "dtype: size": "bf16: 1.7MB",
    "loss": "0.0000123012",
    "samples": "65536",
    "damp": "0.05000",
    "time": "0.944",
    "fwd_time": "7.904",
    "(v)ram": "n/a"
}
{
    "process": "gptq",
    "layer": 20,
    "module": "mlp.down_proj",
    "feat: in, out": "1536, 576",
    "dtype: size": "bf16: 1.7MB",
    "loss": "0.0000001891",
    "samples": "65536",
    "damp": "0.05000",
    "time": "1.126",
    "fwd_time": "10.237",
    "(v)ram": "n/a"
}
{
    "process": "gptq",
    "layer": 21,
    "module": "self_attn.k_proj",
    "feat: in, out": "576, 192",
    "dtype: size": "bf16: 0.2MB",
    "loss": "0.0000015321",
    "samples": "65536",
    "damp": "0.05000",
    "time": "0.693",
    "fwd_time": "2.043",
    "(v)ram": "n/a"
}
{
    "process": "gptq",
    "layer": 21,
    "module": "self_attn.q_proj",
    "feat: in, out": "576, 576",
    "dtype: size": "bf16: 0.7MB",
    "loss": "0.0000046320",
    "samples": "65536",
    "damp": "0.05000",
    "time": "0.792",
    "fwd_time": "2.043",
    "(v)ram": "n/a"
}
{
    "process": "gptq",
    "layer": 21,
    "module": "self_attn.v_proj",
    "feat: in, out": "576, 192",
    "dtype: size": "bf16: 0.2MB",
    "loss": "0.0000015541",
    "samples": "65536",
    "damp": "0.05000",
    "time": "0.294",
    "fwd_time": "2.043",
    "(v)ram": "n/a"
}
{
    "process": "gptq",
    "layer": 21,
    "module": "self_attn.o_proj",
    "feat: in, out": "576, 576",
    "dtype: size": "bf16: 0.7MB",
    "loss": "0.0000007159",
    "samples": "65536",
    "damp": "0.05000",
    "time": "0.403",
    "fwd_time": "3.789",
    "(v)ram": "n/a"
}
{
    "process": "gptq",
    "layer": 21,
    "module": "mlp.up_proj",
    "feat: in, out": "576, 1536",
    "dtype: size": "bf16: 1.7MB",
    "loss": "0.0000123134",
    "samples": "65536",
    "damp": "0.05000",
    "time": "0.908",
    "fwd_time": "7.847",
    "(v)ram": "n/a"
}
{
    "process": "gptq",
    "layer": 21,
    "module": "mlp.gate_proj",
    "feat: in, out": "576, 1536",
    "dtype: size": "bf16: 1.7MB",
    "loss": "0.0000123394",
    "samples": "65536",
    "damp": "0.05000",
    "time": "0.926",
    "fwd_time": "7.847",
    "(v)ram": "n/a"
}
{
    "process": "gptq",
    "layer": 21,
    "module": "mlp.down_proj",
    "feat: in, out": "1536, 576",
    "dtype: size": "bf16: 1.7MB",
    "loss": "0.0000001933",
    "samples": "65536",
    "damp": "0.05000",
    "time": "1.099",
    "fwd_time": "10.525",
    "(v)ram": "n/a"
}
{
    "process": "gptq",
    "layer": 22,
    "module": "self_attn.k_proj",
    "feat: in, out": "576, 192",
    "dtype: size": "bf16: 0.2MB",
    "loss": "0.0000015450",
    "samples": "65536",
    "damp": "0.05000",
    "time": "0.606",
    "fwd_time": "2.022",
    "(v)ram": "n/a"
}
{
    "process": "gptq",
    "layer": 22,
    "module": "self_attn.q_proj",
    "feat: in, out": "576, 576",
    "dtype: size": "bf16: 0.7MB",
    "loss": "0.0000046509",
    "samples": "65536",
    "damp": "0.05000",
    "time": "0.689",
    "fwd_time": "2.022",
    "(v)ram": "n/a"
}
{
    "process": "gptq",
    "layer": 22,
    "module": "self_attn.v_proj",
    "feat: in, out": "576, 192",
    "dtype: size": "bf16: 0.2MB",
    "loss": "0.0000015717",
    "samples": "65536",
    "damp": "0.05000",
    "time": "0.282",
    "fwd_time": "2.022",
    "(v)ram": "n/a"
}
{
    "process": "gptq",
    "layer": 22,
    "module": "self_attn.o_proj",
    "feat: in, out": "576, 576",
    "dtype: size": "bf16: 0.7MB",
    "loss": "0.0000007296",
    "samples": "65536",
    "damp": "0.05000",
    "time": "0.389",
    "fwd_time": "3.661",
    "(v)ram": "n/a"
}
{
    "process": "gptq",
    "layer": 22,
    "module": "mlp.gate_proj",
    "feat: in, out": "576, 1536",
    "dtype: size": "bf16: 1.7MB",
    "loss": "0.0000123618",
    "samples": "65536",
    "damp": "0.05000",
    "time": "0.868",
    "fwd_time": "7.123",
    "(v)ram": "n/a"
}
{
    "process": "gptq",
    "layer": 22,
    "module": "mlp.up_proj",
    "feat: in, out": "576, 1536",
    "dtype: size": "bf16: 1.7MB",
    "loss": "0.0000124256",
    "samples": "65536",
    "damp": "0.05000",
    "time": "0.878",
    "fwd_time": "7.123",
    "(v)ram": "n/a"
}
{
    "process": "gptq",
    "layer": 22,
    "module": "mlp.down_proj",
    "feat: in, out": "1536, 576",
    "dtype: size": "bf16: 1.7MB",
    "loss": "0.0000001863",
    "samples": "65536",
    "damp": "0.05000",
    "time": "1.447",
    "fwd_time": "10.229",
    "(v)ram": "n/a"
}
{
    "process": "gptq",
    "layer": 23,
    "module": "self_attn.k_proj",
    "feat: in, out": "576, 192",
    "dtype: size": "bf16: 0.2MB",
    "loss": "0.0000015655",
    "samples": "65536",
    "damp": "0.05000",
    "time": "0.672",
    "fwd_time": "1.952",
    "(v)ram": "n/a"
}
{
    "process": "gptq",
    "layer": 23,
    "module": "self_attn.q_proj",
    "feat: in, out": "576, 576",
    "dtype: size": "bf16: 0.7MB",
    "loss": "0.0000046800",
    "samples": "65536",
    "damp": "0.05000",
    "time": "0.750",
    "fwd_time": "1.952",
    "(v)ram": "n/a"
}
{
    "process": "gptq",
    "layer": 23,
    "module": "self_attn.v_proj",
    "feat: in, out": "576, 192",
    "dtype: size": "bf16: 0.2MB",
    "loss": "0.0000015558",
    "samples": "65536",
    "damp": "0.05000",
    "time": "0.235",
    "fwd_time": "1.952",
    "(v)ram": "n/a"
}
{
    "process": "gptq",
    "layer": 23,
    "module": "self_attn.o_proj",
    "feat: in, out": "576, 576",
    "dtype: size": "bf16: 0.7MB",
    "loss": "0.0000007253",
    "samples": "65536",
    "damp": "0.05000",
    "time": "0.372",
    "fwd_time": "3.689",
    "(v)ram": "n/a"
}
{
    "process": "gptq",
    "layer": 23,
    "module": "mlp.up_proj",
    "feat: in, out": "576, 1536",
    "dtype: size": "bf16: 1.7MB",
    "loss": "0.0000124975",
    "samples": "65536",
    "damp": "0.05000",
    "time": "0.966",
    "fwd_time": "7.368",
    "(v)ram": "n/a"
}
{
    "process": "gptq",
    "layer": 23,
    "module": "mlp.gate_proj",
    "feat: in, out": "576, 1536",
    "dtype: size": "bf16: 1.7MB",
    "loss": "0.0000124735",
    "samples": "65536",
    "damp": "0.05000",
    "time": "0.970",
    "fwd_time": "7.368",
    "(v)ram": "n/a"
}
{
    "process": "gptq",
    "layer": 23,
    "module": "mlp.down_proj",
    "feat: in, out": "1536, 576",
    "dtype: size": "bf16: 1.7MB",
    "loss": "0.0000001915",
    "samples": "65536",
    "damp": "0.05000",
    "time": "1.087",
    "fwd_time": "10.340",
    "(v)ram": "n/a"
}
{
    "process": "gptq",
    "layer": 24,
    "module": "self_attn.k_proj",
    "feat: in, out": "576, 192",
    "dtype: size": "bf16: 0.2MB",
    "loss": "0.0000015828",
    "samples": "65536",
    "damp": "0.05000",
    "time": "0.667",
    "fwd_time": "2.067",
    "(v)ram": "n/a"
}
{
    "process": "gptq",
    "layer": 24,
    "module": "self_attn.q_proj",
    "feat: in, out": "576, 576",
    "dtype: size": "bf16: 0.7MB",
    "loss": "0.0000047082",
    "samples": "65536",
    "damp": "0.05000",
    "time": "0.853",
    "fwd_time": "2.067",
    "(v)ram": "n/a"
}
{
    "process": "gptq",
    "layer": 24,
    "module": "self_attn.v_proj",
    "feat: in, out": "576, 192",
    "dtype: size": "bf16: 0.2MB",
    "loss": "0.0000015780",
    "samples": "65536",
    "damp": "0.05000",
    "time": "0.358",
    "fwd_time": "2.067",
    "(v)ram": "n/a"
}
{
    "process": "gptq",
    "layer": 24,
    "module": "self_attn.o_proj",
    "feat: in, out": "576, 576",
    "dtype: size": "bf16: 0.7MB",
    "loss": "0.0000007376",
    "samples": "65536",
    "damp": "0.05000",
    "time": "0.379",
    "fwd_time": "3.878",
    "(v)ram": "n/a"
}
{
    "process": "gptq",
    "layer": 24,
    "module": "mlp.up_proj",
    "feat: in, out": "576, 1536",
    "dtype: size": "bf16: 1.7MB",
    "loss": "0.0000124976",
    "samples": "65536",
    "damp": "0.05000",
    "time": "0.961",
    "fwd_time": "7.635",
    "(v)ram": "n/a"
}
{
    "process": "gptq",
    "layer": 24,
    "module": "mlp.gate_proj",
    "feat: in, out": "576, 1536",
    "dtype: size": "bf16: 1.7MB",
    "loss": "0.0000125108",
    "samples": "65536",
    "damp": "0.05000",
    "time": "0.982",
    "fwd_time": "7.635",
    "(v)ram": "n/a"
}
{
    "process": "gptq",
    "layer": 24,
    "module": "mlp.down_proj",
    "feat: in, out": "1536, 576",
    "dtype: size": "bf16: 1.7MB",
    "loss": "0.0000001891",
    "samples": "65536",
    "damp": "0.05000",
    "time": "1.090",
    "fwd_time": "10.478",
    "(v)ram": "n/a"
}
{
    "process": "gptq",
    "layer": 25,
    "module": "self_attn.k_proj",
    "feat: in, out": "576, 192",
    "dtype: size": "bf16: 0.2MB",
    "loss": "0.0000016123",
    "samples": "65536",
    "damp": "0.05000",
    "time": "0.655",
    "fwd_time": "2.092",
    "(v)ram": "n/a"
}
{
    "process": "gptq",
    "layer": 25,
    "module": "self_attn.q_proj",
    "feat: in, out": "576, 576",
    "dtype: size": "bf16: 0.7MB",
    "loss": "0.0000047592",
    "samples": "65536",
    "damp": "0.05000",
    "time": "0.756",
    "fwd_time": "2.092",
    "(v)ram": "n/a"
}
{
    "process": "gptq",
    "layer": 25,
    "module": "self_attn.v_proj",
    "feat: in, out": "576, 192",
    "dtype: size": "bf16: 0.2MB",
    "loss": "0.0000015586",
    "samples": "65536",
    "damp": "0.05000",
    "time": "0.266",
    "fwd_time": "2.092",
    "(v)ram": "n/a"
}
{
    "process": "gptq",
    "layer": 25,
    "module": "self_attn.o_proj",
    "feat: in, out": "576, 576",
    "dtype: size": "bf16: 0.7MB",
    "loss": "0.0000007250",
    "samples": "65536",
    "damp": "0.05000",
    "time": "0.411",
    "fwd_time": "3.820",
    "(v)ram": "n/a"
}
{
    "process": "gptq",
    "layer": 25,
    "module": "mlp.gate_proj",
    "feat: in, out": "576, 1536",
    "dtype: size": "bf16: 1.7MB",
    "loss": "0.0000125361",
    "samples": "65536",
    "damp": "0.05000",
    "time": "1.010",
    "fwd_time": "7.825",
    "(v)ram": "n/a"
}
{
    "process": "gptq",
    "layer": 25,
    "module": "mlp.up_proj",
    "feat: in, out": "576, 1536",
    "dtype: size": "bf16: 1.7MB",
    "loss": "0.0000125694",
    "samples": "65536",
    "damp": "0.05000",
    "time": "1.038",
    "fwd_time": "7.825",
    "(v)ram": "n/a"
}
{
    "process": "gptq",
    "layer": 25,
    "module": "mlp.down_proj",
    "feat: in, out": "1536, 576",
    "dtype: size": "bf16: 1.7MB",
    "loss": "0.0000001977",
    "samples": "65536",
    "damp": "0.05000",
    "time": "1.233",
    "fwd_time": "10.169",
    "(v)ram": "n/a"
}
{
    "process": "gptq",
    "layer": 26,
    "module": "self_attn.k_proj",
    "feat: in, out": "576, 192",
    "dtype: size": "bf16: 0.2MB",
    "loss": "0.0000015670",
    "samples": "65536",
    "damp": "0.05000",
    "time": "0.697",
    "fwd_time": "2.088",
    "(v)ram": "n/a"
}
{
    "process": "gptq",
    "layer": 26,
    "module": "self_attn.q_proj",
    "feat: in, out": "576, 576",
    "dtype: size": "bf16: 0.7MB",
    "loss": "0.0000047022",
    "samples": "65536",
    "damp": "0.05000",
    "time": "0.815",
    "fwd_time": "2.088",
    "(v)ram": "n/a"
}
{
    "process": "gptq",
    "layer": 26,
    "module": "self_attn.v_proj",
    "feat: in, out": "576, 192",
    "dtype: size": "bf16: 0.2MB",
    "loss": "0.0000015586",
    "samples": "65536",
    "damp": "0.05000",
    "time": "0.304",
    "fwd_time": "2.088",
    "(v)ram": "n/a"
}
{
    "process": "gptq",
    "layer": 26,
    "module": "self_attn.o_proj",
    "feat: in, out": "576, 576",
    "dtype: size": "bf16: 0.7MB",
    "loss": "0.0000007269",
    "samples": "65536",
    "damp": "0.05000",
    "time": "0.391",
    "fwd_time": "3.693",
    "(v)ram": "n/a"
}
{
    "process": "gptq",
    "layer": 26,
    "module": "mlp.gate_proj",
    "feat: in, out": "576, 1536",
    "dtype: size": "bf16: 1.7MB",
    "loss": "0.0000125233",
    "samples": "65536",
    "damp": "0.05000",
    "time": "1.071",
    "fwd_time": "6.920",
    "(v)ram": "n/a"
}
{
    "process": "gptq",
    "layer": 26,
    "module": "mlp.up_proj",
    "feat: in, out": "576, 1536",
    "dtype: size": "bf16: 1.7MB",
    "loss": "0.0000125590",
    "samples": "65536",
    "damp": "0.05000",
    "time": "1.073",
    "fwd_time": "6.920",
    "(v)ram": "n/a"
}
{
    "process": "gptq",
    "layer": 26,
    "module": "mlp.down_proj",
    "feat: in, out": "1536, 576",
    "dtype: size": "bf16: 1.7MB",
    "loss": "0.0000001878",
    "samples": "65536",
    "damp": "0.05000",
    "time": "1.169",
    "fwd_time": "10.106",
    "(v)ram": "n/a"
}
{
    "process": "gptq",
    "layer": 27,
    "module": "self_attn.k_proj",
    "feat: in, out": "576, 192",
    "dtype: size": "bf16: 0.2MB",
    "loss": "0.0000015776",
    "samples": "65536",
    "damp": "0.05000",
    "time": "0.755",
    "fwd_time": "2.405",
    "(v)ram": "n/a"
}
{
    "process": "gptq",
    "layer": 27,
    "module": "self_attn.q_proj",
    "feat: in, out": "576, 576",
    "dtype: size": "bf16: 0.7MB",
    "loss": "0.0000047185",
    "samples": "65536",
    "damp": "0.05000",
    "time": "0.876",
    "fwd_time": "2.405",
    "(v)ram": "n/a"
}
{
    "process": "gptq",
    "layer": 27,
    "module": "self_attn.v_proj",
    "feat: in, out": "576, 192",
    "dtype: size": "bf16: 0.2MB",
    "loss": "0.0000015567",
    "samples": "65536",
    "damp": "0.05000",
    "time": "0.396",
    "fwd_time": "2.405",
    "(v)ram": "n/a"
}
{
    "process": "gptq",
    "layer": 27,
    "module": "self_attn.o_proj",
    "feat: in, out": "576, 576",
    "dtype: size": "bf16: 0.7MB",
    "loss": "0.0000007459",
    "samples": "65536",
    "damp": "0.05000",
    "time": "0.381",
    "fwd_time": "4.027",
    "(v)ram": "n/a"
}
{
    "process": "gptq",
    "layer": 27,
    "module": "mlp.gate_proj",
    "feat: in, out": "576, 1536",
    "dtype: size": "bf16: 1.7MB",
    "loss": "0.0000125141",
    "samples": "65536",
    "damp": "0.05000",
    "time": "0.942",
    "fwd_time": "7.994",
    "(v)ram": "n/a"
}
{
    "process": "gptq",
    "layer": 27,
    "module": "mlp.up_proj",
    "feat: in, out": "576, 1536",
    "dtype: size": "bf16: 1.7MB",
    "loss": "0.0000124105",
    "samples": "65536",
    "damp": "0.05000",
    "time": "0.969",
    "fwd_time": "7.994",
    "(v)ram": "n/a"
}
{
    "process": "gptq",
    "layer": 27,
    "module": "mlp.down_proj",
    "feat: in, out": "1536, 576",
    "dtype: size": "bf16: 1.7MB",
    "loss": "0.0000001999",
    "samples": "65536",
    "damp": "0.05000",
    "time": "1.156",
    "fwd_time": "11.011",
    "(v)ram": "n/a"
}
{
    "process": "gptq",
    "layer": 28,
    "module": "self_attn.k_proj",
    "feat: in, out": "576, 192",
    "dtype: size": "bf16: 0.2MB",
    "loss": "0.0000015902",
    "samples": "65536",
    "damp": "0.05000",
    "time": "0.716",
    "fwd_time": "1.835",
    "(v)ram": "n/a"
}
{
    "process": "gptq",
    "layer": 28,
    "module": "self_attn.q_proj",
    "feat: in, out": "576, 576",
    "dtype: size": "bf16: 0.7MB",
    "loss": "0.0000047438",
    "samples": "65536",
    "damp": "0.05000",
    "time": "0.808",
    "fwd_time": "1.835",
    "(v)ram": "n/a"
}
{
    "process": "gptq",
    "layer": 28,
    "module": "self_attn.v_proj",
    "feat: in, out": "576, 192",
    "dtype: size": "bf16: 0.2MB",
    "loss": "0.0000015761",
    "samples": "65536",
    "damp": "0.05000",
    "time": "0.304",
    "fwd_time": "1.835",
    "(v)ram": "n/a"
}
{
    "process": "gptq",
    "layer": 28,
    "module": "self_attn.o_proj",
    "feat: in, out": "576, 576",
    "dtype: size": "bf16: 0.7MB",
    "loss": "0.0000007572",
    "samples": "65536",
    "damp": "0.05000",
    "time": "0.365",
    "fwd_time": "3.769",
    "(v)ram": "n/a"
}
{
    "process": "gptq",
    "layer": 28,
    "module": "mlp.up_proj",
    "feat: in, out": "576, 1536",
    "dtype: size": "bf16: 1.7MB",
    "loss": "0.0000125002",
    "samples": "65536",
    "damp": "0.05000",
    "time": "0.853",
    "fwd_time": "7.184",
    "(v)ram": "n/a"
}
{
    "process": "gptq",
    "layer": 28,
    "module": "mlp.gate_proj",
    "feat: in, out": "576, 1536",
    "dtype: size": "bf16: 1.7MB",
    "loss": "0.0000125603",
    "samples": "65536",
    "damp": "0.05000",
    "time": "0.873",
    "fwd_time": "7.184",
    "(v)ram": "n/a"
}
{
    "process": "gptq",
    "layer": 28,
    "module": "mlp.down_proj",
    "feat: in, out": "1536, 576",
    "dtype: size": "bf16: 1.7MB",
    "loss": "0.0000001896",
    "samples": "65536",
    "damp": "0.05000",
    "time": "1.160",
    "fwd_time": "10.112",
    "(v)ram": "n/a"
}
{
    "process": "gptq",
    "layer": 29,
    "module": "self_attn.k_proj",
    "feat: in, out": "576, 192",
    "dtype: size": "bf16: 0.2MB",
    "loss": "0.0000015633",
    "samples": "65536",
    "damp": "0.05000",
    "time": "0.622",
    "fwd_time": "1.920",
    "(v)ram": "n/a"
}
{
    "process": "gptq",
    "layer": 29,
    "module": "self_attn.q_proj",
    "feat: in, out": "576, 576",
    "dtype: size": "bf16: 0.7MB",
    "loss": "0.0000047349",
    "samples": "65536",
    "damp": "0.05000",
    "time": "0.724",
    "fwd_time": "1.920",
    "(v)ram": "n/a"
}
{
    "process": "gptq",
    "layer": 29,
    "module": "self_attn.v_proj",
    "feat: in, out": "576, 192",
    "dtype: size": "bf16: 0.2MB",
    "loss": "0.0000015458",
    "samples": "65536",
    "damp": "0.05000",
    "time": "0.290",
    "fwd_time": "1.920",
    "(v)ram": "n/a"
}
{
    "process": "gptq",
    "layer": 29,
    "module": "self_attn.o_proj",
    "feat: in, out": "576, 576",
    "dtype: size": "bf16: 0.7MB",
    "loss": "0.0000007271",
    "samples": "65536",
    "damp": "0.05000",
    "time": "0.329",
    "fwd_time": "3.843",
    "(v)ram": "n/a"
}
{
    "process": "gptq",
    "layer": 29,
    "module": "mlp.up_proj",
    "feat: in, out": "576, 1536",
    "dtype: size": "bf16: 1.7MB",
    "loss": "0.0000124983",
    "samples": "65536",
    "damp": "0.05000",
    "time": "0.863",
    "fwd_time": "7.347",
    "(v)ram": "n/a"
}
{
    "process": "gptq",
    "layer": 29,
    "module": "mlp.gate_proj",
    "feat: in, out": "576, 1536",
    "dtype: size": "bf16: 1.7MB",
    "loss": "0.0000124421",
    "samples": "65536",
    "damp": "0.05000",
    "time": "0.885",
    "fwd_time": "7.347",
    "(v)ram": "n/a"
}
{
    "process": "gptq",
    "layer": 29,
    "module": "mlp.down_proj",
    "feat: in, out": "1536, 576",
    "dtype: size": "bf16: 1.7MB",
    "loss": "0.0000001868",
    "samples": "65536",
    "damp": "0.05000",
    "time": "1.232",
    "fwd_time": "9.484",
    "(v)ram": "n/a"
}
