{
    "process": "gptq",
    "layer": 0,
    "module": "self_attn.k_proj",
    "feat: in, out": "960, 320",
    "dtype: size": "f32: 1.2MB",
    "loss": "0.0000111967",
    "samples": "65536",
    "damp": "0.05000",
    "time": "1.030",
    "fwd_time": "1.512",
    "(v)ram": "n/a"
}
{
    "process": "gptq",
    "layer": 0,
    "module": "self_attn.q_proj",
    "feat: in, out": "960, 960",
    "dtype: size": "f32: 3.6MB",
    "loss": "0.0000335768",
    "samples": "65536",
    "damp": "0.05000",
    "time": "1.214",
    "fwd_time": "1.512",
    "(v)ram": "n/a"
}
{
    "process": "gptq",
    "layer": 0,
    "module": "self_attn.v_proj",
    "feat: in, out": "960, 320",
    "dtype: size": "f32: 1.2MB",
    "loss": "0.0000110557",
    "samples": "65536",
    "damp": "0.05000",
    "time": "0.430",
    "fwd_time": "1.512",
    "(v)ram": "n/a"
}
{
    "process": "gptq",
    "layer": 0,
    "module": "self_attn.o_proj",
    "feat: in, out": "960, 960",
    "dtype: size": "f32: 3.6MB",
    "loss": "0.0000001736",
    "samples": "65536",
    "damp": "0.05000",
    "time": "0.621",
    "fwd_time": "3.555",
    "(v)ram": "n/a"
}
{
    "process": "gptq",
    "layer": 0,
    "module": "mlp.gate_proj",
    "feat: in, out": "960, 2560",
    "dtype: size": "f32: 9.5MB",
    "loss": "0.0000296779",
    "samples": "65536",
    "damp": "0.05000",
    "time": "1.764",
    "fwd_time": "6.381",
    "(v)ram": "n/a"
}
{
    "process": "gptq",
    "layer": 0,
    "module": "mlp.up_proj",
    "feat: in, out": "960, 2560",
    "dtype: size": "f32: 9.5MB",
    "loss": "0.0000295791",
    "samples": "65536",
    "damp": "0.05000",
    "time": "1.796",
    "fwd_time": "6.381",
    "(v)ram": "n/a"
}
{
    "process": "gptq",
    "layer": 0,
    "module": "mlp.down_proj",
    "feat: in, out": "2560, 960",
    "dtype: size": "f32: 9.5MB",
    "loss": "0.0000019294",
    "samples": "65536",
    "damp": "0.05000",
    "time": "2.003",
    "fwd_time": "9.846",
    "(v)ram": "n/a"
}
{
    "process": "gptq",
    "layer": 1,
    "module": "self_attn.k_proj",
    "feat: in, out": "960, 320",
    "dtype: size": "f32: 1.2MB",
    "loss": "0.0000051485",
    "samples": "65536",
    "damp": "0.05000",
    "time": "1.149",
    "fwd_time": "1.743",
    "(v)ram": "n/a"
}
{
    "process": "gptq",
    "layer": 1,
    "module": "self_attn.q_proj",
    "feat: in, out": "960, 960",
    "dtype: size": "f32: 3.6MB",
    "loss": "0.0000154960",
    "samples": "65536",
    "damp": "0.05000",
    "time": "1.324",
    "fwd_time": "1.743",
    "(v)ram": "n/a"
}
{
    "process": "gptq",
    "layer": 1,
    "module": "self_attn.v_proj",
    "feat: in, out": "960, 320",
    "dtype: size": "f32: 1.2MB",
    "loss": "0.0000051599",
    "samples": "65536",
    "damp": "0.05000",
    "time": "0.492",
    "fwd_time": "1.743",
    "(v)ram": "n/a"
}
{
    "process": "gptq",
    "layer": 1,
    "module": "self_attn.o_proj",
    "feat: in, out": "960, 960",
    "dtype: size": "f32: 3.6MB",
    "loss": "0.0000017544",
    "samples": "65536",
    "damp": "0.05000",
    "time": "0.589",
    "fwd_time": "3.554",
    "(v)ram": "n/a"
}
{
    "process": "gptq",
    "layer": 1,
    "module": "mlp.up_proj",
    "feat: in, out": "960, 2560",
    "dtype: size": "f32: 9.5MB",
    "loss": "0.0000312389",
    "samples": "65536",
    "damp": "0.05000",
    "time": "1.757",
    "fwd_time": "6.345",
    "(v)ram": "n/a"
}
{
    "process": "gptq",
    "layer": 1,
    "module": "mlp.gate_proj",
    "feat: in, out": "960, 2560",
    "dtype: size": "f32: 9.5MB",
    "loss": "0.0000311694",
    "samples": "65536",
    "damp": "0.05000",
    "time": "1.788",
    "fwd_time": "6.345",
    "(v)ram": "n/a"
}
{
    "process": "gptq",
    "layer": 1,
    "module": "mlp.down_proj",
    "feat: in, out": "2560, 960",
    "dtype: size": "f32: 9.5MB",
    "loss": "0.0000019296",
    "samples": "65536",
    "damp": "0.05000",
    "time": "1.949",
    "fwd_time": "10.416",
    "(v)ram": "n/a"
}
{
    "process": "gptq",
    "layer": 2,
    "module": "self_attn.k_proj",
    "feat: in, out": "960, 320",
    "dtype: size": "f32: 1.2MB",
    "loss": "0.0000045088",
    "samples": "65536",
    "damp": "0.05000",
    "time": "1.125",
    "fwd_time": "1.649",
    "(v)ram": "n/a"
}
{
    "process": "gptq",
    "layer": 2,
    "module": "self_attn.q_proj",
    "feat: in, out": "960, 960",
    "dtype: size": "f32: 3.6MB",
    "loss": "0.0000135920",
    "samples": "65536",
    "damp": "0.05000",
    "time": "1.261",
    "fwd_time": "1.649",
    "(v)ram": "n/a"
}
{
    "process": "gptq",
    "layer": 2,
    "module": "self_attn.v_proj",
    "feat: in, out": "960, 320",
    "dtype: size": "f32: 1.2MB",
    "loss": "0.0000045154",
    "samples": "65536",
    "damp": "0.05000",
    "time": "0.455",
    "fwd_time": "1.649",
    "(v)ram": "n/a"
}
{
    "process": "gptq",
    "layer": 2,
    "module": "self_attn.o_proj",
    "feat: in, out": "960, 960",
    "dtype: size": "f32: 3.6MB",
    "loss": "0.0000019592",
    "samples": "65536",
    "damp": "0.05000",
    "time": "0.740",
    "fwd_time": "3.613",
    "(v)ram": "n/a"
}
{
    "process": "gptq",
    "layer": 2,
    "module": "mlp.gate_proj",
    "feat: in, out": "960, 2560",
    "dtype: size": "f32: 9.5MB",
    "loss": "0.0000332536",
    "samples": "65536",
    "damp": "0.05000",
    "time": "1.810",
    "fwd_time": "6.608",
    "(v)ram": "n/a"
}
{
    "process": "gptq",
    "layer": 2,
    "module": "mlp.up_proj",
    "feat: in, out": "960, 2560",
    "dtype: size": "f32: 9.5MB",
    "loss": "0.0000332362",
    "samples": "65536",
    "damp": "0.05000",
    "time": "1.826",
    "fwd_time": "6.608",
    "(v)ram": "n/a"
}
{
    "process": "gptq",
    "layer": 2,
    "module": "mlp.down_proj",
    "feat: in, out": "2560, 960",
    "dtype: size": "f32: 9.5MB",
    "loss": "0.0000019136",
    "samples": "65536",
    "damp": "0.05000",
    "time": "1.870",
    "fwd_time": "10.306",
    "(v)ram": "n/a"
}
{
    "process": "gptq",
    "layer": 3,
    "module": "self_attn.k_proj",
    "feat: in, out": "960, 320",
    "dtype: size": "f32: 1.2MB",
    "loss": "0.0000046142",
    "samples": "65536",
    "damp": "0.05000",
    "time": "1.219",
    "fwd_time": "1.852",
    "(v)ram": "n/a"
}
{
    "process": "gptq",
    "layer": 3,
    "module": "self_attn.q_proj",
    "feat: in, out": "960, 960",
    "dtype: size": "f32: 3.6MB",
    "loss": "0.0000137413",
    "samples": "65536",
    "damp": "0.05000",
    "time": "1.384",
    "fwd_time": "1.852",
    "(v)ram": "n/a"
}
{
    "process": "gptq",
    "layer": 3,
    "module": "self_attn.v_proj",
    "feat: in, out": "960, 320",
    "dtype: size": "f32: 1.2MB",
    "loss": "0.0000045839",
    "samples": "65536",
    "damp": "0.05000",
    "time": "0.568",
    "fwd_time": "1.852",
    "(v)ram": "n/a"
}
{
    "process": "gptq",
    "layer": 3,
    "module": "self_attn.o_proj",
    "feat: in, out": "960, 960",
    "dtype: size": "f32: 3.6MB",
    "loss": "0.0000023337",
    "samples": "65536",
    "damp": "0.05000",
    "time": "0.647",
    "fwd_time": "4.128",
    "(v)ram": "n/a"
}
{
    "process": "gptq",
    "layer": 3,
    "module": "mlp.gate_proj",
    "feat: in, out": "960, 2560",
    "dtype: size": "f32: 9.5MB",
    "loss": "0.0000344269",
    "samples": "65536",
    "damp": "0.05000",
    "time": "1.697",
    "fwd_time": "6.983",
    "(v)ram": "n/a"
}
{
    "process": "gptq",
    "layer": 3,
    "module": "mlp.up_proj",
    "feat: in, out": "960, 2560",
    "dtype: size": "f32: 9.5MB",
    "loss": "0.0000341933",
    "samples": "65536",
    "damp": "0.05000",
    "time": "1.715",
    "fwd_time": "6.983",
    "(v)ram": "n/a"
}
{
    "process": "gptq",
    "layer": 3,
    "module": "mlp.down_proj",
    "feat: in, out": "2560, 960",
    "dtype: size": "f32: 9.5MB",
    "loss": "0.0000018693",
    "samples": "65536",
    "damp": "0.05000",
    "time": "1.980",
    "fwd_time": "9.808",
    "(v)ram": "n/a"
}
{
    "process": "gptq",
    "layer": 4,
    "module": "self_attn.k_proj",
    "feat: in, out": "960, 320",
    "dtype: size": "f32: 1.2MB",
    "loss": "0.0000045700",
    "samples": "65536",
    "damp": "0.05000",
    "time": "1.144",
    "fwd_time": "1.756",
    "(v)ram": "n/a"
}
{
    "process": "gptq",
    "layer": 4,
    "module": "self_attn.q_proj",
    "feat: in, out": "960, 960",
    "dtype: size": "f32: 3.6MB",
    "loss": "0.0000137529",
    "samples": "65536",
    "damp": "0.05000",
    "time": "1.295",
    "fwd_time": "1.756",
    "(v)ram": "n/a"
}
{
    "process": "gptq",
    "layer": 4,
    "module": "self_attn.v_proj",
    "feat: in, out": "960, 320",
    "dtype: size": "f32: 1.2MB",
    "loss": "0.0000045870",
    "samples": "65536",
    "damp": "0.05000",
    "time": "0.562",
    "fwd_time": "1.756",
    "(v)ram": "n/a"
}
{
    "process": "gptq",
    "layer": 4,
    "module": "self_attn.o_proj",
    "feat: in, out": "960, 960",
    "dtype: size": "f32: 3.6MB",
    "loss": "0.0000024565",
    "samples": "65536",
    "damp": "0.05000",
    "time": "0.656",
    "fwd_time": "3.937",
    "(v)ram": "n/a"
}
{
    "process": "gptq",
    "layer": 4,
    "module": "mlp.gate_proj",
    "feat: in, out": "960, 2560",
    "dtype: size": "f32: 9.5MB",
    "loss": "0.0000347930",
    "samples": "65536",
    "damp": "0.05000",
    "time": "1.751",
    "fwd_time": "6.110",
    "(v)ram": "n/a"
}
{
    "process": "gptq",
    "layer": 4,
    "module": "mlp.up_proj",
    "feat: in, out": "960, 2560",
    "dtype: size": "f32: 9.5MB",
    "loss": "0.0000349788",
    "samples": "65536",
    "damp": "0.05000",
    "time": "1.768",
    "fwd_time": "6.110",
    "(v)ram": "n/a"
}
{
    "process": "gptq",
    "layer": 4,
    "module": "mlp.down_proj",
    "feat: in, out": "2560, 960",
    "dtype: size": "f32: 9.5MB",
    "loss": "0.0000018508",
    "samples": "65536",
    "damp": "0.05000",
    "time": "2.098",
    "fwd_time": "10.410",
    "(v)ram": "n/a"
}
{
    "process": "gptq",
    "layer": 5,
    "module": "self_attn.k_proj",
    "feat: in, out": "960, 320",
    "dtype: size": "f32: 1.2MB",
    "loss": "0.0000045143",
    "samples": "65536",
    "damp": "0.05000",
    "time": "1.089",
    "fwd_time": "1.711",
    "(v)ram": "n/a"
}
{
    "process": "gptq",
    "layer": 5,
    "module": "self_attn.q_proj",
    "feat: in, out": "960, 960",
    "dtype: size": "f32: 3.6MB",
    "loss": "0.0000138048",
    "samples": "65536",
    "damp": "0.05000",
    "time": "1.244",
    "fwd_time": "1.711",
    "(v)ram": "n/a"
}
{
    "process": "gptq",
    "layer": 5,
    "module": "self_attn.v_proj",
    "feat: in, out": "960, 320",
    "dtype: size": "f32: 1.2MB",
    "loss": "0.0000045698",
    "samples": "65536",
    "damp": "0.05000",
    "time": "0.440",
    "fwd_time": "1.711",
    "(v)ram": "n/a"
}
{
    "process": "gptq",
    "layer": 5,
    "module": "self_attn.o_proj",
    "feat: in, out": "960, 960",
    "dtype: size": "f32: 3.6MB",
    "loss": "0.0000025356",
    "samples": "65536",
    "damp": "0.05000",
    "time": "0.633",
    "fwd_time": "3.697",
    "(v)ram": "n/a"
}
{
    "process": "gptq",
    "layer": 5,
    "module": "mlp.gate_proj",
    "feat: in, out": "960, 2560",
    "dtype: size": "f32: 9.5MB",
    "loss": "0.0000353517",
    "samples": "65536",
    "damp": "0.05000",
    "time": "1.697",
    "fwd_time": "6.652",
    "(v)ram": "n/a"
}
{
    "process": "gptq",
    "layer": 5,
    "module": "mlp.up_proj",
    "feat: in, out": "960, 2560",
    "dtype: size": "f32: 9.5MB",
    "loss": "0.0000356883",
    "samples": "65536",
    "damp": "0.05000",
    "time": "1.705",
    "fwd_time": "6.652",
    "(v)ram": "n/a"
}
{
    "process": "gptq",
    "layer": 5,
    "module": "mlp.down_proj",
    "feat: in, out": "2560, 960",
    "dtype: size": "f32: 9.5MB",
    "loss": "0.0000019657",
    "samples": "65536",
    "damp": "0.05000",
    "time": "2.283",
    "fwd_time": "10.790",
    "(v)ram": "n/a"
}
{
    "process": "gptq",
    "layer": 6,
    "module": "self_attn.k_proj",
    "feat: in, out": "960, 320",
    "dtype: size": "f32: 1.2MB",
    "loss": "0.0000045735",
    "samples": "65536",
    "damp": "0.05000",
    "time": "1.126",
    "fwd_time": "1.643",
    "(v)ram": "n/a"
}
{
    "process": "gptq",
    "layer": 6,
    "module": "self_attn.q_proj",
    "feat: in, out": "960, 960",
    "dtype: size": "f32: 3.6MB",
    "loss": "0.0000138071",
    "samples": "65536",
    "damp": "0.05000",
    "time": "1.294",
    "fwd_time": "1.643",
    "(v)ram": "n/a"
}
{
    "process": "gptq",
    "layer": 6,
    "module": "self_attn.v_proj",
    "feat: in, out": "960, 320",
    "dtype: size": "f32: 1.2MB",
    "loss": "0.0000046256",
    "samples": "65536",
    "damp": "0.05000",
    "time": "0.523",
    "fwd_time": "1.643",
    "(v)ram": "n/a"
}
{
    "process": "gptq",
    "layer": 6,
    "module": "self_attn.o_proj",
    "feat: in, out": "960, 960",
    "dtype: size": "f32: 3.6MB",
    "loss": "0.0000026096",
    "samples": "65536",
    "damp": "0.05000",
    "time": "0.722",
    "fwd_time": "3.721",
    "(v)ram": "n/a"
}
{
    "process": "gptq",
    "layer": 6,
    "module": "mlp.gate_proj",
    "feat: in, out": "960, 2560",
    "dtype: size": "f32: 9.5MB",
    "loss": "0.0000356175",
    "samples": "65536",
    "damp": "0.05000",
    "time": "1.675",
    "fwd_time": "6.672",
    "(v)ram": "n/a"
}
{
    "process": "gptq",
    "layer": 6,
    "module": "mlp.up_proj",
    "feat: in, out": "960, 2560",
    "dtype: size": "f32: 9.5MB",
    "loss": "0.0000356576",
    "samples": "65536",
    "damp": "0.05000",
    "time": "1.690",
    "fwd_time": "6.672",
    "(v)ram": "n/a"
}
{
    "process": "gptq",
    "layer": 6,
    "module": "mlp.down_proj",
    "feat: in, out": "2560, 960",
    "dtype: size": "f32: 9.5MB",
    "loss": "0.0000019375",
    "samples": "65536",
    "damp": "0.05000",
    "time": "2.052",
    "fwd_time": "10.435",
    "(v)ram": "n/a"
}
{
    "process": "gptq",
    "layer": 7,
    "module": "self_attn.k_proj",
    "feat: in, out": "960, 320",
    "dtype: size": "f32: 1.2MB",
    "loss": "0.0000045767",
    "samples": "65536",
    "damp": "0.05000",
    "time": "1.115",
    "fwd_time": "1.606",
    "(v)ram": "n/a"
}
{
    "process": "gptq",
    "layer": 7,
    "module": "self_attn.q_proj",
    "feat: in, out": "960, 960",
    "dtype: size": "f32: 3.6MB",
    "loss": "0.0000137454",
    "samples": "65536",
    "damp": "0.05000",
    "time": "1.314",
    "fwd_time": "1.606",
    "(v)ram": "n/a"
}
{
    "process": "gptq",
    "layer": 7,
    "module": "self_attn.v_proj",
    "feat: in, out": "960, 320",
    "dtype: size": "f32: 1.2MB",
    "loss": "0.0000046062",
    "samples": "65536",
    "damp": "0.05000",
    "time": "0.456",
    "fwd_time": "1.606",
    "(v)ram": "n/a"
}
{
    "process": "gptq",
    "layer": 7,
    "module": "self_attn.o_proj",
    "feat: in, out": "960, 960",
    "dtype: size": "f32: 3.6MB",
    "loss": "0.0000027321",
    "samples": "65536",
    "damp": "0.05000",
    "time": "0.655",
    "fwd_time": "3.639",
    "(v)ram": "n/a"
}
{
    "process": "gptq",
    "layer": 7,
    "module": "mlp.gate_proj",
    "feat: in, out": "960, 2560",
    "dtype: size": "f32: 9.5MB",
    "loss": "0.0000358176",
    "samples": "65536",
    "damp": "0.05000",
    "time": "1.878",
    "fwd_time": "6.598",
    "(v)ram": "n/a"
}
{
    "process": "gptq",
    "layer": 7,
    "module": "mlp.up_proj",
    "feat: in, out": "960, 2560",
    "dtype: size": "f32: 9.5MB",
    "loss": "0.0000357597",
    "samples": "65536",
    "damp": "0.05000",
    "time": "1.920",
    "fwd_time": "6.598",
    "(v)ram": "n/a"
}
{
    "process": "gptq",
    "layer": 7,
    "module": "mlp.down_proj",
    "feat: in, out": "2560, 960",
    "dtype: size": "f32: 9.5MB",
    "loss": "0.0000019478",
    "samples": "65536",
    "damp": "0.05000",
    "time": "1.984",
    "fwd_time": "9.923",
    "(v)ram": "n/a"
}
{
    "process": "gptq",
    "layer": 8,
    "module": "self_attn.k_proj",
    "feat: in, out": "960, 320",
    "dtype: size": "f32: 1.2MB",
    "loss": "0.0000045978",
    "samples": "65536",
    "damp": "0.05000",
    "time": "1.170",
    "fwd_time": "1.838",
    "(v)ram": "n/a"
}
{
    "process": "gptq",
    "layer": 8,
    "module": "self_attn.q_proj",
    "feat: in, out": "960, 960",
    "dtype: size": "f32: 3.6MB",
    "loss": "0.0000137824",
    "samples": "65536",
    "damp": "0.05000",
    "time": "1.362",
    "fwd_time": "1.838",
    "(v)ram": "n/a"
}
{
    "process": "gptq",
    "layer": 8,
    "module": "self_attn.v_proj",
    "feat: in, out": "960, 320",
    "dtype: size": "f32: 1.2MB",
    "loss": "0.0000046095",
    "samples": "65536",
    "damp": "0.05000",
    "time": "0.495",
    "fwd_time": "1.838",
    "(v)ram": "n/a"
}
{
    "process": "gptq",
    "layer": 8,
    "module": "self_attn.o_proj",
    "feat: in, out": "960, 960",
    "dtype: size": "f32: 3.6MB",
    "loss": "0.0000027053",
    "samples": "65536",
    "damp": "0.05000",
    "time": "0.707",
    "fwd_time": "4.067",
    "(v)ram": "n/a"
}
{
    "process": "gptq",
    "layer": 8,
    "module": "mlp.up_proj",
    "feat: in, out": "960, 2560",
    "dtype: size": "f32: 9.5MB",
    "loss": "0.0000359058",
    "samples": "65536",
    "damp": "0.05000",
    "time": "1.789",
    "fwd_time": "6.606",
    "(v)ram": "n/a"
}
{
    "process": "gptq",
    "layer": 8,
    "module": "mlp.gate_proj",
    "feat: in, out": "960, 2560",
    "dtype: size": "f32: 9.5MB",
    "loss": "0.0000359140",
    "samples": "65536",
    "damp": "0.05000",
    "time": "1.800",
    "fwd_time": "6.606",
    "(v)ram": "n/a"
}
{
    "process": "gptq",
    "layer": 8,
    "module": "mlp.down_proj",
    "feat: in, out": "2560, 960",
    "dtype: size": "f32: 9.5MB",
    "loss": "0.0000019075",
    "samples": "65536",
    "damp": "0.05000",
    "time": "1.932",
    "fwd_time": "10.083",
    "(v)ram": "n/a"
}
{
    "process": "gptq",
    "layer": 9,
    "module": "self_attn.k_proj",
    "feat: in, out": "960, 320",
    "dtype: size": "f32: 1.2MB",
    "loss": "0.0000045584",
    "samples": "65536",
    "damp": "0.05000",
    "time": "1.133",
    "fwd_time": "1.529",
    "(v)ram": "n/a"
}
{
    "process": "gptq",
    "layer": 9,
    "module": "self_attn.q_proj",
    "feat: in, out": "960, 960",
    "dtype: size": "f32: 3.6MB",
    "loss": "0.0000137377",
    "samples": "65536",
    "damp": "0.05000",
    "time": "1.294",
    "fwd_time": "1.529",
    "(v)ram": "n/a"
}
{
    "process": "gptq",
    "layer": 9,
    "module": "self_attn.v_proj",
    "feat: in, out": "960, 320",
    "dtype: size": "f32: 1.2MB",
    "loss": "0.0000045651",
    "samples": "65536",
    "damp": "0.05000",
    "time": "0.556",
    "fwd_time": "1.529",
    "(v)ram": "n/a"
}
{
    "process": "gptq",
    "layer": 9,
    "module": "self_attn.o_proj",
    "feat: in, out": "960, 960",
    "dtype: size": "f32: 3.6MB",
    "loss": "0.0000028384",
    "samples": "65536",
    "damp": "0.05000",
    "time": "0.687",
    "fwd_time": "3.303",
    "(v)ram": "n/a"
}
{
    "process": "gptq",
    "layer": 9,
    "module": "mlp.gate_proj",
    "feat: in, out": "960, 2560",
    "dtype: size": "f32: 9.5MB",
    "loss": "0.0000357760",
    "samples": "65536",
    "damp": "0.05000",
    "time": "1.736",
    "fwd_time": "6.146",
    "(v)ram": "n/a"
}
{
    "process": "gptq",
    "layer": 9,
    "module": "mlp.up_proj",
    "feat: in, out": "960, 2560",
    "dtype: size": "f32: 9.5MB",
    "loss": "0.0000359752",
    "samples": "65536",
    "damp": "0.05000",
    "time": "1.750",
    "fwd_time": "6.146",
    "(v)ram": "n/a"
}
{
    "process": "gptq",
    "layer": 9,
    "module": "mlp.down_proj",
    "feat: in, out": "2560, 960",
    "dtype: size": "f32: 9.5MB",
    "loss": "0.0000018853",
    "samples": "65536",
    "damp": "0.05000",
    "time": "2.109",
    "fwd_time": "10.680",
    "(v)ram": "n/a"
}
{
    "process": "gptq",
    "layer": 10,
    "module": "self_attn.k_proj",
    "feat: in, out": "960, 320",
    "dtype: size": "f32: 1.2MB",
    "loss": "0.0000045802",
    "samples": "65536",
    "damp": "0.05000",
    "time": "1.137",
    "fwd_time": "1.501",
    "(v)ram": "n/a"
}
{
    "process": "gptq",
    "layer": 10,
    "module": "self_attn.q_proj",
    "feat: in, out": "960, 960",
    "dtype: size": "f32: 3.6MB",
    "loss": "0.0000137182",
    "samples": "65536",
    "damp": "0.05000",
    "time": "1.304",
    "fwd_time": "1.501",
    "(v)ram": "n/a"
}
{
    "process": "gptq",
    "layer": 10,
    "module": "self_attn.v_proj",
    "feat: in, out": "960, 320",
    "dtype: size": "f32: 1.2MB",
    "loss": "0.0000045421",
    "samples": "65536",
    "damp": "0.05000",
    "time": "0.462",
    "fwd_time": "1.501",
    "(v)ram": "n/a"
}
{
    "process": "gptq",
    "layer": 10,
    "module": "self_attn.o_proj",
    "feat: in, out": "960, 960",
    "dtype: size": "f32: 3.6MB",
    "loss": "0.0000027561",
    "samples": "65536",
    "damp": "0.05000",
    "time": "0.749",
    "fwd_time": "3.576",
    "(v)ram": "n/a"
}
{
    "process": "gptq",
    "layer": 10,
    "module": "mlp.gate_proj",
    "feat: in, out": "960, 2560",
    "dtype: size": "f32: 9.5MB",
    "loss": "0.0000359189",
    "samples": "65536",
    "damp": "0.05000",
    "time": "1.747",
    "fwd_time": "6.325",
    "(v)ram": "n/a"
}
{
    "process": "gptq",
    "layer": 10,
    "module": "mlp.up_proj",
    "feat: in, out": "960, 2560",
    "dtype: size": "f32: 9.5MB",
    "loss": "0.0000356862",
    "samples": "65536",
    "damp": "0.05000",
    "time": "1.775",
    "fwd_time": "6.325",
    "(v)ram": "n/a"
}
{
    "process": "gptq",
    "layer": 10,
    "module": "mlp.down_proj",
    "feat: in, out": "2560, 960",
    "dtype: size": "f32: 9.5MB",
    "loss": "0.0000018389",
    "samples": "65536",
    "damp": "0.05000",
    "time": "2.058",
    "fwd_time": "9.590",
    "(v)ram": "n/a"
}
{
    "process": "gptq",
    "layer": 11,
    "module": "self_attn.k_proj",
    "feat: in, out": "960, 320",
    "dtype: size": "f32: 1.2MB",
    "loss": "0.0000045054",
    "samples": "65536",
    "damp": "0.05000",
    "time": "1.062",
    "fwd_time": "1.636",
    "(v)ram": "n/a"
}
{
    "process": "gptq",
    "layer": 11,
    "module": "self_attn.q_proj",
    "feat: in, out": "960, 960",
    "dtype: size": "f32: 3.6MB",
    "loss": "0.0000136834",
    "samples": "65536",
    "damp": "0.05000",
    "time": "1.221",
    "fwd_time": "1.636",
    "(v)ram": "n/a"
}
{
    "process": "gptq",
    "layer": 11,
    "module": "self_attn.v_proj",
    "feat: in, out": "960, 320",
    "dtype: size": "f32: 1.2MB",
    "loss": "0.0000046012",
    "samples": "65536",
    "damp": "0.05000",
    "time": "0.524",
    "fwd_time": "1.636",
    "(v)ram": "n/a"
}
{
    "process": "gptq",
    "layer": 11,
    "module": "self_attn.o_proj",
    "feat: in, out": "960, 960",
    "dtype: size": "f32: 3.6MB",
    "loss": "0.0000028694",
    "samples": "65536",
    "damp": "0.05000",
    "time": "0.665",
    "fwd_time": "3.581",
    "(v)ram": "n/a"
}
{
    "process": "gptq",
    "layer": 11,
    "module": "mlp.gate_proj",
    "feat: in, out": "960, 2560",
    "dtype: size": "f32: 9.5MB",
    "loss": "0.0000357814",
    "samples": "65536",
    "damp": "0.05000",
    "time": "1.828",
    "fwd_time": "6.240",
    "(v)ram": "n/a"
}
{
    "process": "gptq",
    "layer": 11,
    "module": "mlp.up_proj",
    "feat: in, out": "960, 2560",
    "dtype: size": "f32: 9.5MB",
    "loss": "0.0000357775",
    "samples": "65536",
    "damp": "0.05000",
    "time": "1.847",
    "fwd_time": "6.240",
    "(v)ram": "n/a"
}
{
    "process": "gptq",
    "layer": 11,
    "module": "mlp.down_proj",
    "feat: in, out": "2560, 960",
    "dtype: size": "f32: 9.5MB",
    "loss": "0.0000018642",
    "samples": "65536",
    "damp": "0.05000",
    "time": "2.047",
    "fwd_time": "10.214",
    "(v)ram": "n/a"
}
{
    "process": "gptq",
    "layer": 12,
    "module": "self_attn.k_proj",
    "feat: in, out": "960, 320",
    "dtype: size": "f32: 1.2MB",
    "loss": "0.0000045439",
    "samples": "65536",
    "damp": "0.05000",
    "time": "1.098",
    "fwd_time": "1.639",
    "(v)ram": "n/a"
}
{
    "process": "gptq",
    "layer": 12,
    "module": "self_attn.q_proj",
    "feat: in, out": "960, 960",
    "dtype: size": "f32: 3.6MB",
    "loss": "0.0000135910",
    "samples": "65536",
    "damp": "0.05000",
    "time": "1.253",
    "fwd_time": "1.639",
    "(v)ram": "n/a"
}
{
    "process": "gptq",
    "layer": 12,
    "module": "self_attn.v_proj",
    "feat: in, out": "960, 320",
    "dtype: size": "f32: 1.2MB",
    "loss": "0.0000045476",
    "samples": "65536",
    "damp": "0.05000",
    "time": "0.476",
    "fwd_time": "1.639",
    "(v)ram": "n/a"
}
{
    "process": "gptq",
    "layer": 12,
    "module": "self_attn.o_proj",
    "feat: in, out": "960, 960",
    "dtype: size": "f32: 3.6MB",
    "loss": "0.0000028198",
    "samples": "65536",
    "damp": "0.05000",
    "time": "0.661",
    "fwd_time": "3.524",
    "(v)ram": "n/a"
}
{
    "process": "gptq",
    "layer": 12,
    "module": "mlp.up_proj",
    "feat: in, out": "960, 2560",
    "dtype: size": "f32: 9.5MB",
    "loss": "0.0000358912",
    "samples": "65536",
    "damp": "0.05000",
    "time": "1.673",
    "fwd_time": "5.851",
    "(v)ram": "n/a"
}
{
    "process": "gptq",
    "layer": 12,
    "module": "mlp.gate_proj",
    "feat: in, out": "960, 2560",
    "dtype: size": "f32: 9.5MB",
    "loss": "0.0000356627",
    "samples": "65536",
    "damp": "0.05000",
    "time": "1.693",
    "fwd_time": "5.851",
    "(v)ram": "n/a"
}
{
    "process": "gptq",
    "layer": 12,
    "module": "mlp.down_proj",
    "feat: in, out": "2560, 960",
    "dtype: size": "f32: 9.5MB",
    "loss": "0.0000018125",
    "samples": "65536",
    "damp": "0.05000",
    "time": "1.780",
    "fwd_time": "9.826",
    "(v)ram": "n/a"
}
{
    "process": "gptq",
    "layer": 13,
    "module": "self_attn.k_proj",
    "feat: in, out": "960, 320",
    "dtype: size": "f32: 1.2MB",
    "loss": "0.0000045356",
    "samples": "65536",
    "damp": "0.05000",
    "time": "1.083",
    "fwd_time": "1.734",
    "(v)ram": "n/a"
}
{
    "process": "gptq",
    "layer": 13,
    "module": "self_attn.q_proj",
    "feat: in, out": "960, 960",
    "dtype: size": "f32: 3.6MB",
    "loss": "0.0000136708",
    "samples": "65536",
    "damp": "0.05000",
    "time": "1.251",
    "fwd_time": "1.734",
    "(v)ram": "n/a"
}
{
    "process": "gptq",
    "layer": 13,
    "module": "self_attn.v_proj",
    "feat: in, out": "960, 320",
    "dtype: size": "f32: 1.2MB",
    "loss": "0.0000045580",
    "samples": "65536",
    "damp": "0.05000",
    "time": "0.494",
    "fwd_time": "1.734",
    "(v)ram": "n/a"
}
{
    "process": "gptq",
    "layer": 13,
    "module": "self_attn.o_proj",
    "feat: in, out": "960, 960",
    "dtype: size": "f32: 3.6MB",
    "loss": "0.0000028291",
    "samples": "65536",
    "damp": "0.05000",
    "time": "0.636",
    "fwd_time": "3.812",
    "(v)ram": "n/a"
}
{
    "process": "gptq",
    "layer": 13,
    "module": "mlp.gate_proj",
    "feat: in, out": "960, 2560",
    "dtype: size": "f32: 9.5MB",
    "loss": "0.0000358714",
    "samples": "65536",
    "damp": "0.05000",
    "time": "1.789",
    "fwd_time": "6.023",
    "(v)ram": "n/a"
}
{
    "process": "gptq",
    "layer": 13,
    "module": "mlp.up_proj",
    "feat: in, out": "960, 2560",
    "dtype: size": "f32: 9.5MB",
    "loss": "0.0000359447",
    "samples": "65536",
    "damp": "0.05000",
    "time": "1.822",
    "fwd_time": "6.023",
    "(v)ram": "n/a"
}
{
    "process": "gptq",
    "layer": 13,
    "module": "mlp.down_proj",
    "feat: in, out": "2560, 960",
    "dtype: size": "f32: 9.5MB",
    "loss": "0.0000017813",
    "samples": "65536",
    "damp": "0.05000",
    "time": "2.172",
    "fwd_time": "9.924",
    "(v)ram": "n/a"
}
{
    "process": "gptq",
    "layer": 14,
    "module": "self_attn.k_proj",
    "feat: in, out": "960, 320",
    "dtype: size": "f32: 1.2MB",
    "loss": "0.0000046064",
    "samples": "65536",
    "damp": "0.05000",
    "time": "1.092",
    "fwd_time": "1.774",
    "(v)ram": "n/a"
}
{
    "process": "gptq",
    "layer": 14,
    "module": "self_attn.q_proj",
    "feat: in, out": "960, 960",
    "dtype: size": "f32: 3.6MB",
    "loss": "0.0000136396",
    "samples": "65536",
    "damp": "0.05000",
    "time": "1.252",
    "fwd_time": "1.774",
    "(v)ram": "n/a"
}
{
    "process": "gptq",
    "layer": 14,
    "module": "self_attn.v_proj",
    "feat: in, out": "960, 320",
    "dtype: size": "f32: 1.2MB",
    "loss": "0.0000045339",
    "samples": "65536",
    "damp": "0.05000",
    "time": "0.463",
    "fwd_time": "1.774",
    "(v)ram": "n/a"
}
{
    "process": "gptq",
    "layer": 14,
    "module": "self_attn.o_proj",
    "feat: in, out": "960, 960",
    "dtype: size": "f32: 3.6MB",
    "loss": "0.0000029358",
    "samples": "65536",
    "damp": "0.05000",
    "time": "0.719",
    "fwd_time": "3.787",
    "(v)ram": "n/a"
}
{
    "process": "gptq",
    "layer": 14,
    "module": "mlp.gate_proj",
    "feat: in, out": "960, 2560",
    "dtype: size": "f32: 9.5MB",
    "loss": "0.0000359156",
    "samples": "65536",
    "damp": "0.05000",
    "time": "1.760",
    "fwd_time": "7.179",
    "(v)ram": "n/a"
}
{
    "process": "gptq",
    "layer": 14,
    "module": "mlp.up_proj",
    "feat: in, out": "960, 2560",
    "dtype: size": "f32: 9.5MB",
    "loss": "0.0000357657",
    "samples": "65536",
    "damp": "0.05000",
    "time": "1.790",
    "fwd_time": "7.179",
    "(v)ram": "n/a"
}
{
    "process": "gptq",
    "layer": 14,
    "module": "mlp.down_proj",
    "feat: in, out": "2560, 960",
    "dtype: size": "f32: 9.5MB",
    "loss": "0.0000017631",
    "samples": "65536",
    "damp": "0.05000",
    "time": "2.132",
    "fwd_time": "10.436",
    "(v)ram": "n/a"
}
{
    "process": "gptq",
    "layer": 15,
    "module": "self_attn.k_proj",
    "feat: in, out": "960, 320",
    "dtype: size": "f32: 1.2MB",
    "loss": "0.0000046312",
    "samples": "65536",
    "damp": "0.05000",
    "time": "1.160",
    "fwd_time": "1.828",
    "(v)ram": "n/a"
}
{
    "process": "gptq",
    "layer": 15,
    "module": "self_attn.q_proj",
    "feat: in, out": "960, 960",
    "dtype: size": "f32: 3.6MB",
    "loss": "0.0000136804",
    "samples": "65536",
    "damp": "0.05000",
    "time": "1.421",
    "fwd_time": "1.828",
    "(v)ram": "n/a"
}
{
    "process": "gptq",
    "layer": 15,
    "module": "self_attn.v_proj",
    "feat: in, out": "960, 320",
    "dtype: size": "f32: 1.2MB",
    "loss": "0.0000045176",
    "samples": "65536",
    "damp": "0.05000",
    "time": "0.587",
    "fwd_time": "1.828",
    "(v)ram": "n/a"
}
{
    "process": "gptq",
    "layer": 15,
    "module": "self_attn.o_proj",
    "feat: in, out": "960, 960",
    "dtype: size": "f32: 3.6MB",
    "loss": "0.0000028441",
    "samples": "65536",
    "damp": "0.05000",
    "time": "0.693",
    "fwd_time": "3.827",
    "(v)ram": "n/a"
}
{
    "process": "gptq",
    "layer": 15,
    "module": "mlp.gate_proj",
    "feat: in, out": "960, 2560",
    "dtype: size": "f32: 9.5MB",
    "loss": "0.0000359764",
    "samples": "65536",
    "damp": "0.05000",
    "time": "1.780",
    "fwd_time": "6.379",
    "(v)ram": "n/a"
}
{
    "process": "gptq",
    "layer": 15,
    "module": "mlp.up_proj",
    "feat: in, out": "960, 2560",
    "dtype: size": "f32: 9.5MB",
    "loss": "0.0000359749",
    "samples": "65536",
    "damp": "0.05000",
    "time": "1.825",
    "fwd_time": "6.379",
    "(v)ram": "n/a"
}
{
    "process": "gptq",
    "layer": 15,
    "module": "mlp.down_proj",
    "feat: in, out": "2560, 960",
    "dtype: size": "f32: 9.5MB",
    "loss": "0.0000017735",
    "samples": "65536",
    "damp": "0.05000",
    "time": "1.951",
    "fwd_time": "9.670",
    "(v)ram": "n/a"
}
{
    "process": "gptq",
    "layer": 16,
    "module": "self_attn.k_proj",
    "feat: in, out": "960, 320",
    "dtype: size": "f32: 1.2MB",
    "loss": "0.0000046020",
    "samples": "65536",
    "damp": "0.05000",
    "time": "1.015",
    "fwd_time": "1.605",
    "(v)ram": "n/a"
}
{
    "process": "gptq",
    "layer": 16,
    "module": "self_attn.q_proj",
    "feat: in, out": "960, 960",
    "dtype: size": "f32: 3.6MB",
    "loss": "0.0000137150",
    "samples": "65536",
    "damp": "0.05000",
    "time": "1.181",
    "fwd_time": "1.605",
    "(v)ram": "n/a"
}
{
    "process": "gptq",
    "layer": 16,
    "module": "self_attn.v_proj",
    "feat: in, out": "960, 320",
    "dtype: size": "f32: 1.2MB",
    "loss": "0.0000045320",
    "samples": "65536",
    "damp": "0.05000",
    "time": "0.465",
    "fwd_time": "1.605",
    "(v)ram": "n/a"
}
{
    "process": "gptq",
    "layer": 16,
    "module": "self_attn.o_proj",
    "feat: in, out": "960, 960",
    "dtype: size": "f32: 3.6MB",
    "loss": "0.0000029345",
    "samples": "65536",
    "damp": "0.05000",
    "time": "0.693",
    "fwd_time": "3.597",
    "(v)ram": "n/a"
}
{
    "process": "gptq",
    "layer": 16,
    "module": "mlp.up_proj",
    "feat: in, out": "960, 2560",
    "dtype: size": "f32: 9.5MB",
    "loss": "0.0000360207",
    "samples": "65536",
    "damp": "0.05000",
    "time": "1.586",
    "fwd_time": "5.844",
    "(v)ram": "n/a"
}
{
    "process": "gptq",
    "layer": 16,
    "module": "mlp.gate_proj",
    "feat: in, out": "960, 2560",
    "dtype: size": "f32: 9.5MB",
    "loss": "0.0000358884",
    "samples": "65536",
    "damp": "0.05000",
    "time": "1.602",
    "fwd_time": "5.844",
    "(v)ram": "n/a"
}
{
    "process": "gptq",
    "layer": 16,
    "module": "mlp.down_proj",
    "feat: in, out": "2560, 960",
    "dtype: size": "f32: 9.5MB",
    "loss": "0.0000017135",
    "samples": "65536",
    "damp": "0.05000",
    "time": "2.267",
    "fwd_time": "9.636",
    "(v)ram": "n/a"
}
{
    "process": "gptq",
    "layer": 17,
    "module": "self_attn.k_proj",
    "feat: in, out": "960, 320",
    "dtype: size": "f32: 1.2MB",
    "loss": "0.0000045697",
    "samples": "65536",
    "damp": "0.05000",
    "time": "1.061",
    "fwd_time": "1.556",
    "(v)ram": "n/a"
}
{
    "process": "gptq",
    "layer": 17,
    "module": "self_attn.q_proj",
    "feat: in, out": "960, 960",
    "dtype: size": "f32: 3.6MB",
    "loss": "0.0000136086",
    "samples": "65536",
    "damp": "0.05000",
    "time": "1.218",
    "fwd_time": "1.556",
    "(v)ram": "n/a"
}
{
    "process": "gptq",
    "layer": 17,
    "module": "self_attn.v_proj",
    "feat: in, out": "960, 320",
    "dtype: size": "f32: 1.2MB",
    "loss": "0.0000045260",
    "samples": "65536",
    "damp": "0.05000",
    "time": "0.479",
    "fwd_time": "1.556",
    "(v)ram": "n/a"
}
{
    "process": "gptq",
    "layer": 17,
    "module": "self_attn.o_proj",
    "feat: in, out": "960, 960",
    "dtype: size": "f32: 3.6MB",
    "loss": "0.0000029740",
    "samples": "65536",
    "damp": "0.05000",
    "time": "0.599",
    "fwd_time": "3.376",
    "(v)ram": "n/a"
}
{
    "process": "gptq",
    "layer": 17,
    "module": "mlp.gate_proj",
    "feat: in, out": "960, 2560",
    "dtype: size": "f32: 9.5MB",
    "loss": "0.0000361484",
    "samples": "65536",
    "damp": "0.05000",
    "time": "1.724",
    "fwd_time": "6.257",
    "(v)ram": "n/a"
}
{
    "process": "gptq",
    "layer": 17,
    "module": "mlp.up_proj",
    "feat: in, out": "960, 2560",
    "dtype: size": "f32: 9.5MB",
    "loss": "0.0000362269",
    "samples": "65536",
    "damp": "0.05000",
    "time": "1.753",
    "fwd_time": "6.257",
    "(v)ram": "n/a"
}
{
    "process": "gptq",
    "layer": 17,
    "module": "mlp.down_proj",
    "feat: in, out": "2560, 960",
    "dtype: size": "f32: 9.5MB",
    "loss": "0.0000017640",
    "samples": "65536",
    "damp": "0.05000",
    "time": "2.019",
    "fwd_time": "9.177",
    "(v)ram": "n/a"
}
{
    "process": "gptq",
    "layer": 18,
    "module": "self_attn.k_proj",
    "feat: in, out": "960, 320",
    "dtype: size": "f32: 1.2MB",
    "loss": "0.0000045485",
    "samples": "65536",
    "damp": "0.05000",
    "time": "1.076",
    "fwd_time": "1.586",
    "(v)ram": "n/a"
}
{
    "process": "gptq",
    "layer": 18,
    "module": "self_attn.q_proj",
    "feat: in, out": "960, 960",
    "dtype: size": "f32: 3.6MB",
    "loss": "0.0000137286",
    "samples": "65536",
    "damp": "0.05000",
    "time": "1.258",
    "fwd_time": "1.586",
    "(v)ram": "n/a"
}
{
    "process": "gptq",
    "layer": 18,
    "module": "self_attn.v_proj",
    "feat: in, out": "960, 320",
    "dtype: size": "f32: 1.2MB",
    "loss": "0.0000045436",
    "samples": "65536",
    "damp": "0.05000",
    "time": "0.465",
    "fwd_time": "1.586",
    "(v)ram": "n/a"
}
{
    "process": "gptq",
    "layer": 18,
    "module": "self_attn.o_proj",
    "feat: in, out": "960, 960",
    "dtype: size": "f32: 3.6MB",
    "loss": "0.0000028728",
    "samples": "65536",
    "damp": "0.05000",
    "time": "0.611",
    "fwd_time": "3.248",
    "(v)ram": "n/a"
}
{
    "process": "gptq",
    "layer": 18,
    "module": "mlp.up_proj",
    "feat: in, out": "960, 2560",
    "dtype: size": "f32: 9.5MB",
    "loss": "0.0000362240",
    "samples": "65536",
    "damp": "0.05000",
    "time": "1.615",
    "fwd_time": "5.721",
    "(v)ram": "n/a"
}
{
    "process": "gptq",
    "layer": 18,
    "module": "mlp.gate_proj",
    "feat: in, out": "960, 2560",
    "dtype: size": "f32: 9.5MB",
    "loss": "0.0000361134",
    "samples": "65536",
    "damp": "0.05000",
    "time": "1.627",
    "fwd_time": "5.721",
    "(v)ram": "n/a"
}
{
    "process": "gptq",
    "layer": 18,
    "module": "mlp.down_proj",
    "feat: in, out": "2560, 960",
    "dtype: size": "f32: 9.5MB",
    "loss": "0.0000017410",
    "samples": "65536",
    "damp": "0.05000",
    "time": "1.968",
    "fwd_time": "9.661",
    "(v)ram": "n/a"
}
{
    "process": "gptq",
    "layer": 19,
    "module": "self_attn.k_proj",
    "feat: in, out": "960, 320",
    "dtype: size": "f32: 1.2MB",
    "loss": "0.0000045703",
    "samples": "65536",
    "damp": "0.05000",
    "time": "1.090",
    "fwd_time": "1.505",
    "(v)ram": "n/a"
}
{
    "process": "gptq",
    "layer": 19,
    "module": "self_attn.q_proj",
    "feat: in, out": "960, 960",
    "dtype: size": "f32: 3.6MB",
    "loss": "0.0000136153",
    "samples": "65536",
    "damp": "0.05000",
    "time": "1.242",
    "fwd_time": "1.505",
    "(v)ram": "n/a"
}
{
    "process": "gptq",
    "layer": 19,
    "module": "self_attn.v_proj",
    "feat: in, out": "960, 320",
    "dtype: size": "f32: 1.2MB",
    "loss": "0.0000045657",
    "samples": "65536",
    "damp": "0.05000",
    "time": "0.642",
    "fwd_time": "1.505",
    "(v)ram": "n/a"
}
{
    "process": "gptq",
    "layer": 19,
    "module": "self_attn.o_proj",
    "feat: in, out": "960, 960",
    "dtype: size": "f32: 3.6MB",
    "loss": "0.0000029094",
    "samples": "65536",
    "damp": "0.05000",
    "time": "0.640",
    "fwd_time": "3.364",
    "(v)ram": "n/a"
}
{
    "process": "gptq",
    "layer": 19,
    "module": "mlp.gate_proj",
    "feat: in, out": "960, 2560",
    "dtype: size": "f32: 9.5MB",
    "loss": "0.0000362214",
    "samples": "65536",
    "damp": "0.05000",
    "time": "1.579",
    "fwd_time": "5.841",
    "(v)ram": "n/a"
}
{
    "process": "gptq",
    "layer": 19,
    "module": "mlp.up_proj",
    "feat: in, out": "960, 2560",
    "dtype: size": "f32: 9.5MB",
    "loss": "0.0000361556",
    "samples": "65536",
    "damp": "0.05000",
    "time": "1.611",
    "fwd_time": "5.841",
    "(v)ram": "n/a"
}
{
    "process": "gptq",
    "layer": 19,
    "module": "mlp.down_proj",
    "feat: in, out": "2560, 960",
    "dtype: size": "f32: 9.5MB",
    "loss": "0.0000017329",
    "samples": "65536",
    "damp": "0.05000",
    "time": "1.952",
    "fwd_time": "9.405",
    "(v)ram": "n/a"
}
{
    "process": "gptq",
    "layer": 20,
    "module": "self_attn.k_proj",
    "feat: in, out": "960, 320",
    "dtype: size": "f32: 1.2MB",
    "loss": "0.0000046442",
    "samples": "65536",
    "damp": "0.05000",
    "time": "1.035",
    "fwd_time": "1.594",
    "(v)ram": "n/a"
}
{
    "process": "gptq",
    "layer": 20,
    "module": "self_attn.q_proj",
    "feat: in, out": "960, 960",
    "dtype: size": "f32: 3.6MB",
    "loss": "0.0000137016",
    "samples": "65536",
    "damp": "0.05000",
    "time": "1.228",
    "fwd_time": "1.594",
    "(v)ram": "n/a"
}
{
    "process": "gptq",
    "layer": 20,
    "module": "self_attn.v_proj",
    "feat: in, out": "960, 320",
    "dtype: size": "f32: 1.2MB",
    "loss": "0.0000044893",
    "samples": "65536",
    "damp": "0.05000",
    "time": "0.492",
    "fwd_time": "1.594",
    "(v)ram": "n/a"
}
{
    "process": "gptq",
    "layer": 20,
    "module": "self_attn.o_proj",
    "feat: in, out": "960, 960",
    "dtype: size": "f32: 3.6MB",
    "loss": "0.0000029356",
    "samples": "65536",
    "damp": "0.05000",
    "time": "0.637",
    "fwd_time": "3.466",
    "(v)ram": "n/a"
}
{
    "process": "gptq",
    "layer": 20,
    "module": "mlp.gate_proj",
    "feat: in, out": "960, 2560",
    "dtype: size": "f32: 9.5MB",
    "loss": "0.0000360099",
    "samples": "65536",
    "damp": "0.05000",
    "time": "1.733",
    "fwd_time": "5.863",
    "(v)ram": "n/a"
}
{
    "process": "gptq",
    "layer": 20,
    "module": "mlp.up_proj",
    "feat: in, out": "960, 2560",
    "dtype: size": "f32: 9.5MB",
    "loss": "0.0000361263",
    "samples": "65536",
    "damp": "0.05000",
    "time": "1.762",
    "fwd_time": "5.863",
    "(v)ram": "n/a"
}
{
    "process": "gptq",
    "layer": 20,
    "module": "mlp.down_proj",
    "feat: in, out": "2560, 960",
    "dtype: size": "f32: 9.5MB",
    "loss": "0.0000017386",
    "samples": "65536",
    "damp": "0.05000",
    "time": "2.006",
    "fwd_time": "9.822",
    "(v)ram": "n/a"
}
{
    "process": "gptq",
    "layer": 21,
    "module": "self_attn.k_proj",
    "feat: in, out": "960, 320",
    "dtype: size": "f32: 1.2MB",
    "loss": "0.0000045663",
    "samples": "65536",
    "damp": "0.05000",
    "time": "1.046",
    "fwd_time": "1.506",
    "(v)ram": "n/a"
}
{
    "process": "gptq",
    "layer": 21,
    "module": "self_attn.q_proj",
    "feat: in, out": "960, 960",
    "dtype: size": "f32: 3.6MB",
    "loss": "0.0000137193",
    "samples": "65536",
    "damp": "0.05000",
    "time": "1.200",
    "fwd_time": "1.506",
    "(v)ram": "n/a"
}
{
    "process": "gptq",
    "layer": 21,
    "module": "self_attn.v_proj",
    "feat: in, out": "960, 320",
    "dtype: size": "f32: 1.2MB",
    "loss": "0.0000044996",
    "samples": "65536",
    "damp": "0.05000",
    "time": "0.498",
    "fwd_time": "1.506",
    "(v)ram": "n/a"
}
{
    "process": "gptq",
    "layer": 21,
    "module": "self_attn.o_proj",
    "feat: in, out": "960, 960",
    "dtype: size": "f32: 3.6MB",
    "loss": "0.0000029968",
    "samples": "65536",
    "damp": "0.05000",
    "time": "0.648",
    "fwd_time": "3.308",
    "(v)ram": "n/a"
}
{
    "process": "gptq",
    "layer": 21,
    "module": "mlp.up_proj",
    "feat: in, out": "960, 2560",
    "dtype: size": "f32: 9.5MB",
    "loss": "0.0000361967",
    "samples": "65536",
    "damp": "0.05000",
    "time": "1.660",
    "fwd_time": "6.633",
    "(v)ram": "n/a"
}
{
    "process": "gptq",
    "layer": 21,
    "module": "mlp.gate_proj",
    "feat: in, out": "960, 2560",
    "dtype: size": "f32: 9.5MB",
    "loss": "0.0000362849",
    "samples": "65536",
    "damp": "0.05000",
    "time": "1.673",
    "fwd_time": "6.633",
    "(v)ram": "n/a"
}
{
    "process": "gptq",
    "layer": 21,
    "module": "mlp.down_proj",
    "feat: in, out": "2560, 960",
    "dtype: size": "f32: 9.5MB",
    "loss": "0.0000017507",
    "samples": "65536",
    "damp": "0.05000",
    "time": "1.905",
    "fwd_time": "9.673",
    "(v)ram": "n/a"
}
{
    "process": "gptq",
    "layer": 22,
    "module": "self_attn.k_proj",
    "feat: in, out": "960, 320",
    "dtype: size": "f32: 1.2MB",
    "loss": "0.0000045743",
    "samples": "65536",
    "damp": "0.05000",
    "time": "1.116",
    "fwd_time": "1.702",
    "(v)ram": "n/a"
}
{
    "process": "gptq",
    "layer": 22,
    "module": "self_attn.q_proj",
    "feat: in, out": "960, 960",
    "dtype: size": "f32: 3.6MB",
    "loss": "0.0000137123",
    "samples": "65536",
    "damp": "0.05000",
    "time": "1.292",
    "fwd_time": "1.702",
    "(v)ram": "n/a"
}
{
    "process": "gptq",
    "layer": 22,
    "module": "self_attn.v_proj",
    "feat: in, out": "960, 320",
    "dtype: size": "f32: 1.2MB",
    "loss": "0.0000045726",
    "samples": "65536",
    "damp": "0.05000",
    "time": "0.477",
    "fwd_time": "1.702",
    "(v)ram": "n/a"
}
{
    "process": "gptq",
    "layer": 22,
    "module": "self_attn.o_proj",
    "feat: in, out": "960, 960",
    "dtype: size": "f32: 3.6MB",
    "loss": "0.0000030031",
    "samples": "65536",
    "damp": "0.05000",
    "time": "0.753",
    "fwd_time": "4.048",
    "(v)ram": "n/a"
}
{
    "process": "gptq",
    "layer": 22,
    "module": "mlp.up_proj",
    "feat: in, out": "960, 2560",
    "dtype: size": "f32: 9.5MB",
    "loss": "0.0000363066",
    "samples": "65536",
    "damp": "0.05000",
    "time": "1.660",
    "fwd_time": "6.167",
    "(v)ram": "n/a"
}
{
    "process": "gptq",
    "layer": 22,
    "module": "mlp.gate_proj",
    "feat: in, out": "960, 2560",
    "dtype: size": "f32: 9.5MB",
    "loss": "0.0000361609",
    "samples": "65536",
    "damp": "0.05000",
    "time": "1.685",
    "fwd_time": "6.167",
    "(v)ram": "n/a"
}
{
    "process": "gptq",
    "layer": 22,
    "module": "mlp.down_proj",
    "feat: in, out": "2560, 960",
    "dtype: size": "f32: 9.5MB",
    "loss": "0.0000017274",
    "samples": "65536",
    "damp": "0.05000",
    "time": "2.046",
    "fwd_time": "10.608",
    "(v)ram": "n/a"
}
{
    "process": "gptq",
    "layer": 23,
    "module": "self_attn.k_proj",
    "feat: in, out": "960, 320",
    "dtype: size": "f32: 1.2MB",
    "loss": "0.0000045778",
    "samples": "65536",
    "damp": "0.05000",
    "time": "1.245",
    "fwd_time": "1.878",
    "(v)ram": "n/a"
}
{
    "process": "gptq",
    "layer": 23,
    "module": "self_attn.q_proj",
    "feat: in, out": "960, 960",
    "dtype: size": "f32: 3.6MB",
    "loss": "0.0000136227",
    "samples": "65536",
    "damp": "0.05000",
    "time": "1.416",
    "fwd_time": "1.878",
    "(v)ram": "n/a"
}
{
    "process": "gptq",
    "layer": 23,
    "module": "self_attn.v_proj",
    "feat: in, out": "960, 320",
    "dtype: size": "f32: 1.2MB",
    "loss": "0.0000045814",
    "samples": "65536",
    "damp": "0.05000",
    "time": "0.465",
    "fwd_time": "1.878",
    "(v)ram": "n/a"
}
{
    "process": "gptq",
    "layer": 23,
    "module": "self_attn.o_proj",
    "feat: in, out": "960, 960",
    "dtype: size": "f32: 3.6MB",
    "loss": "0.0000030206",
    "samples": "65536",
    "damp": "0.05000",
    "time": "0.568",
    "fwd_time": "3.391",
    "(v)ram": "n/a"
}
{
    "process": "gptq",
    "layer": 23,
    "module": "mlp.up_proj",
    "feat: in, out": "960, 2560",
    "dtype: size": "f32: 9.5MB",
    "loss": "0.0000362980",
    "samples": "65536",
    "damp": "0.05000",
    "time": "1.758",
    "fwd_time": "6.177",
    "(v)ram": "n/a"
}
{
    "process": "gptq",
    "layer": 23,
    "module": "mlp.gate_proj",
    "feat: in, out": "960, 2560",
    "dtype: size": "f32: 9.5MB",
    "loss": "0.0000361999",
    "samples": "65536",
    "damp": "0.05000",
    "time": "1.768",
    "fwd_time": "6.177",
    "(v)ram": "n/a"
}
{
    "process": "gptq",
    "layer": 23,
    "module": "mlp.down_proj",
    "feat: in, out": "2560, 960",
    "dtype: size": "f32: 9.5MB",
    "loss": "0.0000016796",
    "samples": "65536",
    "damp": "0.05000",
    "time": "2.055",
    "fwd_time": "9.836",
    "(v)ram": "n/a"
}
{
    "process": "gptq",
    "layer": 24,
    "module": "self_attn.k_proj",
    "feat: in, out": "960, 320",
    "dtype: size": "f32: 1.2MB",
    "loss": "0.0000045686",
    "samples": "65536",
    "damp": "0.05000",
    "time": "1.055",
    "fwd_time": "1.686",
    "(v)ram": "n/a"
}
{
    "process": "gptq",
    "layer": 24,
    "module": "self_attn.q_proj",
    "feat: in, out": "960, 960",
    "dtype: size": "f32: 3.6MB",
    "loss": "0.0000137430",
    "samples": "65536",
    "damp": "0.05000",
    "time": "1.203",
    "fwd_time": "1.686",
    "(v)ram": "n/a"
}
{
    "process": "gptq",
    "layer": 24,
    "module": "self_attn.v_proj",
    "feat: in, out": "960, 320",
    "dtype: size": "f32: 1.2MB",
    "loss": "0.0000045388",
    "samples": "65536",
    "damp": "0.05000",
    "time": "0.490",
    "fwd_time": "1.686",
    "(v)ram": "n/a"
}
{
    "process": "gptq",
    "layer": 24,
    "module": "self_attn.o_proj",
    "feat: in, out": "960, 960",
    "dtype: size": "f32: 3.6MB",
    "loss": "0.0000029727",
    "samples": "65536",
    "damp": "0.05000",
    "time": "0.723",
    "fwd_time": "3.720",
    "(v)ram": "n/a"
}
{
    "process": "gptq",
    "layer": 24,
    "module": "mlp.gate_proj",
    "feat: in, out": "960, 2560",
    "dtype: size": "f32: 9.5MB",
    "loss": "0.0000361439",
    "samples": "65536",
    "damp": "0.05000",
    "time": "1.642",
    "fwd_time": "5.797",
    "(v)ram": "n/a"
}
{
    "process": "gptq",
    "layer": 24,
    "module": "mlp.up_proj",
    "feat: in, out": "960, 2560",
    "dtype: size": "f32: 9.5MB",
    "loss": "0.0000364313",
    "samples": "65536",
    "damp": "0.05000",
    "time": "1.677",
    "fwd_time": "5.797",
    "(v)ram": "n/a"
}
{
    "process": "gptq",
    "layer": 24,
    "module": "mlp.down_proj",
    "feat: in, out": "2560, 960",
    "dtype: size": "f32: 9.5MB",
    "loss": "0.0000017403",
    "samples": "65536",
    "damp": "0.05000",
    "time": "2.165",
    "fwd_time": "9.530",
    "(v)ram": "n/a"
}
{
    "process": "gptq",
    "layer": 25,
    "module": "self_attn.k_proj",
    "feat: in, out": "960, 320",
    "dtype: size": "f32: 1.2MB",
    "loss": "0.0000045674",
    "samples": "65536",
    "damp": "0.05000",
    "time": "1.024",
    "fwd_time": "1.496",
    "(v)ram": "n/a"
}
{
    "process": "gptq",
    "layer": 25,
    "module": "self_attn.q_proj",
    "feat: in, out": "960, 960",
    "dtype: size": "f32: 3.6MB",
    "loss": "0.0000137126",
    "samples": "65536",
    "damp": "0.05000",
    "time": "1.172",
    "fwd_time": "1.496",
    "(v)ram": "n/a"
}
{
    "process": "gptq",
    "layer": 25,
    "module": "self_attn.v_proj",
    "feat: in, out": "960, 320",
    "dtype: size": "f32: 1.2MB",
    "loss": "0.0000045532",
    "samples": "65536",
    "damp": "0.05000",
    "time": "0.435",
    "fwd_time": "1.496",
    "(v)ram": "n/a"
}
{
    "process": "gptq",
    "layer": 25,
    "module": "self_attn.o_proj",
    "feat: in, out": "960, 960",
    "dtype: size": "f32: 3.6MB",
    "loss": "0.0000031205",
    "samples": "65536",
    "damp": "0.05000",
    "time": "0.622",
    "fwd_time": "3.375",
    "(v)ram": "n/a"
}
{
    "process": "gptq",
    "layer": 25,
    "module": "mlp.up_proj",
    "feat: in, out": "960, 2560",
    "dtype: size": "f32: 9.5MB",
    "loss": "0.0000364999",
    "samples": "65536",
    "damp": "0.05000",
    "time": "1.711",
    "fwd_time": "5.928",
    "(v)ram": "n/a"
}
{
    "process": "gptq",
    "layer": 25,
    "module": "mlp.gate_proj",
    "feat: in, out": "960, 2560",
    "dtype: size": "f32: 9.5MB",
    "loss": "0.0000364177",
    "samples": "65536",
    "damp": "0.05000",
    "time": "1.728",
    "fwd_time": "5.928",
    "(v)ram": "n/a"
}
{
    "process": "gptq",
    "layer": 25,
    "module": "mlp.down_proj",
    "feat: in, out": "2560, 960",
    "dtype: size": "f32: 9.5MB",
    "loss": "0.0000017079",
    "samples": "65536",
    "damp": "0.05000",
    "time": "2.101",
    "fwd_time": "10.214",
    "(v)ram": "n/a"
}
{
    "process": "gptq",
    "layer": 26,
    "module": "self_attn.k_proj",
    "feat: in, out": "960, 320",
    "dtype: size": "f32: 1.2MB",
    "loss": "0.0000045368",
    "samples": "65536",
    "damp": "0.05000",
    "time": "1.081",
    "fwd_time": "1.648",
    "(v)ram": "n/a"
}
{
    "process": "gptq",
    "layer": 26,
    "module": "self_attn.q_proj",
    "feat: in, out": "960, 960",
    "dtype: size": "f32: 3.6MB",
    "loss": "0.0000137154",
    "samples": "65536",
    "damp": "0.05000",
    "time": "1.249",
    "fwd_time": "1.648",
    "(v)ram": "n/a"
}
{
    "process": "gptq",
    "layer": 26,
    "module": "self_attn.v_proj",
    "feat: in, out": "960, 320",
    "dtype: size": "f32: 1.2MB",
    "loss": "0.0000045373",
    "samples": "65536",
    "damp": "0.05000",
    "time": "0.490",
    "fwd_time": "1.648",
    "(v)ram": "n/a"
}
{
    "process": "gptq",
    "layer": 26,
    "module": "self_attn.o_proj",
    "feat: in, out": "960, 960",
    "dtype: size": "f32: 3.6MB",
    "loss": "0.0000030561",
    "samples": "65536",
    "damp": "0.05000",
    "time": "0.676",
    "fwd_time": "3.724",
    "(v)ram": "n/a"
}
{
    "process": "gptq",
    "layer": 26,
    "module": "mlp.gate_proj",
    "feat: in, out": "960, 2560",
    "dtype: size": "f32: 9.5MB",
    "loss": "0.0000361484",
    "samples": "65536",
    "damp": "0.05000",
    "time": "1.671",
    "fwd_time": "5.721",
    "(v)ram": "n/a"
}
{
    "process": "gptq",
    "layer": 26,
    "module": "mlp.up_proj",
    "feat: in, out": "960, 2560",
    "dtype: size": "f32: 9.5MB",
    "loss": "0.0000361640",
    "samples": "65536",
    "damp": "0.05000",
    "time": "1.686",
    "fwd_time": "5.721",
    "(v)ram": "n/a"
}
{
    "process": "gptq",
    "layer": 26,
    "module": "mlp.down_proj",
    "feat: in, out": "2560, 960",
    "dtype: size": "f32: 9.5MB",
    "loss": "0.0000017011",
    "samples": "65536",
    "damp": "0.05000",
    "time": "1.957",
    "fwd_time": "9.901",
    "(v)ram": "n/a"
}
{
    "process": "gptq",
    "layer": 27,
    "module": "self_attn.k_proj",
    "feat: in, out": "960, 320",
    "dtype: size": "f32: 1.2MB",
    "loss": "0.0000045827",
    "samples": "65536",
    "damp": "0.05000",
    "time": "1.123",
    "fwd_time": "1.601",
    "(v)ram": "n/a"
}
{
    "process": "gptq",
    "layer": 27,
    "module": "self_attn.q_proj",
    "feat: in, out": "960, 960",
    "dtype: size": "f32: 3.6MB",
    "loss": "0.0000138062",
    "samples": "65536",
    "damp": "0.05000",
    "time": "1.270",
    "fwd_time": "1.601",
    "(v)ram": "n/a"
}
{
    "process": "gptq",
    "layer": 27,
    "module": "self_attn.v_proj",
    "feat: in, out": "960, 320",
    "dtype: size": "f32: 1.2MB",
    "loss": "0.0000046047",
    "samples": "65536",
    "damp": "0.05000",
    "time": "0.458",
    "fwd_time": "1.601",
    "(v)ram": "n/a"
}
{
    "process": "gptq",
    "layer": 27,
    "module": "self_attn.o_proj",
    "feat: in, out": "960, 960",
    "dtype: size": "f32: 3.6MB",
    "loss": "0.0000029764",
    "samples": "65536",
    "damp": "0.05000",
    "time": "0.681",
    "fwd_time": "3.647",
    "(v)ram": "n/a"
}
{
    "process": "gptq",
    "layer": 27,
    "module": "mlp.up_proj",
    "feat: in, out": "960, 2560",
    "dtype: size": "f32: 9.5MB",
    "loss": "0.0000362148",
    "samples": "65536",
    "damp": "0.05000",
    "time": "1.837",
    "fwd_time": "6.112",
    "(v)ram": "n/a"
}
{
    "process": "gptq",
    "layer": 27,
    "module": "mlp.gate_proj",
    "feat: in, out": "960, 2560",
    "dtype: size": "f32: 9.5MB",
    "loss": "0.0000361449",
    "samples": "65536",
    "damp": "0.05000",
    "time": "1.854",
    "fwd_time": "6.112",
    "(v)ram": "n/a"
}
{
    "process": "gptq",
    "layer": 27,
    "module": "mlp.down_proj",
    "feat: in, out": "2560, 960",
    "dtype: size": "f32: 9.5MB",
    "loss": "0.0000016351",
    "samples": "65536",
    "damp": "0.05000",
    "time": "1.950",
    "fwd_time": "9.166",
    "(v)ram": "n/a"
}
{
    "process": "gptq",
    "layer": 28,
    "module": "self_attn.k_proj",
    "feat: in, out": "960, 320",
    "dtype: size": "f32: 1.2MB",
    "loss": "0.0000045378",
    "samples": "65536",
    "damp": "0.05000",
    "time": "1.054",
    "fwd_time": "1.544",
    "(v)ram": "n/a"
}
{
    "process": "gptq",
    "layer": 28,
    "module": "self_attn.q_proj",
    "feat: in, out": "960, 960",
    "dtype: size": "f32: 3.6MB",
    "loss": "0.0000137753",
    "samples": "65536",
    "damp": "0.05000",
    "time": "1.189",
    "fwd_time": "1.544",
    "(v)ram": "n/a"
}
{
    "process": "gptq",
    "layer": 28,
    "module": "self_attn.v_proj",
    "feat: in, out": "960, 320",
    "dtype: size": "f32: 1.2MB",
    "loss": "0.0000045159",
    "samples": "65536",
    "damp": "0.05000",
    "time": "0.440",
    "fwd_time": "1.544",
    "(v)ram": "n/a"
}
{
    "process": "gptq",
    "layer": 28,
    "module": "self_attn.o_proj",
    "feat: in, out": "960, 960",
    "dtype: size": "f32: 3.6MB",
    "loss": "0.0000030307",
    "samples": "65536",
    "damp": "0.05000",
    "time": "0.680",
    "fwd_time": "3.351",
    "(v)ram": "n/a"
}
{
    "process": "gptq",
    "layer": 28,
    "module": "mlp.up_proj",
    "feat: in, out": "960, 2560",
    "dtype: size": "f32: 9.5MB",
    "loss": "0.0000363074",
    "samples": "65536",
    "damp": "0.05000",
    "time": "1.706",
    "fwd_time": "6.752",
    "(v)ram": "n/a"
}
{
    "process": "gptq",
    "layer": 28,
    "module": "mlp.gate_proj",
    "feat: in, out": "960, 2560",
    "dtype: size": "f32: 9.5MB",
    "loss": "0.0000363839",
    "samples": "65536",
    "damp": "0.05000",
    "time": "1.713",
    "fwd_time": "6.752",
    "(v)ram": "n/a"
}
{
    "process": "gptq",
    "layer": 28,
    "module": "mlp.down_proj",
    "feat: in, out": "2560, 960",
    "dtype: size": "f32: 9.5MB",
    "loss": "0.0000016052",
    "samples": "65536",
    "damp": "0.05000",
    "time": "2.036",
    "fwd_time": "10.006",
    "(v)ram": "n/a"
}
{
    "process": "gptq",
    "layer": 29,
    "module": "self_attn.k_proj",
    "feat: in, out": "960, 320",
    "dtype: size": "f32: 1.2MB",
    "loss": "0.0000045783",
    "samples": "65536",
    "damp": "0.05000",
    "time": "1.072",
    "fwd_time": "1.816",
    "(v)ram": "n/a"
}
{
    "process": "gptq",
    "layer": 29,
    "module": "self_attn.q_proj",
    "feat: in, out": "960, 960",
    "dtype: size": "f32: 3.6MB",
    "loss": "0.0000137231",
    "samples": "65536",
    "damp": "0.05000",
    "time": "1.236",
    "fwd_time": "1.816",
    "(v)ram": "n/a"
}
{
    "process": "gptq",
    "layer": 29,
    "module": "self_attn.v_proj",
    "feat: in, out": "960, 320",
    "dtype: size": "f32: 1.2MB",
    "loss": "0.0000045625",
    "samples": "65536",
    "damp": "0.05000",
    "time": "0.518",
    "fwd_time": "1.816",
    "(v)ram": "n/a"
}
{
    "process": "gptq",
    "layer": 29,
    "module": "self_attn.o_proj",
    "feat: in, out": "960, 960",
    "dtype: size": "f32: 3.6MB",
    "loss": "0.0000030348",
    "samples": "65536",
    "damp": "0.05000",
    "time": "0.711",
    "fwd_time": "3.957",
    "(v)ram": "n/a"
}
{
    "process": "gptq",
    "layer": 29,
    "module": "mlp.gate_proj",
    "feat: in, out": "960, 2560",
    "dtype: size": "f32: 9.5MB",
    "loss": "0.0000363643",
    "samples": "65536",
    "damp": "0.05000",
    "time": "1.685",
    "fwd_time": "5.740",
    "(v)ram": "n/a"
}
{
    "process": "gptq",
    "layer": 29,
    "module": "mlp.up_proj",
    "feat: in, out": "960, 2560",
    "dtype: size": "f32: 9.5MB",
    "loss": "0.0000364814",
    "samples": "65536",
    "damp": "0.05000",
    "time": "1.685",
    "fwd_time": "5.740",
    "(v)ram": "n/a"
}
{
    "process": "gptq",
    "layer": 29,
    "module": "mlp.down_proj",
    "feat: in, out": "2560, 960",
    "dtype: size": "f32: 9.5MB",
    "loss": "0.0000016449",
    "samples": "65536",
    "damp": "0.05000",
    "time": "1.946",
    "fwd_time": "9.491",
    "(v)ram": "n/a"
}
{
    "process": "gptq",
    "layer": 30,
    "module": "self_attn.k_proj",
    "feat: in, out": "960, 320",
    "dtype: size": "f32: 1.2MB",
    "loss": "0.0000045777",
    "samples": "65536",
    "damp": "0.05000",
    "time": "1.151",
    "fwd_time": "2.015",
    "(v)ram": "n/a"
}
{
    "process": "gptq",
    "layer": 30,
    "module": "self_attn.q_proj",
    "feat: in, out": "960, 960",
    "dtype: size": "f32: 3.6MB",
    "loss": "0.0000137233",
    "samples": "65536",
    "damp": "0.05000",
    "time": "1.307",
    "fwd_time": "2.015",
    "(v)ram": "n/a"
}
{
    "process": "gptq",
    "layer": 30,
    "module": "self_attn.v_proj",
    "feat: in, out": "960, 320",
    "dtype: size": "f32: 1.2MB",
    "loss": "0.0000046065",
    "samples": "65536",
    "damp": "0.05000",
    "time": "0.468",
    "fwd_time": "2.015",
    "(v)ram": "n/a"
}
{
    "process": "gptq",
    "layer": 30,
    "module": "self_attn.o_proj",
    "feat: in, out": "960, 960",
    "dtype: size": "f32: 3.6MB",
    "loss": "0.0000030666",
    "samples": "65536",
    "damp": "0.05000",
    "time": "0.653",
    "fwd_time": "3.322",
    "(v)ram": "n/a"
}
{
    "process": "gptq",
    "layer": 30,
    "module": "mlp.up_proj",
    "feat: in, out": "960, 2560",
    "dtype: size": "f32: 9.5MB",
    "loss": "0.0000363740",
    "samples": "65536",
    "damp": "0.05000",
    "time": "1.713",
    "fwd_time": "5.936",
    "(v)ram": "n/a"
}
{
    "process": "gptq",
    "layer": 30,
    "module": "mlp.gate_proj",
    "feat: in, out": "960, 2560",
    "dtype: size": "f32: 9.5MB",
    "loss": "0.0000363463",
    "samples": "65536",
    "damp": "0.05000",
    "time": "1.725",
    "fwd_time": "5.936",
    "(v)ram": "n/a"
}
{
    "process": "gptq",
    "layer": 30,
    "module": "mlp.down_proj",
    "feat: in, out": "2560, 960",
    "dtype: size": "f32: 9.5MB",
    "loss": "0.0000016269",
    "samples": "65536",
    "damp": "0.05000",
    "time": "1.944",
    "fwd_time": "9.281",
    "(v)ram": "n/a"
}
{
    "process": "gptq",
    "layer": 31,
    "module": "self_attn.k_proj",
    "feat: in, out": "960, 320",
    "dtype: size": "f32: 1.2MB",
    "loss": "0.0000045518",
    "samples": "65536",
    "damp": "0.05000",
    "time": "1.062",
    "fwd_time": "1.598",
    "(v)ram": "n/a"
}
{
    "process": "gptq",
    "layer": 31,
    "module": "self_attn.q_proj",
    "feat: in, out": "960, 960",
    "dtype: size": "f32: 3.6MB",
    "loss": "0.0000138168",
    "samples": "65536",
    "damp": "0.05000",
    "time": "1.217",
    "fwd_time": "1.598",
    "(v)ram": "n/a"
}
{
    "process": "gptq",
    "layer": 31,
    "module": "self_attn.v_proj",
    "feat: in, out": "960, 320",
    "dtype: size": "f32: 1.2MB",
    "loss": "0.0000045698",
    "samples": "65536",
    "damp": "0.05000",
    "time": "0.506",
    "fwd_time": "1.598",
    "(v)ram": "n/a"
}
{
    "process": "gptq",
    "layer": 31,
    "module": "self_attn.o_proj",
    "feat: in, out": "960, 960",
    "dtype: size": "f32: 3.6MB",
    "loss": "0.0000030669",
    "samples": "65536",
    "damp": "0.05000",
    "time": "0.646",
    "fwd_time": "3.600",
    "(v)ram": "n/a"
}
{
    "process": "gptq",
    "layer": 31,
    "module": "mlp.gate_proj",
    "feat: in, out": "960, 2560",
    "dtype: size": "f32: 9.5MB",
    "loss": "0.0000364926",
    "samples": "65536",
    "damp": "0.05000",
    "time": "1.631",
    "fwd_time": "6.533",
    "(v)ram": "n/a"
}
{
    "process": "gptq",
    "layer": 31,
    "module": "mlp.up_proj",
    "feat: in, out": "960, 2560",
    "dtype: size": "f32: 9.5MB",
    "loss": "0.0000364845",
    "samples": "65536",
    "damp": "0.05000",
    "time": "1.641",
    "fwd_time": "6.533",
    "(v)ram": "n/a"
}
{
    "process": "gptq",
    "layer": 31,
    "module": "mlp.down_proj",
    "feat: in, out": "2560, 960",
    "dtype: size": "f32: 9.5MB",
    "loss": "0.0000017301",
    "samples": "65536",
    "damp": "0.05000",
    "time": "2.118",
    "fwd_time": "9.516",
    "(v)ram": "n/a"
}
