{
    "process": "gptq",
    "layer": 0,
    "module": "self_attn.k_proj",
    "feat: in, out": "896, 128",
    "dtype: size": "f32: 0.4MB",
    "loss": "0.0000047227",
    "samples": "65536",
    "damp": "0.05000",
    "time": "0.848",
    "fwd_time": "1.155",
    "(v)ram": "n/a"
}
{
    "process": "gptq",
    "layer": 0,
    "module": "self_attn.q_proj",
    "feat: in, out": "896, 896",
    "dtype: size": "f32: 3.1MB",
    "loss": "0.0000330052",
    "samples": "65536",
    "damp": "0.05000",
    "time": "1.062",
    "fwd_time": "1.155",
    "(v)ram": "n/a"
}
{
    "process": "gptq",
    "layer": 0,
    "module": "self_attn.v_proj",
    "feat: in, out": "896, 128",
    "dtype: size": "f32: 0.4MB",
    "loss": "0.0000047072",
    "samples": "65536",
    "damp": "0.05000",
    "time": "0.353",
    "fwd_time": "1.155",
    "(v)ram": "n/a"
}
{
    "process": "gptq",
    "layer": 0,
    "module": "self_attn.o_proj",
    "feat: in, out": "896, 896",
    "dtype: size": "f32: 3.1MB",
    "loss": "0.0000001190",
    "samples": "65536",
    "damp": "0.05000",
    "time": "0.546",
    "fwd_time": "3.024",
    "(v)ram": "n/a"
}
{
    "process": "gptq",
    "layer": 0,
    "module": "mlp.gate_proj",
    "feat: in, out": "896, 4864",
    "dtype: size": "f32: 16.9MB",
    "loss": "0.0000573577",
    "samples": "65536",
    "damp": "0.05000",
    "time": "1.937",
    "fwd_time": "7.151",
    "(v)ram": "n/a"
}
{
    "process": "gptq",
    "layer": 0,
    "module": "mlp.up_proj",
    "feat: in, out": "896, 4864",
    "dtype: size": "f32: 16.9MB",
    "loss": "0.0000573933",
    "samples": "65536",
    "damp": "0.05000",
    "time": "1.980",
    "fwd_time": "7.151",
    "(v)ram": "n/a"
}
{
    "process": "gptq",
    "layer": 0,
    "module": "mlp.down_proj",
    "feat: in, out": "4864, 896",
    "dtype: size": "f32: 16.9MB",
    "loss": "0.0000026176",
    "samples": "65536",
    "damp": "0.05000",
    "time": "4.343",
    "fwd_time": "21.127",
    "(v)ram": "n/a"
}
{
    "process": "gptq",
    "layer": 1,
    "module": "self_attn.k_proj",
    "feat: in, out": "896, 128",
    "dtype: size": "f32: 0.4MB",
    "loss": "0.0000025113",
    "samples": "65536",
    "damp": "0.05000",
    "time": "0.864",
    "fwd_time": "1.493",
    "(v)ram": "n/a"
}
{
    "process": "gptq",
    "layer": 1,
    "module": "self_attn.q_proj",
    "feat: in, out": "896, 896",
    "dtype: size": "f32: 3.1MB",
    "loss": "0.0000174687",
    "samples": "65536",
    "damp": "0.05000",
    "time": "1.036",
    "fwd_time": "1.493",
    "(v)ram": "n/a"
}
{
    "process": "gptq",
    "layer": 1,
    "module": "self_attn.v_proj",
    "feat: in, out": "896, 128",
    "dtype: size": "f32: 0.4MB",
    "loss": "0.0000024807",
    "samples": "65536",
    "damp": "0.05000",
    "time": "0.396",
    "fwd_time": "1.493",
    "(v)ram": "n/a"
}
{
    "process": "gptq",
    "layer": 1,
    "module": "self_attn.o_proj",
    "feat: in, out": "896, 896",
    "dtype: size": "f32: 3.1MB",
    "loss": "0.0000010103",
    "samples": "65536",
    "damp": "0.05000",
    "time": "0.598",
    "fwd_time": "2.834",
    "(v)ram": "n/a"
}
{
    "process": "gptq",
    "layer": 1,
    "module": "mlp.gate_proj",
    "feat: in, out": "896, 4864",
    "dtype: size": "f32: 16.9MB",
    "loss": "0.0000798558",
    "samples": "65536",
    "damp": "0.05000",
    "time": "1.830",
    "fwd_time": "7.004",
    "(v)ram": "n/a"
}
{
    "process": "gptq",
    "layer": 1,
    "module": "mlp.up_proj",
    "feat: in, out": "896, 4864",
    "dtype: size": "f32: 16.9MB",
    "loss": "0.0000802394",
    "samples": "65536",
    "damp": "0.05000",
    "time": "1.855",
    "fwd_time": "7.004",
    "(v)ram": "n/a"
}
