[MAIN-PROCESS][[36m2026-10-02 15:57:09,974[0m][[34mprocess[0m][[32mINFO[0m] - Allocated process launcher[0m
[ISOLATED-PROCESS][[36m2026-10-02 15:57:17,231[0m][[34mpytorch[0m][[32mINFO[0m] - Allocating pytorch backend[0m
[ISOLATED-PROCESS][[36m2026-10-02 15:57:17,232[0m][[34mpytorch[0m][[32mINFO[0m] - 	+ Seeding backend with 0[0m
[ISOLATED-PROCESS][[36m2026-10-02 15:57:17,235[0m][[34mpytorch[0m][[32mINFO[0m] - 	+ Benchmarking a Transformers model[0m
[ISOLATED-PROCESS][[36m2026-10-02 15:57:17,244[0m][[34minference[0m][[32mINFO[0m] - Allocating inference scenario[0m
[ISOLATED-PROCESS][[36m2026-10-02 15:57:17,244[0m][[34minference[0m][[32mINFO[0m] - 	+ Updating Text Generation kwargs with default values[0m
[ISOLATED-PROCESS][[36m2026-10-02 15:57:17,244[0m][[34minference[0m][[32mINFO[0m] - 	+ Initializing Text Generation targets list[0m
[ISOLATED-PROCESS][[36m2026-10-02 15:57:17,245[0m][[34minference[0m][[32mINFO[0m] - 	+ Initializing Latency tracker[0m
[ISOLATED-PROCESS][[36m2026-10-02 15:57:17,246[0m][[34mlatency[0m][[32mINFO[0m] - 		+ Tracking latency using CPU performance counter[0m
[ISOLATED-PROCESS][[36m2026-10-02 15:57:17,246[0m][[34minference[0m][[32mINFO[0m] - 	+ Initializing Per-Token Latency tracker[0m
[ISOLATED-PROCESS][[36m2026-10-02 15:57:17,246[0m][[34mlatency[0m][[32mINFO[0m] - 		+ Tracking latency using CPU performance counter[0m
[ISOLATED-PROCESS][[36m2026-10-02 15:57:17,246[0m][[34minference[0m][[32mINFO[0m] - 	+ Initializing Memory tracker[0m
[ISOLATED-PROCESS][[36m2026-10-02 15:57:17,246[0m][[34mmemory[0m][[32mINFO[0m] - 		+ Tracking RAM memory of process 10712[0m
[ISOLATED-PROCESS][[36m2026-10-02 15:57:17,247[0m][[34minference[0m][[32mINFO[0m] - 	+ Generating inputs for task text-generation[0m
[ISOLATED-PROCESS][[36m2026-10-02 15:57:17,248[0m][[34minference[0m][[32mINFO[0m] - 	+ Running model loading tracking[0m
[ISOLATED-PROCESS][[36m2026-10-02 15:57:23,105[0m][[34mpytorch[0m][[32mINFO[0m] - 	+ Creating backend temporary directory[0m
[ISOLATED-PROCESS][[36m2026-10-02 15:57:23,105[0m][[34mpytorch[0m][[32mINFO[0m] - 	+ Loading model with pretrained weights[0m
[ISOLATED-PROCESS][[36m2026-10-02 15:57:23,106[0m][[34mpytorch[0m][[32mINFO[0m] - 	+ Loading Transformers model[0m
[ISOLATED-PROCESS][[36m2026-10-02 15:57:23,891[0m][[34mpytorch[0m][[32mINFO[0m] - 	+ Enabling eval mode[0m
[ISOLATED-PROCESS][[36m2026-10-02 15:57:23,892[0m][[34mpytorch[0m][[32mINFO[0m] - 	+ Cleaning up backend temporary directory[0m
[ISOLATED-PROCESS][[36m2026-10-02 15:57:23,895[0m][[34minference[0m][[32mINFO[0m] - 	+ Preparing inputs for backend pytorch[0m
[ISOLATED-PROCESS][[36m2026-10-02 15:57:23,895[0m][[34minference[0m][[32mINFO[0m] - 	+ Warming up backend for Text Generation[0m
[ISOLATED-PROCESS][[36m2026-10-02 15:59:22,986[0m][[34minference[0m][[32mINFO[0m] - 	+ Running Per-Token Text Generation latency tracking[0m
[ISOLATED-PROCESS][[36m2026-10-02 16:00:43,043[0m][[34minference[0m][[32mINFO[0m] - 	+ Running Text Generation memory tracking[0m
[ISOLATED-PROCESS][[36m2026-10-02 16:01:19,778[0m][[34mprocess[0m][[32mINFO[0m] - 	+ Sending report dictionary to main process[0m
[ISOLATED-PROCESS][[36m2026-10-02 16:01:19,780[0m][[34mprocess[0m][[32mINFO[0m] - 	+ Sending report dictionary directly (13281 bytes)[0m
[ISOLATED-PROCESS][[36m2026-10-02 16:01:19,781[0m][[34mprocess[0m][[32mINFO[0m] - 	+ Exiting isolated process[0m
[MAIN-PROCESS][[36m2026-10-02 16:01:19,781[0m][[34mprocess[0m][[32mINFO[0m] - 	+ Received report dictionary from isolated process[0m
[MAIN-PROCESS][[36m2026-10-02 16:01:19,786[0m][[34mreport[0m][[32mINFO[0m] - + load_model:[0m
[MAIN-PROCESS][[36m2026-10-02 16:01:19,787[0m][[34mreport[0m][[32mINFO[0m] - 	+ memory:[0m
[MAIN-PROCESS][[36m2026-10-02 16:01:19,787[0m][[34mreport[0m][[32mINFO[0m] - 		+ max_ram: 3273.70 (MB)[0m
[MAIN-PROCESS][[36m2026-10-02 16:01:19,787[0m][[34mreport[0m][[32mINFO[0m] - 	+ latency:[0m
[MAIN-PROCESS][[36m2026-10-02 16:01:19,788[0m][[34mreport[0m][[32mINFO[0m] - 		+ count: 1[0m
[MAIN-PROCESS][[36m2026-10-02 16:01:19,788[0m][[34mreport[0m][[32mINFO[0m] - 		+ total: 0.788575 (s)[0m
[MAIN-PROCESS][[36m2026-10-02 16:01:19,788[0m][[34mreport[0m][[32mINFO[0m] - 		+ mean: 0.788575 (s)[0m
[MAIN-PROCESS][[36m2026-10-02 16:01:19,788[0m][[34mreport[0m][[32mINFO[0m] - 		+ p50: 0.788575 (s)[0m
[MAIN-PROCESS][[36m2026-10-02 16:01:19,788[0m][[34mreport[0m][[32mINFO[0m] - 		+ p90: 0.788575 (s)[0m
[MAIN-PROCESS][[36m2026-10-02 16:01:19,789[0m][[34mreport[0m][[32mINFO[0m] - 		+ p95: 0.788575 (s)[0m
[MAIN-PROCESS][[36m2026-10-02 16:01:19,789[0m][[34mreport[0m][[32mINFO[0m] - 		+ p99: 0.788575 (s)[0m
[MAIN-PROCESS][[36m2026-10-02 16:01:19,789[0m][[34mreport[0m][[32mINFO[0m] - 		+ stdev: 0.000000 (s)[0m
[MAIN-PROCESS][[36m2026-10-02 16:01:19,789[0m][[34mreport[0m][[32mINFO[0m] - 		+ stdev_: 0.00 (%)[0m
[MAIN-PROCESS][[36m2026-10-02 16:01:19,789[0m][[34mreport[0m][[32mINFO[0m] - + first_generate:[0m
[MAIN-PROCESS][[36m2026-10-02 16:01:19,790[0m][[34mreport[0m][[32mINFO[0m] - 	+ memory:[0m
[MAIN-PROCESS][[36m2026-10-02 16:01:19,790[0m][[34mreport[0m][[32mINFO[0m] - 		+ max_ram: 2982.60 (MB)[0m
[MAIN-PROCESS][[36m2026-10-02 16:01:19,790[0m][[34mreport[0m][[32mINFO[0m] - 	+ latency:[0m
[MAIN-PROCESS][[36m2026-10-02 16:01:19,790[0m][[34mreport[0m][[32mINFO[0m] - 		+ count: 1[0m
[MAIN-PROCESS][[36m2026-10-02 16:01:19,791[0m][[34mreport[0m][[32mINFO[0m] - 		+ total: 15.467492 (s)[0m
[MAIN-PROCESS][[36m2026-10-02 16:01:19,791[0m][[34mreport[0m][[32mINFO[0m] - 		+ mean: 15.467492 (s)[0m
[MAIN-PROCESS][[36m2026-10-02 16:01:19,791[0m][[34mreport[0m][[32mINFO[0m] - 		+ p50: 15.467492 (s)[0m
[MAIN-PROCESS][[36m2026-10-02 16:01:19,791[0m][[34mreport[0m][[32mINFO[0m] - 		+ p90: 15.467492 (s)[0m
[MAIN-PROCESS][[36m2026-10-02 16:01:19,792[0m][[34mreport[0m][[32mINFO[0m] - 		+ p95: 15.467492 (s)[0m
[MAIN-PROCESS][[36m2026-10-02 16:01:19,792[0m][[34mreport[0m][[32mINFO[0m] - 		+ p99: 15.467492 (s)[0m
[MAIN-PROCESS][[36m2026-10-02 16:01:19,792[0m][[34mreport[0m][[32mINFO[0m] - 		+ stdev: 0.000000 (s)[0m
[MAIN-PROCESS][[36m2026-10-02 16:01:19,792[0m][[34mreport[0m][[32mINFO[0m] - 		+ stdev_: 0.00 (%)[0m
[MAIN-PROCESS][[36m2026-10-02 16:01:19,792[0m][[34mreport[0m][[32mINFO[0m] - + generate:[0m
[MAIN-PROCESS][[36m2026-10-02 16:01:19,793[0m][[34mreport[0m][[32mINFO[0m] - 	+ latency:[0m
[MAIN-PROCESS][[36m2026-10-02 16:01:19,793[0m][[34mreport[0m][[32mINFO[0m] - 		+ count: 5[0m
[MAIN-PROCESS][[36m2026-10-02 16:01:19,793[0m][[34mreport[0m][[32mINFO[0m] - 		+ total: 80.053519 (s)[0m
[MAIN-PROCESS][[36m2026-10-02 16:01:19,793[0m][[34mreport[0m][[32mINFO[0m] - 		+ mean: 16.010704 (s)[0m
[MAIN-PROCESS][[36m2026-10-02 16:01:19,793[0m][[34mreport[0m][[32mINFO[0m] - 		+ p50: 16.079082 (s)[0m
[MAIN-PROCESS][[36m2026-10-02 16:01:19,794[0m][[34mreport[0m][[32mINFO[0m] - 		+ p90: 16.273015 (s)[0m
[MAIN-PROCESS][[36m2026-10-02 16:01:19,794[0m][[34mreport[0m][[32mINFO[0m] - 		+ p95: 16.276412 (s)[0m
[MAIN-PROCESS][[36m2026-10-02 16:01:19,794[0m][[34mreport[0m][[32mINFO[0m] - 		+ p99: 16.279130 (s)[0m
[MAIN-PROCESS][[36m2026-10-02 16:01:19,794[0m][[34mreport[0m][[32mINFO[0m] - 		+ stdev: 0.319558 (s)[0m
[MAIN-PROCESS][[36m2026-10-02 16:01:19,795[0m][[34mreport[0m][[32mINFO[0m] - 		+ stdev_: 2.00 (%)[0m
[MAIN-PROCESS][[36m2026-10-02 16:01:19,795[0m][[34mreport[0m][[32mINFO[0m] - 	+ throughput:[0m
[MAIN-PROCESS][[36m2026-10-02 16:01:19,795[0m][[34mreport[0m][[32mINFO[0m] - 		+ throughput: 7.74 (samples/s)[0m
[MAIN-PROCESS][[36m2026-10-02 16:01:19,795[0m][[34mreport[0m][[32mINFO[0m] - + prefill:[0m
[MAIN-PROCESS][[36m2026-10-02 16:01:19,795[0m][[34mreport[0m][[32mINFO[0m] - 	+ memory:[0m
[MAIN-PROCESS][[36m2026-10-02 16:01:19,796[0m][[34mreport[0m][[32mINFO[0m] - 		+ max_ram: 2982.63 (MB)[0m
[MAIN-PROCESS][[36m2026-10-02 16:01:19,796[0m][[34mreport[0m][[32mINFO[0m] - 	+ latency:[0m
[MAIN-PROCESS][[36m2026-10-02 16:01:19,796[0m][[34mreport[0m][[32mINFO[0m] - 		+ count: 5[0m
[MAIN-PROCESS][[36m2026-10-02 16:01:19,796[0m][[34mreport[0m][[32mINFO[0m] - 		+ total: 39.757707 (s)[0m
[MAIN-PROCESS][[36m2026-10-02 16:01:19,796[0m][[34mreport[0m][[32mINFO[0m] - 		+ mean: 7.951541 (s)[0m
[MAIN-PROCESS][[36m2026-10-02 16:01:19,797[0m][[34mreport[0m][[32mINFO[0m] - 		+ p50: 8.178507 (s)[0m
[MAIN-PROCESS][[36m2026-10-02 16:01:19,797[0m][[34mreport[0m][[32mINFO[0m] - 		+ p90: 8.224827 (s)[0m
[MAIN-PROCESS][[36m2026-10-02 16:01:19,797[0m][[34mreport[0m][[32mINFO[0m] - 		+ p95: 8.235760 (s)[0m
[MAIN-PROCESS][[36m2026-10-02 16:01:19,797[0m][[34mreport[0m][[32mINFO[0m] - 		+ p99: 8.244506 (s)[0m
[MAIN-PROCESS][[36m2026-10-02 16:01:19,797[0m][[34mreport[0m][[32mINFO[0m] - 		+ stdev: 0.360191 (s)[0m
[MAIN-PROCESS][[36m2026-10-02 16:01:19,798[0m][[34mreport[0m][[32mINFO[0m] - 		+ stdev_: 4.53 (%)[0m
[MAIN-PROCESS][[36m2026-10-02 16:01:19,798[0m][[34mreport[0m][[32mINFO[0m] - 	+ throughput:[0m
[MAIN-PROCESS][[36m2026-10-02 16:01:19,798[0m][[34mreport[0m][[32mINFO[0m] - 		+ throughput: 0.50 (samples/s)[0m
[MAIN-PROCESS][[36m2026-10-02 16:01:19,798[0m][[34mreport[0m][[32mINFO[0m] - + decode:[0m
[MAIN-PROCESS][[36m2026-10-02 16:01:19,799[0m][[34mreport[0m][[32mINFO[0m] - 	+ memory:[0m
[MAIN-PROCESS][[36m2026-10-02 16:01:19,799[0m][[34mreport[0m][[32mINFO[0m] - 		+ max_ram: 2982.63 (MB)[0m
[MAIN-PROCESS][[36m2026-10-02 16:01:19,799[0m][[34mreport[0m][[32mINFO[0m] - 	+ latency:[0m
[MAIN-PROCESS][[36m2026-10-02 16:01:19,799[0m][[34mreport[0m][[32mINFO[0m] - 		+ count: 5[0m
[MAIN-PROCESS][[36m2026-10-02 16:01:19,799[0m][[34mreport[0m][[32mINFO[0m] - 		+ total: 40.295812 (s)[0m
[MAIN-PROCESS][[36m2026-10-02 16:01:19,800[0m][[34mreport[0m][[32mINFO[0m] - 		+ mean: 8.059162 (s)[0m
[MAIN-PROCESS][[36m2026-10-02 16:01:19,800[0m][[34mreport[0m][[32mINFO[0m] - 		+ p50: 8.084315 (s)[0m
[MAIN-PROCESS][[36m2026-10-02 16:01:19,800[0m][[34mreport[0m][[32mINFO[0m] - 		+ p90: 8.181492 (s)[0m
[MAIN-PROCESS][[36m2026-10-02 16:01:19,800[0m][[34mreport[0m][[32mINFO[0m] - 		+ p95: 8.203109 (s)[0m
[MAIN-PROCESS][[36m2026-10-02 16:01:19,800[0m][[34mreport[0m][[32mINFO[0m] - 		+ p99: 8.220403 (s)[0m
[MAIN-PROCESS][[36m2026-10-02 16:01:19,801[0m][[34mreport[0m][[32mINFO[0m] - 		+ stdev: 0.127574 (s)[0m
[MAIN-PROCESS][[36m2026-10-02 16:01:19,801[0m][[34mreport[0m][[32mINFO[0m] - 		+ stdev_: 1.58 (%)[0m
[MAIN-PROCESS][[36m2026-10-02 16:01:19,801[0m][[34mreport[0m][[32mINFO[0m] - 	+ throughput:[0m
[MAIN-PROCESS][[36m2026-10-02 16:01:19,801[0m][[34mreport[0m][[32mINFO[0m] - 		+ throughput: 15.39 (tokens/s)[0m
[MAIN-PROCESS][[36m2026-10-02 16:01:19,802[0m][[34mreport[0m][[32mINFO[0m] - + per_token:[0m
[MAIN-PROCESS][[36m2026-10-02 16:01:19,802[0m][[34mreport[0m][[32mINFO[0m] - 	+ latency:[0m
[MAIN-PROCESS][[36m2026-10-02 16:01:19,802[0m][[34mreport[0m][[32mINFO[0m] - 		+ count: 475[0m
[MAIN-PROCESS][[36m2026-10-02 16:01:19,802[0m][[34mreport[0m][[32mINFO[0m] - 		+ total: 200.625861 (s)[0m
[MAIN-PROCESS][[36m2026-10-02 16:01:19,803[0m][[34mreport[0m][[32mINFO[0m] - 		+ mean: 0.422370 (s)[0m
[MAIN-PROCESS][[36m2026-10-02 16:01:19,803[0m][[34mreport[0m][[32mINFO[0m] - 		+ p50: 0.255579 (s)[0m
[MAIN-PROCESS][[36m2026-10-02 16:01:19,803[0m][[34mreport[0m][[32mINFO[0m] - 		+ p90: 0.292659 (s)[0m
[MAIN-PROCESS][[36m2026-10-02 16:01:19,803[0m][[34mreport[0m][[32mINFO[0m] - 		+ p95: 0.326238 (s)[0m
[MAIN-PROCESS][[36m2026-10-02 16:01:19,803[0m][[34mreport[0m][[32mINFO[0m] - 		+ p99: 8.195087 (s)[0m
[MAIN-PROCESS][[36m2026-10-02 16:01:19,804[0m][[34mreport[0m][[32mINFO[0m] - 		+ stdev: 1.104513 (s)[0m
[MAIN-PROCESS][[36m2026-10-02 16:01:19,804[0m][[34mreport[0m][[32mINFO[0m] - 		+ stdev_: 261.50 (%)[0m
