[MAIN-PROCESS][[36m2026-10-02 15:48:15,311[0m][[34mprocess[0m][[32mINFO[0m] - Allocated process launcher[0m
[ISOLATED-PROCESS][[36m2026-10-02 15:48:22,088[0m][[34mpytorch[0m][[32mINFO[0m] - Allocating pytorch backend[0m
[ISOLATED-PROCESS][[36m2026-10-02 15:48:22,088[0m][[34mpytorch[0m][[32mINFO[0m] - 	+ Seeding backend with 0[0m
[ISOLATED-PROCESS][[36m2026-10-02 15:48:22,091[0m][[34mpytorch[0m][[32mINFO[0m] - 	+ Benchmarking a Transformers model[0m
[ISOLATED-PROCESS][[36m2026-10-02 15:48:22,101[0m][[34minference[0m][[32mINFO[0m] - Allocating inference scenario[0m
[ISOLATED-PROCESS][[36m2026-10-02 15:48:22,101[0m][[34minference[0m][[32mINFO[0m] - 	+ Updating Text Generation kwargs with default values[0m
[ISOLATED-PROCESS][[36m2026-10-02 15:48:22,101[0m][[34minference[0m][[32mINFO[0m] - 	+ Initializing Text Generation targets list[0m
[ISOLATED-PROCESS][[36m2026-10-02 15:48:22,102[0m][[34minference[0m][[32mINFO[0m] - 	+ Initializing Latency tracker[0m
[ISOLATED-PROCESS][[36m2026-10-02 15:48:22,103[0m][[34mlatency[0m][[32mINFO[0m] - 		+ Tracking latency using CPU performance counter[0m
[ISOLATED-PROCESS][[36m2026-10-02 15:48:22,103[0m][[34minference[0m][[32mINFO[0m] - 	+ Initializing Per-Token Latency tracker[0m
[ISOLATED-PROCESS][[36m2026-10-02 15:48:22,103[0m][[34mlatency[0m][[32mINFO[0m] - 		+ Tracking latency using CPU performance counter[0m
[ISOLATED-PROCESS][[36m2026-10-02 15:48:22,103[0m][[34minference[0m][[32mINFO[0m] - 	+ Initializing Memory tracker[0m
[ISOLATED-PROCESS][[36m2026-10-02 15:48:22,103[0m][[34mmemory[0m][[32mINFO[0m] - 		+ Tracking RAM memory of process 10176[0m
[ISOLATED-PROCESS][[36m2026-10-02 15:48:22,104[0m][[34minference[0m][[32mINFO[0m] - 	+ Generating inputs for task text-generation[0m
[ISOLATED-PROCESS][[36m2026-10-02 15:48:22,105[0m][[34minference[0m][[32mINFO[0m] - 	+ Running model loading tracking[0m
[ISOLATED-PROCESS][[36m2026-10-02 15:48:27,941[0m][[34mpytorch[0m][[32mINFO[0m] - 	+ Creating backend temporary directory[0m
[ISOLATED-PROCESS][[36m2026-10-02 15:48:27,942[0m][[34mpytorch[0m][[32mINFO[0m] - 	+ Loading model with pretrained weights[0m
[ISOLATED-PROCESS][[36m2026-10-02 15:48:27,943[0m][[34mpytorch[0m][[32mINFO[0m] - 	+ Loading Transformers model[0m
[ISOLATED-PROCESS][[36m2026-10-02 15:48:28,691[0m][[34mpytorch[0m][[32mINFO[0m] - 	+ Enabling eval mode[0m
[ISOLATED-PROCESS][[36m2026-10-02 15:48:28,692[0m][[34mpytorch[0m][[32mINFO[0m] - 	+ Cleaning up backend temporary directory[0m
[ISOLATED-PROCESS][[36m2026-10-02 15:48:28,699[0m][[34minference[0m][[32mINFO[0m] - 	+ Preparing inputs for backend pytorch[0m
[ISOLATED-PROCESS][[36m2026-10-02 15:48:28,699[0m][[34minference[0m][[32mINFO[0m] - 	+ Running Per-Token Text Generation latency tracking[0m
[ISOLATED-PROCESS][[36m2026-10-02 15:49:17,623[0m][[34minference[0m][[32mINFO[0m] - 	+ Running Text Generation memory tracking[0m
[ISOLATED-PROCESS][[36m2026-10-02 15:49:40,966[0m][[34mprocess[0m][[32mINFO[0m] - 	+ Sending report dictionary to main process[0m
[ISOLATED-PROCESS][[36m2026-10-02 15:49:40,968[0m][[34mprocess[0m][[32mINFO[0m] - 	+ Sending report dictionary directly (12911 bytes)[0m
[ISOLATED-PROCESS][[36m2026-10-02 15:49:40,969[0m][[34mprocess[0m][[32mINFO[0m] - 	+ Exiting isolated process[0m
[MAIN-PROCESS][[36m2026-10-02 15:49:40,969[0m][[34mprocess[0m][[32mINFO[0m] - 	+ Received report dictionary from isolated process[0m
[MAIN-PROCESS][[36m2026-10-02 15:49:40,972[0m][[34mreport[0m][[32mINFO[0m] - + load_model:[0m
[MAIN-PROCESS][[36m2026-10-02 15:49:40,973[0m][[34mreport[0m][[32mINFO[0m] - 	+ memory:[0m
[MAIN-PROCESS][[36m2026-10-02 15:49:40,973[0m][[34mreport[0m][[32mINFO[0m] - 		+ max_ram: 3294.79 (MB)[0m
[MAIN-PROCESS][[36m2026-10-02 15:49:40,973[0m][[34mreport[0m][[32mINFO[0m] - 	+ latency:[0m
[MAIN-PROCESS][[36m2026-10-02 15:49:40,973[0m][[34mreport[0m][[32mINFO[0m] - 		+ count: 1[0m
[MAIN-PROCESS][[36m2026-10-02 15:49:40,973[0m][[34mreport[0m][[32mINFO[0m] - 		+ total: 0.751883 (s)[0m
[MAIN-PROCESS][[36m2026-10-02 15:49:40,974[0m][[34mreport[0m][[32mINFO[0m] - 		+ mean: 0.751883 (s)[0m
[MAIN-PROCESS][[36m2026-10-02 15:49:40,974[0m][[34mreport[0m][[32mINFO[0m] - 		+ p50: 0.751883 (s)[0m
[MAIN-PROCESS][[36m2026-10-02 15:49:40,974[0m][[34mreport[0m][[32mINFO[0m] - 		+ p90: 0.751883 (s)[0m
[MAIN-PROCESS][[36m2026-10-02 15:49:40,974[0m][[34mreport[0m][[32mINFO[0m] - 		+ p95: 0.751883 (s)[0m
[MAIN-PROCESS][[36m2026-10-02 15:49:40,974[0m][[34mreport[0m][[32mINFO[0m] - 		+ p99: 0.751883 (s)[0m
[MAIN-PROCESS][[36m2026-10-02 15:49:40,974[0m][[34mreport[0m][[32mINFO[0m] - 		+ stdev: 0.000000 (s)[0m
[MAIN-PROCESS][[36m2026-10-02 15:49:40,975[0m][[34mreport[0m][[32mINFO[0m] - 		+ stdev_: 0.00 (%)[0m
[MAIN-PROCESS][[36m2026-10-02 15:49:40,975[0m][[34mreport[0m][[32mINFO[0m] - + first_generate:[0m
[MAIN-PROCESS][[36m2026-10-02 15:49:40,975[0m][[34mreport[0m][[32mINFO[0m] - + generate:[0m
[MAIN-PROCESS][[36m2026-10-02 15:49:40,975[0m][[34mreport[0m][[32mINFO[0m] - 	+ latency:[0m
[MAIN-PROCESS][[36m2026-10-02 15:49:40,975[0m][[34mreport[0m][[32mINFO[0m] - 		+ count: 5[0m
[MAIN-PROCESS][[36m2026-10-02 15:49:40,975[0m][[34mreport[0m][[32mINFO[0m] - 		+ total: 48.920514 (s)[0m
[MAIN-PROCESS][[36m2026-10-02 15:49:40,975[0m][[34mreport[0m][[32mINFO[0m] - 		+ mean: 9.784103 (s)[0m
[MAIN-PROCESS][[36m2026-10-02 15:49:40,976[0m][[34mreport[0m][[32mINFO[0m] - 		+ p50: 9.475996 (s)[0m
[MAIN-PROCESS][[36m2026-10-02 15:49:40,976[0m][[34mreport[0m][[32mINFO[0m] - 		+ p90: 10.451799 (s)[0m
[MAIN-PROCESS][[36m2026-10-02 15:49:40,976[0m][[34mreport[0m][[32mINFO[0m] - 		+ p95: 10.574378 (s)[0m
[MAIN-PROCESS][[36m2026-10-02 15:49:40,976[0m][[34mreport[0m][[32mINFO[0m] - 		+ p99: 10.672441 (s)[0m
[MAIN-PROCESS][[36m2026-10-02 15:49:40,976[0m][[34mreport[0m][[32mINFO[0m] - 		+ stdev: 0.541035 (s)[0m
[MAIN-PROCESS][[36m2026-10-02 15:49:40,976[0m][[34mreport[0m][[32mINFO[0m] - 		+ stdev_: 5.53 (%)[0m
[MAIN-PROCESS][[36m2026-10-02 15:49:40,977[0m][[34mreport[0m][[32mINFO[0m] - 	+ throughput:[0m
[MAIN-PROCESS][[36m2026-10-02 15:49:40,977[0m][[34mreport[0m][[32mINFO[0m] - 		+ throughput: 12.67 (samples/s)[0m
[MAIN-PROCESS][[36m2026-10-02 15:49:40,977[0m][[34mreport[0m][[32mINFO[0m] - + prefill:[0m
[MAIN-PROCESS][[36m2026-10-02 15:49:40,977[0m][[34mreport[0m][[32mINFO[0m] - 	+ memory:[0m
[MAIN-PROCESS][[36m2026-10-02 15:49:40,977[0m][[34mreport[0m][[32mINFO[0m] - 		+ max_ram: 2696.12 (MB)[0m
[MAIN-PROCESS][[36m2026-10-02 15:49:40,977[0m][[34mreport[0m][[32mINFO[0m] - 	+ latency:[0m
[MAIN-PROCESS][[36m2026-10-02 15:49:40,977[0m][[34mreport[0m][[32mINFO[0m] - 		+ count: 5[0m
[MAIN-PROCESS][[36m2026-10-02 15:49:40,978[0m][[34mreport[0m][[32mINFO[0m] - 		+ total: 11.935291 (s)[0m
[MAIN-PROCESS][[36m2026-10-02 15:49:40,978[0m][[34mreport[0m][[32mINFO[0m] - 		+ mean: 2.387058 (s)[0m
[MAIN-PROCESS][[36m2026-10-02 15:49:40,978[0m][[34mreport[0m][[32mINFO[0m] - 		+ p50: 2.239348 (s)[0m
[MAIN-PROCESS][[36m2026-10-02 15:49:40,978[0m][[34mreport[0m][[32mINFO[0m] - 		+ p90: 2.831962 (s)[0m
[MAIN-PROCESS][[36m2026-10-02 15:49:40,978[0m][[34mreport[0m][[32mINFO[0m] - 		+ p95: 3.025459 (s)[0m
[MAIN-PROCESS][[36m2026-10-02 15:49:40,978[0m][[34mreport[0m][[32mINFO[0m] - 		+ p99: 3.180257 (s)[0m
[MAIN-PROCESS][[36m2026-10-02 15:49:40,978[0m][[34mreport[0m][[32mINFO[0m] - 		+ stdev: 0.424207 (s)[0m
[MAIN-PROCESS][[36m2026-10-02 15:49:40,979[0m][[34mreport[0m][[32mINFO[0m] - 		+ stdev_: 17.77 (%)[0m
[MAIN-PROCESS][[36m2026-10-02 15:49:40,979[0m][[34mreport[0m][[32mINFO[0m] - 	+ throughput:[0m
[MAIN-PROCESS][[36m2026-10-02 15:49:40,979[0m][[34mreport[0m][[32mINFO[0m] - 		+ throughput: 1.68 (samples/s)[0m
[MAIN-PROCESS][[36m2026-10-02 15:49:40,979[0m][[34mreport[0m][[32mINFO[0m] - + decode:[0m
[MAIN-PROCESS][[36m2026-10-02 15:49:40,979[0m][[34mreport[0m][[32mINFO[0m] - 	+ memory:[0m
[MAIN-PROCESS][[36m2026-10-02 15:49:40,979[0m][[34mreport[0m][[32mINFO[0m] - 		+ max_ram: 2697.16 (MB)[0m
[MAIN-PROCESS][[36m2026-10-02 15:49:40,979[0m][[34mreport[0m][[32mINFO[0m] - 	+ latency:[0m
[MAIN-PROCESS][[36m2026-10-02 15:49:40,980[0m][[34mreport[0m][[32mINFO[0m] - 		+ count: 5[0m
[MAIN-PROCESS][[36m2026-10-02 15:49:40,980[0m][[34mreport[0m][[32mINFO[0m] - 		+ total: 36.985224 (s)[0m
[MAIN-PROCESS][[36m2026-10-02 15:49:40,980[0m][[34mreport[0m][[32mINFO[0m] - 		+ mean: 7.397045 (s)[0m
[MAIN-PROCESS][[36m2026-10-02 15:49:40,980[0m][[34mreport[0m][[32mINFO[0m] - 		+ p50: 7.270991 (s)[0m
[MAIN-PROCESS][[36m2026-10-02 15:49:40,980[0m][[34mreport[0m][[32mINFO[0m] - 		+ p90: 7.690755 (s)[0m
[MAIN-PROCESS][[36m2026-10-02 15:49:40,980[0m][[34mreport[0m][[32mINFO[0m] - 		+ p95: 7.761674 (s)[0m
[MAIN-PROCESS][[36m2026-10-02 15:49:40,980[0m][[34mreport[0m][[32mINFO[0m] - 		+ p99: 7.818408 (s)[0m
[MAIN-PROCESS][[36m2026-10-02 15:49:40,981[0m][[34mreport[0m][[32mINFO[0m] - 		+ stdev: 0.240674 (s)[0m
[MAIN-PROCESS][[36m2026-10-02 15:49:40,981[0m][[34mreport[0m][[32mINFO[0m] - 		+ stdev_: 3.25 (%)[0m
[MAIN-PROCESS][[36m2026-10-02 15:49:40,981[0m][[34mreport[0m][[32mINFO[0m] - 	+ throughput:[0m
[MAIN-PROCESS][[36m2026-10-02 15:49:40,981[0m][[34mreport[0m][[32mINFO[0m] - 		+ throughput: 16.76 (tokens/s)[0m
[MAIN-PROCESS][[36m2026-10-02 15:49:40,981[0m][[34mreport[0m][[32mINFO[0m] - + per_token:[0m
[MAIN-PROCESS][[36m2026-10-02 15:49:40,981[0m][[34mreport[0m][[32mINFO[0m] - 	+ latency:[0m
[MAIN-PROCESS][[36m2026-10-02 15:49:40,982[0m][[34mreport[0m][[32mINFO[0m] - 		+ count: 475[0m
[MAIN-PROCESS][[36m2026-10-02 15:49:40,982[0m][[34mreport[0m][[32mINFO[0m] - 		+ total: 131.871578 (s)[0m
[MAIN-PROCESS][[36m2026-10-02 15:49:40,982[0m][[34mreport[0m][[32mINFO[0m] - 		+ mean: 0.277624 (s)[0m
[MAIN-PROCESS][[36m2026-10-02 15:49:40,982[0m][[34mreport[0m][[32mINFO[0m] - 		+ p50: 0.230081 (s)[0m
[MAIN-PROCESS][[36m2026-10-02 15:49:40,982[0m][[34mreport[0m][[32mINFO[0m] - 		+ p90: 0.280799 (s)[0m
[MAIN-PROCESS][[36m2026-10-02 15:49:40,982[0m][[34mreport[0m][[32mINFO[0m] - 		+ p95: 0.317286 (s)[0m
[MAIN-PROCESS][[36m2026-10-02 15:49:40,983[0m][[34mreport[0m][[32mINFO[0m] - 		+ p99: 2.210466 (s)[0m
[MAIN-PROCESS][[36m2026-10-02 15:49:40,983[0m][[34mreport[0m][[32mINFO[0m] - 		+ stdev: 0.279452 (s)[0m
[MAIN-PROCESS][[36m2026-10-02 15:49:40,983[0m][[34mreport[0m][[32mINFO[0m] - 		+ stdev_: 100.66 (%)[0m
