[MAIN-PROCESS][[36m2026-10-05 12:59:36,804[0m][[34minline[0m][[32mINFO[0m] - Allocated inline launcher[0m
[MAIN-PROCESS][[36m2026-10-05 12:59:36,804[0m][[34minline[0m][[33mWARNING[0m] - The inline launcher is only recommended for debugging purposes and not for benchmarking[0m
[MAIN-PROCESS][[36m2026-10-05 12:59:39,949[0m][[34mpytorch[0m][[32mINFO[0m] - Allocating pytorch backend[0m
[MAIN-PROCESS][[36m2026-10-05 12:59:39,950[0m][[34mpytorch[0m][[32mINFO[0m] - 	+ Seeding backend with 0[0m
[MAIN-PROCESS][[36m2026-10-05 12:59:40,099[0m][[34mpytorch[0m][[32mINFO[0m] - 	+ Benchmarking a Transformers model[0m
[MAIN-PROCESS][[36m2026-10-05 12:59:42,093[0m][[34mpytorch[0m][[32mINFO[0m] - 	+ Setting pytorch inter_op_num_threads(2))[0m
[MAIN-PROCESS][[36m2026-10-05 12:59:42,397[0m][[34minference[0m][[32mINFO[0m] - Allocating inference scenario[0m
[MAIN-PROCESS][[36m2026-10-05 12:59:42,398[0m][[34minference[0m][[32mINFO[0m] - 	+ Updating Text Generation kwargs with default values[0m
[MAIN-PROCESS][[36m2026-10-05 12:59:42,398[0m][[34minference[0m][[32mINFO[0m] - 	+ Initializing Text Generation targets list[0m
[MAIN-PROCESS][[36m2026-10-05 12:59:42,399[0m][[34minference[0m][[32mINFO[0m] - 	+ Initializing Latency tracker[0m
[MAIN-PROCESS][[36m2026-10-05 12:59:42,399[0m][[34mlatency[0m][[32mINFO[0m] - 		+ Tracking latency using CPU performance counter[0m
[MAIN-PROCESS][[36m2026-10-05 12:59:42,399[0m][[34minference[0m][[32mINFO[0m] - 	+ Initializing Per-Token Latency tracker[0m
[MAIN-PROCESS][[36m2026-10-05 12:59:42,399[0m][[34mlatency[0m][[32mINFO[0m] - 		+ Tracking latency using CPU performance counter[0m
[MAIN-PROCESS][[36m2026-10-05 12:59:42,399[0m][[34minference[0m][[32mINFO[0m] - 	+ Initializing Memory tracker[0m
[MAIN-PROCESS][[36m2026-10-05 12:59:42,399[0m][[34mmemory[0m][[32mINFO[0m] - 		+ Tracking RAM memory of process 631[0m
[MAIN-PROCESS][[36m2026-10-05 12:59:42,399[0m][[34minference[0m][[32mINFO[0m] - 	+ Generating inputs for task text-generation[0m
[MAIN-PROCESS][[36m2026-10-05 12:59:43,275[0m][[34minference[0m][[32mINFO[0m] - 	+ Running model loading tracking[0m
[MAIN-PROCESS][[36m2026-10-05 12:59:43,290[0m][[34mpytorch[0m][[32mINFO[0m] - 	+ Creating backend temporary directory[0m
[MAIN-PROCESS][[36m2026-10-05 12:59:43,292[0m][[34mpytorch[0m][[32mINFO[0m] - 	+ Loading model with pretrained weights[0m
[MAIN-PROCESS][[36m2026-10-05 12:59:43,292[0m][[34mpytorch[0m][[32mINFO[0m] - 	+ Loading Transformers model[0m
[MAIN-PROCESS][[36m2026-10-05 13:00:03,538[0m][[34mpytorch[0m][[32mINFO[0m] - 	+ Enabling eval mode[0m
[MAIN-PROCESS][[36m2026-10-05 13:00:03,539[0m][[34mpytorch[0m][[32mINFO[0m] - 	+ Cleaning up backend temporary directory[0m
[MAIN-PROCESS][[36m2026-10-05 13:00:03,686[0m][[34minference[0m][[32mINFO[0m] - 	+ Preparing inputs for backend pytorch[0m
[MAIN-PROCESS][[36m2026-10-05 13:00:03,687[0m][[34minference[0m][[32mINFO[0m] - 	+ Warming up backend for Text Generation[0m
[MAIN-PROCESS][[36m2026-10-05 13:00:10,871[0m][[34minference[0m][[32mINFO[0m] - 	+ Running Per-Token Text Generation latency tracking[0m
[MAIN-PROCESS][[36m2026-10-05 13:00:18,706[0m][[34minference[0m][[32mINFO[0m] - 	+ Running Text Generation memory tracking[0m
[MAIN-PROCESS][[36m2026-10-05 13:00:20,752[0m][[34mreport[0m][[32mINFO[0m] - + load_model:[0m
[MAIN-PROCESS][[36m2026-10-05 13:00:20,753[0m][[34mreport[0m][[32mINFO[0m] - 	+ memory:[0m
[MAIN-PROCESS][[36m2026-10-05 13:00:20,753[0m][[34mreport[0m][[32mINFO[0m] - 		+ max_ram: 1272.42 (MB)[0m
[MAIN-PROCESS][[36m2026-10-05 13:00:20,753[0m][[34mreport[0m][[32mINFO[0m] - 	+ latency:[0m
[MAIN-PROCESS][[36m2026-10-05 13:00:20,753[0m][[34mreport[0m][[32mINFO[0m] - 		+ count: 1[0m
[MAIN-PROCESS][[36m2026-10-05 13:00:20,753[0m][[34mreport[0m][[32mINFO[0m] - 		+ total: 20.250339 (s)[0m
[MAIN-PROCESS][[36m2026-10-05 13:00:20,753[0m][[34mreport[0m][[32mINFO[0m] - 		+ mean: 20.250339 (s)[0m
[MAIN-PROCESS][[36m2026-10-05 13:00:20,753[0m][[34mreport[0m][[32mINFO[0m] - 		+ p50: 20.250339 (s)[0m
[MAIN-PROCESS][[36m2026-10-05 13:00:20,753[0m][[34mreport[0m][[32mINFO[0m] - 		+ p90: 20.250339 (s)[0m
[MAIN-PROCESS][[36m2026-10-05 13:00:20,753[0m][[34mreport[0m][[32mINFO[0m] - 		+ p95: 20.250339 (s)[0m
[MAIN-PROCESS][[36m2026-10-05 13:00:20,754[0m][[34mreport[0m][[32mINFO[0m] - 		+ p99: 20.250339 (s)[0m
[MAIN-PROCESS][[36m2026-10-05 13:00:20,754[0m][[34mreport[0m][[32mINFO[0m] - 		+ stdev: 0.000000 (s)[0m
[MAIN-PROCESS][[36m2026-10-05 13:00:20,754[0m][[34mreport[0m][[32mINFO[0m] - 		+ stdev_: 0.00 (%)[0m
[MAIN-PROCESS][[36m2026-10-05 13:00:20,754[0m][[34mreport[0m][[32mINFO[0m] - + first_generate:[0m
[MAIN-PROCESS][[36m2026-10-05 13:00:20,754[0m][[34mreport[0m][[32mINFO[0m] - 	+ memory:[0m
[MAIN-PROCESS][[36m2026-10-05 13:00:20,754[0m][[34mreport[0m][[32mINFO[0m] - 		+ max_ram: 1026.75 (MB)[0m
[MAIN-PROCESS][[36m2026-10-05 13:00:20,754[0m][[34mreport[0m][[32mINFO[0m] - 	+ latency:[0m
[MAIN-PROCESS][[36m2026-10-05 13:00:20,754[0m][[34mreport[0m][[32mINFO[0m] - 		+ count: 1[0m
[MAIN-PROCESS][[36m2026-10-05 13:00:20,754[0m][[34mreport[0m][[32mINFO[0m] - 		+ total: 1.559630 (s)[0m
[MAIN-PROCESS][[36m2026-10-05 13:00:20,754[0m][[34mreport[0m][[32mINFO[0m] - 		+ mean: 1.559630 (s)[0m
[MAIN-PROCESS][[36m2026-10-05 13:00:20,754[0m][[34mreport[0m][[32mINFO[0m] - 		+ p50: 1.559630 (s)[0m
[MAIN-PROCESS][[36m2026-10-05 13:00:20,754[0m][[34mreport[0m][[32mINFO[0m] - 		+ p90: 1.559630 (s)[0m
[MAIN-PROCESS][[36m2026-10-05 13:00:20,754[0m][[34mreport[0m][[32mINFO[0m] - 		+ p95: 1.559630 (s)[0m
[MAIN-PROCESS][[36m2026-10-05 13:00:20,754[0m][[34mreport[0m][[32mINFO[0m] - 		+ p99: 1.559630 (s)[0m
[MAIN-PROCESS][[36m2026-10-05 13:00:20,755[0m][[34mreport[0m][[32mINFO[0m] - 		+ stdev: 0.000000 (s)[0m
[MAIN-PROCESS][[36m2026-10-05 13:00:20,755[0m][[34mreport[0m][[32mINFO[0m] - 		+ stdev_: 0.00 (%)[0m
[MAIN-PROCESS][[36m2026-10-05 13:00:20,755[0m][[34mreport[0m][[32mINFO[0m] - + generate:[0m
[MAIN-PROCESS][[36m2026-10-05 13:00:20,755[0m][[34mreport[0m][[32mINFO[0m] - 	+ latency:[0m
[MAIN-PROCESS][[36m2026-10-05 13:00:20,755[0m][[34mreport[0m][[32mINFO[0m] - 		+ count: 5[0m
[MAIN-PROCESS][[36m2026-10-05 13:00:20,755[0m][[34mreport[0m][[32mINFO[0m] - 		+ total: 7.830796 (s)[0m
[MAIN-PROCESS][[36m2026-10-05 13:00:20,755[0m][[34mreport[0m][[32mINFO[0m] - 		+ mean: 1.566159 (s)[0m
[MAIN-PROCESS][[36m2026-10-05 13:00:20,755[0m][[34mreport[0m][[32mINFO[0m] - 		+ p50: 1.579129 (s)[0m
[MAIN-PROCESS][[36m2026-10-05 13:00:20,755[0m][[34mreport[0m][[32mINFO[0m] - 		+ p90: 1.675268 (s)[0m
[MAIN-PROCESS][[36m2026-10-05 13:00:20,755[0m][[34mreport[0m][[32mINFO[0m] - 		+ p95: 1.701730 (s)[0m
[MAIN-PROCESS][[36m2026-10-05 13:00:20,755[0m][[34mreport[0m][[32mINFO[0m] - 		+ p99: 1.722900 (s)[0m
[MAIN-PROCESS][[36m2026-10-05 13:00:20,755[0m][[34mreport[0m][[32mINFO[0m] - 		+ stdev: 0.098288 (s)[0m
[MAIN-PROCESS][[36m2026-10-05 13:00:20,755[0m][[34mreport[0m][[32mINFO[0m] - 		+ stdev_: 6.28 (%)[0m
[MAIN-PROCESS][[36m2026-10-05 13:00:20,755[0m][[34mreport[0m][[32mINFO[0m] - 	+ throughput:[0m
[MAIN-PROCESS][[36m2026-10-05 13:00:20,756[0m][[34mreport[0m][[32mINFO[0m] - 		+ throughput: 19.79 (samples/s)[0m
[MAIN-PROCESS][[36m2026-10-05 13:00:20,756[0m][[34mreport[0m][[32mINFO[0m] - + prefill:[0m
[MAIN-PROCESS][[36m2026-10-05 13:00:20,756[0m][[34mreport[0m][[32mINFO[0m] - 	+ memory:[0m
[MAIN-PROCESS][[36m2026-10-05 13:00:20,756[0m][[34mreport[0m][[32mINFO[0m] - 		+ max_ram: 1027.09 (MB)[0m
[MAIN-PROCESS][[36m2026-10-05 13:00:20,756[0m][[34mreport[0m][[32mINFO[0m] - 	+ latency:[0m
[MAIN-PROCESS][[36m2026-10-05 13:00:20,756[0m][[34mreport[0m][[32mINFO[0m] - 		+ count: 5[0m
[MAIN-PROCESS][[36m2026-10-05 13:00:20,756[0m][[34mreport[0m][[32mINFO[0m] - 		+ total: 1.058412 (s)[0m
[MAIN-PROCESS][[36m2026-10-05 13:00:20,756[0m][[34mreport[0m][[32mINFO[0m] - 		+ mean: 0.211682 (s)[0m
[MAIN-PROCESS][[36m2026-10-05 13:00:20,756[0m][[34mreport[0m][[32mINFO[0m] - 		+ p50: 0.209232 (s)[0m
[MAIN-PROCESS][[36m2026-10-05 13:00:20,756[0m][[34mreport[0m][[32mINFO[0m] - 		+ p90: 0.243413 (s)[0m
[MAIN-PROCESS][[36m2026-10-05 13:00:20,756[0m][[34mreport[0m][[32mINFO[0m] - 		+ p95: 0.244778 (s)[0m
[MAIN-PROCESS][[36m2026-10-05 13:00:20,756[0m][[34mreport[0m][[32mINFO[0m] - 		+ p99: 0.245869 (s)[0m
[MAIN-PROCESS][[36m2026-10-05 13:00:20,756[0m][[34mreport[0m][[32mINFO[0m] - 		+ stdev: 0.028452 (s)[0m
[MAIN-PROCESS][[36m2026-10-05 13:00:20,756[0m][[34mreport[0m][[32mINFO[0m] - 		+ stdev_: 13.44 (%)[0m
[MAIN-PROCESS][[36m2026-10-05 13:00:20,757[0m][[34mreport[0m][[32mINFO[0m] - 	+ throughput:[0m
[MAIN-PROCESS][[36m2026-10-05 13:00:20,757[0m][[34mreport[0m][[32mINFO[0m] - 		+ throughput: 4.72 (samples/s)[0m
[MAIN-PROCESS][[36m2026-10-05 13:00:20,757[0m][[34mreport[0m][[32mINFO[0m] - + decode:[0m
[MAIN-PROCESS][[36m2026-10-05 13:00:20,757[0m][[34mreport[0m][[32mINFO[0m] - 	+ memory:[0m
[MAIN-PROCESS][[36m2026-10-05 13:00:20,757[0m][[34mreport[0m][[32mINFO[0m] - 		+ max_ram: 1027.09 (MB)[0m
[MAIN-PROCESS][[36m2026-10-05 13:00:20,757[0m][[34mreport[0m][[32mINFO[0m] - 	+ latency:[0m
[MAIN-PROCESS][[36m2026-10-05 13:00:20,757[0m][[34mreport[0m][[32mINFO[0m] - 		+ count: 5[0m
[MAIN-PROCESS][[36m2026-10-05 13:00:20,757[0m][[34mreport[0m][[32mINFO[0m] - 		+ total: 6.772384 (s)[0m
[MAIN-PROCESS][[36m2026-10-05 13:00:20,757[0m][[34mreport[0m][[32mINFO[0m] - 		+ mean: 1.354477 (s)[0m
[MAIN-PROCESS][[36m2026-10-05 13:00:20,757[0m][[34mreport[0m][[32mINFO[0m] - 		+ p50: 1.349738 (s)[0m
[MAIN-PROCESS][[36m2026-10-05 13:00:20,757[0m][[34mreport[0m][[32mINFO[0m] - 		+ p90: 1.457223 (s)[0m
[MAIN-PROCESS][[36m2026-10-05 13:00:20,757[0m][[34mreport[0m][[32mINFO[0m] - 		+ p95: 1.473048 (s)[0m
[MAIN-PROCESS][[36m2026-10-05 13:00:20,757[0m][[34mreport[0m][[32mINFO[0m] - 		+ p99: 1.485708 (s)[0m
[MAIN-PROCESS][[36m2026-10-05 13:00:20,757[0m][[34mreport[0m][[32mINFO[0m] - 		+ stdev: 0.087472 (s)[0m
[MAIN-PROCESS][[36m2026-10-05 13:00:20,758[0m][[34mreport[0m][[32mINFO[0m] - 		+ stdev_: 6.46 (%)[0m
[MAIN-PROCESS][[36m2026-10-05 13:00:20,758[0m][[34mreport[0m][[32mINFO[0m] - 	+ throughput:[0m
[MAIN-PROCESS][[36m2026-10-05 13:00:20,758[0m][[34mreport[0m][[32mINFO[0m] - 		+ throughput: 22.89 (tokens/s)[0m
[MAIN-PROCESS][[36m2026-10-05 13:00:20,758[0m][[34mreport[0m][[32mINFO[0m] - + per_token:[0m
[MAIN-PROCESS][[36m2026-10-05 13:00:20,758[0m][[34mreport[0m][[32mINFO[0m] - 	+ latency:[0m
[MAIN-PROCESS][[36m2026-10-05 13:00:20,758[0m][[34mreport[0m][[32mINFO[0m] - 		+ count: 475[0m
[MAIN-PROCESS][[36m2026-10-05 13:00:20,758[0m][[34mreport[0m][[32mINFO[0m] - 		+ total: 22.752659 (s)[0m
[MAIN-PROCESS][[36m2026-10-05 13:00:20,758[0m][[34mreport[0m][[32mINFO[0m] - 		+ mean: 0.047900 (s)[0m
[MAIN-PROCESS][[36m2026-10-05 13:00:20,758[0m][[34mreport[0m][[32mINFO[0m] - 		+ p50: 0.043855 (s)[0m
[MAIN-PROCESS][[36m2026-10-05 13:00:20,758[0m][[34mreport[0m][[32mINFO[0m] - 		+ p90: 0.051209 (s)[0m
[MAIN-PROCESS][[36m2026-10-05 13:00:20,758[0m][[34mreport[0m][[32mINFO[0m] - 		+ p95: 0.055176 (s)[0m
[MAIN-PROCESS][[36m2026-10-05 13:00:20,758[0m][[34mreport[0m][[32mINFO[0m] - 		+ p99: 0.218471 (s)[0m
[MAIN-PROCESS][[36m2026-10-05 13:00:20,758[0m][[34mreport[0m][[32mINFO[0m] - 		+ stdev: 0.026727 (s)[0m
[MAIN-PROCESS][[36m2026-10-05 13:00:20,758[0m][[34mreport[0m][[32mINFO[0m] - 		+ stdev_: 55.80 (%)[0m
Error executing job with overrides: ['launcher=inline', 'backend.model=HuggingFaceTB/SmolLM2-135M', 'backend.inter_op_num_threads=2', 'scenario.warmup_runs=10', 'scenario.input_shapes.batch_size=1', 'scenario.input_shapes.sequence_length=128', 'scenario.iterations=5', 'scenario.duration=0', '+scenario.generate_kwargs.max_new_tokens=32', '+scenario.generate_kwargs.min_new_tokens=32']
Traceback (most recent call last):
  File "/opt/venvs/bench/lib/python3.11/site-packages/optimum_benchmark/cli.py", line 80, in main
    benchmark.save_json("benchmark.json")
  File "/opt/venvs/bench/lib/python3.11/site-packages/optimum_benchmark/hub_utils.py", line 49, in save_json
    dump(self.to_dict(flat=flat), f, indent=4)
  File "/usr/lib/python3.11/json/__init__.py", line 179, in dump
    for chunk in iterable:
  File "/usr/lib/python3.11/json/encoder.py", line 432, in _iterencode
    yield from _iterencode_dict(o, _current_indent_level)
  File "/usr/lib/python3.11/json/encoder.py", line 406, in _iterencode_dict
    yield from chunks
  File "/usr/lib/python3.11/json/encoder.py", line 406, in _iterencode_dict
    yield from chunks
  File "/usr/lib/python3.11/json/encoder.py", line 406, in _iterencode_dict
    yield from chunks
  [Previous line repeated 1 more time]
  File "/usr/lib/python3.11/json/encoder.py", line 326, in _iterencode_list
    yield from chunks
  File "/usr/lib/python3.11/json/encoder.py", line 439, in _iterencode
    o = _default(o)
        ^^^^^^^^^^^
  File "/usr/lib/python3.11/json/encoder.py", line 180, in default
    raise TypeError(f'Object of type {o.__class__.__name__} '
TypeError: Object of type PerTokenLatencySessionTrackerLogitsProcessor is not JSON serializable

Set the environment variable HYDRA_FULL_ERROR=1 for a complete stack trace.
