[MAIN-PROCESS][[36m2026-10-05 13:01:38,215[0m][[34mprocess[0m][[32mINFO[0m] - Allocated process launcher[0m
[MAIN-PROCESS][[36m2026-10-05 13:01:38,216[0m][[34mprocess[0m][[32mINFO[0m] - 	+ Setting multiprocessing start method to spawn[0m
[ISOLATED-PROCESS][[36m2026-10-05 13:01:42,789[0m][[34mpytorch[0m][[32mINFO[0m] - Allocating pytorch backend[0m
[ISOLATED-PROCESS][[36m2026-10-05 13:01:42,789[0m][[34mpytorch[0m][[32mINFO[0m] - 	+ Seeding backend with 0[0m
[ISOLATED-PROCESS][[36m2026-10-05 13:01:42,792[0m][[34mpytorch[0m][[32mINFO[0m] - 	+ Benchmarking a Transformers model[0m
[ISOLATED-PROCESS][[36m2026-10-05 13:01:44,488[0m][[34mpytorch[0m][[32mINFO[0m] - 	+ Setting pytorch inter_op_num_threads(4))[0m
[ISOLATED-PROCESS][[36m2026-10-05 13:01:44,491[0m][[34minference[0m][[32mINFO[0m] - Allocating inference scenario[0m
[ISOLATED-PROCESS][[36m2026-10-05 13:01:44,491[0m][[34minference[0m][[32mINFO[0m] - 	+ Updating Text Generation kwargs with default values[0m
[ISOLATED-PROCESS][[36m2026-10-05 13:01:44,491[0m][[34minference[0m][[32mINFO[0m] - 	+ Initializing Text Generation targets list[0m
[ISOLATED-PROCESS][[36m2026-10-05 13:01:44,492[0m][[34minference[0m][[32mINFO[0m] - 	+ Initializing Latency tracker[0m
[ISOLATED-PROCESS][[36m2026-10-05 13:01:44,492[0m][[34mlatency[0m][[32mINFO[0m] - 		+ Tracking latency using CPU performance counter[0m
[ISOLATED-PROCESS][[36m2026-10-05 13:01:44,492[0m][[34minference[0m][[32mINFO[0m] - 	+ Initializing Per-Token Latency tracker[0m
[ISOLATED-PROCESS][[36m2026-10-05 13:01:44,493[0m][[34mlatency[0m][[32mINFO[0m] - 		+ Tracking latency using CPU performance counter[0m
[ISOLATED-PROCESS][[36m2026-10-05 13:01:44,493[0m][[34minference[0m][[32mINFO[0m] - 	+ Initializing Memory tracker[0m
[ISOLATED-PROCESS][[36m2026-10-05 13:01:44,493[0m][[34mmemory[0m][[32mINFO[0m] - 		+ Tracking RAM memory of process 887[0m
[ISOLATED-PROCESS][[36m2026-10-05 13:01:44,493[0m][[34minference[0m][[32mINFO[0m] - 	+ Generating inputs for task text-generation[0m
[ISOLATED-PROCESS][[36m2026-10-05 13:01:44,493[0m][[34minference[0m][[32mINFO[0m] - 	+ Running model loading tracking[0m
[ISOLATED-PROCESS][[36m2026-10-05 13:01:48,444[0m][[34mpytorch[0m][[32mINFO[0m] - 	+ Creating backend temporary directory[0m
[ISOLATED-PROCESS][[36m2026-10-05 13:01:48,445[0m][[34mpytorch[0m][[32mINFO[0m] - 	+ Loading model with pretrained weights[0m
[ISOLATED-PROCESS][[36m2026-10-05 13:01:48,445[0m][[34mpytorch[0m][[32mINFO[0m] - 	+ Loading Transformers model[0m
[ISOLATED-PROCESS][[36m2026-10-05 13:01:50,634[0m][[34mpytorch[0m][[32mINFO[0m] - 	+ Enabling eval mode[0m
[ISOLATED-PROCESS][[36m2026-10-05 13:01:50,636[0m][[34mpytorch[0m][[32mINFO[0m] - 	+ Cleaning up backend temporary directory[0m
[ISOLATED-PROCESS][[36m2026-10-05 13:01:50,638[0m][[34minference[0m][[32mINFO[0m] - 	+ Preparing inputs for backend pytorch[0m
[ISOLATED-PROCESS][[36m2026-10-05 13:01:50,638[0m][[34minference[0m][[32mINFO[0m] - 	+ Warming up backend for Text Generation[0m
[ISOLATED-PROCESS][[36m2026-10-05 13:02:20,642[0m][[34minference[0m][[32mINFO[0m] - 	+ Running Per-Token Text Generation latency tracking[0m
[ISOLATED-PROCESS][[36m2026-10-05 13:02:53,386[0m][[34minference[0m][[32mINFO[0m] - 	+ Running Text Generation memory tracking[0m
[ISOLATED-PROCESS][[36m2026-10-05 13:03:11,754[0m][[34mprocess[0m][[32mINFO[0m] - 	+ Sending report dictionary to main process[0m
[ISOLATED-PROCESS][[36m2026-10-05 13:03:11,756[0m][[34mprocess[0m][[32mINFO[0m] - 	+ Sending report dictionary directly (13377 bytes)[0m
[ISOLATED-PROCESS][[36m2026-10-05 13:03:11,756[0m][[34mprocess[0m][[32mINFO[0m] - 	+ Exiting isolated process[0m
[MAIN-PROCESS][[36m2026-10-05 13:03:11,756[0m][[34mprocess[0m][[32mINFO[0m] - 	+ Received report dictionary from isolated process[0m
[MAIN-PROCESS][[36m2026-10-05 13:03:11,761[0m][[34mreport[0m][[32mINFO[0m] - + load_model:[0m
[MAIN-PROCESS][[36m2026-10-05 13:03:11,761[0m][[34mreport[0m][[32mINFO[0m] - 	+ memory:[0m
[MAIN-PROCESS][[36m2026-10-05 13:03:11,762[0m][[34mreport[0m][[32mINFO[0m] - 		+ max_ram: 1279.76 (MB)[0m
[MAIN-PROCESS][[36m2026-10-05 13:03:11,762[0m][[34mreport[0m][[32mINFO[0m] - 	+ latency:[0m
[MAIN-PROCESS][[36m2026-10-05 13:03:11,762[0m][[34mreport[0m][[32mINFO[0m] - 		+ count: 1[0m
[MAIN-PROCESS][[36m2026-10-05 13:03:11,762[0m][[34mreport[0m][[32mINFO[0m] - 		+ total: 2.192268 (s)[0m
[MAIN-PROCESS][[36m2026-10-05 13:03:11,762[0m][[34mreport[0m][[32mINFO[0m] - 		+ mean: 2.192268 (s)[0m
[MAIN-PROCESS][[36m2026-10-05 13:03:11,762[0m][[34mreport[0m][[32mINFO[0m] - 		+ p50: 2.192268 (s)[0m
[MAIN-PROCESS][[36m2026-10-05 13:03:11,762[0m][[34mreport[0m][[32mINFO[0m] - 		+ p90: 2.192268 (s)[0m
[MAIN-PROCESS][[36m2026-10-05 13:03:11,762[0m][[34mreport[0m][[32mINFO[0m] - 		+ p95: 2.192268 (s)[0m
[MAIN-PROCESS][[36m2026-10-05 13:03:11,763[0m][[34mreport[0m][[32mINFO[0m] - 		+ p99: 2.192268 (s)[0m
[MAIN-PROCESS][[36m2026-10-05 13:03:11,763[0m][[34mreport[0m][[32mINFO[0m] - 		+ stdev: 0.000000 (s)[0m
[MAIN-PROCESS][[36m2026-10-05 13:03:11,763[0m][[34mreport[0m][[32mINFO[0m] - 		+ stdev_: 0.00 (%)[0m
[MAIN-PROCESS][[36m2026-10-05 13:03:11,763[0m][[34mreport[0m][[32mINFO[0m] - + first_generate:[0m
[MAIN-PROCESS][[36m2026-10-05 13:03:11,763[0m][[34mreport[0m][[32mINFO[0m] - 	+ memory:[0m
[MAIN-PROCESS][[36m2026-10-05 13:03:11,763[0m][[34mreport[0m][[32mINFO[0m] - 		+ max_ram: 1032.60 (MB)[0m
[MAIN-PROCESS][[36m2026-10-05 13:03:11,763[0m][[34mreport[0m][[32mINFO[0m] - 	+ latency:[0m
[MAIN-PROCESS][[36m2026-10-05 13:03:11,763[0m][[34mreport[0m][[32mINFO[0m] - 		+ count: 1[0m
[MAIN-PROCESS][[36m2026-10-05 13:03:11,763[0m][[34mreport[0m][[32mINFO[0m] - 		+ total: 8.636821 (s)[0m
[MAIN-PROCESS][[36m2026-10-05 13:03:11,763[0m][[34mreport[0m][[32mINFO[0m] - 		+ mean: 8.636821 (s)[0m
[MAIN-PROCESS][[36m2026-10-05 13:03:11,764[0m][[34mreport[0m][[32mINFO[0m] - 		+ p50: 8.636821 (s)[0m
[MAIN-PROCESS][[36m2026-10-05 13:03:11,764[0m][[34mreport[0m][[32mINFO[0m] - 		+ p90: 8.636821 (s)[0m
[MAIN-PROCESS][[36m2026-10-05 13:03:11,764[0m][[34mreport[0m][[32mINFO[0m] - 		+ p95: 8.636821 (s)[0m
[MAIN-PROCESS][[36m2026-10-05 13:03:11,764[0m][[34mreport[0m][[32mINFO[0m] - 		+ p99: 8.636821 (s)[0m
[MAIN-PROCESS][[36m2026-10-05 13:03:11,764[0m][[34mreport[0m][[32mINFO[0m] - 		+ stdev: 0.000000 (s)[0m
[MAIN-PROCESS][[36m2026-10-05 13:03:11,764[0m][[34mreport[0m][[32mINFO[0m] - 		+ stdev_: 0.00 (%)[0m
[MAIN-PROCESS][[36m2026-10-05 13:03:11,764[0m][[34mreport[0m][[32mINFO[0m] - + generate:[0m
[MAIN-PROCESS][[36m2026-10-05 13:03:11,764[0m][[34mreport[0m][[32mINFO[0m] - 	+ latency:[0m
[MAIN-PROCESS][[36m2026-10-05 13:03:11,764[0m][[34mreport[0m][[32mINFO[0m] - 		+ count: 5[0m
[MAIN-PROCESS][[36m2026-10-05 13:03:11,764[0m][[34mreport[0m][[32mINFO[0m] - 		+ total: 32.742371 (s)[0m
[MAIN-PROCESS][[36m2026-10-05 13:03:11,765[0m][[34mreport[0m][[32mINFO[0m] - 		+ mean: 6.548474 (s)[0m
[MAIN-PROCESS][[36m2026-10-05 13:03:11,765[0m][[34mreport[0m][[32mINFO[0m] - 		+ p50: 6.742798 (s)[0m
[MAIN-PROCESS][[36m2026-10-05 13:03:11,765[0m][[34mreport[0m][[32mINFO[0m] - 		+ p90: 6.906116 (s)[0m
[MAIN-PROCESS][[36m2026-10-05 13:03:11,765[0m][[34mreport[0m][[32mINFO[0m] - 		+ p95: 6.948671 (s)[0m
[MAIN-PROCESS][[36m2026-10-05 13:03:11,765[0m][[34mreport[0m][[32mINFO[0m] - 		+ p99: 6.982715 (s)[0m
[MAIN-PROCESS][[36m2026-10-05 13:03:11,765[0m][[34mreport[0m][[32mINFO[0m] - 		+ stdev: 0.429892 (s)[0m
[MAIN-PROCESS][[36m2026-10-05 13:03:11,765[0m][[34mreport[0m][[32mINFO[0m] - 		+ stdev_: 6.56 (%)[0m
[MAIN-PROCESS][[36m2026-10-05 13:03:11,765[0m][[34mreport[0m][[32mINFO[0m] - 	+ throughput:[0m
[MAIN-PROCESS][[36m2026-10-05 13:03:11,765[0m][[34mreport[0m][[32mINFO[0m] - 		+ throughput: 4.73 (samples/s)[0m
[MAIN-PROCESS][[36m2026-10-05 13:03:11,766[0m][[34mreport[0m][[32mINFO[0m] - + prefill:[0m
[MAIN-PROCESS][[36m2026-10-05 13:03:11,766[0m][[34mreport[0m][[32mINFO[0m] - 	+ memory:[0m
[MAIN-PROCESS][[36m2026-10-05 13:03:11,766[0m][[34mreport[0m][[32mINFO[0m] - 		+ max_ram: 1032.65 (MB)[0m
[MAIN-PROCESS][[36m2026-10-05 13:03:11,766[0m][[34mreport[0m][[32mINFO[0m] - 	+ latency:[0m
[MAIN-PROCESS][[36m2026-10-05 13:03:11,766[0m][[34mreport[0m][[32mINFO[0m] - 		+ count: 5[0m
[MAIN-PROCESS][[36m2026-10-05 13:03:11,766[0m][[34mreport[0m][[32mINFO[0m] - 		+ total: 3.673931 (s)[0m
[MAIN-PROCESS][[36m2026-10-05 13:03:11,766[0m][[34mreport[0m][[32mINFO[0m] - 		+ mean: 0.734786 (s)[0m
[MAIN-PROCESS][[36m2026-10-05 13:03:11,766[0m][[34mreport[0m][[32mINFO[0m] - 		+ p50: 0.829494 (s)[0m
[MAIN-PROCESS][[36m2026-10-05 13:03:11,766[0m][[34mreport[0m][[32mINFO[0m] - 		+ p90: 1.042556 (s)[0m
[MAIN-PROCESS][[36m2026-10-05 13:03:11,766[0m][[34mreport[0m][[32mINFO[0m] - 		+ p95: 1.048925 (s)[0m
[MAIN-PROCESS][[36m2026-10-05 13:03:11,767[0m][[34mreport[0m][[32mINFO[0m] - 		+ p99: 1.054020 (s)[0m
[MAIN-PROCESS][[36m2026-10-05 13:03:11,767[0m][[34mreport[0m][[32mINFO[0m] - 		+ stdev: 0.310912 (s)[0m
[MAIN-PROCESS][[36m2026-10-05 13:03:11,767[0m][[34mreport[0m][[32mINFO[0m] - 		+ stdev_: 42.31 (%)[0m
[MAIN-PROCESS][[36m2026-10-05 13:03:11,767[0m][[34mreport[0m][[32mINFO[0m] - 	+ throughput:[0m
[MAIN-PROCESS][[36m2026-10-05 13:03:11,767[0m][[34mreport[0m][[32mINFO[0m] - 		+ throughput: 1.36 (samples/s)[0m
[MAIN-PROCESS][[36m2026-10-05 13:03:11,767[0m][[34mreport[0m][[32mINFO[0m] - + decode:[0m
[MAIN-PROCESS][[36m2026-10-05 13:03:11,767[0m][[34mreport[0m][[32mINFO[0m] - 	+ memory:[0m
[MAIN-PROCESS][[36m2026-10-05 13:03:11,767[0m][[34mreport[0m][[32mINFO[0m] - 		+ max_ram: 1032.65 (MB)[0m
[MAIN-PROCESS][[36m2026-10-05 13:03:11,768[0m][[34mreport[0m][[32mINFO[0m] - 	+ latency:[0m
[MAIN-PROCESS][[36m2026-10-05 13:03:11,768[0m][[34mreport[0m][[32mINFO[0m] - 		+ count: 5[0m
[MAIN-PROCESS][[36m2026-10-05 13:03:11,768[0m][[34mreport[0m][[32mINFO[0m] - 		+ total: 29.068439 (s)[0m
[MAIN-PROCESS][[36m2026-10-05 13:03:11,768[0m][[34mreport[0m][[32mINFO[0m] - 		+ mean: 5.813688 (s)[0m
[MAIN-PROCESS][[36m2026-10-05 13:03:11,768[0m][[34mreport[0m][[32mINFO[0m] - 		+ p50: 5.948958 (s)[0m
[MAIN-PROCESS][[36m2026-10-05 13:03:11,768[0m][[34mreport[0m][[32mINFO[0m] - 		+ p90: 6.537499 (s)[0m
[MAIN-PROCESS][[36m2026-10-05 13:03:11,768[0m][[34mreport[0m][[32mINFO[0m] - 		+ p95: 6.644168 (s)[0m
[MAIN-PROCESS][[36m2026-10-05 13:03:11,768[0m][[34mreport[0m][[32mINFO[0m] - 		+ p99: 6.729503 (s)[0m
[MAIN-PROCESS][[36m2026-10-05 13:03:11,768[0m][[34mreport[0m][[32mINFO[0m] - 		+ stdev: 0.691110 (s)[0m
[MAIN-PROCESS][[36m2026-10-05 13:03:11,768[0m][[34mreport[0m][[32mINFO[0m] - 		+ stdev_: 11.89 (%)[0m
[MAIN-PROCESS][[36m2026-10-05 13:03:11,769[0m][[34mreport[0m][[32mINFO[0m] - 	+ throughput:[0m
[MAIN-PROCESS][[36m2026-10-05 13:03:11,769[0m][[34mreport[0m][[32mINFO[0m] - 		+ throughput: 5.33 (tokens/s)[0m
[MAIN-PROCESS][[36m2026-10-05 13:03:11,769[0m][[34mreport[0m][[32mINFO[0m] - + per_token:[0m
[MAIN-PROCESS][[36m2026-10-05 13:03:11,769[0m][[34mreport[0m][[32mINFO[0m] - 	+ latency:[0m
[MAIN-PROCESS][[36m2026-10-05 13:03:11,769[0m][[34mreport[0m][[32mINFO[0m] - 		+ count: 475[0m
[MAIN-PROCESS][[36m2026-10-05 13:03:11,769[0m][[34mreport[0m][[32mINFO[0m] - 		+ total: 95.821661 (s)[0m
[MAIN-PROCESS][[36m2026-10-05 13:03:11,769[0m][[34mreport[0m][[32mINFO[0m] - 		+ mean: 0.201730 (s)[0m
[MAIN-PROCESS][[36m2026-10-05 13:03:11,769[0m][[34mreport[0m][[32mINFO[0m] - 		+ p50: 0.078634 (s)[0m
[MAIN-PROCESS][[36m2026-10-05 13:03:11,769[0m][[34mreport[0m][[32mINFO[0m] - 		+ p90: 0.421696 (s)[0m
[MAIN-PROCESS][[36m2026-10-05 13:03:11,769[0m][[34mreport[0m][[32mINFO[0m] - 		+ p95: 0.598014 (s)[0m
[MAIN-PROCESS][[36m2026-10-05 13:03:11,770[0m][[34mreport[0m][[32mINFO[0m] - 		+ p99: 1.024919 (s)[0m
[MAIN-PROCESS][[36m2026-10-05 13:03:11,770[0m][[34mreport[0m][[32mINFO[0m] - 		+ stdev: 0.196020 (s)[0m
[MAIN-PROCESS][[36m2026-10-05 13:03:11,770[0m][[34mreport[0m][[32mINFO[0m] - 		+ stdev_: 97.17 (%)[0m
