[MAIN-PROCESS][[36m2026-10-05 13:00:29,745[0m][[34minline[0m][[32mINFO[0m] - Allocated inline launcher[0m
[MAIN-PROCESS][[36m2026-10-05 13:00:29,745[0m][[34minline[0m][[33mWARNING[0m] - The inline launcher is only recommended for debugging purposes and not for benchmarking[0m
[MAIN-PROCESS][[36m2026-10-05 13:00:30,238[0m][[34mpytorch[0m][[32mINFO[0m] - Allocating pytorch backend[0m
[MAIN-PROCESS][[36m2026-10-05 13:00:30,238[0m][[34mpytorch[0m][[32mINFO[0m] - 	+ Seeding backend with 0[0m
[MAIN-PROCESS][[36m2026-10-05 13:00:30,241[0m][[34mpytorch[0m][[32mINFO[0m] - 	+ Benchmarking a Transformers model[0m
[MAIN-PROCESS][[36m2026-10-05 13:00:31,299[0m][[34mpytorch[0m][[32mINFO[0m] - 	+ Setting pytorch inter_op_num_threads(4))[0m
[MAIN-PROCESS][[36m2026-10-05 13:00:31,302[0m][[34minference[0m][[32mINFO[0m] - Allocating inference scenario[0m
[MAIN-PROCESS][[36m2026-10-05 13:00:31,302[0m][[34minference[0m][[32mINFO[0m] - 	+ Updating Text Generation kwargs with default values[0m
[MAIN-PROCESS][[36m2026-10-05 13:00:31,302[0m][[34minference[0m][[32mINFO[0m] - 	+ Initializing Text Generation targets list[0m
[MAIN-PROCESS][[36m2026-10-05 13:00:31,303[0m][[34minference[0m][[32mINFO[0m] - 	+ Initializing Latency tracker[0m
[MAIN-PROCESS][[36m2026-10-05 13:00:31,303[0m][[34mlatency[0m][[32mINFO[0m] - 		+ Tracking latency using CPU performance counter[0m
[MAIN-PROCESS][[36m2026-10-05 13:00:31,303[0m][[34minference[0m][[32mINFO[0m] - 	+ Initializing Per-Token Latency tracker[0m
[MAIN-PROCESS][[36m2026-10-05 13:00:31,303[0m][[34mlatency[0m][[32mINFO[0m] - 		+ Tracking latency using CPU performance counter[0m
[MAIN-PROCESS][[36m2026-10-05 13:00:31,303[0m][[34minference[0m][[32mINFO[0m] - 	+ Initializing Memory tracker[0m
[MAIN-PROCESS][[36m2026-10-05 13:00:31,303[0m][[34mmemory[0m][[32mINFO[0m] - 		+ Tracking RAM memory of process 709[0m
[MAIN-PROCESS][[36m2026-10-05 13:00:31,303[0m][[34minference[0m][[32mINFO[0m] - 	+ Generating inputs for task text-generation[0m
[MAIN-PROCESS][[36m2026-10-05 13:00:31,304[0m][[34minference[0m][[32mINFO[0m] - 	+ Running model loading tracking[0m
[MAIN-PROCESS][[36m2026-10-05 13:00:31,318[0m][[34mpytorch[0m][[32mINFO[0m] - 	+ Creating backend temporary directory[0m
[MAIN-PROCESS][[36m2026-10-05 13:00:31,319[0m][[34mpytorch[0m][[32mINFO[0m] - 	+ Loading model with pretrained weights[0m
[MAIN-PROCESS][[36m2026-10-05 13:00:31,320[0m][[34mpytorch[0m][[32mINFO[0m] - 	+ Loading Transformers model[0m
[MAIN-PROCESS][[36m2026-10-05 13:00:31,866[0m][[34mpytorch[0m][[32mINFO[0m] - 	+ Enabling eval mode[0m
[MAIN-PROCESS][[36m2026-10-05 13:00:31,868[0m][[34mpytorch[0m][[32mINFO[0m] - 	+ Cleaning up backend temporary directory[0m
[MAIN-PROCESS][[36m2026-10-05 13:00:31,871[0m][[34minference[0m][[32mINFO[0m] - 	+ Preparing inputs for backend pytorch[0m
[MAIN-PROCESS][[36m2026-10-05 13:00:31,872[0m][[34minference[0m][[32mINFO[0m] - 	+ Warming up backend for Text Generation[0m
[MAIN-PROCESS][[36m2026-10-05 13:00:36,484[0m][[34minference[0m][[32mINFO[0m] - 	+ Running Per-Token Text Generation latency tracking[0m
[MAIN-PROCESS][[36m2026-10-05 13:00:41,918[0m][[34minference[0m][[32mINFO[0m] - 	+ Running Text Generation memory tracking[0m
[MAIN-PROCESS][[36m2026-10-05 13:00:43,491[0m][[34mreport[0m][[32mINFO[0m] - + load_model:[0m
[MAIN-PROCESS][[36m2026-10-05 13:00:43,491[0m][[34mreport[0m][[32mINFO[0m] - 	+ memory:[0m
[MAIN-PROCESS][[36m2026-10-05 13:00:43,491[0m][[34mreport[0m][[32mINFO[0m] - 		+ max_ram: 1270.20 (MB)[0m
[MAIN-PROCESS][[36m2026-10-05 13:00:43,492[0m][[34mreport[0m][[32mINFO[0m] - 	+ latency:[0m
[MAIN-PROCESS][[36m2026-10-05 13:00:43,492[0m][[34mreport[0m][[32mINFO[0m] - 		+ count: 1[0m
[MAIN-PROCESS][[36m2026-10-05 13:00:43,492[0m][[34mreport[0m][[32mINFO[0m] - 		+ total: 0.550290 (s)[0m
[MAIN-PROCESS][[36m2026-10-05 13:00:43,492[0m][[34mreport[0m][[32mINFO[0m] - 		+ mean: 0.550290 (s)[0m
[MAIN-PROCESS][[36m2026-10-05 13:00:43,492[0m][[34mreport[0m][[32mINFO[0m] - 		+ p50: 0.550290 (s)[0m
[MAIN-PROCESS][[36m2026-10-05 13:00:43,492[0m][[34mreport[0m][[32mINFO[0m] - 		+ p90: 0.550290 (s)[0m
[MAIN-PROCESS][[36m2026-10-05 13:00:43,492[0m][[34mreport[0m][[32mINFO[0m] - 		+ p95: 0.550290 (s)[0m
[MAIN-PROCESS][[36m2026-10-05 13:00:43,492[0m][[34mreport[0m][[32mINFO[0m] - 		+ p99: 0.550290 (s)[0m
[MAIN-PROCESS][[36m2026-10-05 13:00:43,493[0m][[34mreport[0m][[32mINFO[0m] - 		+ stdev: 0.000000 (s)[0m
[MAIN-PROCESS][[36m2026-10-05 13:00:43,493[0m][[34mreport[0m][[32mINFO[0m] - 		+ stdev_: 0.00 (%)[0m
[MAIN-PROCESS][[36m2026-10-05 13:00:43,493[0m][[34mreport[0m][[32mINFO[0m] - + first_generate:[0m
[MAIN-PROCESS][[36m2026-10-05 13:00:43,493[0m][[34mreport[0m][[32mINFO[0m] - 	+ memory:[0m
[MAIN-PROCESS][[36m2026-10-05 13:00:43,493[0m][[34mreport[0m][[32mINFO[0m] - 		+ max_ram: 1032.94 (MB)[0m
[MAIN-PROCESS][[36m2026-10-05 13:00:43,493[0m][[34mreport[0m][[32mINFO[0m] - 	+ latency:[0m
[MAIN-PROCESS][[36m2026-10-05 13:00:43,493[0m][[34mreport[0m][[32mINFO[0m] - 		+ count: 1[0m
[MAIN-PROCESS][[36m2026-10-05 13:00:43,493[0m][[34mreport[0m][[32mINFO[0m] - 		+ total: 1.344444 (s)[0m
[MAIN-PROCESS][[36m2026-10-05 13:00:43,494[0m][[34mreport[0m][[32mINFO[0m] - 		+ mean: 1.344444 (s)[0m
[MAIN-PROCESS][[36m2026-10-05 13:00:43,494[0m][[34mreport[0m][[32mINFO[0m] - 		+ p50: 1.344444 (s)[0m
[MAIN-PROCESS][[36m2026-10-05 13:00:43,494[0m][[34mreport[0m][[32mINFO[0m] - 		+ p90: 1.344444 (s)[0m
[MAIN-PROCESS][[36m2026-10-05 13:00:43,494[0m][[34mreport[0m][[32mINFO[0m] - 		+ p95: 1.344444 (s)[0m
[MAIN-PROCESS][[36m2026-10-05 13:00:43,494[0m][[34mreport[0m][[32mINFO[0m] - 		+ p99: 1.344444 (s)[0m
[MAIN-PROCESS][[36m2026-10-05 13:00:43,494[0m][[34mreport[0m][[32mINFO[0m] - 		+ stdev: 0.000000 (s)[0m
[MAIN-PROCESS][[36m2026-10-05 13:00:43,494[0m][[34mreport[0m][[32mINFO[0m] - 		+ stdev_: 0.00 (%)[0m
[MAIN-PROCESS][[36m2026-10-05 13:00:43,494[0m][[34mreport[0m][[32mINFO[0m] - + generate:[0m
[MAIN-PROCESS][[36m2026-10-05 13:00:43,494[0m][[34mreport[0m][[32mINFO[0m] - 	+ latency:[0m
[MAIN-PROCESS][[36m2026-10-05 13:00:43,495[0m][[34mreport[0m][[32mINFO[0m] - 		+ count: 5[0m
[MAIN-PROCESS][[36m2026-10-05 13:00:43,495[0m][[34mreport[0m][[32mINFO[0m] - 		+ total: 5.432452 (s)[0m
[MAIN-PROCESS][[36m2026-10-05 13:00:43,495[0m][[34mreport[0m][[32mINFO[0m] - 		+ mean: 1.086490 (s)[0m
[MAIN-PROCESS][[36m2026-10-05 13:00:43,495[0m][[34mreport[0m][[32mINFO[0m] - 		+ p50: 1.088943 (s)[0m
[MAIN-PROCESS][[36m2026-10-05 13:00:43,495[0m][[34mreport[0m][[32mINFO[0m] - 		+ p90: 1.136201 (s)[0m
[MAIN-PROCESS][[36m2026-10-05 13:00:43,495[0m][[34mreport[0m][[32mINFO[0m] - 		+ p95: 1.137286 (s)[0m
[MAIN-PROCESS][[36m2026-10-05 13:00:43,495[0m][[34mreport[0m][[32mINFO[0m] - 		+ p99: 1.138154 (s)[0m
[MAIN-PROCESS][[36m2026-10-05 13:00:43,495[0m][[34mreport[0m][[32mINFO[0m] - 		+ stdev: 0.045186 (s)[0m
[MAIN-PROCESS][[36m2026-10-05 13:00:43,496[0m][[34mreport[0m][[32mINFO[0m] - 		+ stdev_: 4.16 (%)[0m
[MAIN-PROCESS][[36m2026-10-05 13:00:43,496[0m][[34mreport[0m][[32mINFO[0m] - 	+ throughput:[0m
[MAIN-PROCESS][[36m2026-10-05 13:00:43,496[0m][[34mreport[0m][[32mINFO[0m] - 		+ throughput: 28.53 (samples/s)[0m
[MAIN-PROCESS][[36m2026-10-05 13:00:43,496[0m][[34mreport[0m][[32mINFO[0m] - + prefill:[0m
[MAIN-PROCESS][[36m2026-10-05 13:00:43,496[0m][[34mreport[0m][[32mINFO[0m] - 	+ memory:[0m
[MAIN-PROCESS][[36m2026-10-05 13:00:43,496[0m][[34mreport[0m][[32mINFO[0m] - 		+ max_ram: 1032.99 (MB)[0m
[MAIN-PROCESS][[36m2026-10-05 13:00:43,496[0m][[34mreport[0m][[32mINFO[0m] - 	+ latency:[0m
[MAIN-PROCESS][[36m2026-10-05 13:00:43,496[0m][[34mreport[0m][[32mINFO[0m] - 		+ count: 5[0m
[MAIN-PROCESS][[36m2026-10-05 13:00:43,497[0m][[34mreport[0m][[32mINFO[0m] - 		+ total: 0.688611 (s)[0m
[MAIN-PROCESS][[36m2026-10-05 13:00:43,497[0m][[34mreport[0m][[32mINFO[0m] - 		+ mean: 0.137722 (s)[0m
[MAIN-PROCESS][[36m2026-10-05 13:00:43,497[0m][[34mreport[0m][[32mINFO[0m] - 		+ p50: 0.141413 (s)[0m
[MAIN-PROCESS][[36m2026-10-05 13:00:43,497[0m][[34mreport[0m][[32mINFO[0m] - 		+ p90: 0.151396 (s)[0m
[MAIN-PROCESS][[36m2026-10-05 13:00:43,497[0m][[34mreport[0m][[32mINFO[0m] - 		+ p95: 0.151963 (s)[0m
[MAIN-PROCESS][[36m2026-10-05 13:00:43,497[0m][[34mreport[0m][[32mINFO[0m] - 		+ p99: 0.152416 (s)[0m
[MAIN-PROCESS][[36m2026-10-05 13:00:43,497[0m][[34mreport[0m][[32mINFO[0m] - 		+ stdev: 0.015717 (s)[0m
[MAIN-PROCESS][[36m2026-10-05 13:00:43,497[0m][[34mreport[0m][[32mINFO[0m] - 		+ stdev_: 11.41 (%)[0m
[MAIN-PROCESS][[36m2026-10-05 13:00:43,497[0m][[34mreport[0m][[32mINFO[0m] - 	+ throughput:[0m
[MAIN-PROCESS][[36m2026-10-05 13:00:43,498[0m][[34mreport[0m][[32mINFO[0m] - 		+ throughput: 7.26 (samples/s)[0m
[MAIN-PROCESS][[36m2026-10-05 13:00:43,498[0m][[34mreport[0m][[32mINFO[0m] - + decode:[0m
[MAIN-PROCESS][[36m2026-10-05 13:00:43,498[0m][[34mreport[0m][[32mINFO[0m] - 	+ memory:[0m
[MAIN-PROCESS][[36m2026-10-05 13:00:43,498[0m][[34mreport[0m][[32mINFO[0m] - 		+ max_ram: 1032.99 (MB)[0m
[MAIN-PROCESS][[36m2026-10-05 13:00:43,498[0m][[34mreport[0m][[32mINFO[0m] - 	+ latency:[0m
[MAIN-PROCESS][[36m2026-10-05 13:00:43,498[0m][[34mreport[0m][[32mINFO[0m] - 		+ count: 5[0m
[MAIN-PROCESS][[36m2026-10-05 13:00:43,498[0m][[34mreport[0m][[32mINFO[0m] - 		+ total: 4.743840 (s)[0m
[MAIN-PROCESS][[36m2026-10-05 13:00:43,498[0m][[34mreport[0m][[32mINFO[0m] - 		+ mean: 0.948768 (s)[0m
[MAIN-PROCESS][[36m2026-10-05 13:00:43,498[0m][[34mreport[0m][[32mINFO[0m] - 		+ p50: 0.936414 (s)[0m
[MAIN-PROCESS][[36m2026-10-05 13:00:43,499[0m][[34mreport[0m][[32mINFO[0m] - 		+ p90: 1.014572 (s)[0m
[MAIN-PROCESS][[36m2026-10-05 13:00:43,499[0m][[34mreport[0m][[32mINFO[0m] - 		+ p95: 1.022251 (s)[0m
[MAIN-PROCESS][[36m2026-10-05 13:00:43,499[0m][[34mreport[0m][[32mINFO[0m] - 		+ p99: 1.028395 (s)[0m
[MAIN-PROCESS][[36m2026-10-05 13:00:43,499[0m][[34mreport[0m][[32mINFO[0m] - 		+ stdev: 0.055609 (s)[0m
[MAIN-PROCESS][[36m2026-10-05 13:00:43,499[0m][[34mreport[0m][[32mINFO[0m] - 		+ stdev_: 5.86 (%)[0m
[MAIN-PROCESS][[36m2026-10-05 13:00:43,499[0m][[34mreport[0m][[32mINFO[0m] - 	+ throughput:[0m
[MAIN-PROCESS][[36m2026-10-05 13:00:43,499[0m][[34mreport[0m][[32mINFO[0m] - 		+ throughput: 32.67 (tokens/s)[0m
[MAIN-PROCESS][[36m2026-10-05 13:00:43,499[0m][[34mreport[0m][[32mINFO[0m] - + per_token:[0m
[MAIN-PROCESS][[36m2026-10-05 13:00:43,500[0m][[34mreport[0m][[32mINFO[0m] - 	+ latency:[0m
[MAIN-PROCESS][[36m2026-10-05 13:00:43,500[0m][[34mreport[0m][[32mINFO[0m] - 		+ count: 475[0m
[MAIN-PROCESS][[36m2026-10-05 13:00:43,500[0m][[34mreport[0m][[32mINFO[0m] - 		+ total: 15.606158 (s)[0m
[MAIN-PROCESS][[36m2026-10-05 13:00:43,500[0m][[34mreport[0m][[32mINFO[0m] - 		+ mean: 0.032855 (s)[0m
[MAIN-PROCESS][[36m2026-10-05 13:00:43,500[0m][[34mreport[0m][[32mINFO[0m] - 		+ p50: 0.029342 (s)[0m
[MAIN-PROCESS][[36m2026-10-05 13:00:43,500[0m][[34mreport[0m][[32mINFO[0m] - 		+ p90: 0.037779 (s)[0m
[MAIN-PROCESS][[36m2026-10-05 13:00:43,500[0m][[34mreport[0m][[32mINFO[0m] - 		+ p95: 0.042088 (s)[0m
[MAIN-PROCESS][[36m2026-10-05 13:00:43,500[0m][[34mreport[0m][[32mINFO[0m] - 		+ p99: 0.142409 (s)[0m
[MAIN-PROCESS][[36m2026-10-05 13:00:43,500[0m][[34mreport[0m][[32mINFO[0m] - 		+ stdev: 0.017649 (s)[0m
[MAIN-PROCESS][[36m2026-10-05 13:00:43,501[0m][[34mreport[0m][[32mINFO[0m] - 		+ stdev_: 53.72 (%)[0m
Error executing job with overrides: ['launcher=inline', 'backend.model=HuggingFaceTB/SmolLM2-135M', 'backend.inter_op_num_threads=4', 'scenario.warmup_runs=10', 'scenario.input_shapes.batch_size=1', 'scenario.input_shapes.sequence_length=128', 'scenario.iterations=5', 'scenario.duration=0', '+scenario.generate_kwargs.max_new_tokens=32', '+scenario.generate_kwargs.min_new_tokens=32']
Traceback (most recent call last):
  File "/opt/venvs/bench/lib/python3.11/site-packages/optimum_benchmark/cli.py", line 80, in main
    benchmark.save_json("benchmark.json")
  File "/opt/venvs/bench/lib/python3.11/site-packages/optimum_benchmark/hub_utils.py", line 49, in save_json
    dump(self.to_dict(flat=flat), f, indent=4)
  File "/usr/lib/python3.11/json/__init__.py", line 179, in dump
    for chunk in iterable:
  File "/usr/lib/python3.11/json/encoder.py", line 432, in _iterencode
    yield from _iterencode_dict(o, _current_indent_level)
  File "/usr/lib/python3.11/json/encoder.py", line 406, in _iterencode_dict
    yield from chunks
  File "/usr/lib/python3.11/json/encoder.py", line 406, in _iterencode_dict
    yield from chunks
  File "/usr/lib/python3.11/json/encoder.py", line 406, in _iterencode_dict
    yield from chunks
  [Previous line repeated 1 more time]
  File "/usr/lib/python3.11/json/encoder.py", line 326, in _iterencode_list
    yield from chunks
  File "/usr/lib/python3.11/json/encoder.py", line 439, in _iterencode
    o = _default(o)
        ^^^^^^^^^^^
  File "/usr/lib/python3.11/json/encoder.py", line 180, in default
    raise TypeError(f'Object of type {o.__class__.__name__} '
TypeError: Object of type PerTokenLatencySessionTrackerLogitsProcessor is not JSON serializable

Set the environment variable HYDRA_FULL_ERROR=1 for a complete stack trace.
