{
    "process": "gptq",
    "layer": 0,
    "module": "self_attn.k_proj",
    "feat: in, out": "896, 128",
    "dtype: size": "f32: 0.4MB",
    "loss": "0.0000024721",
    "samples": "65536",
    "damp": "0.05000",
    "time": "0.673",
    "fwd_time": "0.894",
    "(v)ram": "n/a"
}
{
    "process": "gptq",
    "layer": 0,
    "module": "self_attn.q_proj",
    "feat: in, out": "896, 896",
    "dtype: size": "f32: 3.1MB",
    "loss": "0.0000165533",
    "samples": "65536",
    "damp": "0.05000",
    "time": "0.786",
    "fwd_time": "0.894",
    "(v)ram": "n/a"
}
{
    "process": "gptq",
    "layer": 0,
    "module": "self_attn.v_proj",
    "feat: in, out": "896, 128",
    "dtype: size": "f32: 0.4MB",
    "loss": "0.0000000571",
    "samples": "65536",
    "damp": "0.05000",
    "time": "0.187",
    "fwd_time": "0.894",
    "(v)ram": "n/a"
}
{
    "process": "gptq",
    "layer": 0,
    "module": "self_attn.o_proj",
    "feat: in, out": "896, 896",
    "dtype: size": "f32: 3.1MB",
    "loss": "0.0000000124",
    "samples": "65536",
    "damp": "0.05000",
    "time": "0.266",
    "fwd_time": "1.896",
    "(v)ram": "n/a"
}
{
    "process": "gptq",
    "layer": 0,
    "module": "mlp.gate_proj",
    "feat: in, out": "896, 4864",
    "dtype: size": "f32: 16.9MB",
    "loss": "0.0004237633",
    "samples": "65536",
    "damp": "0.05000",
    "time": "1.625",
    "fwd_time": "5.473",
    "(v)ram": "n/a"
}
{
    "process": "gptq",
    "layer": 0,
    "module": "mlp.up_proj",
    "feat: in, out": "896, 4864",
    "dtype: size": "f32: 16.9MB",
    "loss": "0.0002703311",
    "samples": "65536",
    "damp": "0.05000",
    "time": "1.643",
    "fwd_time": "5.473",
    "(v)ram": "n/a"
}
{
    "process": "gptq",
    "layer": 0,
    "module": "mlp.down_proj",
    "feat: in, out": "4864, 896",
    "dtype: size": "f32: 16.9MB",
    "loss": "0.0000072012",
    "samples": "65536",
    "damp": "0.05000",
    "time": "2.280",
    "fwd_time": "18.623",
    "(v)ram": "n/a"
}
{
    "process": "gptq",
    "layer": 1,
    "module": "self_attn.k_proj",
    "feat: in, out": "896, 128",
    "dtype: size": "f32: 0.4MB",
    "loss": "0.0000292813",
    "samples": "65536",
    "damp": "0.05000",
    "time": "0.510",
    "fwd_time": "1.004",
    "(v)ram": "n/a"
}
{
    "process": "gptq",
    "layer": 1,
    "module": "self_attn.q_proj",
    "feat: in, out": "896, 896",
    "dtype: size": "f32: 3.1MB",
    "loss": "0.0001039020",
    "samples": "65536",
    "damp": "0.05000",
    "time": "0.604",
    "fwd_time": "1.004",
    "(v)ram": "n/a"
}
{
    "process": "gptq",
    "layer": 1,
    "module": "self_attn.v_proj",
    "feat: in, out": "896, 128",
    "dtype: size": "f32: 0.4MB",
    "loss": "0.0000032737",
    "samples": "65536",
    "damp": "0.05000",
    "time": "0.176",
    "fwd_time": "1.004",
    "(v)ram": "n/a"
}
{
    "process": "gptq",
    "layer": 1,
    "module": "self_attn.o_proj",
    "feat: in, out": "896, 896",
    "dtype: size": "f32: 3.1MB",
    "loss": "0.0000015472",
    "samples": "65536",
    "damp": "0.05000",
    "time": "0.281",
    "fwd_time": "1.736",
    "(v)ram": "n/a"
}
{
    "process": "gptq",
    "layer": 1,
    "module": "mlp.up_proj",
    "feat: in, out": "896, 4864",
    "dtype: size": "f32: 16.9MB",
    "loss": "0.0003861006",
    "samples": "65536",
    "damp": "0.05000",
    "time": "1.300",
    "fwd_time": "5.264",
    "(v)ram": "n/a"
}
{
    "process": "gptq",
    "layer": 1,
    "module": "mlp.gate_proj",
    "feat: in, out": "896, 4864",
    "dtype: size": "f32: 16.9MB",
    "loss": "0.0007336612",
    "samples": "65536",
    "damp": "0.05000",
    "time": "1.312",
    "fwd_time": "5.264",
    "(v)ram": "n/a"
}
{
    "process": "gptq",
    "layer": 1,
    "module": "mlp.down_proj",
    "feat: in, out": "4864, 896",
    "dtype: size": "f32: 16.9MB",
    "loss": "0.0000067132",
    "samples": "65536",
    "damp": "0.05000",
    "time": "3.201",
    "fwd_time": "15.868",
    "(v)ram": "n/a"
}
{
    "process": "gptq",
    "layer": 2,
    "module": "self_attn.k_proj",
    "feat: in, out": "896, 128",
    "dtype: size": "f32: 0.4MB",
    "loss": "0.0000632133",
    "samples": "65536",
    "damp": "0.05000",
    "time": "0.602",
    "fwd_time": "1.052",
    "(v)ram": "n/a"
}
{
    "process": "gptq",
    "layer": 2,
    "module": "self_attn.q_proj",
    "feat: in, out": "896, 896",
    "dtype: size": "f32: 3.1MB",
    "loss": "0.0002270926",
    "samples": "65536",
    "damp": "0.05000",
    "time": "0.722",
    "fwd_time": "1.052",
    "(v)ram": "n/a"
}
{
    "process": "gptq",
    "layer": 2,
    "module": "self_attn.v_proj",
    "feat: in, out": "896, 128",
    "dtype: size": "f32: 0.4MB",
    "loss": "0.0000083879",
    "samples": "65536",
    "damp": "0.05000",
    "time": "0.213",
    "fwd_time": "1.052",
    "(v)ram": "n/a"
}
{
    "process": "gptq",
    "layer": 2,
    "module": "self_attn.o_proj",
    "feat: in, out": "896, 896",
    "dtype: size": "f32: 3.1MB",
    "loss": "0.0000020342",
    "samples": "65536",
    "damp": "0.05000",
    "time": "0.289",
    "fwd_time": "1.918",
    "(v)ram": "n/a"
}
{
    "process": "gptq",
    "layer": 2,
    "module": "mlp.gate_proj",
    "feat: in, out": "896, 4864",
    "dtype: size": "f32: 16.9MB",
    "loss": "0.0010304967",
    "samples": "65536",
    "damp": "0.05000",
    "time": "1.174",
    "fwd_time": "5.107",
    "(v)ram": "n/a"
}
{
    "process": "gptq",
    "layer": 2,
    "module": "mlp.up_proj",
    "feat: in, out": "896, 4864",
    "dtype: size": "f32: 16.9MB",
    "loss": "0.0005620579",
    "samples": "65536",
    "damp": "0.05000",
    "time": "1.180",
    "fwd_time": "5.107",
    "(v)ram": "n/a"
}
{
    "process": "gptq",
    "layer": 2,
    "module": "mlp.down_proj",
    "feat: in, out": "4864, 896",
    "dtype: size": "f32: 16.9MB",
    "loss": "0.0001190922",
    "samples": "65536",
    "damp": "0.05000",
    "time": "2.501",
    "fwd_time": "16.631",
    "(v)ram": "n/a"
}
{
    "process": "gptq",
    "layer": 3,
    "module": "self_attn.k_proj",
    "feat: in, out": "896, 128",
    "dtype: size": "f32: 0.4MB",
    "loss": "0.0000674533",
    "samples": "65536",
    "damp": "0.05000",
    "time": "0.516",
    "fwd_time": "1.078",
    "(v)ram": "n/a"
}
{
    "process": "gptq",
    "layer": 3,
    "module": "self_attn.q_proj",
    "feat: in, out": "896, 896",
    "dtype: size": "f32: 3.1MB",
    "loss": "0.0002827689",
    "samples": "65536",
    "damp": "0.05000",
    "time": "0.600",
    "fwd_time": "1.078",
    "(v)ram": "n/a"
}
{
    "process": "gptq",
    "layer": 3,
    "module": "self_attn.v_proj",
    "feat: in, out": "896, 128",
    "dtype: size": "f32: 0.4MB",
    "loss": "0.0000149754",
    "samples": "65536",
    "damp": "0.05000",
    "time": "0.164",
    "fwd_time": "1.078",
    "(v)ram": "n/a"
}
{
    "process": "gptq",
    "layer": 3,
    "module": "self_attn.o_proj",
    "feat: in, out": "896, 896",
    "dtype: size": "f32: 3.1MB",
    "loss": "0.0000032644",
    "samples": "65536",
    "damp": "0.05000",
    "time": "0.322",
    "fwd_time": "1.738",
    "(v)ram": "n/a"
}
{
    "process": "gptq",
    "layer": 3,
    "module": "mlp.up_proj",
    "feat: in, out": "896, 4864",
    "dtype: size": "f32: 16.9MB",
    "loss": "0.0009639519",
    "samples": "65536",
    "damp": "0.05000",
    "time": "1.454",
    "fwd_time": "5.078",
    "(v)ram": "n/a"
}
{
    "process": "gptq",
    "layer": 3,
    "module": "mlp.gate_proj",
    "feat: in, out": "896, 4864",
    "dtype: size": "f32: 16.9MB",
    "loss": "0.0018386791",
    "samples": "65536",
    "damp": "0.05000",
    "time": "1.460",
    "fwd_time": "5.078",
    "(v)ram": "n/a"
}
{
    "process": "gptq",
    "layer": 3,
    "module": "mlp.down_proj",
    "feat: in, out": "4864, 896",
    "dtype: size": "f32: 16.9MB",
    "loss": "0.0001288506",
    "samples": "65536",
    "damp": "0.05000",
    "time": "4.852",
    "fwd_time": "19.954",
    "(v)ram": "n/a"
}
{
    "process": "gptq",
    "layer": 4,
    "module": "self_attn.k_proj",
    "feat: in, out": "896, 128",
    "dtype: size": "f32: 0.4MB",
    "loss": "0.0000449077",
    "samples": "65536",
    "damp": "0.05000",
    "time": "0.492",
    "fwd_time": "0.955",
    "(v)ram": "n/a"
}
{
    "process": "gptq",
    "layer": 4,
    "module": "self_attn.q_proj",
    "feat: in, out": "896, 896",
    "dtype: size": "f32: 3.1MB",
    "loss": "0.0002270894",
    "samples": "65536",
    "damp": "0.05000",
    "time": "0.568",
    "fwd_time": "0.955",
    "(v)ram": "n/a"
}
{
    "process": "gptq",
    "layer": 4,
    "module": "self_attn.v_proj",
    "feat: in, out": "896, 128",
    "dtype: size": "f32: 0.4MB",
    "loss": "0.0000205725",
    "samples": "65536",
    "damp": "0.05000",
    "time": "0.154",
    "fwd_time": "0.955",
    "(v)ram": "n/a"
}
{
    "process": "gptq",
    "layer": 4,
    "module": "self_attn.o_proj",
    "feat: in, out": "896, 896",
    "dtype: size": "f32: 3.1MB",
    "loss": "0.0000064240",
    "samples": "65536",
    "damp": "0.05000",
    "time": "0.243",
    "fwd_time": "1.892",
    "(v)ram": "n/a"
}
{
    "process": "gptq",
    "layer": 4,
    "module": "mlp.up_proj",
    "feat: in, out": "896, 4864",
    "dtype: size": "f32: 16.9MB",
    "loss": "0.0008443419",
    "samples": "65536",
    "damp": "0.05000",
    "time": "1.133",
    "fwd_time": "5.085",
    "(v)ram": "n/a"
}
{
    "process": "gptq",
    "layer": 4,
    "module": "mlp.gate_proj",
    "feat: in, out": "896, 4864",
    "dtype: size": "f32: 16.9MB",
    "loss": "0.0012964327",
    "samples": "65536",
    "damp": "0.05000",
    "time": "1.173",
    "fwd_time": "5.085",
    "(v)ram": "n/a"
}
{
    "process": "gptq",
    "layer": 4,
    "module": "mlp.down_proj",
    "feat: in, out": "4864, 896",
    "dtype: size": "f32: 16.9MB",
    "loss": "0.0000198143",
    "samples": "65536",
    "damp": "0.05000",
    "time": "2.161",
    "fwd_time": "15.225",
    "(v)ram": "n/a"
}
{
    "process": "gptq",
    "layer": 5,
    "module": "self_attn.k_proj",
    "feat: in, out": "896, 128",
    "dtype: size": "f32: 0.4MB",
    "loss": "0.0000544038",
    "samples": "65536",
    "damp": "0.05000",
    "time": "0.508",
    "fwd_time": "1.155",
    "(v)ram": "n/a"
}
{
    "process": "gptq",
    "layer": 5,
    "module": "self_attn.q_proj",
    "feat: in, out": "896, 896",
    "dtype: size": "f32: 3.1MB",
    "loss": "0.0002760855",
    "samples": "65536",
    "damp": "0.05000",
    "time": "0.616",
    "fwd_time": "1.155",
    "(v)ram": "n/a"
}
{
    "process": "gptq",
    "layer": 5,
    "module": "self_attn.v_proj",
    "feat: in, out": "896, 128",
    "dtype: size": "f32: 0.4MB",
    "loss": "0.0000256154",
    "samples": "65536",
    "damp": "0.05000",
    "time": "0.188",
    "fwd_time": "1.155",
    "(v)ram": "n/a"
}
{
    "process": "gptq",
    "layer": 5,
    "module": "self_attn.o_proj",
    "feat: in, out": "896, 896",
    "dtype: size": "f32: 3.1MB",
    "loss": "0.0000050488",
    "samples": "65536",
    "damp": "0.05000",
    "time": "0.247",
    "fwd_time": "2.250",
    "(v)ram": "n/a"
}
{
    "process": "gptq",
    "layer": 5,
    "module": "mlp.gate_proj",
    "feat: in, out": "896, 4864",
    "dtype: size": "f32: 16.9MB",
    "loss": "0.0019639328",
    "samples": "65536",
    "damp": "0.05000",
    "time": "1.259",
    "fwd_time": "4.496",
    "(v)ram": "n/a"
}
{
    "process": "gptq",
    "layer": 5,
    "module": "mlp.up_proj",
    "feat: in, out": "896, 4864",
    "dtype: size": "f32: 16.9MB",
    "loss": "0.0009970529",
    "samples": "65536",
    "damp": "0.05000",
    "time": "1.263",
    "fwd_time": "4.496",
    "(v)ram": "n/a"
}
{
    "process": "gptq",
    "layer": 5,
    "module": "mlp.down_proj",
    "feat: in, out": "4864, 896",
    "dtype: size": "f32: 16.9MB",
    "loss": "0.0000166168",
    "samples": "65536",
    "damp": "0.05000",
    "time": "2.454",
    "fwd_time": "16.390",
    "(v)ram": "n/a"
}
{
    "process": "gptq",
    "layer": 6,
    "module": "self_attn.k_proj",
    "feat: in, out": "896, 128",
    "dtype: size": "f32: 0.4MB",
    "loss": "0.0000497586",
    "samples": "65536",
    "damp": "0.05000",
    "time": "0.551",
    "fwd_time": "1.175",
    "(v)ram": "n/a"
}
{
    "process": "gptq",
    "layer": 6,
    "module": "self_attn.q_proj",
    "feat: in, out": "896, 896",
    "dtype: size": "f32: 3.1MB",
    "loss": "0.0002254509",
    "samples": "65536",
    "damp": "0.05000",
    "time": "0.624",
    "fwd_time": "1.175",
    "(v)ram": "n/a"
}
{
    "process": "gptq",
    "layer": 6,
    "module": "self_attn.v_proj",
    "feat: in, out": "896, 128",
    "dtype: size": "f32: 0.4MB",
    "loss": "0.0000147896",
    "samples": "65536",
    "damp": "0.05000",
    "time": "0.161",
    "fwd_time": "1.175",
    "(v)ram": "n/a"
}
{
    "process": "gptq",
    "layer": 6,
    "module": "self_attn.o_proj",
    "feat: in, out": "896, 896",
    "dtype: size": "f32: 3.1MB",
    "loss": "0.0000026975",
    "samples": "65536",
    "damp": "0.05000",
    "time": "0.299",
    "fwd_time": "1.942",
    "(v)ram": "n/a"
}
{
    "process": "gptq",
    "layer": 6,
    "module": "mlp.gate_proj",
    "feat: in, out": "896, 4864",
    "dtype: size": "f32: 16.9MB",
    "loss": "0.0011680715",
    "samples": "65536",
    "damp": "0.05000",
    "time": "1.201",
    "fwd_time": "5.667",
    "(v)ram": "n/a"
}
{
    "process": "gptq",
    "layer": 6,
    "module": "mlp.up_proj",
    "feat: in, out": "896, 4864",
    "dtype: size": "f32: 16.9MB",
    "loss": "0.0008233056",
    "samples": "65536",
    "damp": "0.05000",
    "time": "1.218",
    "fwd_time": "5.667",
    "(v)ram": "n/a"
}
{
    "process": "gptq",
    "layer": 6,
    "module": "mlp.down_proj",
    "feat: in, out": "4864, 896",
    "dtype: size": "f32: 16.9MB",
    "loss": "0.0000190485",
    "samples": "65536",
    "damp": "0.05000",
    "time": "2.173",
    "fwd_time": "16.215",
    "(v)ram": "n/a"
}
{
    "process": "gptq",
    "layer": 7,
    "module": "self_attn.k_proj",
    "feat: in, out": "896, 128",
    "dtype: size": "f32: 0.4MB",
    "loss": "0.0000711605",
    "samples": "65536",
    "damp": "0.05000",
    "time": "0.572",
    "fwd_time": "1.127",
    "(v)ram": "n/a"
}
{
    "process": "gptq",
    "layer": 7,
    "module": "self_attn.q_proj",
    "feat: in, out": "896, 896",
    "dtype: size": "f32: 3.1MB",
    "loss": "0.0002940587",
    "samples": "65536",
    "damp": "0.05000",
    "time": "0.652",
    "fwd_time": "1.127",
    "(v)ram": "n/a"
}
{
    "process": "gptq",
    "layer": 7,
    "module": "self_attn.v_proj",
    "feat: in, out": "896, 128",
    "dtype: size": "f32: 0.4MB",
    "loss": "0.0000229671",
    "samples": "65536",
    "damp": "0.05000",
    "time": "0.156",
    "fwd_time": "1.127",
    "(v)ram": "n/a"
}
{
    "process": "gptq",
    "layer": 7,
    "module": "self_attn.o_proj",
    "feat: in, out": "896, 896",
    "dtype: size": "f32: 3.1MB",
    "loss": "0.0000074878",
    "samples": "65536",
    "damp": "0.05000",
    "time": "0.270",
    "fwd_time": "1.731",
    "(v)ram": "n/a"
}
{
    "process": "gptq",
    "layer": 7,
    "module": "mlp.gate_proj",
    "feat: in, out": "896, 4864",
    "dtype: size": "f32: 16.9MB",
    "loss": "0.0010928761",
    "samples": "65536",
    "damp": "0.05000",
    "time": "1.341",
    "fwd_time": "5.035",
    "(v)ram": "n/a"
}
{
    "process": "gptq",
    "layer": 7,
    "module": "mlp.up_proj",
    "feat: in, out": "896, 4864",
    "dtype: size": "f32: 16.9MB",
    "loss": "0.0008645293",
    "samples": "65536",
    "damp": "0.05000",
    "time": "1.345",
    "fwd_time": "5.035",
    "(v)ram": "n/a"
}
{
    "process": "gptq",
    "layer": 7,
    "module": "mlp.down_proj",
    "feat: in, out": "4864, 896",
    "dtype: size": "f32: 16.9MB",
    "loss": "0.0000218309",
    "samples": "65536",
    "damp": "0.05000",
    "time": "2.816",
    "fwd_time": "16.537",
    "(v)ram": "n/a"
}
{
    "process": "gptq",
    "layer": 8,
    "module": "self_attn.k_proj",
    "feat: in, out": "896, 128",
    "dtype: size": "f32: 0.4MB",
    "loss": "0.0000518678",
    "samples": "65536",
    "damp": "0.05000",
    "time": "0.539",
    "fwd_time": "1.228",
    "(v)ram": "n/a"
}
{
    "process": "gptq",
    "layer": 8,
    "module": "self_attn.q_proj",
    "feat: in, out": "896, 896",
    "dtype: size": "f32: 3.1MB",
    "loss": "0.0002861073",
    "samples": "65536",
    "damp": "0.05000",
    "time": "0.629",
    "fwd_time": "1.228",
    "(v)ram": "n/a"
}
{
    "process": "gptq",
    "layer": 8,
    "module": "self_attn.v_proj",
    "feat: in, out": "896, 128",
    "dtype: size": "f32: 0.4MB",
    "loss": "0.0000191455",
    "samples": "65536",
    "damp": "0.05000",
    "time": "0.212",
    "fwd_time": "1.228",
    "(v)ram": "n/a"
}
{
    "process": "gptq",
    "layer": 8,
    "module": "self_attn.o_proj",
    "feat: in, out": "896, 896",
    "dtype: size": "f32: 3.1MB",
    "loss": "0.0000098951",
    "samples": "65536",
    "damp": "0.05000",
    "time": "0.252",
    "fwd_time": "2.153",
    "(v)ram": "n/a"
}
{
    "process": "gptq",
    "layer": 8,
    "module": "mlp.gate_proj",
    "feat: in, out": "896, 4864",
    "dtype: size": "f32: 16.9MB",
    "loss": "0.0009492058",
    "samples": "65536",
    "damp": "0.05000",
    "time": "1.274",
    "fwd_time": "5.205",
    "(v)ram": "n/a"
}
{
    "process": "gptq",
    "layer": 8,
    "module": "mlp.up_proj",
    "feat: in, out": "896, 4864",
    "dtype: size": "f32: 16.9MB",
    "loss": "0.0007299232",
    "samples": "65536",
    "damp": "0.05000",
    "time": "1.294",
    "fwd_time": "5.205",
    "(v)ram": "n/a"
}
{
    "process": "gptq",
    "layer": 8,
    "module": "mlp.down_proj",
    "feat: in, out": "4864, 896",
    "dtype: size": "f32: 16.9MB",
    "loss": "0.0000149641",
    "samples": "65536",
    "damp": "0.05000",
    "time": "2.687",
    "fwd_time": "17.326",
    "(v)ram": "n/a"
}
{
    "process": "gptq",
    "layer": 9,
    "module": "self_attn.k_proj",
    "feat: in, out": "896, 128",
    "dtype: size": "f32: 0.4MB",
    "loss": "0.0001335493",
    "samples": "65536",
    "damp": "0.05000",
    "time": "0.487",
    "fwd_time": "1.113",
    "(v)ram": "n/a"
}
{
    "process": "gptq",
    "layer": 9,
    "module": "self_attn.q_proj",
    "feat: in, out": "896, 896",
    "dtype: size": "f32: 3.1MB",
    "loss": "0.0005061183",
    "samples": "65536",
    "damp": "0.05000",
    "time": "0.597",
    "fwd_time": "1.113",
    "(v)ram": "n/a"
}
{
    "process": "gptq",
    "layer": 9,
    "module": "self_attn.v_proj",
    "feat: in, out": "896, 128",
    "dtype: size": "f32: 0.4MB",
    "loss": "0.0000345979",
    "samples": "65536",
    "damp": "0.05000",
    "time": "0.167",
    "fwd_time": "1.113",
    "(v)ram": "n/a"
}
{
    "process": "gptq",
    "layer": 9,
    "module": "self_attn.o_proj",
    "feat: in, out": "896, 896",
    "dtype: size": "f32: 3.1MB",
    "loss": "0.0000060244",
    "samples": "65536",
    "damp": "0.05000",
    "time": "0.278",
    "fwd_time": "1.731",
    "(v)ram": "n/a"
}
{
    "process": "gptq",
    "layer": 9,
    "module": "mlp.up_proj",
    "feat: in, out": "896, 4864",
    "dtype: size": "f32: 16.9MB",
    "loss": "0.0007412349",
    "samples": "65536",
    "damp": "0.05000",
    "time": "1.291",
    "fwd_time": "5.072",
    "(v)ram": "n/a"
}
{
    "process": "gptq",
    "layer": 9,
    "module": "mlp.gate_proj",
    "feat: in, out": "896, 4864",
    "dtype: size": "f32: 16.9MB",
    "loss": "0.0008614559",
    "samples": "65536",
    "damp": "0.05000",
    "time": "1.304",
    "fwd_time": "5.072",
    "(v)ram": "n/a"
}
{
    "process": "gptq",
    "layer": 9,
    "module": "mlp.down_proj",
    "feat: in, out": "4864, 896",
    "dtype: size": "f32: 16.9MB",
    "loss": "0.0000159824",
    "samples": "65536",
    "damp": "0.05000",
    "time": "2.169",
    "fwd_time": "16.009",
    "(v)ram": "n/a"
}
{
    "process": "gptq",
    "layer": 10,
    "module": "self_attn.k_proj",
    "feat: in, out": "896, 128",
    "dtype: size": "f32: 0.4MB",
    "loss": "0.0000436969",
    "samples": "65536",
    "damp": "0.05000",
    "time": "0.665",
    "fwd_time": "1.307",
    "(v)ram": "n/a"
}
{
    "process": "gptq",
    "layer": 10,
    "module": "self_attn.q_proj",
    "feat: in, out": "896, 896",
    "dtype: size": "f32: 3.1MB",
    "loss": "0.0002323656",
    "samples": "65536",
    "damp": "0.05000",
    "time": "0.762",
    "fwd_time": "1.307",
    "(v)ram": "n/a"
}
{
    "process": "gptq",
    "layer": 10,
    "module": "self_attn.v_proj",
    "feat: in, out": "896, 128",
    "dtype: size": "f32: 0.4MB",
    "loss": "0.0000313934",
    "samples": "65536",
    "damp": "0.05000",
    "time": "0.203",
    "fwd_time": "1.307",
    "(v)ram": "n/a"
}
{
    "process": "gptq",
    "layer": 10,
    "module": "self_attn.o_proj",
    "feat: in, out": "896, 896",
    "dtype: size": "f32: 3.1MB",
    "loss": "0.0000104930",
    "samples": "65536",
    "damp": "0.05000",
    "time": "0.327",
    "fwd_time": "2.005",
    "(v)ram": "n/a"
}
{
    "process": "gptq",
    "layer": 10,
    "module": "mlp.gate_proj",
    "feat: in, out": "896, 4864",
    "dtype: size": "f32: 16.9MB",
    "loss": "0.0008082320",
    "samples": "65536",
    "damp": "0.05000",
    "time": "1.220",
    "fwd_time": "5.533",
    "(v)ram": "n/a"
}
{
    "process": "gptq",
    "layer": 10,
    "module": "mlp.up_proj",
    "feat: in, out": "896, 4864",
    "dtype: size": "f32: 16.9MB",
    "loss": "0.0006279231",
    "samples": "65536",
    "damp": "0.05000",
    "time": "1.221",
    "fwd_time": "5.533",
    "(v)ram": "n/a"
}
{
    "process": "gptq",
    "layer": 10,
    "module": "mlp.down_proj",
    "feat: in, out": "4864, 896",
    "dtype: size": "f32: 16.9MB",
    "loss": "0.0000120530",
    "samples": "65536",
    "damp": "0.05000",
    "time": "3.800",
    "fwd_time": "17.066",
    "(v)ram": "n/a"
}
{
    "process": "gptq",
    "layer": 11,
    "module": "self_attn.k_proj",
    "feat: in, out": "896, 128",
    "dtype: size": "f32: 0.4MB",
    "loss": "0.0001484860",
    "samples": "65536",
    "damp": "0.05000",
    "time": "0.493",
    "fwd_time": "1.118",
    "(v)ram": "n/a"
}
{
    "process": "gptq",
    "layer": 11,
    "module": "self_attn.q_proj",
    "feat: in, out": "896, 896",
    "dtype: size": "f32: 3.1MB",
    "loss": "0.0005380537",
    "samples": "65536",
    "damp": "0.05000",
    "time": "0.582",
    "fwd_time": "1.118",
    "(v)ram": "n/a"
}
{
    "process": "gptq",
    "layer": 11,
    "module": "self_attn.v_proj",
    "feat: in, out": "896, 128",
    "dtype: size": "f32: 0.4MB",
    "loss": "0.0000366624",
    "samples": "65536",
    "damp": "0.05000",
    "time": "0.178",
    "fwd_time": "1.118",
    "(v)ram": "n/a"
}
{
    "process": "gptq",
    "layer": 11,
    "module": "self_attn.o_proj",
    "feat: in, out": "896, 896",
    "dtype: size": "f32: 3.1MB",
    "loss": "0.0000048810",
    "samples": "65536",
    "damp": "0.05000",
    "time": "0.451",
    "fwd_time": "2.375",
    "(v)ram": "n/a"
}
{
    "process": "gptq",
    "layer": 11,
    "module": "mlp.up_proj",
    "feat: in, out": "896, 4864",
    "dtype: size": "f32: 16.9MB",
    "loss": "0.0007028305",
    "samples": "65536",
    "damp": "0.05000",
    "time": "1.425",
    "fwd_time": "6.015",
    "(v)ram": "n/a"
}
{
    "process": "gptq",
    "layer": 11,
    "module": "mlp.gate_proj",
    "feat: in, out": "896, 4864",
    "dtype: size": "f32: 16.9MB",
    "loss": "0.0007676925",
    "samples": "65536",
    "damp": "0.05000",
    "time": "1.466",
    "fwd_time": "6.015",
    "(v)ram": "n/a"
}
{
    "process": "gptq",
    "layer": 11,
    "module": "mlp.down_proj",
    "feat: in, out": "4864, 896",
    "dtype: size": "f32: 16.9MB",
    "loss": "0.0000168779",
    "samples": "65536",
    "damp": "0.05000",
    "time": "2.256",
    "fwd_time": "17.278",
    "(v)ram": "n/a"
}
{
    "process": "gptq",
    "layer": 12,
    "module": "self_attn.k_proj",
    "feat: in, out": "896, 128",
    "dtype: size": "f32: 0.4MB",
    "loss": "0.0000436927",
    "samples": "65536",
    "damp": "0.05000",
    "time": "0.567",
    "fwd_time": "1.123",
    "(v)ram": "n/a"
}
{
    "process": "gptq",
    "layer": 12,
    "module": "self_attn.q_proj",
    "feat: in, out": "896, 896",
    "dtype: size": "f32: 3.1MB",
    "loss": "0.0002441588",
    "samples": "65536",
    "damp": "0.05000",
    "time": "0.714",
    "fwd_time": "1.123",
    "(v)ram": "n/a"
}
{
    "process": "gptq",
    "layer": 12,
    "module": "self_attn.v_proj",
    "feat: in, out": "896, 128",
    "dtype: size": "f32: 0.4MB",
    "loss": "0.0000282919",
    "samples": "65536",
    "damp": "0.05000",
    "time": "0.206",
    "fwd_time": "1.123",
    "(v)ram": "n/a"
}
{
    "process": "gptq",
    "layer": 12,
    "module": "self_attn.o_proj",
    "feat: in, out": "896, 896",
    "dtype: size": "f32: 3.1MB",
    "loss": "0.0000127296",
    "samples": "65536",
    "damp": "0.05000",
    "time": "0.300",
    "fwd_time": "2.253",
    "(v)ram": "n/a"
}
{
    "process": "gptq",
    "layer": 12,
    "module": "mlp.gate_proj",
    "feat: in, out": "896, 4864",
    "dtype: size": "f32: 16.9MB",
    "loss": "0.0007453344",
    "samples": "65536",
    "damp": "0.05000",
    "time": "1.229",
    "fwd_time": "4.698",
    "(v)ram": "n/a"
}
{
    "process": "gptq",
    "layer": 12,
    "module": "mlp.up_proj",
    "feat: in, out": "896, 4864",
    "dtype: size": "f32: 16.9MB",
    "loss": "0.0006716249",
    "samples": "65536",
    "damp": "0.05000",
    "time": "1.245",
    "fwd_time": "4.698",
    "(v)ram": "n/a"
}
{
    "process": "gptq",
    "layer": 12,
    "module": "mlp.down_proj",
    "feat: in, out": "4864, 896",
    "dtype: size": "f32: 16.9MB",
    "loss": "0.0000147393",
    "samples": "65536",
    "damp": "0.05000",
    "time": "2.693",
    "fwd_time": "16.931",
    "(v)ram": "n/a"
}
{
    "process": "gptq",
    "layer": 13,
    "module": "self_attn.k_proj",
    "feat: in, out": "896, 128",
    "dtype: size": "f32: 0.4MB",
    "loss": "0.0000754334",
    "samples": "65536",
    "damp": "0.05000",
    "time": "0.538",
    "fwd_time": "0.982",
    "(v)ram": "n/a"
}
{
    "process": "gptq",
    "layer": 13,
    "module": "self_attn.q_proj",
    "feat: in, out": "896, 896",
    "dtype: size": "f32: 3.1MB",
    "loss": "0.0003851941",
    "samples": "65536",
    "damp": "0.05000",
    "time": "0.651",
    "fwd_time": "0.982",
    "(v)ram": "n/a"
}
{
    "process": "gptq",
    "layer": 13,
    "module": "self_attn.v_proj",
    "feat: in, out": "896, 128",
    "dtype: size": "f32: 0.4MB",
    "loss": "0.0000328185",
    "samples": "65536",
    "damp": "0.05000",
    "time": "0.215",
    "fwd_time": "0.982",
    "(v)ram": "n/a"
}
{
    "process": "gptq",
    "layer": 13,
    "module": "self_attn.o_proj",
    "feat: in, out": "896, 896",
    "dtype: size": "f32: 3.1MB",
    "loss": "0.0000079435",
    "samples": "65536",
    "damp": "0.05000",
    "time": "0.320",
    "fwd_time": "2.042",
    "(v)ram": "n/a"
}
{
    "process": "gptq",
    "layer": 13,
    "module": "mlp.up_proj",
    "feat: in, out": "896, 4864",
    "dtype: size": "f32: 16.9MB",
    "loss": "0.0007584814",
    "samples": "65536",
    "damp": "0.05000",
    "time": "1.181",
    "fwd_time": "5.223",
    "(v)ram": "n/a"
}
{
    "process": "gptq",
    "layer": 13,
    "module": "mlp.gate_proj",
    "feat: in, out": "896, 4864",
    "dtype: size": "f32: 16.9MB",
    "loss": "0.0007661668",
    "samples": "65536",
    "damp": "0.05000",
    "time": "1.196",
    "fwd_time": "5.223",
    "(v)ram": "n/a"
}
{
    "process": "gptq",
    "layer": 13,
    "module": "mlp.down_proj",
    "feat: in, out": "4864, 896",
    "dtype: size": "f32: 16.9MB",
    "loss": "0.0000186785",
    "samples": "65536",
    "damp": "0.05000",
    "time": "2.572",
    "fwd_time": "15.676",
    "(v)ram": "n/a"
}
{
    "process": "gptq",
    "layer": 14,
    "module": "self_attn.k_proj",
    "feat: in, out": "896, 128",
    "dtype: size": "f32: 0.4MB",
    "loss": "0.0000547995",
    "samples": "65536",
    "damp": "0.05000",
    "time": "0.609",
    "fwd_time": "1.460",
    "(v)ram": "n/a"
}
{
    "process": "gptq",
    "layer": 14,
    "module": "self_attn.q_proj",
    "feat: in, out": "896, 896",
    "dtype: size": "f32: 3.1MB",
    "loss": "0.0003473657",
    "samples": "65536",
    "damp": "0.05000",
    "time": "0.725",
    "fwd_time": "1.460",
    "(v)ram": "n/a"
}
{
    "process": "gptq",
    "layer": 14,
    "module": "self_attn.v_proj",
    "feat: in, out": "896, 128",
    "dtype: size": "f32: 0.4MB",
    "loss": "0.0000470428",
    "samples": "65536",
    "damp": "0.05000",
    "time": "0.196",
    "fwd_time": "1.460",
    "(v)ram": "n/a"
}
{
    "process": "gptq",
    "layer": 14,
    "module": "self_attn.o_proj",
    "feat: in, out": "896, 896",
    "dtype: size": "f32: 3.1MB",
    "loss": "0.0000170097",
    "samples": "65536",
    "damp": "0.05000",
    "time": "0.361",
    "fwd_time": "1.906",
    "(v)ram": "n/a"
}
{
    "process": "gptq",
    "layer": 14,
    "module": "mlp.up_proj",
    "feat: in, out": "896, 4864",
    "dtype: size": "f32: 16.9MB",
    "loss": "0.0007303879",
    "samples": "65536",
    "damp": "0.05000",
    "time": "1.295",
    "fwd_time": "5.216",
    "(v)ram": "n/a"
}
{
    "process": "gptq",
    "layer": 14,
    "module": "mlp.gate_proj",
    "feat: in, out": "896, 4864",
    "dtype: size": "f32: 16.9MB",
    "loss": "0.0008205160",
    "samples": "65536",
    "damp": "0.05000",
    "time": "1.304",
    "fwd_time": "5.216",
    "(v)ram": "n/a"
}
{
    "process": "gptq",
    "layer": 14,
    "module": "mlp.down_proj",
    "feat: in, out": "4864, 896",
    "dtype: size": "f32: 16.9MB",
    "loss": "0.0000214936",
    "samples": "65536",
    "damp": "0.05000",
    "time": "3.416",
    "fwd_time": "18.429",
    "(v)ram": "n/a"
}
{
    "process": "gptq",
    "layer": 15,
    "module": "self_attn.k_proj",
    "feat: in, out": "896, 128",
    "dtype: size": "f32: 0.4MB",
    "loss": "0.0000563912",
    "samples": "65536",
    "damp": "0.05000",
    "time": "0.519",
    "fwd_time": "1.018",
    "(v)ram": "n/a"
}
{
    "process": "gptq",
    "layer": 15,
    "module": "self_attn.q_proj",
    "feat: in, out": "896, 896",
    "dtype: size": "f32: 3.1MB",
    "loss": "0.0002980438",
    "samples": "65536",
    "damp": "0.05000",
    "time": "0.643",
    "fwd_time": "1.018",
    "(v)ram": "n/a"
}
{
    "process": "gptq",
    "layer": 15,
    "module": "self_attn.v_proj",
    "feat: in, out": "896, 128",
    "dtype: size": "f32: 0.4MB",
    "loss": "0.0000405516",
    "samples": "65536",
    "damp": "0.05000",
    "time": "0.215",
    "fwd_time": "1.018",
    "(v)ram": "n/a"
}
{
    "process": "gptq",
    "layer": 15,
    "module": "self_attn.o_proj",
    "feat: in, out": "896, 896",
    "dtype: size": "f32: 3.1MB",
    "loss": "0.0000126650",
    "samples": "65536",
    "damp": "0.05000",
    "time": "0.303",
    "fwd_time": "1.888",
    "(v)ram": "n/a"
}
{
    "process": "gptq",
    "layer": 15,
    "module": "mlp.up_proj",
    "feat: in, out": "896, 4864",
    "dtype: size": "f32: 16.9MB",
    "loss": "0.0009380899",
    "samples": "65536",
    "damp": "0.05000",
    "time": "1.282",
    "fwd_time": "4.636",
    "(v)ram": "n/a"
}
{
    "process": "gptq",
    "layer": 15,
    "module": "mlp.gate_proj",
    "feat: in, out": "896, 4864",
    "dtype: size": "f32: 16.9MB",
    "loss": "0.0009742038",
    "samples": "65536",
    "damp": "0.05000",
    "time": "1.294",
    "fwd_time": "4.636",
    "(v)ram": "n/a"
}
{
    "process": "gptq",
    "layer": 15,
    "module": "mlp.down_proj",
    "feat: in, out": "4864, 896",
    "dtype: size": "f32: 16.9MB",
    "loss": "0.0000309336",
    "samples": "65536",
    "damp": "0.05000",
    "time": "2.469",
    "fwd_time": "16.959",
    "(v)ram": "n/a"
}
{
    "process": "gptq",
    "layer": 16,
    "module": "self_attn.k_proj",
    "feat: in, out": "896, 128",
    "dtype: size": "f32: 0.4MB",
    "loss": "0.0001143105",
    "samples": "65536",
    "damp": "0.05000",
    "time": "0.533",
    "fwd_time": "1.044",
    "(v)ram": "n/a"
}
{
    "process": "gptq",
    "layer": 16,
    "module": "self_attn.q_proj",
    "feat: in, out": "896, 896",
    "dtype: size": "f32: 3.1MB",
    "loss": "0.0006169420",
    "samples": "65536",
    "damp": "0.05000",
    "time": "0.661",
    "fwd_time": "1.044",
    "(v)ram": "n/a"
}
{
    "process": "gptq",
    "layer": 16,
    "module": "self_attn.v_proj",
    "feat: in, out": "896, 128",
    "dtype: size": "f32: 0.4MB",
    "loss": "0.0000877228",
    "samples": "65536",
    "damp": "0.05000",
    "time": "0.179",
    "fwd_time": "1.044",
    "(v)ram": "n/a"
}
{
    "process": "gptq",
    "layer": 16,
    "module": "self_attn.o_proj",
    "feat: in, out": "896, 896",
    "dtype: size": "f32: 3.1MB",
    "loss": "0.0000112438",
    "samples": "65536",
    "damp": "0.05000",
    "time": "0.333",
    "fwd_time": "1.986",
    "(v)ram": "n/a"
}
{
    "process": "gptq",
    "layer": 16,
    "module": "mlp.gate_proj",
    "feat: in, out": "896, 4864",
    "dtype: size": "f32: 16.9MB",
    "loss": "0.0014678137",
    "samples": "65536",
    "damp": "0.05000",
    "time": "1.479",
    "fwd_time": "5.121",
    "(v)ram": "n/a"
}
{
    "process": "gptq",
    "layer": 16,
    "module": "mlp.up_proj",
    "feat: in, out": "896, 4864",
    "dtype: size": "f32: 16.9MB",
    "loss": "0.0011413214",
    "samples": "65536",
    "damp": "0.05000",
    "time": "1.501",
    "fwd_time": "5.121",
    "(v)ram": "n/a"
}
{
    "process": "gptq",
    "layer": 16,
    "module": "mlp.down_proj",
    "feat: in, out": "4864, 896",
    "dtype: size": "f32: 16.9MB",
    "loss": "0.0000623579",
    "samples": "65536",
    "damp": "0.05000",
    "time": "2.477",
    "fwd_time": "17.228",
    "(v)ram": "n/a"
}
{
    "process": "gptq",
    "layer": 17,
    "module": "self_attn.k_proj",
    "feat: in, out": "896, 128",
    "dtype: size": "f32: 0.4MB",
    "loss": "0.0000619331",
    "samples": "65536",
    "damp": "0.05000",
    "time": "0.606",
    "fwd_time": "1.066",
    "(v)ram": "n/a"
}
{
    "process": "gptq",
    "layer": 17,
    "module": "self_attn.q_proj",
    "feat: in, out": "896, 896",
    "dtype: size": "f32: 3.1MB",
    "loss": "0.0004171013",
    "samples": "65536",
    "damp": "0.05000",
    "time": "0.741",
    "fwd_time": "1.066",
    "(v)ram": "n/a"
}
{
    "process": "gptq",
    "layer": 17,
    "module": "self_attn.v_proj",
    "feat: in, out": "896, 128",
    "dtype: size": "f32: 0.4MB",
    "loss": "0.0000614890",
    "samples": "65536",
    "damp": "0.05000",
    "time": "0.237",
    "fwd_time": "1.066",
    "(v)ram": "n/a"
}
{
    "process": "gptq",
    "layer": 17,
    "module": "self_attn.o_proj",
    "feat: in, out": "896, 896",
    "dtype: size": "f32: 3.1MB",
    "loss": "0.0000121382",
    "samples": "65536",
    "damp": "0.05000",
    "time": "0.363",
    "fwd_time": "1.962",
    "(v)ram": "n/a"
}
{
    "process": "gptq",
    "layer": 17,
    "module": "mlp.up_proj",
    "feat: in, out": "896, 4864",
    "dtype: size": "f32: 16.9MB",
    "loss": "0.0013172249",
    "samples": "65536",
    "damp": "0.05000",
    "time": "1.411",
    "fwd_time": "6.313",
    "(v)ram": "n/a"
}
{
    "process": "gptq",
    "layer": 17,
    "module": "mlp.gate_proj",
    "feat: in, out": "896, 4864",
    "dtype: size": "f32: 16.9MB",
    "loss": "0.0020277603",
    "samples": "65536",
    "damp": "0.05000",
    "time": "1.439",
    "fwd_time": "6.313",
    "(v)ram": "n/a"
}
{
    "process": "gptq",
    "layer": 17,
    "module": "mlp.down_proj",
    "feat: in, out": "4864, 896",
    "dtype: size": "f32: 16.9MB",
    "loss": "0.0000513959",
    "samples": "65536",
    "damp": "0.05000",
    "time": "2.672",
    "fwd_time": "17.475",
    "(v)ram": "n/a"
}
{
    "process": "gptq",
    "layer": 18,
    "module": "self_attn.k_proj",
    "feat: in, out": "896, 128",
    "dtype: size": "f32: 0.4MB",
    "loss": "0.0000745797",
    "samples": "65536",
    "damp": "0.05000",
    "time": "0.507",
    "fwd_time": "1.016",
    "(v)ram": "n/a"
}
{
    "process": "gptq",
    "layer": 18,
    "module": "self_attn.q_proj",
    "feat: in, out": "896, 896",
    "dtype: size": "f32: 3.1MB",
    "loss": "0.0004014256",
    "samples": "65536",
    "damp": "0.05000",
    "time": "0.586",
    "fwd_time": "1.016",
    "(v)ram": "n/a"
}
{
    "process": "gptq",
    "layer": 18,
    "module": "self_attn.v_proj",
    "feat: in, out": "896, 128",
    "dtype: size": "f32: 0.4MB",
    "loss": "0.0000563102",
    "samples": "65536",
    "damp": "0.05000",
    "time": "0.193",
    "fwd_time": "1.016",
    "(v)ram": "n/a"
}
{
    "process": "gptq",
    "layer": 18,
    "module": "self_attn.o_proj",
    "feat: in, out": "896, 896",
    "dtype: size": "f32: 3.1MB",
    "loss": "0.0000139157",
    "samples": "65536",
    "damp": "0.05000",
    "time": "0.250",
    "fwd_time": "1.836",
    "(v)ram": "n/a"
}
{
    "process": "gptq",
    "layer": 18,
    "module": "mlp.up_proj",
    "feat: in, out": "896, 4864",
    "dtype: size": "f32: 16.9MB",
    "loss": "0.0013077124",
    "samples": "65536",
    "damp": "0.05000",
    "time": "1.150",
    "fwd_time": "4.573",
    "(v)ram": "n/a"
}
{
    "process": "gptq",
    "layer": 18,
    "module": "mlp.gate_proj",
    "feat: in, out": "896, 4864",
    "dtype: size": "f32: 16.9MB",
    "loss": "0.0016228715",
    "samples": "65536",
    "damp": "0.05000",
    "time": "1.164",
    "fwd_time": "4.573",
    "(v)ram": "n/a"
}
{
    "process": "gptq",
    "layer": 18,
    "module": "mlp.down_proj",
    "feat: in, out": "4864, 896",
    "dtype: size": "f32: 16.9MB",
    "loss": "0.0000536224",
    "samples": "65536",
    "damp": "0.05000",
    "time": "2.657",
    "fwd_time": "16.335",
    "(v)ram": "n/a"
}
{
    "process": "gptq",
    "layer": 19,
    "module": "self_attn.k_proj",
    "feat: in, out": "896, 128",
    "dtype: size": "f32: 0.4MB",
    "loss": "0.0000632396",
    "samples": "65536",
    "damp": "0.05000",
    "time": "0.542",
    "fwd_time": "1.268",
    "(v)ram": "n/a"
}
{
    "process": "gptq",
    "layer": 19,
    "module": "self_attn.q_proj",
    "feat: in, out": "896, 896",
    "dtype: size": "f32: 3.1MB",
    "loss": "0.0003832328",
    "samples": "65536",
    "damp": "0.05000",
    "time": "0.643",
    "fwd_time": "1.268",
    "(v)ram": "n/a"
}
{
    "process": "gptq",
    "layer": 19,
    "module": "self_attn.v_proj",
    "feat: in, out": "896, 128",
    "dtype: size": "f32: 0.4MB",
    "loss": "0.0000568058",
    "samples": "65536",
    "damp": "0.05000",
    "time": "0.187",
    "fwd_time": "1.268",
    "(v)ram": "n/a"
}
{
    "process": "gptq",
    "layer": 19,
    "module": "self_attn.o_proj",
    "feat: in, out": "896, 896",
    "dtype: size": "f32: 3.1MB",
    "loss": "0.0000144090",
    "samples": "65536",
    "damp": "0.05000",
    "time": "0.285",
    "fwd_time": "1.737",
    "(v)ram": "n/a"
}
{
    "process": "gptq",
    "layer": 19,
    "module": "mlp.up_proj",
    "feat: in, out": "896, 4864",
    "dtype: size": "f32: 16.9MB",
    "loss": "0.0018933573",
    "samples": "65536",
    "damp": "0.05000",
    "time": "1.420",
    "fwd_time": "4.932",
    "(v)ram": "n/a"
}
{
    "process": "gptq",
    "layer": 19,
    "module": "mlp.gate_proj",
    "feat: in, out": "896, 4864",
    "dtype: size": "f32: 16.9MB",
    "loss": "0.0022355837",
    "samples": "65536",
    "damp": "0.05000",
    "time": "1.429",
    "fwd_time": "4.932",
    "(v)ram": "n/a"
}
{
    "process": "gptq",
    "layer": 19,
    "module": "mlp.down_proj",
    "feat: in, out": "4864, 896",
    "dtype: size": "f32: 16.9MB",
    "loss": "0.0001100690",
    "samples": "65536",
    "damp": "0.05000",
    "time": "2.275",
    "fwd_time": "17.518",
    "(v)ram": "n/a"
}
{
    "process": "gptq",
    "layer": 20,
    "module": "self_attn.k_proj",
    "feat: in, out": "896, 128",
    "dtype: size": "f32: 0.4MB",
    "loss": "0.0000779492",
    "samples": "65536",
    "damp": "0.05000",
    "time": "0.645",
    "fwd_time": "1.187",
    "(v)ram": "n/a"
}
{
    "process": "gptq",
    "layer": 20,
    "module": "self_attn.q_proj",
    "feat: in, out": "896, 896",
    "dtype: size": "f32: 3.1MB",
    "loss": "0.0005298717",
    "samples": "65536",
    "damp": "0.05000",
    "time": "0.745",
    "fwd_time": "1.187",
    "(v)ram": "n/a"
}
{
    "process": "gptq",
    "layer": 20,
    "module": "self_attn.v_proj",
    "feat: in, out": "896, 128",
    "dtype: size": "f32: 0.4MB",
    "loss": "0.0001810139",
    "samples": "65536",
    "damp": "0.05000",
    "time": "0.209",
    "fwd_time": "1.187",
    "(v)ram": "n/a"
}
{
    "process": "gptq",
    "layer": 20,
    "module": "self_attn.o_proj",
    "feat: in, out": "896, 896",
    "dtype: size": "f32: 3.1MB",
    "loss": "0.0000274603",
    "samples": "65536",
    "damp": "0.05000",
    "time": "0.401",
    "fwd_time": "2.260",
    "(v)ram": "n/a"
}
{
    "process": "gptq",
    "layer": 20,
    "module": "mlp.up_proj",
    "feat: in, out": "896, 4864",
    "dtype: size": "f32: 16.9MB",
    "loss": "0.0020938453",
    "samples": "65536",
    "damp": "0.05000",
    "time": "1.332",
    "fwd_time": "5.765",
    "(v)ram": "n/a"
}
{
    "process": "gptq",
    "layer": 20,
    "module": "mlp.gate_proj",
    "feat: in, out": "896, 4864",
    "dtype: size": "f32: 16.9MB",
    "loss": "0.0022906538",
    "samples": "65536",
    "damp": "0.05000",
    "time": "1.335",
    "fwd_time": "5.765",
    "(v)ram": "n/a"
}
{
    "process": "gptq",
    "layer": 20,
    "module": "mlp.down_proj",
    "feat: in, out": "4864, 896",
    "dtype: size": "f32: 16.9MB",
    "loss": "0.0001587259",
    "samples": "65536",
    "damp": "0.05000",
    "time": "2.440",
    "fwd_time": "18.755",
    "(v)ram": "n/a"
}
{
    "process": "gptq",
    "layer": 21,
    "module": "self_attn.k_proj",
    "feat: in, out": "896, 128",
    "dtype: size": "f32: 0.4MB",
    "loss": "0.0000819336",
    "samples": "65536",
    "damp": "0.05000",
    "time": "0.645",
    "fwd_time": "1.397",
    "(v)ram": "n/a"
}
{
    "process": "gptq",
    "layer": 21,
    "module": "self_attn.q_proj",
    "feat: in, out": "896, 896",
    "dtype: size": "f32: 3.1MB",
    "loss": "0.0005688778",
    "samples": "65536",
    "damp": "0.05000",
    "time": "0.780",
    "fwd_time": "1.397",
    "(v)ram": "n/a"
}
{
    "process": "gptq",
    "layer": 21,
    "module": "self_attn.v_proj",
    "feat: in, out": "896, 128",
    "dtype: size": "f32: 0.4MB",
    "loss": "0.0002724087",
    "samples": "65536",
    "damp": "0.05000",
    "time": "0.236",
    "fwd_time": "1.397",
    "(v)ram": "n/a"
}
{
    "process": "gptq",
    "layer": 21,
    "module": "self_attn.o_proj",
    "feat: in, out": "896, 896",
    "dtype: size": "f32: 3.1MB",
    "loss": "0.0000723186",
    "samples": "65536",
    "damp": "0.05000",
    "time": "0.297",
    "fwd_time": "1.829",
    "(v)ram": "n/a"
}
{
    "process": "gptq",
    "layer": 21,
    "module": "mlp.gate_proj",
    "feat: in, out": "896, 4864",
    "dtype: size": "f32: 16.9MB",
    "loss": "0.0022682194",
    "samples": "65536",
    "damp": "0.05000",
    "time": "1.259",
    "fwd_time": "5.687",
    "(v)ram": "n/a"
}
{
    "process": "gptq",
    "layer": 21,
    "module": "mlp.up_proj",
    "feat: in, out": "896, 4864",
    "dtype: size": "f32: 16.9MB",
    "loss": "0.0022074422",
    "samples": "65536",
    "damp": "0.05000",
    "time": "1.276",
    "fwd_time": "5.687",
    "(v)ram": "n/a"
}
{
    "process": "gptq",
    "layer": 21,
    "module": "mlp.down_proj",
    "feat: in, out": "4864, 896",
    "dtype: size": "f32: 16.9MB",
    "loss": "0.0006995316",
    "samples": "65536",
    "damp": "0.05000",
    "time": "2.753",
    "fwd_time": "16.294",
    "(v)ram": "n/a"
}
{
    "process": "gptq",
    "layer": 22,
    "module": "self_attn.k_proj",
    "feat: in, out": "896, 128",
    "dtype: size": "f32: 0.4MB",
    "loss": "0.0000775817",
    "samples": "65536",
    "damp": "0.05000",
    "time": "0.600",
    "fwd_time": "1.143",
    "(v)ram": "n/a"
}
{
    "process": "gptq",
    "layer": 22,
    "module": "self_attn.q_proj",
    "feat: in, out": "896, 896",
    "dtype: size": "f32: 3.1MB",
    "loss": "0.0005271914",
    "samples": "65536",
    "damp": "0.05000",
    "time": "0.713",
    "fwd_time": "1.143",
    "(v)ram": "n/a"
}
{
    "process": "gptq",
    "layer": 22,
    "module": "self_attn.v_proj",
    "feat: in, out": "896, 128",
    "dtype: size": "f32: 0.4MB",
    "loss": "0.0002475258",
    "samples": "65536",
    "damp": "0.05000",
    "time": "0.295",
    "fwd_time": "1.143",
    "(v)ram": "n/a"
}
{
    "process": "gptq",
    "layer": 22,
    "module": "self_attn.o_proj",
    "feat: in, out": "896, 896",
    "dtype: size": "f32: 3.1MB",
    "loss": "0.0000445686",
    "samples": "65536",
    "damp": "0.05000",
    "time": "0.531",
    "fwd_time": "2.600",
    "(v)ram": "n/a"
}
{
    "process": "gptq",
    "layer": 22,
    "module": "mlp.gate_proj",
    "feat: in, out": "896, 4864",
    "dtype: size": "f32: 16.9MB",
    "loss": "0.0018206112",
    "samples": "65536",
    "damp": "0.05000",
    "time": "1.278",
    "fwd_time": "4.940",
    "(v)ram": "n/a"
}
{
    "process": "gptq",
    "layer": 22,
    "module": "mlp.up_proj",
    "feat: in, out": "896, 4864",
    "dtype: size": "f32: 16.9MB",
    "loss": "0.0019353834",
    "samples": "65536",
    "damp": "0.05000",
    "time": "1.315",
    "fwd_time": "4.940",
    "(v)ram": "n/a"
}
{
    "process": "gptq",
    "layer": 22,
    "module": "mlp.down_proj",
    "feat: in, out": "4864, 896",
    "dtype: size": "f32: 16.9MB",
    "loss": "0.0002630199",
    "samples": "65536",
    "damp": "0.05000",
    "time": "2.285",
    "fwd_time": "16.346",
    "(v)ram": "n/a"
}
{
    "process": "gptq",
    "layer": 23,
    "module": "self_attn.k_proj",
    "feat: in, out": "896, 128",
    "dtype: size": "f32: 0.4MB",
    "loss": "0.0000942021",
    "samples": "65536",
    "damp": "0.05000",
    "time": "0.505",
    "fwd_time": "1.209",
    "(v)ram": "n/a"
}
{
    "process": "gptq",
    "layer": 23,
    "module": "self_attn.q_proj",
    "feat: in, out": "896, 896",
    "dtype: size": "f32: 3.1MB",
    "loss": "0.0006633154",
    "samples": "65536",
    "damp": "0.05000",
    "time": "0.595",
    "fwd_time": "1.209",
    "(v)ram": "n/a"
}
{
    "process": "gptq",
    "layer": 23,
    "module": "self_attn.v_proj",
    "feat: in, out": "896, 128",
    "dtype: size": "f32: 0.4MB",
    "loss": "0.0002060769",
    "samples": "65536",
    "damp": "0.05000",
    "time": "0.185",
    "fwd_time": "1.209",
    "(v)ram": "n/a"
}
{
    "process": "gptq",
    "layer": 23,
    "module": "self_attn.o_proj",
    "feat: in, out": "896, 896",
    "dtype: size": "f32: 3.1MB",
    "loss": "0.0001127308",
    "samples": "65536",
    "damp": "0.05000",
    "time": "0.298",
    "fwd_time": "1.782",
    "(v)ram": "n/a"
}
{
    "process": "gptq",
    "layer": 23,
    "module": "mlp.up_proj",
    "feat: in, out": "896, 4864",
    "dtype: size": "f32: 16.9MB",
    "loss": "0.0022348976",
    "samples": "65536",
    "damp": "0.05000",
    "time": "1.401",
    "fwd_time": "5.263",
    "(v)ram": "n/a"
}
{
    "process": "gptq",
    "layer": 23,
    "module": "mlp.gate_proj",
    "feat: in, out": "896, 4864",
    "dtype: size": "f32: 16.9MB",
    "loss": "0.0023013204",
    "samples": "65536",
    "damp": "0.05000",
    "time": "1.417",
    "fwd_time": "5.263",
    "(v)ram": "n/a"
}
{
    "process": "gptq",
    "layer": 23,
    "module": "mlp.down_proj",
    "feat: in, out": "4864, 896",
    "dtype: size": "f32: 16.9MB",
    "loss": "0.0006215015",
    "samples": "65536",
    "damp": "0.05000",
    "time": "2.430",
    "fwd_time": "18.748",
    "(v)ram": "n/a"
}
