{
    "process": "gptq",
    "layer": 0,
    "module": "self_attn.k_proj",
    "feat: in, out": "896, 128",
    "dtype: size": "f32: 0.4MB",
    "loss": "0.0000006314",
    "samples": "262144",
    "damp": "0.05000",
    "time": "0.597",
    "fwd_time": "4.766",
    "(v)ram": "n/a"
}
{
    "process": "gptq",
    "layer": 0,
    "module": "self_attn.q_proj",
    "feat: in, out": "896, 896",
    "dtype: size": "f32: 3.1MB",
    "loss": "0.0000042196",
    "samples": "262144",
    "damp": "0.05000",
    "time": "0.728",
    "fwd_time": "4.766",
    "(v)ram": "n/a"
}
{
    "process": "gptq",
    "layer": 0,
    "module": "self_attn.v_proj",
    "feat: in, out": "896, 128",
    "dtype: size": "f32: 0.4MB",
    "loss": "0.0000000146",
    "samples": "262144",
    "damp": "0.05000",
    "time": "0.204",
    "fwd_time": "4.766",
    "(v)ram": "n/a"
}
{
    "process": "gptq",
    "layer": 0,
    "module": "self_attn.o_proj",
    "feat: in, out": "896, 896",
    "dtype: size": "f32: 3.1MB",
    "loss": "0.0000000030",
    "samples": "262144",
    "damp": "0.05000",
    "time": "0.238",
    "fwd_time": "46.165",
    "(v)ram": "n/a"
}
{
    "process": "gptq",
    "layer": 0,
    "module": "mlp.up_proj",
    "feat: in, out": "896, 4864",
    "dtype: size": "f32: 16.9MB",
    "loss": "0.0000687806",
    "samples": "262144",
    "damp": "0.05000",
    "time": "1.288",
    "fwd_time": "59.043",
    "(v)ram": "n/a"
}
{
    "process": "gptq",
    "layer": 0,
    "module": "mlp.gate_proj",
    "feat: in, out": "896, 4864",
    "dtype: size": "f32: 16.9MB",
    "loss": "0.0001077848",
    "samples": "262144",
    "damp": "0.05000",
    "time": "1.306",
    "fwd_time": "59.043",
    "(v)ram": "n/a"
}
{
    "process": "gptq",
    "layer": 0,
    "module": "mlp.down_proj",
    "feat: in, out": "4864, 896",
    "dtype: size": "f32: 16.9MB",
    "loss": "0.0000018988",
    "samples": "262144",
    "damp": "0.05000",
    "time": "2.913",
    "fwd_time": "102.038",
    "(v)ram": "n/a"
}
{
    "process": "gptq",
    "layer": 1,
    "module": "self_attn.k_proj",
    "feat: in, out": "896, 128",
    "dtype: size": "f32: 0.4MB",
    "loss": "0.0000074580",
    "samples": "262144",
    "damp": "0.05000",
    "time": "0.562",
    "fwd_time": "4.696",
    "(v)ram": "n/a"
}
{
    "process": "gptq",
    "layer": 1,
    "module": "self_attn.q_proj",
    "feat: in, out": "896, 896",
    "dtype: size": "f32: 3.1MB",
    "loss": "0.0000266278",
    "samples": "262144",
    "damp": "0.05000",
    "time": "0.664",
    "fwd_time": "4.696",
    "(v)ram": "n/a"
}
{
    "process": "gptq",
    "layer": 1,
    "module": "self_attn.v_proj",
    "feat: in, out": "896, 128",
    "dtype: size": "f32: 0.4MB",
    "loss": "0.0000008428",
    "samples": "262144",
    "damp": "0.05000",
    "time": "0.189",
    "fwd_time": "4.696",
    "(v)ram": "n/a"
}
{
    "process": "gptq",
    "layer": 1,
    "module": "self_attn.o_proj",
    "feat: in, out": "896, 896",
    "dtype: size": "f32: 3.1MB",
    "loss": "0.0000003745",
    "samples": "262144",
    "damp": "0.05000",
    "time": "0.284",
    "fwd_time": "42.296",
    "(v)ram": "n/a"
}
{
    "process": "gptq",
    "layer": 1,
    "module": "mlp.gate_proj",
    "feat: in, out": "896, 4864",
    "dtype: size": "f32: 16.9MB",
    "loss": "0.0001851030",
    "samples": "262144",
    "damp": "0.05000",
    "time": "1.504",
    "fwd_time": "65.021",
    "(v)ram": "n/a"
}
{
    "process": "gptq",
    "layer": 1,
    "module": "mlp.up_proj",
    "feat: in, out": "896, 4864",
    "dtype: size": "f32: 16.9MB",
    "loss": "0.0000974629",
    "samples": "262144",
    "damp": "0.05000",
    "time": "1.536",
    "fwd_time": "65.021",
    "(v)ram": "n/a"
}
{
    "process": "gptq",
    "layer": 1,
    "module": "mlp.down_proj",
    "feat: in, out": "4864, 896",
    "dtype: size": "f32: 16.9MB",
    "loss": "0.0000017418",
    "samples": "262144",
    "damp": "0.05000",
    "time": "2.302",
    "fwd_time": "107.635",
    "(v)ram": "n/a"
}
{
    "process": "gptq",
    "layer": 2,
    "module": "self_attn.k_proj",
    "feat: in, out": "896, 128",
    "dtype: size": "f32: 0.4MB",
    "loss": "0.0000159294",
    "samples": "262144",
    "damp": "0.05000",
    "time": "0.663",
    "fwd_time": "5.137",
    "(v)ram": "n/a"
}
{
    "process": "gptq",
    "layer": 2,
    "module": "self_attn.q_proj",
    "feat: in, out": "896, 896",
    "dtype: size": "f32: 3.1MB",
    "loss": "0.0000569636",
    "samples": "262144",
    "damp": "0.05000",
    "time": "0.772",
    "fwd_time": "5.137",
    "(v)ram": "n/a"
}
{
    "process": "gptq",
    "layer": 2,
    "module": "self_attn.v_proj",
    "feat: in, out": "896, 128",
    "dtype: size": "f32: 0.4MB",
    "loss": "0.0000021050",
    "samples": "262144",
    "damp": "0.05000",
    "time": "0.188",
    "fwd_time": "5.137",
    "(v)ram": "n/a"
}
{
    "process": "gptq",
    "layer": 2,
    "module": "self_attn.o_proj",
    "feat: in, out": "896, 896",
    "dtype: size": "f32: 3.1MB",
    "loss": "0.0000005023",
    "samples": "262144",
    "damp": "0.05000",
    "time": "0.324",
    "fwd_time": "22.353",
    "(v)ram": "n/a"
}
{
    "process": "gptq",
    "layer": 2,
    "module": "mlp.gate_proj",
    "feat: in, out": "896, 4864",
    "dtype: size": "f32: 16.9MB",
    "loss": "0.0002567338",
    "samples": "262144",
    "damp": "0.05000",
    "time": "1.240",
    "fwd_time": "32.667",
    "(v)ram": "n/a"
}
{
    "process": "gptq",
    "layer": 2,
    "module": "mlp.up_proj",
    "feat: in, out": "896, 4864",
    "dtype: size": "f32: 16.9MB",
    "loss": "0.0001397148",
    "samples": "262144",
    "damp": "0.05000",
    "time": "1.245",
    "fwd_time": "32.667",
    "(v)ram": "n/a"
}
{
    "process": "gptq",
    "layer": 2,
    "module": "mlp.down_proj",
    "feat: in, out": "4864, 896",
    "dtype: size": "f32: 16.9MB",
    "loss": "0.0000101576",
    "samples": "262144",
    "damp": "0.05000",
    "time": "2.830",
    "fwd_time": "75.513",
    "(v)ram": "n/a"
}
{
    "process": "gptq",
    "layer": 3,
    "module": "self_attn.k_proj",
    "feat: in, out": "896, 128",
    "dtype: size": "f32: 0.4MB",
    "loss": "0.0000169431",
    "samples": "262144",
    "damp": "0.05000",
    "time": "0.492",
    "fwd_time": "4.582",
    "(v)ram": "n/a"
}
{
    "process": "gptq",
    "layer": 3,
    "module": "self_attn.q_proj",
    "feat: in, out": "896, 896",
    "dtype: size": "f32: 3.1MB",
    "loss": "0.0000706160",
    "samples": "262144",
    "damp": "0.05000",
    "time": "0.577",
    "fwd_time": "4.582",
    "(v)ram": "n/a"
}
{
    "process": "gptq",
    "layer": 3,
    "module": "self_attn.v_proj",
    "feat: in, out": "896, 128",
    "dtype: size": "f32: 0.4MB",
    "loss": "0.0000037569",
    "samples": "262144",
    "damp": "0.05000",
    "time": "0.187",
    "fwd_time": "4.582",
    "(v)ram": "n/a"
}
{
    "process": "gptq",
    "layer": 3,
    "module": "self_attn.o_proj",
    "feat: in, out": "896, 896",
    "dtype: size": "f32: 3.1MB",
    "loss": "0.0000008392",
    "samples": "262144",
    "damp": "0.05000",
    "time": "0.307",
    "fwd_time": "26.540",
    "(v)ram": "n/a"
}
{
    "process": "gptq",
    "layer": 3,
    "module": "mlp.gate_proj",
    "feat: in, out": "896, 4864",
    "dtype: size": "f32: 16.9MB",
    "loss": "0.0003586562",
    "samples": "262144",
    "damp": "0.05000",
    "time": "1.256",
    "fwd_time": "39.905",
    "(v)ram": "n/a"
}
{
    "process": "gptq",
    "layer": 3,
    "module": "mlp.up_proj",
    "feat: in, out": "896, 4864",
    "dtype: size": "f32: 16.9MB",
    "loss": "0.0002047209",
    "samples": "262144",
    "damp": "0.05000",
    "time": "1.278",
    "fwd_time": "39.905",
    "(v)ram": "n/a"
}
{
    "process": "gptq",
    "layer": 3,
    "module": "mlp.down_proj",
    "feat: in, out": "4864, 896",
    "dtype: size": "f32: 16.9MB",
    "loss": "0.0000116856",
    "samples": "262144",
    "damp": "0.05000",
    "time": "2.410",
    "fwd_time": "76.108",
    "(v)ram": "n/a"
}
{
    "process": "gptq",
    "layer": 4,
    "module": "self_attn.k_proj",
    "feat: in, out": "896, 128",
    "dtype: size": "f32: 0.4MB",
    "loss": "0.0000111986",
    "samples": "262144",
    "damp": "0.05000",
    "time": "0.632",
    "fwd_time": "4.500",
    "(v)ram": "n/a"
}
{
    "process": "gptq",
    "layer": 4,
    "module": "self_attn.q_proj",
    "feat: in, out": "896, 896",
    "dtype: size": "f32: 3.1MB",
    "loss": "0.0000568055",
    "samples": "262144",
    "damp": "0.05000",
    "time": "0.755",
    "fwd_time": "4.500",
    "(v)ram": "n/a"
}
{
    "process": "gptq",
    "layer": 4,
    "module": "self_attn.v_proj",
    "feat: in, out": "896, 128",
    "dtype: size": "f32: 0.4MB",
    "loss": "0.0000051524",
    "samples": "262144",
    "damp": "0.05000",
    "time": "0.223",
    "fwd_time": "4.500",
    "(v)ram": "n/a"
}
{
    "process": "gptq",
    "layer": 4,
    "module": "self_attn.o_proj",
    "feat: in, out": "896, 896",
    "dtype: size": "f32: 3.1MB",
    "loss": "0.0000017558",
    "samples": "262144",
    "damp": "0.05000",
    "time": "0.278",
    "fwd_time": "25.965",
    "(v)ram": "n/a"
}
{
    "process": "gptq",
    "layer": 4,
    "module": "mlp.up_proj",
    "feat: in, out": "896, 4864",
    "dtype: size": "f32: 16.9MB",
    "loss": "0.0002041603",
    "samples": "262144",
    "damp": "0.05000",
    "time": "1.348",
    "fwd_time": "39.052",
    "(v)ram": "n/a"
}
{
    "process": "gptq",
    "layer": 4,
    "module": "mlp.gate_proj",
    "feat: in, out": "896, 4864",
    "dtype: size": "f32: 16.9MB",
    "loss": "0.0003130539",
    "samples": "262144",
    "damp": "0.05000",
    "time": "1.366",
    "fwd_time": "39.052",
    "(v)ram": "n/a"
}
{
    "process": "gptq",
    "layer": 4,
    "module": "mlp.down_proj",
    "feat: in, out": "4864, 896",
    "dtype: size": "f32: 16.9MB",
    "loss": "0.0000047436",
    "samples": "262144",
    "damp": "0.05000",
    "time": "2.144",
    "fwd_time": "72.817",
    "(v)ram": "n/a"
}
{
    "process": "gptq",
    "layer": 5,
    "module": "self_attn.k_proj",
    "feat: in, out": "896, 128",
    "dtype: size": "f32: 0.4MB",
    "loss": "0.0000137625",
    "samples": "262144",
    "damp": "0.05000",
    "time": "0.668",
    "fwd_time": "4.405",
    "(v)ram": "n/a"
}
{
    "process": "gptq",
    "layer": 5,
    "module": "self_attn.q_proj",
    "feat: in, out": "896, 896",
    "dtype: size": "f32: 3.1MB",
    "loss": "0.0000695621",
    "samples": "262144",
    "damp": "0.05000",
    "time": "0.840",
    "fwd_time": "4.405",
    "(v)ram": "n/a"
}
{
    "process": "gptq",
    "layer": 5,
    "module": "self_attn.v_proj",
    "feat: in, out": "896, 128",
    "dtype: size": "f32: 0.4MB",
    "loss": "0.0000064040",
    "samples": "262144",
    "damp": "0.05000",
    "time": "0.254",
    "fwd_time": "4.405",
    "(v)ram": "n/a"
}
{
    "process": "gptq",
    "layer": 5,
    "module": "self_attn.o_proj",
    "feat: in, out": "896, 896",
    "dtype: size": "f32: 3.1MB",
    "loss": "0.0000011735",
    "samples": "262144",
    "damp": "0.05000",
    "time": "0.265",
    "fwd_time": "26.090",
    "(v)ram": "n/a"
}
{
    "process": "gptq",
    "layer": 5,
    "module": "mlp.up_proj",
    "feat: in, out": "896, 4864",
    "dtype: size": "f32: 16.9MB",
    "loss": "0.0002400270",
    "samples": "262144",
    "damp": "0.05000",
    "time": "1.485",
    "fwd_time": "38.496",
    "(v)ram": "n/a"
}
{
    "process": "gptq",
    "layer": 5,
    "module": "mlp.gate_proj",
    "feat: in, out": "896, 4864",
    "dtype: size": "f32: 16.9MB",
    "loss": "0.0004718050",
    "samples": "262144",
    "damp": "0.05000",
    "time": "1.513",
    "fwd_time": "38.496",
    "(v)ram": "n/a"
}
{
    "process": "gptq",
    "layer": 5,
    "module": "mlp.down_proj",
    "feat: in, out": "4864, 896",
    "dtype: size": "f32: 16.9MB",
    "loss": "0.0000041040",
    "samples": "262144",
    "damp": "0.05000",
    "time": "2.485",
    "fwd_time": "72.846",
    "(v)ram": "n/a"
}
{
    "process": "gptq",
    "layer": 6,
    "module": "self_attn.k_proj",
    "feat: in, out": "896, 128",
    "dtype: size": "f32: 0.4MB",
    "loss": "0.0000125915",
    "samples": "262144",
    "damp": "0.05000",
    "time": "0.556",
    "fwd_time": "5.209",
    "(v)ram": "n/a"
}
{
    "process": "gptq",
    "layer": 6,
    "module": "self_attn.q_proj",
    "feat: in, out": "896, 896",
    "dtype: size": "f32: 3.1MB",
    "loss": "0.0000565397",
    "samples": "262144",
    "damp": "0.05000",
    "time": "0.649",
    "fwd_time": "5.209",
    "(v)ram": "n/a"
}
{
    "process": "gptq",
    "layer": 6,
    "module": "self_attn.v_proj",
    "feat: in, out": "896, 128",
    "dtype: size": "f32: 0.4MB",
    "loss": "0.0000036916",
    "samples": "262144",
    "damp": "0.05000",
    "time": "0.227",
    "fwd_time": "5.209",
    "(v)ram": "n/a"
}
{
    "process": "gptq",
    "layer": 6,
    "module": "self_attn.o_proj",
    "feat: in, out": "896, 896",
    "dtype: size": "f32: 3.1MB",
    "loss": "0.0000007466",
    "samples": "262144",
    "damp": "0.05000",
    "time": "0.267",
    "fwd_time": "20.375",
    "(v)ram": "n/a"
}
{
    "process": "gptq",
    "layer": 6,
    "module": "mlp.gate_proj",
    "feat: in, out": "896, 4864",
    "dtype: size": "f32: 16.9MB",
    "loss": "0.0002878110",
    "samples": "262144",
    "damp": "0.05000",
    "time": "1.300",
    "fwd_time": "30.693",
    "(v)ram": "n/a"
}
{
    "process": "gptq",
    "layer": 6,
    "module": "mlp.up_proj",
    "feat: in, out": "896, 4864",
    "dtype: size": "f32: 16.9MB",
    "loss": "0.0002030704",
    "samples": "262144",
    "damp": "0.05000",
    "time": "1.314",
    "fwd_time": "30.693",
    "(v)ram": "n/a"
}
{
    "process": "gptq",
    "layer": 6,
    "module": "mlp.down_proj",
    "feat: in, out": "4864, 896",
    "dtype: size": "f32: 16.9MB",
    "loss": "0.0000047698",
    "samples": "262144",
    "damp": "0.05000",
    "time": "2.759",
    "fwd_time": "71.613",
    "(v)ram": "n/a"
}
{
    "process": "gptq",
    "layer": 7,
    "module": "self_attn.k_proj",
    "feat: in, out": "896, 128",
    "dtype: size": "f32: 0.4MB",
    "loss": "0.0000180213",
    "samples": "262144",
    "damp": "0.05000",
    "time": "0.539",
    "fwd_time": "4.443",
    "(v)ram": "n/a"
}
{
    "process": "gptq",
    "layer": 7,
    "module": "self_attn.q_proj",
    "feat: in, out": "896, 896",
    "dtype: size": "f32: 3.1MB",
    "loss": "0.0000747337",
    "samples": "262144",
    "damp": "0.05000",
    "time": "0.674",
    "fwd_time": "4.443",
    "(v)ram": "n/a"
}
{
    "process": "gptq",
    "layer": 7,
    "module": "self_attn.v_proj",
    "feat: in, out": "896, 128",
    "dtype: size": "f32: 0.4MB",
    "loss": "0.0000058015",
    "samples": "262144",
    "damp": "0.05000",
    "time": "0.199",
    "fwd_time": "4.443",
    "(v)ram": "n/a"
}
{
    "process": "gptq",
    "layer": 7,
    "module": "self_attn.o_proj",
    "feat: in, out": "896, 896",
    "dtype: size": "f32: 3.1MB",
    "loss": "0.0000020616",
    "samples": "262144",
    "damp": "0.05000",
    "time": "0.365",
    "fwd_time": "25.708",
    "(v)ram": "n/a"
}
{
    "process": "gptq",
    "layer": 7,
    "module": "mlp.gate_proj",
    "feat: in, out": "896, 4864",
    "dtype: size": "f32: 16.9MB",
    "loss": "0.0002672456",
    "samples": "262144",
    "damp": "0.05000",
    "time": "1.400",
    "fwd_time": "38.218",
    "(v)ram": "n/a"
}
{
    "process": "gptq",
    "layer": 7,
    "module": "mlp.up_proj",
    "feat: in, out": "896, 4864",
    "dtype: size": "f32: 16.9MB",
    "loss": "0.0002112286",
    "samples": "262144",
    "damp": "0.05000",
    "time": "1.427",
    "fwd_time": "38.218",
    "(v)ram": "n/a"
}
{
    "process": "gptq",
    "layer": 7,
    "module": "mlp.down_proj",
    "feat: in, out": "4864, 896",
    "dtype: size": "f32: 16.9MB",
    "loss": "0.0000055540",
    "samples": "262144",
    "damp": "0.05000",
    "time": "2.881",
    "fwd_time": "74.680",
    "(v)ram": "n/a"
}
{
    "process": "gptq",
    "layer": 8,
    "module": "self_attn.k_proj",
    "feat: in, out": "896, 128",
    "dtype: size": "f32: 0.4MB",
    "loss": "0.0000128177",
    "samples": "262144",
    "damp": "0.05000",
    "time": "0.644",
    "fwd_time": "4.777",
    "(v)ram": "n/a"
}
{
    "process": "gptq",
    "layer": 8,
    "module": "self_attn.q_proj",
    "feat: in, out": "896, 896",
    "dtype: size": "f32: 3.1MB",
    "loss": "0.0000709364",
    "samples": "262144",
    "damp": "0.05000",
    "time": "0.747",
    "fwd_time": "4.777",
    "(v)ram": "n/a"
}
{
    "process": "gptq",
    "layer": 8,
    "module": "self_attn.v_proj",
    "feat: in, out": "896, 128",
    "dtype: size": "f32: 0.4MB",
    "loss": "0.0000047744",
    "samples": "262144",
    "damp": "0.05000",
    "time": "0.216",
    "fwd_time": "4.777",
    "(v)ram": "n/a"
}
{
    "process": "gptq",
    "layer": 8,
    "module": "self_attn.o_proj",
    "feat: in, out": "896, 896",
    "dtype: size": "f32: 3.1MB",
    "loss": "0.0000025245",
    "samples": "262144",
    "damp": "0.05000",
    "time": "0.288",
    "fwd_time": "40.000",
    "(v)ram": "n/a"
}
{
    "process": "gptq",
    "layer": 8,
    "module": "mlp.gate_proj",
    "feat: in, out": "896, 4864",
    "dtype: size": "f32: 16.9MB",
    "loss": "0.0002353669",
    "samples": "262144",
    "damp": "0.05000",
    "time": "1.408",
    "fwd_time": "51.946",
    "(v)ram": "n/a"
}
{
    "process": "gptq",
    "layer": 8,
    "module": "mlp.up_proj",
    "feat: in, out": "896, 4864",
    "dtype: size": "f32: 16.9MB",
    "loss": "0.0001812118",
    "samples": "262144",
    "damp": "0.05000",
    "time": "1.412",
    "fwd_time": "51.946",
    "(v)ram": "n/a"
}
{
    "process": "gptq",
    "layer": 8,
    "module": "mlp.down_proj",
    "feat: in, out": "4864, 896",
    "dtype: size": "f32: 16.9MB",
    "loss": "0.0000038127",
    "samples": "262144",
    "damp": "0.05000",
    "time": "2.300",
    "fwd_time": "81.956",
    "(v)ram": "n/a"
}
{
    "process": "gptq",
    "layer": 9,
    "module": "self_attn.k_proj",
    "feat: in, out": "896, 128",
    "dtype: size": "f32: 0.4MB",
    "loss": "0.0000338759",
    "samples": "262144",
    "damp": "0.05000",
    "time": "0.640",
    "fwd_time": "5.460",
    "(v)ram": "n/a"
}
{
    "process": "gptq",
    "layer": 9,
    "module": "self_attn.q_proj",
    "feat: in, out": "896, 896",
    "dtype: size": "f32: 3.1MB",
    "loss": "0.0001294249",
    "samples": "262144",
    "damp": "0.05000",
    "time": "0.774",
    "fwd_time": "5.460",
    "(v)ram": "n/a"
}
{
    "process": "gptq",
    "layer": 9,
    "module": "self_attn.v_proj",
    "feat: in, out": "896, 128",
    "dtype: size": "f32: 0.4MB",
    "loss": "0.0000088013",
    "samples": "262144",
    "damp": "0.05000",
    "time": "0.204",
    "fwd_time": "5.460",
    "(v)ram": "n/a"
}
{
    "process": "gptq",
    "layer": 9,
    "module": "self_attn.o_proj",
    "feat: in, out": "896, 896",
    "dtype: size": "f32: 3.1MB",
    "loss": "0.0000017663",
    "samples": "262144",
    "damp": "0.05000",
    "time": "0.265",
    "fwd_time": "30.907",
    "(v)ram": "n/a"
}
{
    "process": "gptq",
    "layer": 9,
    "module": "mlp.gate_proj",
    "feat: in, out": "896, 4864",
    "dtype: size": "f32: 16.9MB",
    "loss": "0.0002167849",
    "samples": "262144",
    "damp": "0.05000",
    "time": "1.484",
    "fwd_time": "40.283",
    "(v)ram": "n/a"
}
{
    "process": "gptq",
    "layer": 9,
    "module": "mlp.up_proj",
    "feat: in, out": "896, 4864",
    "dtype: size": "f32: 16.9MB",
    "loss": "0.0001866604",
    "samples": "262144",
    "damp": "0.05000",
    "time": "1.501",
    "fwd_time": "40.283",
    "(v)ram": "n/a"
}
{
    "process": "gptq",
    "layer": 9,
    "module": "mlp.down_proj",
    "feat: in, out": "4864, 896",
    "dtype: size": "f32: 16.9MB",
    "loss": "0.0000041671",
    "samples": "262144",
    "damp": "0.05000",
    "time": "2.616",
    "fwd_time": "76.377",
    "(v)ram": "n/a"
}
{
    "process": "gptq",
    "layer": 10,
    "module": "self_attn.k_proj",
    "feat: in, out": "896, 128",
    "dtype: size": "f32: 0.4MB",
    "loss": "0.0000116123",
    "samples": "262144",
    "damp": "0.05000",
    "time": "0.543",
    "fwd_time": "4.499",
    "(v)ram": "n/a"
}
{
    "process": "gptq",
    "layer": 10,
    "module": "self_attn.q_proj",
    "feat: in, out": "896, 896",
    "dtype: size": "f32: 3.1MB",
    "loss": "0.0000612478",
    "samples": "262144",
    "damp": "0.05000",
    "time": "0.651",
    "fwd_time": "4.499",
    "(v)ram": "n/a"
}
{
    "process": "gptq",
    "layer": 10,
    "module": "self_attn.v_proj",
    "feat: in, out": "896, 128",
    "dtype: size": "f32: 0.4MB",
    "loss": "0.0000081576",
    "samples": "262144",
    "damp": "0.05000",
    "time": "0.194",
    "fwd_time": "4.499",
    "(v)ram": "n/a"
}
{
    "process": "gptq",
    "layer": 10,
    "module": "self_attn.o_proj",
    "feat: in, out": "896, 896",
    "dtype: size": "f32: 3.1MB",
    "loss": "0.0000025413",
    "samples": "262144",
    "damp": "0.05000",
    "time": "0.244",
    "fwd_time": "24.172",
    "(v)ram": "n/a"
}
{
    "process": "gptq",
    "layer": 10,
    "module": "mlp.up_proj",
    "feat: in, out": "896, 4864",
    "dtype: size": "f32: 16.9MB",
    "loss": "0.0001624226",
    "samples": "262144",
    "damp": "0.05000",
    "time": "1.199",
    "fwd_time": "34.180",
    "(v)ram": "n/a"
}
{
    "process": "gptq",
    "layer": 10,
    "module": "mlp.gate_proj",
    "feat: in, out": "896, 4864",
    "dtype: size": "f32: 16.9MB",
    "loss": "0.0002088481",
    "samples": "262144",
    "damp": "0.05000",
    "time": "1.202",
    "fwd_time": "34.180",
    "(v)ram": "n/a"
}
{
    "process": "gptq",
    "layer": 10,
    "module": "mlp.down_proj",
    "feat: in, out": "4864, 896",
    "dtype: size": "f32: 16.9MB",
    "loss": "0.0000032745",
    "samples": "262144",
    "damp": "0.05000",
    "time": "2.465",
    "fwd_time": "69.569",
    "(v)ram": "n/a"
}
{
    "process": "gptq",
    "layer": 11,
    "module": "self_attn.k_proj",
    "feat: in, out": "896, 128",
    "dtype: size": "f32: 0.4MB",
    "loss": "0.0000396599",
    "samples": "262144",
    "damp": "0.05000",
    "time": "0.604",
    "fwd_time": "4.575",
    "(v)ram": "n/a"
}
{
    "process": "gptq",
    "layer": 11,
    "module": "self_attn.q_proj",
    "feat: in, out": "896, 896",
    "dtype: size": "f32: 3.1MB",
    "loss": "0.0001432475",
    "samples": "262144",
    "damp": "0.05000",
    "time": "0.684",
    "fwd_time": "4.575",
    "(v)ram": "n/a"
}
{
    "process": "gptq",
    "layer": 11,
    "module": "self_attn.v_proj",
    "feat: in, out": "896, 128",
    "dtype: size": "f32: 0.4MB",
    "loss": "0.0000097695",
    "samples": "262144",
    "damp": "0.05000",
    "time": "0.166",
    "fwd_time": "4.575",
    "(v)ram": "n/a"
}
{
    "process": "gptq",
    "layer": 11,
    "module": "self_attn.o_proj",
    "feat: in, out": "896, 896",
    "dtype: size": "f32: 3.1MB",
    "loss": "0.0000014078",
    "samples": "262144",
    "damp": "0.05000",
    "time": "0.267",
    "fwd_time": "43.044",
    "(v)ram": "n/a"
}
{
    "process": "gptq",
    "layer": 11,
    "module": "mlp.gate_proj",
    "feat: in, out": "896, 4864",
    "dtype: size": "f32: 16.9MB",
    "loss": "0.0002010230",
    "samples": "262144",
    "damp": "0.05000",
    "time": "1.246",
    "fwd_time": "50.675",
    "(v)ram": "n/a"
}
{
    "process": "gptq",
    "layer": 11,
    "module": "mlp.up_proj",
    "feat: in, out": "896, 4864",
    "dtype: size": "f32: 16.9MB",
    "loss": "0.0001840209",
    "samples": "262144",
    "damp": "0.05000",
    "time": "1.257",
    "fwd_time": "50.675",
    "(v)ram": "n/a"
}
{
    "process": "gptq",
    "layer": 11,
    "module": "mlp.down_proj",
    "feat: in, out": "4864, 896",
    "dtype: size": "f32: 16.9MB",
    "loss": "0.0000046595",
    "samples": "262144",
    "damp": "0.05000",
    "time": "2.470",
    "fwd_time": "89.798",
    "(v)ram": "n/a"
}
{
    "process": "gptq",
    "layer": 12,
    "module": "self_attn.k_proj",
    "feat: in, out": "896, 128",
    "dtype: size": "f32: 0.4MB",
    "loss": "0.0000114916",
    "samples": "262144",
    "damp": "0.05000",
    "time": "0.483",
    "fwd_time": "4.225",
    "(v)ram": "n/a"
}
{
    "process": "gptq",
    "layer": 12,
    "module": "self_attn.q_proj",
    "feat: in, out": "896, 896",
    "dtype: size": "f32: 3.1MB",
    "loss": "0.0000646610",
    "samples": "262144",
    "damp": "0.05000",
    "time": "0.608",
    "fwd_time": "4.225",
    "(v)ram": "n/a"
}
{
    "process": "gptq",
    "layer": 12,
    "module": "self_attn.v_proj",
    "feat: in, out": "896, 128",
    "dtype: size": "f32: 0.4MB",
    "loss": "0.0000074915",
    "samples": "262144",
    "damp": "0.05000",
    "time": "0.223",
    "fwd_time": "4.225",
    "(v)ram": "n/a"
}
{
    "process": "gptq",
    "layer": 12,
    "module": "self_attn.o_proj",
    "feat: in, out": "896, 896",
    "dtype: size": "f32: 3.1MB",
    "loss": "0.0000036065",
    "samples": "262144",
    "damp": "0.05000",
    "time": "0.291",
    "fwd_time": "30.664",
    "(v)ram": "n/a"
}
{
    "process": "gptq",
    "layer": 12,
    "module": "mlp.up_proj",
    "feat: in, out": "896, 4864",
    "dtype: size": "f32: 16.9MB",
    "loss": "0.0001730738",
    "samples": "262144",
    "damp": "0.05000",
    "time": "1.332",
    "fwd_time": "40.761",
    "(v)ram": "n/a"
}
{
    "process": "gptq",
    "layer": 12,
    "module": "mlp.gate_proj",
    "feat: in, out": "896, 4864",
    "dtype: size": "f32: 16.9MB",
    "loss": "0.0001921821",
    "samples": "262144",
    "damp": "0.05000",
    "time": "1.343",
    "fwd_time": "40.761",
    "(v)ram": "n/a"
}
{
    "process": "gptq",
    "layer": 12,
    "module": "mlp.down_proj",
    "feat: in, out": "4864, 896",
    "dtype: size": "f32: 16.9MB",
    "loss": "0.0000039310",
    "samples": "262144",
    "damp": "0.05000",
    "time": "2.555",
    "fwd_time": "75.543",
    "(v)ram": "n/a"
}
{
    "process": "gptq",
    "layer": 13,
    "module": "self_attn.k_proj",
    "feat: in, out": "896, 128",
    "dtype: size": "f32: 0.4MB",
    "loss": "0.0000199901",
    "samples": "262144",
    "damp": "0.05000",
    "time": "0.503",
    "fwd_time": "4.268",
    "(v)ram": "n/a"
}
{
    "process": "gptq",
    "layer": 13,
    "module": "self_attn.q_proj",
    "feat: in, out": "896, 896",
    "dtype: size": "f32: 3.1MB",
    "loss": "0.0001025279",
    "samples": "262144",
    "damp": "0.05000",
    "time": "0.587",
    "fwd_time": "4.268",
    "(v)ram": "n/a"
}
{
    "process": "gptq",
    "layer": 13,
    "module": "self_attn.v_proj",
    "feat: in, out": "896, 128",
    "dtype: size": "f32: 0.4MB",
    "loss": "0.0000086481",
    "samples": "262144",
    "damp": "0.05000",
    "time": "0.163",
    "fwd_time": "4.268",
    "(v)ram": "n/a"
}
{
    "process": "gptq",
    "layer": 13,
    "module": "self_attn.o_proj",
    "feat: in, out": "896, 896",
    "dtype: size": "f32: 3.1MB",
    "loss": "0.0000024477",
    "samples": "262144",
    "damp": "0.05000",
    "time": "0.285",
    "fwd_time": "43.581",
    "(v)ram": "n/a"
}
{
    "process": "gptq",
    "layer": 13,
    "module": "mlp.up_proj",
    "feat: in, out": "896, 4864",
    "dtype: size": "f32: 16.9MB",
    "loss": "0.0001960051",
    "samples": "262144",
    "damp": "0.05000",
    "time": "1.498",
    "fwd_time": "51.349",
    "(v)ram": "n/a"
}
{
    "process": "gptq",
    "layer": 13,
    "module": "mlp.gate_proj",
    "feat: in, out": "896, 4864",
    "dtype: size": "f32: 16.9MB",
    "loss": "0.0001978539",
    "samples": "262144",
    "damp": "0.05000",
    "time": "1.533",
    "fwd_time": "51.349",
    "(v)ram": "n/a"
}
{
    "process": "gptq",
    "layer": 13,
    "module": "mlp.down_proj",
    "feat: in, out": "4864, 896",
    "dtype: size": "f32: 16.9MB",
    "loss": "0.0000049948",
    "samples": "262144",
    "damp": "0.05000",
    "time": "2.793",
    "fwd_time": "85.989",
    "(v)ram": "n/a"
}
{
    "process": "gptq",
    "layer": 14,
    "module": "self_attn.k_proj",
    "feat: in, out": "896, 128",
    "dtype: size": "f32: 0.4MB",
    "loss": "0.0000142519",
    "samples": "262144",
    "damp": "0.05000",
    "time": "0.621",
    "fwd_time": "6.532",
    "(v)ram": "n/a"
}
{
    "process": "gptq",
    "layer": 14,
    "module": "self_attn.q_proj",
    "feat: in, out": "896, 896",
    "dtype: size": "f32: 3.1MB",
    "loss": "0.0000912422",
    "samples": "262144",
    "damp": "0.05000",
    "time": "0.722",
    "fwd_time": "6.532",
    "(v)ram": "n/a"
}
{
    "process": "gptq",
    "layer": 14,
    "module": "self_attn.v_proj",
    "feat: in, out": "896, 128",
    "dtype: size": "f32: 0.4MB",
    "loss": "0.0000122429",
    "samples": "262144",
    "damp": "0.05000",
    "time": "0.247",
    "fwd_time": "6.532",
    "(v)ram": "n/a"
}
{
    "process": "gptq",
    "layer": 14,
    "module": "self_attn.o_proj",
    "feat: in, out": "896, 896",
    "dtype: size": "f32: 3.1MB",
    "loss": "0.0000045708",
    "samples": "262144",
    "damp": "0.05000",
    "time": "0.339",
    "fwd_time": "44.163",
    "(v)ram": "n/a"
}
{
    "process": "gptq",
    "layer": 14,
    "module": "mlp.up_proj",
    "feat: in, out": "896, 4864",
    "dtype: size": "f32: 16.9MB",
    "loss": "0.0001882472",
    "samples": "262144",
    "damp": "0.05000",
    "time": "1.347",
    "fwd_time": "58.748",
    "(v)ram": "n/a"
}
{
    "process": "gptq",
    "layer": 14,
    "module": "mlp.gate_proj",
    "feat: in, out": "896, 4864",
    "dtype: size": "f32: 16.9MB",
    "loss": "0.0002114153",
    "samples": "262144",
    "damp": "0.05000",
    "time": "1.368",
    "fwd_time": "58.748",
    "(v)ram": "n/a"
}
{
    "process": "gptq",
    "layer": 14,
    "module": "mlp.down_proj",
    "feat: in, out": "4864, 896",
    "dtype: size": "f32: 16.9MB",
    "loss": "0.0000057454",
    "samples": "262144",
    "damp": "0.05000",
    "time": "2.520",
    "fwd_time": "84.838",
    "(v)ram": "n/a"
}
{
    "process": "gptq",
    "layer": 15,
    "module": "self_attn.k_proj",
    "feat: in, out": "896, 128",
    "dtype: size": "f32: 0.4MB",
    "loss": "0.0000151056",
    "samples": "262144",
    "damp": "0.05000",
    "time": "0.592",
    "fwd_time": "5.160",
    "(v)ram": "n/a"
}
{
    "process": "gptq",
    "layer": 15,
    "module": "self_attn.q_proj",
    "feat: in, out": "896, 896",
    "dtype: size": "f32: 3.1MB",
    "loss": "0.0000786949",
    "samples": "262144",
    "damp": "0.05000",
    "time": "0.705",
    "fwd_time": "5.160",
    "(v)ram": "n/a"
}
{
    "process": "gptq",
    "layer": 15,
    "module": "self_attn.v_proj",
    "feat: in, out": "896, 128",
    "dtype: size": "f32: 0.4MB",
    "loss": "0.0000108127",
    "samples": "262144",
    "damp": "0.05000",
    "time": "0.207",
    "fwd_time": "5.160",
    "(v)ram": "n/a"
}
{
    "process": "gptq",
    "layer": 15,
    "module": "self_attn.o_proj",
    "feat: in, out": "896, 896",
    "dtype: size": "f32: 3.1MB",
    "loss": "0.0000035371",
    "samples": "262144",
    "damp": "0.05000",
    "time": "0.365",
    "fwd_time": "45.591",
    "(v)ram": "n/a"
}
{
    "process": "gptq",
    "layer": 15,
    "module": "mlp.gate_proj",
    "feat: in, out": "896, 4864",
    "dtype: size": "f32: 16.9MB",
    "loss": "0.0002496006",
    "samples": "262144",
    "damp": "0.05000",
    "time": "1.443",
    "fwd_time": "54.085",
    "(v)ram": "n/a"
}
{
    "process": "gptq",
    "layer": 15,
    "module": "mlp.up_proj",
    "feat: in, out": "896, 4864",
    "dtype: size": "f32: 16.9MB",
    "loss": "0.0002406622",
    "samples": "262144",
    "damp": "0.05000",
    "time": "1.453",
    "fwd_time": "54.085",
    "(v)ram": "n/a"
}
{
    "process": "gptq",
    "layer": 15,
    "module": "mlp.down_proj",
    "feat: in, out": "4864, 896",
    "dtype: size": "f32: 16.9MB",
    "loss": "0.0000082092",
    "samples": "262144",
    "damp": "0.05000",
    "time": "2.377",
    "fwd_time": "82.171",
    "(v)ram": "n/a"
}
{
    "process": "gptq",
    "layer": 16,
    "module": "self_attn.k_proj",
    "feat: in, out": "896, 128",
    "dtype: size": "f32: 0.4MB",
    "loss": "0.0000301759",
    "samples": "262144",
    "damp": "0.05000",
    "time": "0.525",
    "fwd_time": "3.842",
    "(v)ram": "n/a"
}
{
    "process": "gptq",
    "layer": 16,
    "module": "self_attn.q_proj",
    "feat: in, out": "896, 896",
    "dtype: size": "f32: 3.1MB",
    "loss": "0.0001619606",
    "samples": "262144",
    "damp": "0.05000",
    "time": "0.609",
    "fwd_time": "3.842",
    "(v)ram": "n/a"
}
{
    "process": "gptq",
    "layer": 16,
    "module": "self_attn.v_proj",
    "feat: in, out": "896, 128",
    "dtype: size": "f32: 0.4MB",
    "loss": "0.0000225084",
    "samples": "262144",
    "damp": "0.05000",
    "time": "0.181",
    "fwd_time": "3.842",
    "(v)ram": "n/a"
}
{
    "process": "gptq",
    "layer": 16,
    "module": "self_attn.o_proj",
    "feat: in, out": "896, 896",
    "dtype: size": "f32: 3.1MB",
    "loss": "0.0000023840",
    "samples": "262144",
    "damp": "0.05000",
    "time": "0.311",
    "fwd_time": "42.719",
    "(v)ram": "n/a"
}
{
    "process": "gptq",
    "layer": 16,
    "module": "mlp.gate_proj",
    "feat: in, out": "896, 4864",
    "dtype: size": "f32: 16.9MB",
    "loss": "0.0003721275",
    "samples": "262144",
    "damp": "0.05000",
    "time": "1.382",
    "fwd_time": "51.828",
    "(v)ram": "n/a"
}
{
    "process": "gptq",
    "layer": 16,
    "module": "mlp.up_proj",
    "feat: in, out": "896, 4864",
    "dtype: size": "f32: 16.9MB",
    "loss": "0.0002903558",
    "samples": "262144",
    "damp": "0.05000",
    "time": "1.397",
    "fwd_time": "51.828",
    "(v)ram": "n/a"
}
{
    "process": "gptq",
    "layer": 16,
    "module": "mlp.down_proj",
    "feat: in, out": "4864, 896",
    "dtype: size": "f32: 16.9MB",
    "loss": "0.0000162642",
    "samples": "262144",
    "damp": "0.05000",
    "time": "2.176",
    "fwd_time": "81.746",
    "(v)ram": "n/a"
}
{
    "process": "gptq",
    "layer": 17,
    "module": "self_attn.k_proj",
    "feat: in, out": "896, 128",
    "dtype: size": "f32: 0.4MB",
    "loss": "0.0000160858",
    "samples": "262144",
    "damp": "0.05000",
    "time": "0.505",
    "fwd_time": "4.422",
    "(v)ram": "n/a"
}
{
    "process": "gptq",
    "layer": 17,
    "module": "self_attn.q_proj",
    "feat: in, out": "896, 896",
    "dtype: size": "f32: 3.1MB",
    "loss": "0.0001089111",
    "samples": "262144",
    "damp": "0.05000",
    "time": "0.601",
    "fwd_time": "4.422",
    "(v)ram": "n/a"
}
{
    "process": "gptq",
    "layer": 17,
    "module": "self_attn.v_proj",
    "feat: in, out": "896, 128",
    "dtype: size": "f32: 0.4MB",
    "loss": "0.0000159648",
    "samples": "262144",
    "damp": "0.05000",
    "time": "0.163",
    "fwd_time": "4.422",
    "(v)ram": "n/a"
}
{
    "process": "gptq",
    "layer": 17,
    "module": "self_attn.o_proj",
    "feat: in, out": "896, 896",
    "dtype: size": "f32: 3.1MB",
    "loss": "0.0000030097",
    "samples": "262144",
    "damp": "0.05000",
    "time": "0.251",
    "fwd_time": "41.262",
    "(v)ram": "n/a"
}
{
    "process": "gptq",
    "layer": 17,
    "module": "mlp.gate_proj",
    "feat: in, out": "896, 4864",
    "dtype: size": "f32: 16.9MB",
    "loss": "0.0005072216",
    "samples": "262144",
    "damp": "0.05000",
    "time": "1.270",
    "fwd_time": "49.286",
    "(v)ram": "n/a"
}
{
    "process": "gptq",
    "layer": 17,
    "module": "mlp.up_proj",
    "feat: in, out": "896, 4864",
    "dtype: size": "f32: 16.9MB",
    "loss": "0.0003286592",
    "samples": "262144",
    "damp": "0.05000",
    "time": "1.299",
    "fwd_time": "49.286",
    "(v)ram": "n/a"
}
{
    "process": "gptq",
    "layer": 17,
    "module": "mlp.down_proj",
    "feat: in, out": "4864, 896",
    "dtype: size": "f32: 16.9MB",
    "loss": "0.0000128565",
    "samples": "262144",
    "damp": "0.05000",
    "time": "2.791",
    "fwd_time": "84.787",
    "(v)ram": "n/a"
}
{
    "process": "gptq",
    "layer": 18,
    "module": "self_attn.k_proj",
    "feat: in, out": "896, 128",
    "dtype: size": "f32: 0.4MB",
    "loss": "0.0000190695",
    "samples": "262144",
    "damp": "0.05000",
    "time": "0.496",
    "fwd_time": "4.293",
    "(v)ram": "n/a"
}
{
    "process": "gptq",
    "layer": 18,
    "module": "self_attn.q_proj",
    "feat: in, out": "896, 896",
    "dtype: size": "f32: 3.1MB",
    "loss": "0.0001026567",
    "samples": "262144",
    "damp": "0.05000",
    "time": "0.601",
    "fwd_time": "4.293",
    "(v)ram": "n/a"
}
{
    "process": "gptq",
    "layer": 18,
    "module": "self_attn.v_proj",
    "feat: in, out": "896, 128",
    "dtype: size": "f32: 0.4MB",
    "loss": "0.0000142946",
    "samples": "262144",
    "damp": "0.05000",
    "time": "0.176",
    "fwd_time": "4.293",
    "(v)ram": "n/a"
}
{
    "process": "gptq",
    "layer": 18,
    "module": "self_attn.o_proj",
    "feat: in, out": "896, 896",
    "dtype: size": "f32: 3.1MB",
    "loss": "0.0000028942",
    "samples": "262144",
    "damp": "0.05000",
    "time": "0.286",
    "fwd_time": "40.488",
    "(v)ram": "n/a"
}
{
    "process": "gptq",
    "layer": 18,
    "module": "mlp.up_proj",
    "feat: in, out": "896, 4864",
    "dtype: size": "f32: 16.9MB",
    "loss": "0.0003290095",
    "samples": "262144",
    "damp": "0.05000",
    "time": "1.256",
    "fwd_time": "49.827",
    "(v)ram": "n/a"
}
{
    "process": "gptq",
    "layer": 18,
    "module": "mlp.gate_proj",
    "feat: in, out": "896, 4864",
    "dtype: size": "f32: 16.9MB",
    "loss": "0.0004077632",
    "samples": "262144",
    "damp": "0.05000",
    "time": "1.261",
    "fwd_time": "49.827",
    "(v)ram": "n/a"
}
{
    "process": "gptq",
    "layer": 18,
    "module": "mlp.down_proj",
    "feat: in, out": "4864, 896",
    "dtype: size": "f32: 16.9MB",
    "loss": "0.0000137752",
    "samples": "262144",
    "damp": "0.05000",
    "time": "2.354",
    "fwd_time": "82.190",
    "(v)ram": "n/a"
}
{
    "process": "gptq",
    "layer": 19,
    "module": "self_attn.k_proj",
    "feat: in, out": "896, 128",
    "dtype: size": "f32: 0.4MB",
    "loss": "0.0000161423",
    "samples": "262144",
    "damp": "0.05000",
    "time": "0.494",
    "fwd_time": "4.263",
    "(v)ram": "n/a"
}
{
    "process": "gptq",
    "layer": 19,
    "module": "self_attn.q_proj",
    "feat: in, out": "896, 896",
    "dtype: size": "f32: 3.1MB",
    "loss": "0.0000981341",
    "samples": "262144",
    "damp": "0.05000",
    "time": "0.607",
    "fwd_time": "4.263",
    "(v)ram": "n/a"
}
{
    "process": "gptq",
    "layer": 19,
    "module": "self_attn.v_proj",
    "feat: in, out": "896, 128",
    "dtype: size": "f32: 0.4MB",
    "loss": "0.0000146590",
    "samples": "262144",
    "damp": "0.05000",
    "time": "0.182",
    "fwd_time": "4.263",
    "(v)ram": "n/a"
}
{
    "process": "gptq",
    "layer": 19,
    "module": "self_attn.o_proj",
    "feat: in, out": "896, 896",
    "dtype: size": "f32: 3.1MB",
    "loss": "0.0000043133",
    "samples": "262144",
    "damp": "0.05000",
    "time": "0.247",
    "fwd_time": "41.217",
    "(v)ram": "n/a"
}
{
    "process": "gptq",
    "layer": 19,
    "module": "mlp.gate_proj",
    "feat: in, out": "896, 4864",
    "dtype: size": "f32: 16.9MB",
    "loss": "0.0005547230",
    "samples": "262144",
    "damp": "0.05000",
    "time": "1.176",
    "fwd_time": "49.729",
    "(v)ram": "n/a"
}
{
    "process": "gptq",
    "layer": 19,
    "module": "mlp.up_proj",
    "feat: in, out": "896, 4864",
    "dtype: size": "f32: 16.9MB",
    "loss": "0.0004704949",
    "samples": "262144",
    "damp": "0.05000",
    "time": "1.183",
    "fwd_time": "49.729",
    "(v)ram": "n/a"
}
{
    "process": "gptq",
    "layer": 19,
    "module": "mlp.down_proj",
    "feat: in, out": "4864, 896",
    "dtype: size": "f32: 16.9MB",
    "loss": "0.0000282020",
    "samples": "262144",
    "damp": "0.05000",
    "time": "2.240",
    "fwd_time": "81.935",
    "(v)ram": "n/a"
}
{
    "process": "gptq",
    "layer": 20,
    "module": "self_attn.k_proj",
    "feat: in, out": "896, 128",
    "dtype: size": "f32: 0.4MB",
    "loss": "0.0000199244",
    "samples": "262144",
    "damp": "0.05000",
    "time": "0.453",
    "fwd_time": "4.373",
    "(v)ram": "n/a"
}
{
    "process": "gptq",
    "layer": 20,
    "module": "self_attn.q_proj",
    "feat: in, out": "896, 896",
    "dtype: size": "f32: 3.1MB",
    "loss": "0.0001352796",
    "samples": "262144",
    "damp": "0.05000",
    "time": "0.536",
    "fwd_time": "4.373",
    "(v)ram": "n/a"
}
{
    "process": "gptq",
    "layer": 20,
    "module": "self_attn.v_proj",
    "feat: in, out": "896, 128",
    "dtype: size": "f32: 0.4MB",
    "loss": "0.0000452302",
    "samples": "262144",
    "damp": "0.05000",
    "time": "0.194",
    "fwd_time": "4.373",
    "(v)ram": "n/a"
}
{
    "process": "gptq",
    "layer": 20,
    "module": "self_attn.o_proj",
    "feat: in, out": "896, 896",
    "dtype: size": "f32: 3.1MB",
    "loss": "0.0000057288",
    "samples": "262144",
    "damp": "0.05000",
    "time": "0.295",
    "fwd_time": "43.615",
    "(v)ram": "n/a"
}
{
    "process": "gptq",
    "layer": 20,
    "module": "mlp.gate_proj",
    "feat: in, out": "896, 4864",
    "dtype: size": "f32: 16.9MB",
    "loss": "0.0005742628",
    "samples": "262144",
    "damp": "0.05000",
    "time": "1.137",
    "fwd_time": "53.919",
    "(v)ram": "n/a"
}
{
    "process": "gptq",
    "layer": 20,
    "module": "mlp.up_proj",
    "feat: in, out": "896, 4864",
    "dtype: size": "f32: 16.9MB",
    "loss": "0.0005247155",
    "samples": "262144",
    "damp": "0.05000",
    "time": "1.153",
    "fwd_time": "53.919",
    "(v)ram": "n/a"
}
{
    "process": "gptq",
    "layer": 20,
    "module": "mlp.down_proj",
    "feat: in, out": "4864, 896",
    "dtype: size": "f32: 16.9MB",
    "loss": "0.0000417776",
    "samples": "262144",
    "damp": "0.05000",
    "time": "2.527",
    "fwd_time": "83.112",
    "(v)ram": "n/a"
}
{
    "process": "gptq",
    "layer": 21,
    "module": "self_attn.k_proj",
    "feat: in, out": "896, 128",
    "dtype: size": "f32: 0.4MB",
    "loss": "0.0000208673",
    "samples": "262144",
    "damp": "0.05000",
    "time": "0.576",
    "fwd_time": "4.236",
    "(v)ram": "n/a"
}
{
    "process": "gptq",
    "layer": 21,
    "module": "self_attn.q_proj",
    "feat: in, out": "896, 896",
    "dtype: size": "f32: 3.1MB",
    "loss": "0.0001461342",
    "samples": "262144",
    "damp": "0.05000",
    "time": "0.677",
    "fwd_time": "4.236",
    "(v)ram": "n/a"
}
{
    "process": "gptq",
    "layer": 21,
    "module": "self_attn.v_proj",
    "feat: in, out": "896, 128",
    "dtype: size": "f32: 0.4MB",
    "loss": "0.0000679112",
    "samples": "262144",
    "damp": "0.05000",
    "time": "0.210",
    "fwd_time": "4.236",
    "(v)ram": "n/a"
}
{
    "process": "gptq",
    "layer": 21,
    "module": "self_attn.o_proj",
    "feat: in, out": "896, 896",
    "dtype: size": "f32: 3.1MB",
    "loss": "0.0000204466",
    "samples": "262144",
    "damp": "0.05000",
    "time": "0.290",
    "fwd_time": "43.187",
    "(v)ram": "n/a"
}
{
    "process": "gptq",
    "layer": 21,
    "module": "mlp.gate_proj",
    "feat: in, out": "896, 4864",
    "dtype: size": "f32: 16.9MB",
    "loss": "0.0005281364",
    "samples": "262144",
    "damp": "0.05000",
    "time": "1.273",
    "fwd_time": "50.138",
    "(v)ram": "n/a"
}
{
    "process": "gptq",
    "layer": 21,
    "module": "mlp.up_proj",
    "feat: in, out": "896, 4864",
    "dtype: size": "f32: 16.9MB",
    "loss": "0.0005164375",
    "samples": "262144",
    "damp": "0.05000",
    "time": "1.291",
    "fwd_time": "50.138",
    "(v)ram": "n/a"
}
{
    "process": "gptq",
    "layer": 21,
    "module": "mlp.down_proj",
    "feat: in, out": "4864, 896",
    "dtype: size": "f32: 16.9MB",
    "loss": "0.0000829428",
    "samples": "262144",
    "damp": "0.05000",
    "time": "2.265",
    "fwd_time": "89.823",
    "(v)ram": "n/a"
}
{
    "process": "gptq",
    "layer": 22,
    "module": "self_attn.k_proj",
    "feat: in, out": "896, 128",
    "dtype: size": "f32: 0.4MB",
    "loss": "0.0000203574",
    "samples": "262144",
    "damp": "0.05000",
    "time": "0.510",
    "fwd_time": "4.873",
    "(v)ram": "n/a"
}
{
    "process": "gptq",
    "layer": 22,
    "module": "self_attn.q_proj",
    "feat: in, out": "896, 896",
    "dtype: size": "f32: 3.1MB",
    "loss": "0.0001376245",
    "samples": "262144",
    "damp": "0.05000",
    "time": "0.617",
    "fwd_time": "4.873",
    "(v)ram": "n/a"
}
{
    "process": "gptq",
    "layer": 22,
    "module": "self_attn.v_proj",
    "feat: in, out": "896, 128",
    "dtype: size": "f32: 0.4MB",
    "loss": "0.0000623541",
    "samples": "262144",
    "damp": "0.05000",
    "time": "0.233",
    "fwd_time": "4.873",
    "(v)ram": "n/a"
}
{
    "process": "gptq",
    "layer": 22,
    "module": "self_attn.o_proj",
    "feat: in, out": "896, 896",
    "dtype: size": "f32: 3.1MB",
    "loss": "0.0000111165",
    "samples": "262144",
    "damp": "0.05000",
    "time": "0.281",
    "fwd_time": "33.638",
    "(v)ram": "n/a"
}
{
    "process": "gptq",
    "layer": 22,
    "module": "mlp.gate_proj",
    "feat: in, out": "896, 4864",
    "dtype: size": "f32: 16.9MB",
    "loss": "0.0004557837",
    "samples": "262144",
    "damp": "0.05000",
    "time": "1.362",
    "fwd_time": "39.729",
    "(v)ram": "n/a"
}
{
    "process": "gptq",
    "layer": 22,
    "module": "mlp.up_proj",
    "feat: in, out": "896, 4864",
    "dtype: size": "f32: 16.9MB",
    "loss": "0.0004836786",
    "samples": "262144",
    "damp": "0.05000",
    "time": "1.370",
    "fwd_time": "39.729",
    "(v)ram": "n/a"
}
{
    "process": "gptq",
    "layer": 22,
    "module": "mlp.down_proj",
    "feat: in, out": "4864, 896",
    "dtype: size": "f32: 16.9MB",
    "loss": "0.0000686341",
    "samples": "262144",
    "damp": "0.05000",
    "time": "2.412",
    "fwd_time": "76.182",
    "(v)ram": "n/a"
}
{
    "process": "gptq",
    "layer": 23,
    "module": "self_attn.k_proj",
    "feat: in, out": "896, 128",
    "dtype: size": "f32: 0.4MB",
    "loss": "0.0000237718",
    "samples": "262144",
    "damp": "0.05000",
    "time": "0.758",
    "fwd_time": "5.632",
    "(v)ram": "n/a"
}
{
    "process": "gptq",
    "layer": 23,
    "module": "self_attn.q_proj",
    "feat: in, out": "896, 896",
    "dtype: size": "f32: 3.1MB",
    "loss": "0.0001691058",
    "samples": "262144",
    "damp": "0.05000",
    "time": "0.905",
    "fwd_time": "5.632",
    "(v)ram": "n/a"
}
{
    "process": "gptq",
    "layer": 23,
    "module": "self_attn.v_proj",
    "feat: in, out": "896, 128",
    "dtype: size": "f32: 0.4MB",
    "loss": "0.0000517125",
    "samples": "262144",
    "damp": "0.05000",
    "time": "0.177",
    "fwd_time": "5.632",
    "(v)ram": "n/a"
}
{
    "process": "gptq",
    "layer": 23,
    "module": "self_attn.o_proj",
    "feat: in, out": "896, 896",
    "dtype: size": "f32: 3.1MB",
    "loss": "0.0000281762",
    "samples": "262144",
    "damp": "0.05000",
    "time": "0.329",
    "fwd_time": "40.858",
    "(v)ram": "n/a"
}
{
    "process": "gptq",
    "layer": 23,
    "module": "mlp.gate_proj",
    "feat: in, out": "896, 4864",
    "dtype: size": "f32: 16.9MB",
    "loss": "0.0005721743",
    "samples": "262144",
    "damp": "0.05000",
    "time": "1.083",
    "fwd_time": "47.402",
    "(v)ram": "n/a"
}
{
    "process": "gptq",
    "layer": 23,
    "module": "mlp.up_proj",
    "feat: in, out": "896, 4864",
    "dtype: size": "f32: 16.9MB",
    "loss": "0.0005553904",
    "samples": "262144",
    "damp": "0.05000",
    "time": "1.096",
    "fwd_time": "47.402",
    "(v)ram": "n/a"
}
{
    "process": "gptq",
    "layer": 23,
    "module": "mlp.down_proj",
    "feat: in, out": "4864, 896",
    "dtype: size": "f32: 16.9MB",
    "loss": "0.0001652850",
    "samples": "262144",
    "damp": "0.05000",
    "time": "2.075",
    "fwd_time": "80.916",
    "(v)ram": "n/a"
}
