{
    "process": "gptq",
    "layer": 0,
    "module": "self_attn.k_proj",
    "feat: in, out": "576, 192",
    "dtype: size": "f32: 0.4MB",
    "loss": "0.0000029611",
    "samples": "65536",
    "damp": "0.05000",
    "time": "0.398",
    "fwd_time": "0.428",
    "(v)ram": "n/a"
}
{
    "process": "gptq",
    "layer": 0,
    "module": "self_attn.q_proj",
    "feat: in, out": "576, 576",
    "dtype: size": "f32: 1.3MB",
    "loss": "0.0000047916",
    "samples": "65536",
    "damp": "0.05000",
    "time": "0.450",
    "fwd_time": "0.428",
    "(v)ram": "n/a"
}
{
    "process": "gptq",
    "layer": 0,
    "module": "self_attn.v_proj",
    "feat: in, out": "576, 192",
    "dtype: size": "f32: 0.4MB",
    "loss": "0.0000000353",
    "samples": "65536",
    "damp": "0.05000",
    "time": "0.105",
    "fwd_time": "0.428",
    "(v)ram": "n/a"
}
{
    "process": "gptq",
    "layer": 0,
    "module": "self_attn.o_proj",
    "feat: in, out": "576, 576",
    "dtype: size": "f32: 1.3MB",
    "loss": "0.0000000535",
    "samples": "65536",
    "damp": "0.05000",
    "time": "0.210",
    "fwd_time": "1.518",
    "(v)ram": "n/a"
}
{
    "process": "gptq",
    "layer": 0,
    "module": "mlp.gate_proj",
    "feat: in, out": "576, 1536",
    "dtype: size": "f32: 3.4MB",
    "loss": "0.0000224989",
    "samples": "65536",
    "damp": "0.05000",
    "time": "0.519",
    "fwd_time": "1.910",
    "(v)ram": "n/a"
}
{
    "process": "gptq",
    "layer": 0,
    "module": "mlp.up_proj",
    "feat: in, out": "576, 1536",
    "dtype: size": "f32: 3.4MB",
    "loss": "0.0000237176",
    "samples": "65536",
    "damp": "0.05000",
    "time": "0.527",
    "fwd_time": "1.910",
    "(v)ram": "n/a"
}
{
    "process": "gptq",
    "layer": 0,
    "module": "mlp.down_proj",
    "feat: in, out": "1536, 576",
    "dtype: size": "f32: 3.4MB",
    "loss": "0.0000936107",
    "samples": "65536",
    "damp": "0.05000",
    "time": "0.470",
    "fwd_time": "2.909",
    "(v)ram": "n/a"
}
{
    "process": "gptq",
    "layer": 1,
    "module": "self_attn.k_proj",
    "feat: in, out": "576, 192",
    "dtype: size": "f32: 0.4MB",
    "loss": "0.0000135220",
    "samples": "65536",
    "damp": "0.05000",
    "time": "0.357",
    "fwd_time": "0.495",
    "(v)ram": "n/a"
}
{
    "process": "gptq",
    "layer": 1,
    "module": "self_attn.q_proj",
    "feat: in, out": "576, 576",
    "dtype: size": "f32: 1.3MB",
    "loss": "0.0000307815",
    "samples": "65536",
    "damp": "0.05000",
    "time": "0.402",
    "fwd_time": "0.495",
    "(v)ram": "n/a"
}
{
    "process": "gptq",
    "layer": 1,
    "module": "self_attn.v_proj",
    "feat: in, out": "576, 192",
    "dtype: size": "f32: 0.4MB",
    "loss": "0.0000025659",
    "samples": "65536",
    "damp": "0.05000",
    "time": "0.098",
    "fwd_time": "0.495",
    "(v)ram": "n/a"
}
{
    "process": "gptq",
    "layer": 1,
    "module": "self_attn.o_proj",
    "feat: in, out": "576, 576",
    "dtype: size": "f32: 1.3MB",
    "loss": "0.0000152318",
    "samples": "65536",
    "damp": "0.05000",
    "time": "0.130",
    "fwd_time": "1.088",
    "(v)ram": "n/a"
}
{
    "process": "gptq",
    "layer": 1,
    "module": "mlp.up_proj",
    "feat: in, out": "576, 1536",
    "dtype: size": "f32: 3.4MB",
    "loss": "0.0000276529",
    "samples": "65536",
    "damp": "0.05000",
    "time": "0.500",
    "fwd_time": "1.798",
    "(v)ram": "n/a"
}
{
    "process": "gptq",
    "layer": 1,
    "module": "mlp.gate_proj",
    "feat: in, out": "576, 1536",
    "dtype: size": "f32: 3.4MB",
    "loss": "0.0000349638",
    "samples": "65536",
    "damp": "0.05000",
    "time": "0.511",
    "fwd_time": "1.798",
    "(v)ram": "n/a"
}
{
    "process": "gptq",
    "layer": 1,
    "module": "mlp.down_proj",
    "feat: in, out": "1536, 576",
    "dtype: size": "f32: 3.4MB",
    "loss": "0.0000350494",
    "samples": "65536",
    "damp": "0.05000",
    "time": "0.454",
    "fwd_time": "2.835",
    "(v)ram": "n/a"
}
{
    "process": "gptq",
    "layer": 2,
    "module": "self_attn.k_proj",
    "feat: in, out": "576, 192",
    "dtype: size": "f32: 0.4MB",
    "loss": "0.0000217724",
    "samples": "65536",
    "damp": "0.05000",
    "time": "0.347",
    "fwd_time": "0.528",
    "(v)ram": "n/a"
}
{
    "process": "gptq",
    "layer": 2,
    "module": "self_attn.q_proj",
    "feat: in, out": "576, 576",
    "dtype: size": "f32: 1.3MB",
    "loss": "0.0000503774",
    "samples": "65536",
    "damp": "0.05000",
    "time": "0.391",
    "fwd_time": "0.528",
    "(v)ram": "n/a"
}
{
    "process": "gptq",
    "layer": 2,
    "module": "self_attn.v_proj",
    "feat: in, out": "576, 192",
    "dtype: size": "f32: 0.4MB",
    "loss": "0.0000035162",
    "samples": "65536",
    "damp": "0.05000",
    "time": "0.121",
    "fwd_time": "0.528",
    "(v)ram": "n/a"
}
{
    "process": "gptq",
    "layer": 2,
    "module": "self_attn.o_proj",
    "feat: in, out": "576, 576",
    "dtype: size": "f32: 1.3MB",
    "loss": "0.0000093898",
    "samples": "65536",
    "damp": "0.05000",
    "time": "0.130",
    "fwd_time": "1.326",
    "(v)ram": "n/a"
}
{
    "process": "gptq",
    "layer": 2,
    "module": "mlp.up_proj",
    "feat: in, out": "576, 1536",
    "dtype: size": "f32: 3.4MB",
    "loss": "0.0000360640",
    "samples": "65536",
    "damp": "0.05000",
    "time": "0.501",
    "fwd_time": "1.947",
    "(v)ram": "n/a"
}
{
    "process": "gptq",
    "layer": 2,
    "module": "mlp.gate_proj",
    "feat: in, out": "576, 1536",
    "dtype: size": "f32: 3.4MB",
    "loss": "0.0000431416",
    "samples": "65536",
    "damp": "0.05000",
    "time": "0.504",
    "fwd_time": "1.947",
    "(v)ram": "n/a"
}
{
    "process": "gptq",
    "layer": 2,
    "module": "mlp.down_proj",
    "feat: in, out": "1536, 576",
    "dtype: size": "f32: 3.4MB",
    "loss": "0.0000718704",
    "samples": "65536",
    "damp": "0.05000",
    "time": "0.473",
    "fwd_time": "2.802",
    "(v)ram": "n/a"
}
{
    "process": "gptq",
    "layer": 3,
    "module": "self_attn.k_proj",
    "feat: in, out": "576, 192",
    "dtype: size": "f32: 0.4MB",
    "loss": "0.0000280302",
    "samples": "65536",
    "damp": "0.05000",
    "time": "0.391",
    "fwd_time": "0.696",
    "(v)ram": "n/a"
}
{
    "process": "gptq",
    "layer": 3,
    "module": "self_attn.q_proj",
    "feat: in, out": "576, 576",
    "dtype: size": "f32: 1.3MB",
    "loss": "0.0000702521",
    "samples": "65536",
    "damp": "0.05000",
    "time": "0.432",
    "fwd_time": "0.696",
    "(v)ram": "n/a"
}
{
    "process": "gptq",
    "layer": 3,
    "module": "self_attn.v_proj",
    "feat: in, out": "576, 192",
    "dtype: size": "f32: 0.4MB",
    "loss": "0.0000109007",
    "samples": "65536",
    "damp": "0.05000",
    "time": "0.119",
    "fwd_time": "0.696",
    "(v)ram": "n/a"
}
{
    "process": "gptq",
    "layer": 3,
    "module": "self_attn.o_proj",
    "feat: in, out": "576, 576",
    "dtype: size": "f32: 1.3MB",
    "loss": "0.0000149694",
    "samples": "65536",
    "damp": "0.05000",
    "time": "0.253",
    "fwd_time": "1.705",
    "(v)ram": "n/a"
}
{
    "process": "gptq",
    "layer": 3,
    "module": "mlp.gate_proj",
    "feat: in, out": "576, 1536",
    "dtype: size": "f32: 3.4MB",
    "loss": "0.0000449353",
    "samples": "65536",
    "damp": "0.05000",
    "time": "0.534",
    "fwd_time": "2.222",
    "(v)ram": "n/a"
}
{
    "process": "gptq",
    "layer": 3,
    "module": "mlp.up_proj",
    "feat: in, out": "576, 1536",
    "dtype: size": "f32: 3.4MB",
    "loss": "0.0000393947",
    "samples": "65536",
    "damp": "0.05000",
    "time": "0.543",
    "fwd_time": "2.222",
    "(v)ram": "n/a"
}
{
    "process": "gptq",
    "layer": 3,
    "module": "mlp.down_proj",
    "feat: in, out": "1536, 576",
    "dtype: size": "f32: 3.4MB",
    "loss": "0.0000508741",
    "samples": "65536",
    "damp": "0.05000",
    "time": "0.538",
    "fwd_time": "3.298",
    "(v)ram": "n/a"
}
