{
    "process": "gptq",
    "layer": 0,
    "module": "self_attn.k_proj",
    "feat: in, out": "576, 192",
    "dtype: size": "f32: 0.4MB",
    "loss": "0.0000030042",
    "samples": "65536",
    "damp": "0.05000",
    "time": "0.322",
    "fwd_time": "0.345",
    "(v)ram": "n/a"
}
{
    "process": "gptq",
    "layer": 0,
    "module": "self_attn.q_proj",
    "feat: in, out": "576, 576",
    "dtype: size": "f32: 1.3MB",
    "loss": "0.0000048887",
    "samples": "65536",
    "damp": "0.05000",
    "time": "0.368",
    "fwd_time": "0.345",
    "(v)ram": "n/a"
}
{
    "process": "gptq",
    "layer": 0,
    "module": "self_attn.v_proj",
    "feat: in, out": "576, 192",
    "dtype: size": "f32: 0.4MB",
    "loss": "0.0000000358",
    "samples": "65536",
    "damp": "0.05000",
    "time": "0.125",
    "fwd_time": "0.345",
    "(v)ram": "n/a"
}
{
    "process": "gptq",
    "layer": 0,
    "module": "self_attn.o_proj",
    "feat: in, out": "576, 576",
    "dtype: size": "f32: 1.3MB",
    "loss": "0.0000000557",
    "samples": "65536",
    "damp": "0.05000",
    "time": "0.144",
    "fwd_time": "1.112",
    "(v)ram": "n/a"
}
{
    "process": "gptq",
    "layer": 0,
    "module": "mlp.gate_proj",
    "feat: in, out": "576, 1536",
    "dtype: size": "f32: 3.4MB",
    "loss": "0.0000229042",
    "samples": "65536",
    "damp": "0.05000",
    "time": "0.476",
    "fwd_time": "1.734",
    "(v)ram": "n/a"
}
{
    "process": "gptq",
    "layer": 0,
    "module": "mlp.up_proj",
    "feat: in, out": "576, 1536",
    "dtype: size": "f32: 3.4MB",
    "loss": "0.0000241088",
    "samples": "65536",
    "damp": "0.05000",
    "time": "0.486",
    "fwd_time": "1.734",
    "(v)ram": "n/a"
}
{
    "process": "gptq",
    "layer": 0,
    "module": "mlp.down_proj",
    "feat: in, out": "1536, 576",
    "dtype: size": "f32: 3.4MB",
    "loss": "0.0000972844",
    "samples": "65536",
    "damp": "0.05000",
    "time": "0.495",
    "fwd_time": "2.601",
    "(v)ram": "n/a"
}
{
    "process": "gptq",
    "layer": 1,
    "module": "self_attn.k_proj",
    "feat: in, out": "576, 192",
    "dtype: size": "f32: 0.4MB",
    "loss": "0.0000136190",
    "samples": "65536",
    "damp": "0.05000",
    "time": "0.349",
    "fwd_time": "0.597",
    "(v)ram": "n/a"
}
{
    "process": "gptq",
    "layer": 1,
    "module": "self_attn.q_proj",
    "feat: in, out": "576, 576",
    "dtype: size": "f32: 1.3MB",
    "loss": "0.0000309902",
    "samples": "65536",
    "damp": "0.05000",
    "time": "0.401",
    "fwd_time": "0.597",
    "(v)ram": "n/a"
}
{
    "process": "gptq",
    "layer": 1,
    "module": "self_attn.v_proj",
    "feat: in, out": "576, 192",
    "dtype: size": "f32: 0.4MB",
    "loss": "0.0000025883",
    "samples": "65536",
    "damp": "0.05000",
    "time": "0.119",
    "fwd_time": "0.597",
    "(v)ram": "n/a"
}
{
    "process": "gptq",
    "layer": 1,
    "module": "self_attn.o_proj",
    "feat: in, out": "576, 576",
    "dtype: size": "f32: 1.3MB",
    "loss": "0.0000154016",
    "samples": "65536",
    "damp": "0.05000",
    "time": "0.136",
    "fwd_time": "1.181",
    "(v)ram": "n/a"
}
{
    "process": "gptq",
    "layer": 1,
    "module": "mlp.up_proj",
    "feat: in, out": "576, 1536",
    "dtype: size": "f32: 3.4MB",
    "loss": "0.0000277965",
    "samples": "65536",
    "damp": "0.05000",
    "time": "0.533",
    "fwd_time": "1.802",
    "(v)ram": "n/a"
}
{
    "process": "gptq",
    "layer": 1,
    "module": "mlp.gate_proj",
    "feat: in, out": "576, 1536",
    "dtype: size": "f32: 3.4MB",
    "loss": "0.0000351613",
    "samples": "65536",
    "damp": "0.05000",
    "time": "0.541",
    "fwd_time": "1.802",
    "(v)ram": "n/a"
}
{
    "process": "gptq",
    "layer": 1,
    "module": "mlp.down_proj",
    "feat: in, out": "1536, 576",
    "dtype: size": "f32: 3.4MB",
    "loss": "0.0000349952",
    "samples": "65536",
    "damp": "0.05000",
    "time": "0.409",
    "fwd_time": "3.410",
    "(v)ram": "n/a"
}
{
    "process": "gptq",
    "layer": 2,
    "module": "self_attn.k_proj",
    "feat: in, out": "576, 192",
    "dtype: size": "f32: 0.4MB",
    "loss": "0.0000219446",
    "samples": "65536",
    "damp": "0.05000",
    "time": "0.337",
    "fwd_time": "0.499",
    "(v)ram": "n/a"
}
{
    "process": "gptq",
    "layer": 2,
    "module": "self_attn.q_proj",
    "feat: in, out": "576, 576",
    "dtype: size": "f32: 1.3MB",
    "loss": "0.0000506813",
    "samples": "65536",
    "damp": "0.05000",
    "time": "0.383",
    "fwd_time": "0.499",
    "(v)ram": "n/a"
}
{
    "process": "gptq",
    "layer": 2,
    "module": "self_attn.v_proj",
    "feat: in, out": "576, 192",
    "dtype: size": "f32: 0.4MB",
    "loss": "0.0000035479",
    "samples": "65536",
    "damp": "0.05000",
    "time": "0.111",
    "fwd_time": "0.499",
    "(v)ram": "n/a"
}
{
    "process": "gptq",
    "layer": 2,
    "module": "self_attn.o_proj",
    "feat: in, out": "576, 576",
    "dtype: size": "f32: 1.3MB",
    "loss": "0.0000094455",
    "samples": "65536",
    "damp": "0.05000",
    "time": "0.142",
    "fwd_time": "1.129",
    "(v)ram": "n/a"
}
{
    "process": "gptq",
    "layer": 2,
    "module": "mlp.up_proj",
    "feat: in, out": "576, 1536",
    "dtype: size": "f32: 3.4MB",
    "loss": "0.0000363919",
    "samples": "65536",
    "damp": "0.05000",
    "time": "0.452",
    "fwd_time": "1.631",
    "(v)ram": "n/a"
}
{
    "process": "gptq",
    "layer": 2,
    "module": "mlp.gate_proj",
    "feat: in, out": "576, 1536",
    "dtype: size": "f32: 3.4MB",
    "loss": "0.0000434526",
    "samples": "65536",
    "damp": "0.05000",
    "time": "0.455",
    "fwd_time": "1.631",
    "(v)ram": "n/a"
}
{
    "process": "gptq",
    "layer": 2,
    "module": "mlp.down_proj",
    "feat: in, out": "1536, 576",
    "dtype: size": "f32: 3.4MB",
    "loss": "0.0000732402",
    "samples": "65536",
    "damp": "0.05000",
    "time": "0.408",
    "fwd_time": "2.591",
    "(v)ram": "n/a"
}
{
    "process": "gptq",
    "layer": 3,
    "module": "self_attn.k_proj",
    "feat: in, out": "576, 192",
    "dtype: size": "f32: 0.4MB",
    "loss": "0.0000282254",
    "samples": "65536",
    "damp": "0.05000",
    "time": "0.303",
    "fwd_time": "0.468",
    "(v)ram": "n/a"
}
{
    "process": "gptq",
    "layer": 3,
    "module": "self_attn.q_proj",
    "feat: in, out": "576, 576",
    "dtype: size": "f32: 1.3MB",
    "loss": "0.0000709606",
    "samples": "65536",
    "damp": "0.05000",
    "time": "0.337",
    "fwd_time": "0.468",
    "(v)ram": "n/a"
}
{
    "process": "gptq",
    "layer": 3,
    "module": "self_attn.v_proj",
    "feat: in, out": "576, 192",
    "dtype: size": "f32: 0.4MB",
    "loss": "0.0000110114",
    "samples": "65536",
    "damp": "0.05000",
    "time": "0.099",
    "fwd_time": "0.468",
    "(v)ram": "n/a"
}
{
    "process": "gptq",
    "layer": 3,
    "module": "self_attn.o_proj",
    "feat: in, out": "576, 576",
    "dtype: size": "f32: 1.3MB",
    "loss": "0.0000143335",
    "samples": "65536",
    "damp": "0.05000",
    "time": "0.134",
    "fwd_time": "1.025",
    "(v)ram": "n/a"
}
{
    "process": "gptq",
    "layer": 3,
    "module": "mlp.gate_proj",
    "feat: in, out": "576, 1536",
    "dtype: size": "f32: 3.4MB",
    "loss": "0.0000453858",
    "samples": "65536",
    "damp": "0.05000",
    "time": "0.581",
    "fwd_time": "2.054",
    "(v)ram": "n/a"
}
{
    "process": "gptq",
    "layer": 3,
    "module": "mlp.up_proj",
    "feat: in, out": "576, 1536",
    "dtype: size": "f32: 3.4MB",
    "loss": "0.0000397499",
    "samples": "65536",
    "damp": "0.05000",
    "time": "0.587",
    "fwd_time": "2.054",
    "(v)ram": "n/a"
}
{
    "process": "gptq",
    "layer": 3,
    "module": "mlp.down_proj",
    "feat: in, out": "1536, 576",
    "dtype: size": "f32: 3.4MB",
    "loss": "0.0000506434",
    "samples": "65536",
    "damp": "0.05000",
    "time": "0.436",
    "fwd_time": "2.719",
    "(v)ram": "n/a"
}
{
    "process": "gptq",
    "layer": 4,
    "module": "self_attn.k_proj",
    "feat: in, out": "576, 192",
    "dtype: size": "f32: 0.4MB",
    "loss": "0.0000271095",
    "samples": "65536",
    "damp": "0.05000",
    "time": "0.328",
    "fwd_time": "0.533",
    "(v)ram": "n/a"
}
{
    "process": "gptq",
    "layer": 4,
    "module": "self_attn.q_proj",
    "feat: in, out": "576, 576",
    "dtype: size": "f32: 1.3MB",
    "loss": "0.0000648675",
    "samples": "65536",
    "damp": "0.05000",
    "time": "0.367",
    "fwd_time": "0.533",
    "(v)ram": "n/a"
}
{
    "process": "gptq",
    "layer": 4,
    "module": "self_attn.v_proj",
    "feat: in, out": "576, 192",
    "dtype: size": "f32: 0.4MB",
    "loss": "0.0000104754",
    "samples": "65536",
    "damp": "0.05000",
    "time": "0.097",
    "fwd_time": "0.533",
    "(v)ram": "n/a"
}
{
    "process": "gptq",
    "layer": 4,
    "module": "self_attn.o_proj",
    "feat: in, out": "576, 576",
    "dtype: size": "f32: 1.3MB",
    "loss": "0.0000160761",
    "samples": "65536",
    "damp": "0.05000",
    "time": "0.135",
    "fwd_time": "1.096",
    "(v)ram": "n/a"
}
{
    "process": "gptq",
    "layer": 4,
    "module": "mlp.up_proj",
    "feat: in, out": "576, 1536",
    "dtype: size": "f32: 3.4MB",
    "loss": "0.0000504428",
    "samples": "65536",
    "damp": "0.05000",
    "time": "0.449",
    "fwd_time": "1.606",
    "(v)ram": "n/a"
}
{
    "process": "gptq",
    "layer": 4,
    "module": "mlp.gate_proj",
    "feat: in, out": "576, 1536",
    "dtype: size": "f32: 3.4MB",
    "loss": "0.0000573426",
    "samples": "65536",
    "damp": "0.05000",
    "time": "0.451",
    "fwd_time": "1.606",
    "(v)ram": "n/a"
}
{
    "process": "gptq",
    "layer": 4,
    "module": "mlp.down_proj",
    "feat: in, out": "1536, 576",
    "dtype: size": "f32: 3.4MB",
    "loss": "0.0000659430",
    "samples": "65536",
    "damp": "0.05000",
    "time": "0.412",
    "fwd_time": "2.921",
    "(v)ram": "n/a"
}
{
    "process": "gptq",
    "layer": 5,
    "module": "self_attn.k_proj",
    "feat: in, out": "576, 192",
    "dtype: size": "f32: 0.4MB",
    "loss": "0.0000292271",
    "samples": "65536",
    "damp": "0.05000",
    "time": "0.308",
    "fwd_time": "0.452",
    "(v)ram": "n/a"
}
{
    "process": "gptq",
    "layer": 5,
    "module": "self_attn.q_proj",
    "feat: in, out": "576, 576",
    "dtype: size": "f32: 1.3MB",
    "loss": "0.0000681869",
    "samples": "65536",
    "damp": "0.05000",
    "time": "0.344",
    "fwd_time": "0.452",
    "(v)ram": "n/a"
}
{
    "process": "gptq",
    "layer": 5,
    "module": "self_attn.v_proj",
    "feat: in, out": "576, 192",
    "dtype: size": "f32: 0.4MB",
    "loss": "0.0000114341",
    "samples": "65536",
    "damp": "0.05000",
    "time": "0.095",
    "fwd_time": "0.452",
    "(v)ram": "n/a"
}
{
    "process": "gptq",
    "layer": 5,
    "module": "self_attn.o_proj",
    "feat: in, out": "576, 576",
    "dtype: size": "f32: 1.3MB",
    "loss": "0.0000160344",
    "samples": "65536",
    "damp": "0.05000",
    "time": "0.165",
    "fwd_time": "1.039",
    "(v)ram": "n/a"
}
{
    "process": "gptq",
    "layer": 5,
    "module": "mlp.gate_proj",
    "feat: in, out": "576, 1536",
    "dtype: size": "f32: 3.4MB",
    "loss": "0.0000610020",
    "samples": "65536",
    "damp": "0.05000",
    "time": "0.451",
    "fwd_time": "1.721",
    "(v)ram": "n/a"
}
{
    "process": "gptq",
    "layer": 5,
    "module": "mlp.up_proj",
    "feat: in, out": "576, 1536",
    "dtype: size": "f32: 3.4MB",
    "loss": "0.0000556469",
    "samples": "65536",
    "damp": "0.05000",
    "time": "0.461",
    "fwd_time": "1.721",
    "(v)ram": "n/a"
}
{
    "process": "gptq",
    "layer": 5,
    "module": "mlp.down_proj",
    "feat: in, out": "1536, 576",
    "dtype: size": "f32: 3.4MB",
    "loss": "0.0000750285",
    "samples": "65536",
    "damp": "0.05000",
    "time": "0.385",
    "fwd_time": "2.639",
    "(v)ram": "n/a"
}
{
    "process": "gptq",
    "layer": 6,
    "module": "self_attn.k_proj",
    "feat: in, out": "576, 192",
    "dtype: size": "f32: 0.4MB",
    "loss": "0.0000233498",
    "samples": "65536",
    "damp": "0.05000",
    "time": "0.284",
    "fwd_time": "0.476",
    "(v)ram": "n/a"
}
{
    "process": "gptq",
    "layer": 6,
    "module": "self_attn.q_proj",
    "feat: in, out": "576, 576",
    "dtype: size": "f32: 1.3MB",
    "loss": "0.0000564368",
    "samples": "65536",
    "damp": "0.05000",
    "time": "0.324",
    "fwd_time": "0.476",
    "(v)ram": "n/a"
}
{
    "process": "gptq",
    "layer": 6,
    "module": "self_attn.v_proj",
    "feat: in, out": "576, 192",
    "dtype: size": "f32: 0.4MB",
    "loss": "0.0000098782",
    "samples": "65536",
    "damp": "0.05000",
    "time": "0.098",
    "fwd_time": "0.476",
    "(v)ram": "n/a"
}
{
    "process": "gptq",
    "layer": 6,
    "module": "self_attn.o_proj",
    "feat: in, out": "576, 576",
    "dtype: size": "f32: 1.3MB",
    "loss": "0.0000150614",
    "samples": "65536",
    "damp": "0.05000",
    "time": "0.133",
    "fwd_time": "1.126",
    "(v)ram": "n/a"
}
{
    "process": "gptq",
    "layer": 6,
    "module": "mlp.up_proj",
    "feat: in, out": "576, 1536",
    "dtype: size": "f32: 3.4MB",
    "loss": "0.0000591619",
    "samples": "65536",
    "damp": "0.05000",
    "time": "0.441",
    "fwd_time": "1.683",
    "(v)ram": "n/a"
}
{
    "process": "gptq",
    "layer": 6,
    "module": "mlp.gate_proj",
    "feat: in, out": "576, 1536",
    "dtype: size": "f32: 3.4MB",
    "loss": "0.0000601930",
    "samples": "65536",
    "damp": "0.05000",
    "time": "0.452",
    "fwd_time": "1.683",
    "(v)ram": "n/a"
}
{
    "process": "gptq",
    "layer": 6,
    "module": "mlp.down_proj",
    "feat: in, out": "1536, 576",
    "dtype: size": "f32: 3.4MB",
    "loss": "0.0000935953",
    "samples": "65536",
    "damp": "0.05000",
    "time": "0.441",
    "fwd_time": "2.797",
    "(v)ram": "n/a"
}
{
    "process": "gptq",
    "layer": 7,
    "module": "self_attn.k_proj",
    "feat: in, out": "576, 192",
    "dtype: size": "f32: 0.4MB",
    "loss": "0.0000359830",
    "samples": "65536",
    "damp": "0.05000",
    "time": "0.346",
    "fwd_time": "0.743",
    "(v)ram": "n/a"
}
{
    "process": "gptq",
    "layer": 7,
    "module": "self_attn.q_proj",
    "feat: in, out": "576, 576",
    "dtype: size": "f32: 1.3MB",
    "loss": "0.0000978337",
    "samples": "65536",
    "damp": "0.05000",
    "time": "0.383",
    "fwd_time": "0.743",
    "(v)ram": "n/a"
}
{
    "process": "gptq",
    "layer": 7,
    "module": "self_attn.v_proj",
    "feat: in, out": "576, 192",
    "dtype: size": "f32: 0.4MB",
    "loss": "0.0000226994",
    "samples": "65536",
    "damp": "0.05000",
    "time": "0.105",
    "fwd_time": "0.743",
    "(v)ram": "n/a"
}
{
    "process": "gptq",
    "layer": 7,
    "module": "self_attn.o_proj",
    "feat: in, out": "576, 576",
    "dtype: size": "f32: 1.3MB",
    "loss": "0.0000139547",
    "samples": "65536",
    "damp": "0.05000",
    "time": "0.131",
    "fwd_time": "1.009",
    "(v)ram": "n/a"
}
{
    "process": "gptq",
    "layer": 7,
    "module": "mlp.gate_proj",
    "feat: in, out": "576, 1536",
    "dtype: size": "f32: 3.4MB",
    "loss": "0.0000622557",
    "samples": "65536",
    "damp": "0.05000",
    "time": "0.464",
    "fwd_time": "1.735",
    "(v)ram": "n/a"
}
{
    "process": "gptq",
    "layer": 7,
    "module": "mlp.up_proj",
    "feat: in, out": "576, 1536",
    "dtype: size": "f32: 3.4MB",
    "loss": "0.0000630471",
    "samples": "65536",
    "damp": "0.05000",
    "time": "0.484",
    "fwd_time": "1.735",
    "(v)ram": "n/a"
}
{
    "process": "gptq",
    "layer": 7,
    "module": "mlp.down_proj",
    "feat: in, out": "1536, 576",
    "dtype: size": "f32: 3.4MB",
    "loss": "0.0001113969",
    "samples": "65536",
    "damp": "0.05000",
    "time": "0.472",
    "fwd_time": "3.134",
    "(v)ram": "n/a"
}
{
    "process": "gptq",
    "layer": 8,
    "module": "self_attn.k_proj",
    "feat: in, out": "576, 192",
    "dtype: size": "f32: 0.4MB",
    "loss": "0.0000325181",
    "samples": "65536",
    "damp": "0.05000",
    "time": "0.300",
    "fwd_time": "0.517",
    "(v)ram": "n/a"
}
{
    "process": "gptq",
    "layer": 8,
    "module": "self_attn.q_proj",
    "feat: in, out": "576, 576",
    "dtype: size": "f32: 1.3MB",
    "loss": "0.0000833812",
    "samples": "65536",
    "damp": "0.05000",
    "time": "0.336",
    "fwd_time": "0.517",
    "(v)ram": "n/a"
}
{
    "process": "gptq",
    "layer": 8,
    "module": "self_attn.v_proj",
    "feat: in, out": "576, 192",
    "dtype: size": "f32: 0.4MB",
    "loss": "0.0000169214",
    "samples": "65536",
    "damp": "0.05000",
    "time": "0.095",
    "fwd_time": "0.517",
    "(v)ram": "n/a"
}
{
    "process": "gptq",
    "layer": 8,
    "module": "self_attn.o_proj",
    "feat: in, out": "576, 576",
    "dtype: size": "f32: 1.3MB",
    "loss": "0.0000200901",
    "samples": "65536",
    "damp": "0.05000",
    "time": "0.124",
    "fwd_time": "1.049",
    "(v)ram": "n/a"
}
{
    "process": "gptq",
    "layer": 8,
    "module": "mlp.up_proj",
    "feat: in, out": "576, 1536",
    "dtype: size": "f32: 3.4MB",
    "loss": "0.0000698126",
    "samples": "65536",
    "damp": "0.05000",
    "time": "0.446",
    "fwd_time": "1.696",
    "(v)ram": "n/a"
}
{
    "process": "gptq",
    "layer": 8,
    "module": "mlp.gate_proj",
    "feat: in, out": "576, 1536",
    "dtype: size": "f32: 3.4MB",
    "loss": "0.0000637215",
    "samples": "65536",
    "damp": "0.05000",
    "time": "0.455",
    "fwd_time": "1.696",
    "(v)ram": "n/a"
}
{
    "process": "gptq",
    "layer": 8,
    "module": "mlp.down_proj",
    "feat: in, out": "1536, 576",
    "dtype: size": "f32: 3.4MB",
    "loss": "0.0001469715",
    "samples": "65536",
    "damp": "0.05000",
    "time": "0.433",
    "fwd_time": "2.724",
    "(v)ram": "n/a"
}
{
    "process": "gptq",
    "layer": 9,
    "module": "self_attn.k_proj",
    "feat: in, out": "576, 192",
    "dtype: size": "f32: 0.4MB",
    "loss": "0.0000223780",
    "samples": "65536",
    "damp": "0.05000",
    "time": "0.320",
    "fwd_time": "0.419",
    "(v)ram": "n/a"
}
{
    "process": "gptq",
    "layer": 9,
    "module": "self_attn.q_proj",
    "feat: in, out": "576, 576",
    "dtype: size": "f32: 1.3MB",
    "loss": "0.0000621694",
    "samples": "65536",
    "damp": "0.05000",
    "time": "0.363",
    "fwd_time": "0.419",
    "(v)ram": "n/a"
}
{
    "process": "gptq",
    "layer": 9,
    "module": "self_attn.v_proj",
    "feat: in, out": "576, 192",
    "dtype: size": "f32: 0.4MB",
    "loss": "0.0000095391",
    "samples": "65536",
    "damp": "0.05000",
    "time": "0.102",
    "fwd_time": "0.419",
    "(v)ram": "n/a"
}
{
    "process": "gptq",
    "layer": 9,
    "module": "self_attn.o_proj",
    "feat: in, out": "576, 576",
    "dtype: size": "f32: 1.3MB",
    "loss": "0.0000275689",
    "samples": "65536",
    "damp": "0.05000",
    "time": "0.133",
    "fwd_time": "1.084",
    "(v)ram": "n/a"
}
{
    "process": "gptq",
    "layer": 9,
    "module": "mlp.gate_proj",
    "feat: in, out": "576, 1536",
    "dtype: size": "f32: 3.4MB",
    "loss": "0.0000620573",
    "samples": "65536",
    "damp": "0.05000",
    "time": "0.455",
    "fwd_time": "1.721",
    "(v)ram": "n/a"
}
{
    "process": "gptq",
    "layer": 9,
    "module": "mlp.up_proj",
    "feat: in, out": "576, 1536",
    "dtype: size": "f32: 3.4MB",
    "loss": "0.0000757317",
    "samples": "65536",
    "damp": "0.05000",
    "time": "0.465",
    "fwd_time": "1.721",
    "(v)ram": "n/a"
}
{
    "process": "gptq",
    "layer": 9,
    "module": "mlp.down_proj",
    "feat: in, out": "1536, 576",
    "dtype: size": "f32: 3.4MB",
    "loss": "0.0001802823",
    "samples": "65536",
    "damp": "0.05000",
    "time": "0.462",
    "fwd_time": "2.542",
    "(v)ram": "n/a"
}
{
    "process": "gptq",
    "layer": 10,
    "module": "self_attn.k_proj",
    "feat: in, out": "576, 192",
    "dtype: size": "f32: 0.4MB",
    "loss": "0.0000194721",
    "samples": "65536",
    "damp": "0.05000",
    "time": "0.256",
    "fwd_time": "0.438",
    "(v)ram": "n/a"
}
{
    "process": "gptq",
    "layer": 10,
    "module": "self_attn.q_proj",
    "feat: in, out": "576, 576",
    "dtype: size": "f32: 1.3MB",
    "loss": "0.0000554552",
    "samples": "65536",
    "damp": "0.05000",
    "time": "0.311",
    "fwd_time": "0.438",
    "(v)ram": "n/a"
}
{
    "process": "gptq",
    "layer": 10,
    "module": "self_attn.v_proj",
    "feat: in, out": "576, 192",
    "dtype: size": "f32: 0.4MB",
    "loss": "0.0000097874",
    "samples": "65536",
    "damp": "0.05000",
    "time": "0.097",
    "fwd_time": "0.438",
    "(v)ram": "n/a"
}
{
    "process": "gptq",
    "layer": 10,
    "module": "self_attn.o_proj",
    "feat: in, out": "576, 576",
    "dtype: size": "f32: 1.3MB",
    "loss": "0.0000516397",
    "samples": "65536",
    "damp": "0.05000",
    "time": "0.155",
    "fwd_time": "1.185",
    "(v)ram": "n/a"
}
{
    "process": "gptq",
    "layer": 10,
    "module": "mlp.up_proj",
    "feat: in, out": "576, 1536",
    "dtype: size": "f32: 3.4MB",
    "loss": "0.0000757624",
    "samples": "65536",
    "damp": "0.05000",
    "time": "0.447",
    "fwd_time": "1.639",
    "(v)ram": "n/a"
}
{
    "process": "gptq",
    "layer": 10,
    "module": "mlp.gate_proj",
    "feat: in, out": "576, 1536",
    "dtype: size": "f32: 3.4MB",
    "loss": "0.0000587443",
    "samples": "65536",
    "damp": "0.05000",
    "time": "0.452",
    "fwd_time": "1.639",
    "(v)ram": "n/a"
}
{
    "process": "gptq",
    "layer": 10,
    "module": "mlp.down_proj",
    "feat: in, out": "1536, 576",
    "dtype: size": "f32: 3.4MB",
    "loss": "0.0001610458",
    "samples": "65536",
    "damp": "0.05000",
    "time": "0.402",
    "fwd_time": "2.437",
    "(v)ram": "n/a"
}
{
    "process": "gptq",
    "layer": 11,
    "module": "self_attn.k_proj",
    "feat: in, out": "576, 192",
    "dtype: size": "f32: 0.4MB",
    "loss": "0.0000165866",
    "samples": "65536",
    "damp": "0.05000",
    "time": "0.363",
    "fwd_time": "0.639",
    "(v)ram": "n/a"
}
{
    "process": "gptq",
    "layer": 11,
    "module": "self_attn.q_proj",
    "feat: in, out": "576, 576",
    "dtype: size": "f32: 1.3MB",
    "loss": "0.0000490798",
    "samples": "65536",
    "damp": "0.05000",
    "time": "0.406",
    "fwd_time": "0.639",
    "(v)ram": "n/a"
}
{
    "process": "gptq",
    "layer": 11,
    "module": "self_attn.v_proj",
    "feat: in, out": "576, 192",
    "dtype: size": "f32: 0.4MB",
    "loss": "0.0000089998",
    "samples": "65536",
    "damp": "0.05000",
    "time": "0.103",
    "fwd_time": "0.639",
    "(v)ram": "n/a"
}
{
    "process": "gptq",
    "layer": 11,
    "module": "self_attn.o_proj",
    "feat: in, out": "576, 576",
    "dtype: size": "f32: 1.3MB",
    "loss": "0.0000674160",
    "samples": "65536",
    "damp": "0.05000",
    "time": "0.170",
    "fwd_time": "1.152",
    "(v)ram": "n/a"
}
{
    "process": "gptq",
    "layer": 11,
    "module": "mlp.gate_proj",
    "feat: in, out": "576, 1536",
    "dtype: size": "f32: 3.4MB",
    "loss": "0.0000533127",
    "samples": "65536",
    "damp": "0.05000",
    "time": "0.476",
    "fwd_time": "1.903",
    "(v)ram": "n/a"
}
{
    "process": "gptq",
    "layer": 11,
    "module": "mlp.up_proj",
    "feat: in, out": "576, 1536",
    "dtype: size": "f32: 3.4MB",
    "loss": "0.0000726766",
    "samples": "65536",
    "damp": "0.05000",
    "time": "0.479",
    "fwd_time": "1.903",
    "(v)ram": "n/a"
}
{
    "process": "gptq",
    "layer": 11,
    "module": "mlp.down_proj",
    "feat: in, out": "1536, 576",
    "dtype: size": "f32: 3.4MB",
    "loss": "0.0100575164",
    "samples": "65536",
    "damp": "0.05000",
    "time": "0.436",
    "fwd_time": "2.545",
    "(v)ram": "n/a"
}
{
    "process": "gptq",
    "layer": 12,
    "module": "self_attn.k_proj",
    "feat: in, out": "576, 192",
    "dtype: size": "f32: 0.4MB",
    "loss": "0.0000248596",
    "samples": "65536",
    "damp": "0.05000",
    "time": "0.311",
    "fwd_time": "0.512",
    "(v)ram": "n/a"
}
{
    "process": "gptq",
    "layer": 12,
    "module": "self_attn.q_proj",
    "feat: in, out": "576, 576",
    "dtype: size": "f32: 1.3MB",
    "loss": "0.0000701096",
    "samples": "65536",
    "damp": "0.05000",
    "time": "0.352",
    "fwd_time": "0.512",
    "(v)ram": "n/a"
}
{
    "process": "gptq",
    "layer": 12,
    "module": "self_attn.v_proj",
    "feat: in, out": "576, 192",
    "dtype: size": "f32: 0.4MB",
    "loss": "0.0000138359",
    "samples": "65536",
    "damp": "0.05000",
    "time": "0.113",
    "fwd_time": "0.512",
    "(v)ram": "n/a"
}
{
    "process": "gptq",
    "layer": 12,
    "module": "self_attn.o_proj",
    "feat: in, out": "576, 576",
    "dtype: size": "f32: 1.3MB",
    "loss": "0.0000444285",
    "samples": "65536",
    "damp": "0.05000",
    "time": "0.140",
    "fwd_time": "1.020",
    "(v)ram": "n/a"
}
{
    "process": "gptq",
    "layer": 12,
    "module": "mlp.gate_proj",
    "feat: in, out": "576, 1536",
    "dtype: size": "f32: 3.4MB",
    "loss": "0.0000512605",
    "samples": "65536",
    "damp": "0.05000",
    "time": "0.492",
    "fwd_time": "1.712",
    "(v)ram": "n/a"
}
{
    "process": "gptq",
    "layer": 12,
    "module": "mlp.up_proj",
    "feat: in, out": "576, 1536",
    "dtype: size": "f32: 3.4MB",
    "loss": "0.0000645845",
    "samples": "65536",
    "damp": "0.05000",
    "time": "0.499",
    "fwd_time": "1.712",
    "(v)ram": "n/a"
}
{
    "process": "gptq",
    "layer": 12,
    "module": "mlp.down_proj",
    "feat: in, out": "1536, 576",
    "dtype: size": "f32: 3.4MB",
    "loss": "0.0001296264",
    "samples": "65536",
    "damp": "0.05000",
    "time": "0.417",
    "fwd_time": "2.495",
    "(v)ram": "n/a"
}
{
    "process": "gptq",
    "layer": 13,
    "module": "self_attn.k_proj",
    "feat: in, out": "576, 192",
    "dtype: size": "f32: 0.4MB",
    "loss": "0.0000253492",
    "samples": "65536",
    "damp": "0.05000",
    "time": "0.325",
    "fwd_time": "0.462",
    "(v)ram": "n/a"
}
{
    "process": "gptq",
    "layer": 13,
    "module": "self_attn.q_proj",
    "feat: in, out": "576, 576",
    "dtype: size": "f32: 1.3MB",
    "loss": "0.0000726623",
    "samples": "65536",
    "damp": "0.05000",
    "time": "0.365",
    "fwd_time": "0.462",
    "(v)ram": "n/a"
}
{
    "process": "gptq",
    "layer": 13,
    "module": "self_attn.v_proj",
    "feat: in, out": "576, 192",
    "dtype: size": "f32: 0.4MB",
    "loss": "0.0000115207",
    "samples": "65536",
    "damp": "0.05000",
    "time": "0.101",
    "fwd_time": "0.462",
    "(v)ram": "n/a"
}
{
    "process": "gptq",
    "layer": 13,
    "module": "self_attn.o_proj",
    "feat: in, out": "576, 576",
    "dtype: size": "f32: 1.3MB",
    "loss": "0.0000549076",
    "samples": "65536",
    "damp": "0.05000",
    "time": "0.130",
    "fwd_time": "1.036",
    "(v)ram": "n/a"
}
{
    "process": "gptq",
    "layer": 13,
    "module": "mlp.up_proj",
    "feat: in, out": "576, 1536",
    "dtype: size": "f32: 3.4MB",
    "loss": "0.0000649243",
    "samples": "65536",
    "damp": "0.05000",
    "time": "0.404",
    "fwd_time": "1.783",
    "(v)ram": "n/a"
}
{
    "process": "gptq",
    "layer": 13,
    "module": "mlp.gate_proj",
    "feat: in, out": "576, 1536",
    "dtype: size": "f32: 3.4MB",
    "loss": "0.0000604846",
    "samples": "65536",
    "damp": "0.05000",
    "time": "0.417",
    "fwd_time": "1.783",
    "(v)ram": "n/a"
}
{
    "process": "gptq",
    "layer": 13,
    "module": "mlp.down_proj",
    "feat: in, out": "1536, 576",
    "dtype: size": "f32: 3.4MB",
    "loss": "0.0001314480",
    "samples": "65536",
    "damp": "0.05000",
    "time": "0.432",
    "fwd_time": "2.794",
    "(v)ram": "n/a"
}
{
    "process": "gptq",
    "layer": 14,
    "module": "self_attn.k_proj",
    "feat: in, out": "576, 192",
    "dtype: size": "f32: 0.4MB",
    "loss": "0.0000283429",
    "samples": "65536",
    "damp": "0.05000",
    "time": "0.330",
    "fwd_time": "0.612",
    "(v)ram": "n/a"
}
{
    "process": "gptq",
    "layer": 14,
    "module": "self_attn.q_proj",
    "feat: in, out": "576, 576",
    "dtype: size": "f32: 1.3MB",
    "loss": "0.0000768188",
    "samples": "65536",
    "damp": "0.05000",
    "time": "0.375",
    "fwd_time": "0.612",
    "(v)ram": "n/a"
}
{
    "process": "gptq",
    "layer": 14,
    "module": "self_attn.v_proj",
    "feat: in, out": "576, 192",
    "dtype: size": "f32: 0.4MB",
    "loss": "0.0000209713",
    "samples": "65536",
    "damp": "0.05000",
    "time": "0.127",
    "fwd_time": "0.612",
    "(v)ram": "n/a"
}
{
    "process": "gptq",
    "layer": 14,
    "module": "self_attn.o_proj",
    "feat: in, out": "576, 576",
    "dtype: size": "f32: 1.3MB",
    "loss": "0.0000527294",
    "samples": "65536",
    "damp": "0.05000",
    "time": "0.137",
    "fwd_time": "1.027",
    "(v)ram": "n/a"
}
{
    "process": "gptq",
    "layer": 14,
    "module": "mlp.up_proj",
    "feat: in, out": "576, 1536",
    "dtype: size": "f32: 3.4MB",
    "loss": "0.0000657060",
    "samples": "65536",
    "damp": "0.05000",
    "time": "0.469",
    "fwd_time": "1.695",
    "(v)ram": "n/a"
}
{
    "process": "gptq",
    "layer": 14,
    "module": "mlp.gate_proj",
    "feat: in, out": "576, 1536",
    "dtype: size": "f32: 3.4MB",
    "loss": "0.0000623550",
    "samples": "65536",
    "damp": "0.05000",
    "time": "0.471",
    "fwd_time": "1.695",
    "(v)ram": "n/a"
}
{
    "process": "gptq",
    "layer": 14,
    "module": "mlp.down_proj",
    "feat: in, out": "1536, 576",
    "dtype: size": "f32: 3.4MB",
    "loss": "0.0001562617",
    "samples": "65536",
    "damp": "0.05000",
    "time": "0.386",
    "fwd_time": "2.576",
    "(v)ram": "n/a"
}
{
    "process": "gptq",
    "layer": 15,
    "module": "self_attn.k_proj",
    "feat: in, out": "576, 192",
    "dtype: size": "f32: 0.4MB",
    "loss": "0.0000250833",
    "samples": "65536",
    "damp": "0.05000",
    "time": "0.310",
    "fwd_time": "0.497",
    "(v)ram": "n/a"
}
{
    "process": "gptq",
    "layer": 15,
    "module": "self_attn.q_proj",
    "feat: in, out": "576, 576",
    "dtype: size": "f32: 1.3MB",
    "loss": "0.0000714898",
    "samples": "65536",
    "damp": "0.05000",
    "time": "0.361",
    "fwd_time": "0.497",
    "(v)ram": "n/a"
}
{
    "process": "gptq",
    "layer": 15,
    "module": "self_attn.v_proj",
    "feat: in, out": "576, 192",
    "dtype: size": "f32: 0.4MB",
    "loss": "0.0000189315",
    "samples": "65536",
    "damp": "0.05000",
    "time": "0.100",
    "fwd_time": "0.497",
    "(v)ram": "n/a"
}
{
    "process": "gptq",
    "layer": 15,
    "module": "self_attn.o_proj",
    "feat: in, out": "576, 576",
    "dtype: size": "f32: 1.3MB",
    "loss": "0.0000490314",
    "samples": "65536",
    "damp": "0.05000",
    "time": "0.182",
    "fwd_time": "1.020",
    "(v)ram": "n/a"
}
{
    "process": "gptq",
    "layer": 15,
    "module": "mlp.up_proj",
    "feat: in, out": "576, 1536",
    "dtype: size": "f32: 3.4MB",
    "loss": "0.0000656857",
    "samples": "65536",
    "damp": "0.05000",
    "time": "0.490",
    "fwd_time": "1.779",
    "(v)ram": "n/a"
}
{
    "process": "gptq",
    "layer": 15,
    "module": "mlp.gate_proj",
    "feat: in, out": "576, 1536",
    "dtype: size": "f32: 3.4MB",
    "loss": "0.0000660330",
    "samples": "65536",
    "damp": "0.05000",
    "time": "0.492",
    "fwd_time": "1.779",
    "(v)ram": "n/a"
}
{
    "process": "gptq",
    "layer": 15,
    "module": "mlp.down_proj",
    "feat: in, out": "1536, 576",
    "dtype: size": "f32: 3.4MB",
    "loss": "0.0001754784",
    "samples": "65536",
    "damp": "0.05000",
    "time": "0.437",
    "fwd_time": "2.697",
    "(v)ram": "n/a"
}
{
    "process": "gptq",
    "layer": 16,
    "module": "self_attn.k_proj",
    "feat: in, out": "576, 192",
    "dtype: size": "f32: 0.4MB",
    "loss": "0.0000230078",
    "samples": "65536",
    "damp": "0.05000",
    "time": "0.333",
    "fwd_time": "0.486",
    "(v)ram": "n/a"
}
{
    "process": "gptq",
    "layer": 16,
    "module": "self_attn.q_proj",
    "feat: in, out": "576, 576",
    "dtype: size": "f32: 1.3MB",
    "loss": "0.0000628841",
    "samples": "65536",
    "damp": "0.05000",
    "time": "0.378",
    "fwd_time": "0.486",
    "(v)ram": "n/a"
}
{
    "process": "gptq",
    "layer": 16,
    "module": "self_attn.v_proj",
    "feat: in, out": "576, 192",
    "dtype: size": "f32: 0.4MB",
    "loss": "0.0000159184",
    "samples": "65536",
    "damp": "0.05000",
    "time": "0.097",
    "fwd_time": "0.486",
    "(v)ram": "n/a"
}
{
    "process": "gptq",
    "layer": 16,
    "module": "self_attn.o_proj",
    "feat: in, out": "576, 576",
    "dtype: size": "f32: 1.3MB",
    "loss": "0.0001044583",
    "samples": "65536",
    "damp": "0.05000",
    "time": "0.131",
    "fwd_time": "0.976",
    "(v)ram": "n/a"
}
{
    "process": "gptq",
    "layer": 16,
    "module": "mlp.gate_proj",
    "feat: in, out": "576, 1536",
    "dtype: size": "f32: 3.4MB",
    "loss": "0.0000617600",
    "samples": "65536",
    "damp": "0.05000",
    "time": "0.427",
    "fwd_time": "1.597",
    "(v)ram": "n/a"
}
{
    "process": "gptq",
    "layer": 16,
    "module": "mlp.up_proj",
    "feat: in, out": "576, 1536",
    "dtype: size": "f32: 3.4MB",
    "loss": "0.0000645997",
    "samples": "65536",
    "damp": "0.05000",
    "time": "0.433",
    "fwd_time": "1.597",
    "(v)ram": "n/a"
}
{
    "process": "gptq",
    "layer": 16,
    "module": "mlp.down_proj",
    "feat: in, out": "1536, 576",
    "dtype: size": "f32: 3.4MB",
    "loss": "0.0001723989",
    "samples": "65536",
    "damp": "0.05000",
    "time": "0.424",
    "fwd_time": "2.546",
    "(v)ram": "n/a"
}
{
    "process": "gptq",
    "layer": 17,
    "module": "self_attn.k_proj",
    "feat: in, out": "576, 192",
    "dtype: size": "f32: 0.4MB",
    "loss": "0.0000336609",
    "samples": "65536",
    "damp": "0.05000",
    "time": "0.332",
    "fwd_time": "0.521",
    "(v)ram": "n/a"
}
{
    "process": "gptq",
    "layer": 17,
    "module": "self_attn.q_proj",
    "feat: in, out": "576, 576",
    "dtype: size": "f32: 1.3MB",
    "loss": "0.0001145119",
    "samples": "65536",
    "damp": "0.05000",
    "time": "0.369",
    "fwd_time": "0.521",
    "(v)ram": "n/a"
}
{
    "process": "gptq",
    "layer": 17,
    "module": "self_attn.v_proj",
    "feat: in, out": "576, 192",
    "dtype: size": "f32: 0.4MB",
    "loss": "0.0000280422",
    "samples": "65536",
    "damp": "0.05000",
    "time": "0.113",
    "fwd_time": "0.521",
    "(v)ram": "n/a"
}
{
    "process": "gptq",
    "layer": 17,
    "module": "self_attn.o_proj",
    "feat: in, out": "576, 576",
    "dtype: size": "f32: 1.3MB",
    "loss": "0.0000782225",
    "samples": "65536",
    "damp": "0.05000",
    "time": "0.183",
    "fwd_time": "1.109",
    "(v)ram": "n/a"
}
{
    "process": "gptq",
    "layer": 17,
    "module": "mlp.up_proj",
    "feat: in, out": "576, 1536",
    "dtype: size": "f32: 3.4MB",
    "loss": "0.0000652394",
    "samples": "65536",
    "damp": "0.05000",
    "time": "0.441",
    "fwd_time": "2.057",
    "(v)ram": "n/a"
}
{
    "process": "gptq",
    "layer": 17,
    "module": "mlp.gate_proj",
    "feat: in, out": "576, 1536",
    "dtype: size": "f32: 3.4MB",
    "loss": "0.0000587454",
    "samples": "65536",
    "damp": "0.05000",
    "time": "0.451",
    "fwd_time": "2.057",
    "(v)ram": "n/a"
}
{
    "process": "gptq",
    "layer": 17,
    "module": "mlp.down_proj",
    "feat: in, out": "1536, 576",
    "dtype: size": "f32: 3.4MB",
    "loss": "0.0001903965",
    "samples": "65536",
    "damp": "0.05000",
    "time": "0.414",
    "fwd_time": "2.957",
    "(v)ram": "n/a"
}
{
    "process": "gptq",
    "layer": 18,
    "module": "self_attn.k_proj",
    "feat: in, out": "576, 192",
    "dtype: size": "f32: 0.4MB",
    "loss": "0.0000362279",
    "samples": "65536",
    "damp": "0.05000",
    "time": "0.327",
    "fwd_time": "0.495",
    "(v)ram": "n/a"
}
{
    "process": "gptq",
    "layer": 18,
    "module": "self_attn.q_proj",
    "feat: in, out": "576, 576",
    "dtype: size": "f32: 1.3MB",
    "loss": "0.0001142737",
    "samples": "65536",
    "damp": "0.05000",
    "time": "0.366",
    "fwd_time": "0.495",
    "(v)ram": "n/a"
}
{
    "process": "gptq",
    "layer": 18,
    "module": "self_attn.v_proj",
    "feat: in, out": "576, 192",
    "dtype: size": "f32: 0.4MB",
    "loss": "0.0000440659",
    "samples": "65536",
    "damp": "0.05000",
    "time": "0.102",
    "fwd_time": "0.495",
    "(v)ram": "n/a"
}
{
    "process": "gptq",
    "layer": 18,
    "module": "self_attn.o_proj",
    "feat: in, out": "576, 576",
    "dtype: size": "f32: 1.3MB",
    "loss": "0.0000834165",
    "samples": "65536",
    "damp": "0.05000",
    "time": "0.122",
    "fwd_time": "1.273",
    "(v)ram": "n/a"
}
{
    "process": "gptq",
    "layer": 18,
    "module": "mlp.up_proj",
    "feat: in, out": "576, 1536",
    "dtype: size": "f32: 3.4MB",
    "loss": "0.0000706586",
    "samples": "65536",
    "damp": "0.05000",
    "time": "0.485",
    "fwd_time": "1.768",
    "(v)ram": "n/a"
}
{
    "process": "gptq",
    "layer": 18,
    "module": "mlp.gate_proj",
    "feat: in, out": "576, 1536",
    "dtype: size": "f32: 3.4MB",
    "loss": "0.0000661821",
    "samples": "65536",
    "damp": "0.05000",
    "time": "0.492",
    "fwd_time": "1.768",
    "(v)ram": "n/a"
}
{
    "process": "gptq",
    "layer": 18,
    "module": "mlp.down_proj",
    "feat: in, out": "1536, 576",
    "dtype: size": "f32: 3.4MB",
    "loss": "0.0003576905",
    "samples": "65536",
    "damp": "0.05000",
    "time": "0.430",
    "fwd_time": "2.872",
    "(v)ram": "n/a"
}
{
    "process": "gptq",
    "layer": 19,
    "module": "self_attn.k_proj",
    "feat: in, out": "576, 192",
    "dtype: size": "f32: 0.4MB",
    "loss": "0.0000189041",
    "samples": "65536",
    "damp": "0.05000",
    "time": "0.322",
    "fwd_time": "0.481",
    "(v)ram": "n/a"
}
{
    "process": "gptq",
    "layer": 19,
    "module": "self_attn.q_proj",
    "feat: in, out": "576, 576",
    "dtype: size": "f32: 1.3MB",
    "loss": "0.0000819930",
    "samples": "65536",
    "damp": "0.05000",
    "time": "0.358",
    "fwd_time": "0.481",
    "(v)ram": "n/a"
}
{
    "process": "gptq",
    "layer": 19,
    "module": "self_attn.v_proj",
    "feat: in, out": "576, 192",
    "dtype: size": "f32: 0.4MB",
    "loss": "0.0000306251",
    "samples": "65536",
    "damp": "0.05000",
    "time": "0.097",
    "fwd_time": "0.481",
    "(v)ram": "n/a"
}
{
    "process": "gptq",
    "layer": 19,
    "module": "self_attn.o_proj",
    "feat: in, out": "576, 576",
    "dtype: size": "f32: 1.3MB",
    "loss": "0.0001451323",
    "samples": "65536",
    "damp": "0.05000",
    "time": "0.137",
    "fwd_time": "1.031",
    "(v)ram": "n/a"
}
{
    "process": "gptq",
    "layer": 19,
    "module": "mlp.up_proj",
    "feat: in, out": "576, 1536",
    "dtype: size": "f32: 3.4MB",
    "loss": "0.0000858636",
    "samples": "65536",
    "damp": "0.05000",
    "time": "0.454",
    "fwd_time": "1.651",
    "(v)ram": "n/a"
}
{
    "process": "gptq",
    "layer": 19,
    "module": "mlp.gate_proj",
    "feat: in, out": "576, 1536",
    "dtype: size": "f32: 3.4MB",
    "loss": "0.0000816066",
    "samples": "65536",
    "damp": "0.05000",
    "time": "0.460",
    "fwd_time": "1.651",
    "(v)ram": "n/a"
}
{
    "process": "gptq",
    "layer": 19,
    "module": "mlp.down_proj",
    "feat: in, out": "1536, 576",
    "dtype: size": "f32: 3.4MB",
    "loss": "0.0003846726",
    "samples": "65536",
    "damp": "0.05000",
    "time": "0.413",
    "fwd_time": "2.844",
    "(v)ram": "n/a"
}
{
    "process": "gptq",
    "layer": 20,
    "module": "self_attn.k_proj",
    "feat: in, out": "576, 192",
    "dtype: size": "f32: 0.4MB",
    "loss": "0.0000238027",
    "samples": "65536",
    "damp": "0.05000",
    "time": "0.309",
    "fwd_time": "0.493",
    "(v)ram": "n/a"
}
{
    "process": "gptq",
    "layer": 20,
    "module": "self_attn.q_proj",
    "feat: in, out": "576, 576",
    "dtype: size": "f32: 1.3MB",
    "loss": "0.0000860596",
    "samples": "65536",
    "damp": "0.05000",
    "time": "0.345",
    "fwd_time": "0.493",
    "(v)ram": "n/a"
}
{
    "process": "gptq",
    "layer": 20,
    "module": "self_attn.v_proj",
    "feat: in, out": "576, 192",
    "dtype: size": "f32: 0.4MB",
    "loss": "0.0000492738",
    "samples": "65536",
    "damp": "0.05000",
    "time": "0.101",
    "fwd_time": "0.493",
    "(v)ram": "n/a"
}
{
    "process": "gptq",
    "layer": 20,
    "module": "self_attn.o_proj",
    "feat: in, out": "576, 576",
    "dtype: size": "f32: 1.3MB",
    "loss": "0.0001099597",
    "samples": "65536",
    "damp": "0.05000",
    "time": "0.147",
    "fwd_time": "1.219",
    "(v)ram": "n/a"
}
{
    "process": "gptq",
    "layer": 20,
    "module": "mlp.up_proj",
    "feat: in, out": "576, 1536",
    "dtype: size": "f32: 3.4MB",
    "loss": "0.0000966672",
    "samples": "65536",
    "damp": "0.05000",
    "time": "0.471",
    "fwd_time": "1.864",
    "(v)ram": "n/a"
}
{
    "process": "gptq",
    "layer": 20,
    "module": "mlp.gate_proj",
    "feat: in, out": "576, 1536",
    "dtype: size": "f32: 3.4MB",
    "loss": "0.0000848498",
    "samples": "65536",
    "damp": "0.05000",
    "time": "0.477",
    "fwd_time": "1.864",
    "(v)ram": "n/a"
}
{
    "process": "gptq",
    "layer": 20,
    "module": "mlp.down_proj",
    "feat: in, out": "1536, 576",
    "dtype: size": "f32: 3.4MB",
    "loss": "0.0007202453",
    "samples": "65536",
    "damp": "0.05000",
    "time": "0.420",
    "fwd_time": "2.637",
    "(v)ram": "n/a"
}
{
    "process": "gptq",
    "layer": 21,
    "module": "self_attn.k_proj",
    "feat: in, out": "576, 192",
    "dtype: size": "f32: 0.4MB",
    "loss": "0.0000226035",
    "samples": "65536",
    "damp": "0.05000",
    "time": "0.337",
    "fwd_time": "0.435",
    "(v)ram": "n/a"
}
{
    "process": "gptq",
    "layer": 21,
    "module": "self_attn.q_proj",
    "feat: in, out": "576, 576",
    "dtype: size": "f32: 1.3MB",
    "loss": "0.0000791088",
    "samples": "65536",
    "damp": "0.05000",
    "time": "0.378",
    "fwd_time": "0.435",
    "(v)ram": "n/a"
}
{
    "process": "gptq",
    "layer": 21,
    "module": "self_attn.v_proj",
    "feat: in, out": "576, 192",
    "dtype: size": "f32: 0.4MB",
    "loss": "0.0000361583",
    "samples": "65536",
    "damp": "0.05000",
    "time": "0.098",
    "fwd_time": "0.435",
    "(v)ram": "n/a"
}
{
    "process": "gptq",
    "layer": 21,
    "module": "self_attn.o_proj",
    "feat: in, out": "576, 576",
    "dtype: size": "f32: 1.3MB",
    "loss": "0.0001350407",
    "samples": "65536",
    "damp": "0.05000",
    "time": "0.140",
    "fwd_time": "1.091",
    "(v)ram": "n/a"
}
{
    "process": "gptq",
    "layer": 21,
    "module": "mlp.up_proj",
    "feat: in, out": "576, 1536",
    "dtype: size": "f32: 3.4MB",
    "loss": "0.0001086987",
    "samples": "65536",
    "damp": "0.05000",
    "time": "0.440",
    "fwd_time": "1.692",
    "(v)ram": "n/a"
}
{
    "process": "gptq",
    "layer": 21,
    "module": "mlp.gate_proj",
    "feat: in, out": "576, 1536",
    "dtype: size": "f32: 3.4MB",
    "loss": "0.0000988910",
    "samples": "65536",
    "damp": "0.05000",
    "time": "0.442",
    "fwd_time": "1.692",
    "(v)ram": "n/a"
}
{
    "process": "gptq",
    "layer": 21,
    "module": "mlp.down_proj",
    "feat: in, out": "1536, 576",
    "dtype: size": "f32: 3.4MB",
    "loss": "0.0006048836",
    "samples": "65536",
    "damp": "0.05000",
    "time": "0.398",
    "fwd_time": "2.585",
    "(v)ram": "n/a"
}
{
    "process": "gptq",
    "layer": 22,
    "module": "self_attn.q_proj",
    "feat: in, out": "576, 576",
    "dtype: size": "f32: 1.3MB",
    "loss": "0.0000796572",
    "samples": "65536",
    "damp": "0.05000",
    "time": "0.445",
    "fwd_time": "0.490",
    "(v)ram": "n/a"
}
{
    "process": "gptq",
    "layer": 22,
    "module": "self_attn.k_proj",
    "feat: in, out": "576, 192",
    "dtype: size": "f32: 0.4MB",
    "loss": "0.0000227671",
    "samples": "65536",
    "damp": "0.05000",
    "time": "0.454",
    "fwd_time": "0.490",
    "(v)ram": "n/a"
}
{
    "process": "gptq",
    "layer": 22,
    "module": "self_attn.v_proj",
    "feat: in, out": "576, 192",
    "dtype: size": "f32: 0.4MB",
    "loss": "0.0000388919",
    "samples": "65536",
    "damp": "0.05000",
    "time": "0.097",
    "fwd_time": "0.490",
    "(v)ram": "n/a"
}
{
    "process": "gptq",
    "layer": 22,
    "module": "self_attn.o_proj",
    "feat: in, out": "576, 576",
    "dtype: size": "f32: 1.3MB",
    "loss": "0.0001808638",
    "samples": "65536",
    "damp": "0.05000",
    "time": "0.149",
    "fwd_time": "1.028",
    "(v)ram": "n/a"
}
{
    "process": "gptq",
    "layer": 22,
    "module": "mlp.up_proj",
    "feat: in, out": "576, 1536",
    "dtype: size": "f32: 3.4MB",
    "loss": "0.0001255911",
    "samples": "65536",
    "damp": "0.05000",
    "time": "0.467",
    "fwd_time": "1.882",
    "(v)ram": "n/a"
}
{
    "process": "gptq",
    "layer": 22,
    "module": "mlp.gate_proj",
    "feat: in, out": "576, 1536",
    "dtype: size": "f32: 3.4MB",
    "loss": "0.0001097115",
    "samples": "65536",
    "damp": "0.05000",
    "time": "0.469",
    "fwd_time": "1.882",
    "(v)ram": "n/a"
}
{
    "process": "gptq",
    "layer": 22,
    "module": "mlp.down_proj",
    "feat: in, out": "1536, 576",
    "dtype: size": "f32: 3.4MB",
    "loss": "0.0010229701",
    "samples": "65536",
    "damp": "0.05000",
    "time": "0.400",
    "fwd_time": "2.720",
    "(v)ram": "n/a"
}
{
    "process": "gptq",
    "layer": 23,
    "module": "self_attn.k_proj",
    "feat: in, out": "576, 192",
    "dtype: size": "f32: 0.4MB",
    "loss": "0.0000351939",
    "samples": "65536",
    "damp": "0.05000",
    "time": "0.291",
    "fwd_time": "0.525",
    "(v)ram": "n/a"
}
{
    "process": "gptq",
    "layer": 23,
    "module": "self_attn.q_proj",
    "feat: in, out": "576, 576",
    "dtype: size": "f32: 1.3MB",
    "loss": "0.0001188664",
    "samples": "65536",
    "damp": "0.05000",
    "time": "0.345",
    "fwd_time": "0.525",
    "(v)ram": "n/a"
}
{
    "process": "gptq",
    "layer": 23,
    "module": "self_attn.v_proj",
    "feat: in, out": "576, 192",
    "dtype: size": "f32: 0.4MB",
    "loss": "0.0001232847",
    "samples": "65536",
    "damp": "0.05000",
    "time": "0.102",
    "fwd_time": "0.525",
    "(v)ram": "n/a"
}
{
    "process": "gptq",
    "layer": 23,
    "module": "self_attn.o_proj",
    "feat: in, out": "576, 576",
    "dtype: size": "f32: 1.3MB",
    "loss": "0.0003872141",
    "samples": "65536",
    "damp": "0.05000",
    "time": "0.135",
    "fwd_time": "1.060",
    "(v)ram": "n/a"
}
{
    "process": "gptq",
    "layer": 23,
    "module": "mlp.up_proj",
    "feat: in, out": "576, 1536",
    "dtype: size": "f32: 3.4MB",
    "loss": "0.0001533153",
    "samples": "65536",
    "damp": "0.05000",
    "time": "0.557",
    "fwd_time": "2.205",
    "(v)ram": "n/a"
}
{
    "process": "gptq",
    "layer": 23,
    "module": "mlp.gate_proj",
    "feat: in, out": "576, 1536",
    "dtype: size": "f32: 3.4MB",
    "loss": "0.0001183676",
    "samples": "65536",
    "damp": "0.05000",
    "time": "0.564",
    "fwd_time": "2.205",
    "(v)ram": "n/a"
}
{
    "process": "gptq",
    "layer": 23,
    "module": "mlp.down_proj",
    "feat: in, out": "1536, 576",
    "dtype: size": "f32: 3.4MB",
    "loss": "0.0013159196",
    "samples": "65536",
    "damp": "0.05000",
    "time": "0.556",
    "fwd_time": "2.948",
    "(v)ram": "n/a"
}
{
    "process": "gptq",
    "layer": 24,
    "module": "self_attn.k_proj",
    "feat: in, out": "576, 192",
    "dtype: size": "f32: 0.4MB",
    "loss": "0.0000282168",
    "samples": "65536",
    "damp": "0.05000",
    "time": "0.308",
    "fwd_time": "0.503",
    "(v)ram": "n/a"
}
{
    "process": "gptq",
    "layer": 24,
    "module": "self_attn.q_proj",
    "feat: in, out": "576, 576",
    "dtype: size": "f32: 1.3MB",
    "loss": "0.0001139772",
    "samples": "65536",
    "damp": "0.05000",
    "time": "0.342",
    "fwd_time": "0.503",
    "(v)ram": "n/a"
}
{
    "process": "gptq",
    "layer": 24,
    "module": "self_attn.v_proj",
    "feat: in, out": "576, 192",
    "dtype: size": "f32: 0.4MB",
    "loss": "0.0001221114",
    "samples": "65536",
    "damp": "0.05000",
    "time": "0.101",
    "fwd_time": "0.503",
    "(v)ram": "n/a"
}
{
    "process": "gptq",
    "layer": 24,
    "module": "self_attn.o_proj",
    "feat: in, out": "576, 576",
    "dtype: size": "f32: 1.3MB",
    "loss": "0.0003012578",
    "samples": "65536",
    "damp": "0.05000",
    "time": "0.145",
    "fwd_time": "1.085",
    "(v)ram": "n/a"
}
{
    "process": "gptq",
    "layer": 24,
    "module": "mlp.up_proj",
    "feat: in, out": "576, 1536",
    "dtype: size": "f32: 3.4MB",
    "loss": "0.0001608043",
    "samples": "65536",
    "damp": "0.05000",
    "time": "0.466",
    "fwd_time": "1.767",
    "(v)ram": "n/a"
}
{
    "process": "gptq",
    "layer": 24,
    "module": "mlp.gate_proj",
    "feat: in, out": "576, 1536",
    "dtype: size": "f32: 3.4MB",
    "loss": "0.0001229915",
    "samples": "65536",
    "damp": "0.05000",
    "time": "0.472",
    "fwd_time": "1.767",
    "(v)ram": "n/a"
}
{
    "process": "gptq",
    "layer": 24,
    "module": "mlp.down_proj",
    "feat: in, out": "1536, 576",
    "dtype: size": "f32: 3.4MB",
    "loss": "0.0018235967",
    "samples": "65536",
    "damp": "0.05000",
    "time": "0.398",
    "fwd_time": "2.667",
    "(v)ram": "n/a"
}
{
    "process": "gptq",
    "layer": 25,
    "module": "self_attn.k_proj",
    "feat: in, out": "576, 192",
    "dtype: size": "f32: 0.4MB",
    "loss": "0.0000266086",
    "samples": "65536",
    "damp": "0.05000",
    "time": "0.292",
    "fwd_time": "0.476",
    "(v)ram": "n/a"
}
{
    "process": "gptq",
    "layer": 25,
    "module": "self_attn.q_proj",
    "feat: in, out": "576, 576",
    "dtype: size": "f32: 1.3MB",
    "loss": "0.0000918025",
    "samples": "65536",
    "damp": "0.05000",
    "time": "0.327",
    "fwd_time": "0.476",
    "(v)ram": "n/a"
}
{
    "process": "gptq",
    "layer": 25,
    "module": "self_attn.v_proj",
    "feat: in, out": "576, 192",
    "dtype: size": "f32: 0.4MB",
    "loss": "0.0000562786",
    "samples": "65536",
    "damp": "0.05000",
    "time": "0.101",
    "fwd_time": "0.476",
    "(v)ram": "n/a"
}
{
    "process": "gptq",
    "layer": 25,
    "module": "self_attn.o_proj",
    "feat: in, out": "576, 576",
    "dtype: size": "f32: 1.3MB",
    "loss": "0.0002870540",
    "samples": "65536",
    "damp": "0.05000",
    "time": "0.127",
    "fwd_time": "1.071",
    "(v)ram": "n/a"
}
{
    "process": "gptq",
    "layer": 25,
    "module": "mlp.up_proj",
    "feat: in, out": "576, 1536",
    "dtype: size": "f32: 3.4MB",
    "loss": "0.0001698544",
    "samples": "65536",
    "damp": "0.05000",
    "time": "0.495",
    "fwd_time": "1.787",
    "(v)ram": "n/a"
}
{
    "process": "gptq",
    "layer": 25,
    "module": "mlp.gate_proj",
    "feat: in, out": "576, 1536",
    "dtype: size": "f32: 3.4MB",
    "loss": "0.0001340216",
    "samples": "65536",
    "damp": "0.05000",
    "time": "0.501",
    "fwd_time": "1.787",
    "(v)ram": "n/a"
}
{
    "process": "gptq",
    "layer": 25,
    "module": "mlp.down_proj",
    "feat: in, out": "1536, 576",
    "dtype: size": "f32: 3.4MB",
    "loss": "0.0017253108",
    "samples": "65536",
    "damp": "0.05000",
    "time": "0.512",
    "fwd_time": "2.924",
    "(v)ram": "n/a"
}
{
    "process": "gptq",
    "layer": 26,
    "module": "self_attn.k_proj",
    "feat: in, out": "576, 192",
    "dtype: size": "f32: 0.4MB",
    "loss": "0.0000254544",
    "samples": "65536",
    "damp": "0.05000",
    "time": "0.398",
    "fwd_time": "0.543",
    "(v)ram": "n/a"
}
{
    "process": "gptq",
    "layer": 26,
    "module": "self_attn.q_proj",
    "feat: in, out": "576, 576",
    "dtype: size": "f32: 1.3MB",
    "loss": "0.0000914602",
    "samples": "65536",
    "damp": "0.05000",
    "time": "0.428",
    "fwd_time": "0.543",
    "(v)ram": "n/a"
}
{
    "process": "gptq",
    "layer": 26,
    "module": "self_attn.v_proj",
    "feat: in, out": "576, 192",
    "dtype: size": "f32: 0.4MB",
    "loss": "0.0000797304",
    "samples": "65536",
    "damp": "0.05000",
    "time": "0.137",
    "fwd_time": "0.543",
    "(v)ram": "n/a"
}
{
    "process": "gptq",
    "layer": 26,
    "module": "self_attn.o_proj",
    "feat: in, out": "576, 576",
    "dtype: size": "f32: 1.3MB",
    "loss": "0.0003149698",
    "samples": "65536",
    "damp": "0.05000",
    "time": "0.131",
    "fwd_time": "1.144",
    "(v)ram": "n/a"
}
{
    "process": "gptq",
    "layer": 26,
    "module": "mlp.gate_proj",
    "feat: in, out": "576, 1536",
    "dtype: size": "f32: 3.4MB",
    "loss": "0.0001509338",
    "samples": "65536",
    "damp": "0.05000",
    "time": "0.635",
    "fwd_time": "2.098",
    "(v)ram": "n/a"
}
{
    "process": "gptq",
    "layer": 26,
    "module": "mlp.up_proj",
    "feat: in, out": "576, 1536",
    "dtype: size": "f32: 3.4MB",
    "loss": "0.0001922011",
    "samples": "65536",
    "damp": "0.05000",
    "time": "0.646",
    "fwd_time": "2.098",
    "(v)ram": "n/a"
}
{
    "process": "gptq",
    "layer": 26,
    "module": "mlp.down_proj",
    "feat: in, out": "1536, 576",
    "dtype: size": "f32: 3.4MB",
    "loss": "0.0023046513",
    "samples": "65536",
    "damp": "0.05000",
    "time": "0.447",
    "fwd_time": "3.556",
    "(v)ram": "n/a"
}
{
    "process": "gptq",
    "layer": 27,
    "module": "self_attn.k_proj",
    "feat: in, out": "576, 192",
    "dtype: size": "f32: 0.4MB",
    "loss": "0.0000258320",
    "samples": "65536",
    "damp": "0.05000",
    "time": "0.362",
    "fwd_time": "0.518",
    "(v)ram": "n/a"
}
{
    "process": "gptq",
    "layer": 27,
    "module": "self_attn.q_proj",
    "feat: in, out": "576, 576",
    "dtype: size": "f32: 1.3MB",
    "loss": "0.0000975738",
    "samples": "65536",
    "damp": "0.05000",
    "time": "0.405",
    "fwd_time": "0.518",
    "(v)ram": "n/a"
}
{
    "process": "gptq",
    "layer": 27,
    "module": "self_attn.v_proj",
    "feat: in, out": "576, 192",
    "dtype: size": "f32: 0.4MB",
    "loss": "0.0000667436",
    "samples": "65536",
    "damp": "0.05000",
    "time": "0.118",
    "fwd_time": "0.518",
    "(v)ram": "n/a"
}
{
    "process": "gptq",
    "layer": 27,
    "module": "self_attn.o_proj",
    "feat: in, out": "576, 576",
    "dtype: size": "f32: 1.3MB",
    "loss": "0.0005152935",
    "samples": "65536",
    "damp": "0.05000",
    "time": "0.183",
    "fwd_time": "1.226",
    "(v)ram": "n/a"
}
{
    "process": "gptq",
    "layer": 27,
    "module": "mlp.gate_proj",
    "feat: in, out": "576, 1536",
    "dtype: size": "f32: 3.4MB",
    "loss": "0.0001595030",
    "samples": "65536",
    "damp": "0.05000",
    "time": "0.464",
    "fwd_time": "1.752",
    "(v)ram": "n/a"
}
{
    "process": "gptq",
    "layer": 27,
    "module": "mlp.up_proj",
    "feat: in, out": "576, 1536",
    "dtype: size": "f32: 3.4MB",
    "loss": "0.0001989857",
    "samples": "65536",
    "damp": "0.05000",
    "time": "0.468",
    "fwd_time": "1.752",
    "(v)ram": "n/a"
}
{
    "process": "gptq",
    "layer": 27,
    "module": "mlp.down_proj",
    "feat: in, out": "1536, 576",
    "dtype: size": "f32: 3.4MB",
    "loss": "0.0031013521",
    "samples": "65536",
    "damp": "0.05000",
    "time": "0.403",
    "fwd_time": "2.712",
    "(v)ram": "n/a"
}
{
    "process": "gptq",
    "layer": 28,
    "module": "self_attn.k_proj",
    "feat: in, out": "576, 192",
    "dtype: size": "f32: 0.4MB",
    "loss": "0.0000228746",
    "samples": "65536",
    "damp": "0.05000",
    "time": "0.326",
    "fwd_time": "0.485",
    "(v)ram": "n/a"
}
{
    "process": "gptq",
    "layer": 28,
    "module": "self_attn.q_proj",
    "feat: in, out": "576, 576",
    "dtype: size": "f32: 1.3MB",
    "loss": "0.0000777358",
    "samples": "65536",
    "damp": "0.05000",
    "time": "0.386",
    "fwd_time": "0.485",
    "(v)ram": "n/a"
}
{
    "process": "gptq",
    "layer": 28,
    "module": "self_attn.v_proj",
    "feat: in, out": "576, 192",
    "dtype: size": "f32: 0.4MB",
    "loss": "0.0000837321",
    "samples": "65536",
    "damp": "0.05000",
    "time": "0.110",
    "fwd_time": "0.485",
    "(v)ram": "n/a"
}
{
    "process": "gptq",
    "layer": 28,
    "module": "self_attn.o_proj",
    "feat: in, out": "576, 576",
    "dtype: size": "f32: 1.3MB",
    "loss": "0.0003584463",
    "samples": "65536",
    "damp": "0.05000",
    "time": "0.147",
    "fwd_time": "1.243",
    "(v)ram": "n/a"
}
{
    "process": "gptq",
    "layer": 28,
    "module": "mlp.gate_proj",
    "feat: in, out": "576, 1536",
    "dtype: size": "f32: 3.4MB",
    "loss": "0.0001584507",
    "samples": "65536",
    "damp": "0.05000",
    "time": "0.485",
    "fwd_time": "1.753",
    "(v)ram": "n/a"
}
{
    "process": "gptq",
    "layer": 28,
    "module": "mlp.up_proj",
    "feat: in, out": "576, 1536",
    "dtype: size": "f32: 3.4MB",
    "loss": "0.0002214687",
    "samples": "65536",
    "damp": "0.05000",
    "time": "0.490",
    "fwd_time": "1.753",
    "(v)ram": "n/a"
}
{
    "process": "gptq",
    "layer": 28,
    "module": "mlp.down_proj",
    "feat: in, out": "1536, 576",
    "dtype: size": "f32: 3.4MB",
    "loss": "0.0247258823",
    "samples": "65536",
    "damp": "0.05000",
    "time": "0.383",
    "fwd_time": "2.646",
    "(v)ram": "n/a"
}
{
    "process": "gptq",
    "layer": 29,
    "module": "self_attn.k_proj",
    "feat: in, out": "576, 192",
    "dtype: size": "f32: 0.4MB",
    "loss": "0.0000213580",
    "samples": "65536",
    "damp": "0.05000",
    "time": "0.330",
    "fwd_time": "0.479",
    "(v)ram": "n/a"
}
{
    "process": "gptq",
    "layer": 29,
    "module": "self_attn.q_proj",
    "feat: in, out": "576, 576",
    "dtype: size": "f32: 1.3MB",
    "loss": "0.0000906940",
    "samples": "65536",
    "damp": "0.05000",
    "time": "0.371",
    "fwd_time": "0.479",
    "(v)ram": "n/a"
}
{
    "process": "gptq",
    "layer": 29,
    "module": "self_attn.v_proj",
    "feat: in, out": "576, 192",
    "dtype: size": "f32: 0.4MB",
    "loss": "0.0000965256",
    "samples": "65536",
    "damp": "0.05000",
    "time": "0.119",
    "fwd_time": "0.479",
    "(v)ram": "n/a"
}
{
    "process": "gptq",
    "layer": 29,
    "module": "self_attn.o_proj",
    "feat: in, out": "576, 576",
    "dtype: size": "f32: 1.3MB",
    "loss": "0.0008142623",
    "samples": "65536",
    "damp": "0.05000",
    "time": "0.199",
    "fwd_time": "1.137",
    "(v)ram": "n/a"
}
{
    "process": "gptq",
    "layer": 29,
    "module": "mlp.up_proj",
    "feat: in, out": "576, 1536",
    "dtype: size": "f32: 3.4MB",
    "loss": "0.0003588312",
    "samples": "65536",
    "damp": "0.05000",
    "time": "0.569",
    "fwd_time": "2.563",
    "(v)ram": "n/a"
}
{
    "process": "gptq",
    "layer": 29,
    "module": "mlp.gate_proj",
    "feat: in, out": "576, 1536",
    "dtype: size": "f32: 3.4MB",
    "loss": "0.0002632749",
    "samples": "65536",
    "damp": "0.05000",
    "time": "0.575",
    "fwd_time": "2.563",
    "(v)ram": "n/a"
}
{
    "process": "gptq",
    "layer": 29,
    "module": "mlp.down_proj",
    "feat: in, out": "1536, 576",
    "dtype: size": "f32: 3.4MB",
    "loss": "0.0227303319",
    "samples": "65536",
    "damp": "0.05000",
    "time": "0.474",
    "fwd_time": "2.797",
    "(v)ram": "n/a"
}
