{
    "process": "gptq",
    "layer": 0,
    "module": "self_attn.k_proj",
    "feat: in, out": "576, 192",
    "dtype: size": "f32: 0.4MB",
    "loss": "0.0000034554",
    "samples": "262144",
    "damp": "0.05000",
    "time": "0.402",
    "fwd_time": "1.583",
    "(v)ram": "n/a"
}
{
    "process": "gptq",
    "layer": 0,
    "module": "self_attn.q_proj",
    "feat: in, out": "576, 576",
    "dtype: size": "f32: 1.3MB",
    "loss": "0.0000055252",
    "samples": "262144",
    "damp": "0.05000",
    "time": "0.463",
    "fwd_time": "1.583",
    "(v)ram": "n/a"
}
{
    "process": "gptq",
    "layer": 0,
    "module": "self_attn.v_proj",
    "feat: in, out": "576, 192",
    "dtype: size": "f32: 0.4MB",
    "loss": "0.0000000383",
    "samples": "262144",
    "damp": "0.05000",
    "time": "0.127",
    "fwd_time": "1.583",
    "(v)ram": "n/a"
}
{
    "process": "gptq",
    "layer": 0,
    "module": "self_attn.o_proj",
    "feat: in, out": "576, 576",
    "dtype: size": "f32: 1.3MB",
    "loss": "0.0000000629",
    "samples": "262144",
    "damp": "0.05000",
    "time": "0.170",
    "fwd_time": "5.071",
    "(v)ram": "n/a"
}
{
    "process": "gptq",
    "layer": 0,
    "module": "mlp.up_proj",
    "feat: in, out": "576, 1536",
    "dtype: size": "f32: 3.4MB",
    "loss": "0.0000261858",
    "samples": "262144",
    "damp": "0.05000",
    "time": "0.472",
    "fwd_time": "7.274",
    "(v)ram": "n/a"
}
{
    "process": "gptq",
    "layer": 0,
    "module": "mlp.gate_proj",
    "feat: in, out": "576, 1536",
    "dtype: size": "f32: 3.4MB",
    "loss": "0.0000253734",
    "samples": "262144",
    "damp": "0.05000",
    "time": "0.482",
    "fwd_time": "7.274",
    "(v)ram": "n/a"
}
{
    "process": "gptq",
    "layer": 0,
    "module": "mlp.down_proj",
    "feat: in, out": "1536, 576",
    "dtype: size": "f32: 3.4MB",
    "loss": "0.0001096453",
    "samples": "262144",
    "damp": "0.05000",
    "time": "0.398",
    "fwd_time": "11.370",
    "(v)ram": "n/a"
}
{
    "process": "gptq",
    "layer": 1,
    "module": "self_attn.k_proj",
    "feat: in, out": "576, 192",
    "dtype: size": "f32: 0.4MB",
    "loss": "0.0000162265",
    "samples": "262144",
    "damp": "0.05000",
    "time": "0.316",
    "fwd_time": "1.972",
    "(v)ram": "n/a"
}
{
    "process": "gptq",
    "layer": 1,
    "module": "self_attn.q_proj",
    "feat: in, out": "576, 576",
    "dtype: size": "f32: 1.3MB",
    "loss": "0.0000359586",
    "samples": "262144",
    "damp": "0.05000",
    "time": "0.360",
    "fwd_time": "1.972",
    "(v)ram": "n/a"
}
{
    "process": "gptq",
    "layer": 1,
    "module": "self_attn.v_proj",
    "feat: in, out": "576, 192",
    "dtype: size": "f32: 0.4MB",
    "loss": "0.0000029593",
    "samples": "262144",
    "damp": "0.05000",
    "time": "0.119",
    "fwd_time": "1.972",
    "(v)ram": "n/a"
}
{
    "process": "gptq",
    "layer": 1,
    "module": "self_attn.o_proj",
    "feat: in, out": "576, 576",
    "dtype: size": "f32: 1.3MB",
    "loss": "0.0000177585",
    "samples": "262144",
    "damp": "0.05000",
    "time": "0.150",
    "fwd_time": "4.442",
    "(v)ram": "n/a"
}
{
    "process": "gptq",
    "layer": 1,
    "module": "mlp.gate_proj",
    "feat: in, out": "576, 1536",
    "dtype: size": "f32: 3.4MB",
    "loss": "0.0000409296",
    "samples": "262144",
    "damp": "0.05000",
    "time": "0.827",
    "fwd_time": "7.336",
    "(v)ram": "n/a"
}
{
    "process": "gptq",
    "layer": 1,
    "module": "mlp.up_proj",
    "feat: in, out": "576, 1536",
    "dtype: size": "f32: 3.4MB",
    "loss": "0.0000321851",
    "samples": "262144",
    "damp": "0.05000",
    "time": "0.837",
    "fwd_time": "7.336",
    "(v)ram": "n/a"
}
{
    "process": "gptq",
    "layer": 1,
    "module": "mlp.down_proj",
    "feat: in, out": "1536, 576",
    "dtype: size": "f32: 3.4MB",
    "loss": "0.0000435430",
    "samples": "262144",
    "damp": "0.05000",
    "time": "0.496",
    "fwd_time": "11.194",
    "(v)ram": "n/a"
}
{
    "process": "gptq",
    "layer": 2,
    "module": "self_attn.k_proj",
    "feat: in, out": "576, 192",
    "dtype: size": "f32: 0.4MB",
    "loss": "0.0000254621",
    "samples": "262144",
    "damp": "0.05000",
    "time": "0.361",
    "fwd_time": "2.186",
    "(v)ram": "n/a"
}
{
    "process": "gptq",
    "layer": 2,
    "module": "self_attn.q_proj",
    "feat: in, out": "576, 576",
    "dtype: size": "f32: 1.3MB",
    "loss": "0.0000591264",
    "samples": "262144",
    "damp": "0.05000",
    "time": "0.394",
    "fwd_time": "2.186",
    "(v)ram": "n/a"
}
{
    "process": "gptq",
    "layer": 2,
    "module": "self_attn.v_proj",
    "feat: in, out": "576, 192",
    "dtype: size": "f32: 0.4MB",
    "loss": "0.0000040715",
    "samples": "262144",
    "damp": "0.05000",
    "time": "0.101",
    "fwd_time": "2.186",
    "(v)ram": "n/a"
}
{
    "process": "gptq",
    "layer": 2,
    "module": "self_attn.o_proj",
    "feat: in, out": "576, 576",
    "dtype: size": "f32: 1.3MB",
    "loss": "0.0000109452",
    "samples": "262144",
    "damp": "0.05000",
    "time": "0.130",
    "fwd_time": "4.657",
    "(v)ram": "n/a"
}
{
    "process": "gptq",
    "layer": 2,
    "module": "mlp.gate_proj",
    "feat: in, out": "576, 1536",
    "dtype: size": "f32: 3.4MB",
    "loss": "0.0000504976",
    "samples": "262144",
    "damp": "0.05000",
    "time": "0.488",
    "fwd_time": "7.216",
    "(v)ram": "n/a"
}
{
    "process": "gptq",
    "layer": 2,
    "module": "mlp.up_proj",
    "feat: in, out": "576, 1536",
    "dtype: size": "f32: 3.4MB",
    "loss": "0.0000425254",
    "samples": "262144",
    "damp": "0.05000",
    "time": "0.491",
    "fwd_time": "7.216",
    "(v)ram": "n/a"
}
{
    "process": "gptq",
    "layer": 2,
    "module": "mlp.down_proj",
    "feat: in, out": "1536, 576",
    "dtype: size": "f32: 3.4MB",
    "loss": "0.0000818640",
    "samples": "262144",
    "damp": "0.05000",
    "time": "0.466",
    "fwd_time": "10.470",
    "(v)ram": "n/a"
}
{
    "process": "gptq",
    "layer": 3,
    "module": "self_attn.k_proj",
    "feat: in, out": "576, 192",
    "dtype: size": "f32: 0.4MB",
    "loss": "0.0000335132",
    "samples": "262144",
    "damp": "0.05000",
    "time": "0.374",
    "fwd_time": "2.044",
    "(v)ram": "n/a"
}
{
    "process": "gptq",
    "layer": 3,
    "module": "self_attn.q_proj",
    "feat: in, out": "576, 576",
    "dtype: size": "f32: 1.3MB",
    "loss": "0.0000831760",
    "samples": "262144",
    "damp": "0.05000",
    "time": "0.412",
    "fwd_time": "2.044",
    "(v)ram": "n/a"
}
{
    "process": "gptq",
    "layer": 3,
    "module": "self_attn.v_proj",
    "feat: in, out": "576, 192",
    "dtype: size": "f32: 0.4MB",
    "loss": "0.0000126671",
    "samples": "262144",
    "damp": "0.05000",
    "time": "0.133",
    "fwd_time": "2.044",
    "(v)ram": "n/a"
}
{
    "process": "gptq",
    "layer": 3,
    "module": "self_attn.o_proj",
    "feat: in, out": "576, 576",
    "dtype: size": "f32: 1.3MB",
    "loss": "0.0000190300",
    "samples": "262144",
    "damp": "0.05000",
    "time": "0.162",
    "fwd_time": "4.837",
    "(v)ram": "n/a"
}
{
    "process": "gptq",
    "layer": 3,
    "module": "mlp.gate_proj",
    "feat: in, out": "576, 1536",
    "dtype: size": "f32: 3.4MB",
    "loss": "0.0000532109",
    "samples": "262144",
    "damp": "0.05000",
    "time": "0.540",
    "fwd_time": "7.480",
    "(v)ram": "n/a"
}
{
    "process": "gptq",
    "layer": 3,
    "module": "mlp.up_proj",
    "feat: in, out": "576, 1536",
    "dtype: size": "f32: 3.4MB",
    "loss": "0.0000464385",
    "samples": "262144",
    "damp": "0.05000",
    "time": "0.546",
    "fwd_time": "7.480",
    "(v)ram": "n/a"
}
{
    "process": "gptq",
    "layer": 3,
    "module": "mlp.down_proj",
    "feat: in, out": "1536, 576",
    "dtype: size": "f32: 3.4MB",
    "loss": "0.0000639726",
    "samples": "262144",
    "damp": "0.05000",
    "time": "0.436",
    "fwd_time": "11.115",
    "(v)ram": "n/a"
}
{
    "process": "gptq",
    "layer": 4,
    "module": "self_attn.k_proj",
    "feat: in, out": "576, 192",
    "dtype: size": "f32: 0.4MB",
    "loss": "0.0000312469",
    "samples": "262144",
    "damp": "0.05000",
    "time": "0.313",
    "fwd_time": "1.762",
    "(v)ram": "n/a"
}
{
    "process": "gptq",
    "layer": 4,
    "module": "self_attn.q_proj",
    "feat: in, out": "576, 576",
    "dtype: size": "f32: 1.3MB",
    "loss": "0.0000759052",
    "samples": "262144",
    "damp": "0.05000",
    "time": "0.352",
    "fwd_time": "1.762",
    "(v)ram": "n/a"
}
{
    "process": "gptq",
    "layer": 4,
    "module": "self_attn.v_proj",
    "feat: in, out": "576, 192",
    "dtype: size": "f32: 0.4MB",
    "loss": "0.0000118466",
    "samples": "262144",
    "damp": "0.05000",
    "time": "0.103",
    "fwd_time": "1.762",
    "(v)ram": "n/a"
}
{
    "process": "gptq",
    "layer": 4,
    "module": "self_attn.o_proj",
    "feat: in, out": "576, 576",
    "dtype: size": "f32: 1.3MB",
    "loss": "0.0000192854",
    "samples": "262144",
    "damp": "0.05000",
    "time": "0.156",
    "fwd_time": "4.522",
    "(v)ram": "n/a"
}
{
    "process": "gptq",
    "layer": 4,
    "module": "mlp.gate_proj",
    "feat: in, out": "576, 1536",
    "dtype: size": "f32: 3.4MB",
    "loss": "0.0000669494",
    "samples": "262144",
    "damp": "0.05000",
    "time": "0.507",
    "fwd_time": "7.018",
    "(v)ram": "n/a"
}
{
    "process": "gptq",
    "layer": 4,
    "module": "mlp.up_proj",
    "feat: in, out": "576, 1536",
    "dtype: size": "f32: 3.4MB",
    "loss": "0.0000586789",
    "samples": "262144",
    "damp": "0.05000",
    "time": "0.509",
    "fwd_time": "7.018",
    "(v)ram": "n/a"
}
{
    "process": "gptq",
    "layer": 4,
    "module": "mlp.down_proj",
    "feat: in, out": "1536, 576",
    "dtype: size": "f32: 3.4MB",
    "loss": "0.0000784848",
    "samples": "262144",
    "damp": "0.05000",
    "time": "0.444",
    "fwd_time": "10.555",
    "(v)ram": "n/a"
}
{
    "process": "gptq",
    "layer": 5,
    "module": "self_attn.k_proj",
    "feat: in, out": "576, 192",
    "dtype: size": "f32: 0.4MB",
    "loss": "0.0000338534",
    "samples": "262144",
    "damp": "0.05000",
    "time": "0.329",
    "fwd_time": "1.819",
    "(v)ram": "n/a"
}
{
    "process": "gptq",
    "layer": 5,
    "module": "self_attn.q_proj",
    "feat: in, out": "576, 576",
    "dtype: size": "f32: 1.3MB",
    "loss": "0.0000789096",
    "samples": "262144",
    "damp": "0.05000",
    "time": "0.381",
    "fwd_time": "1.819",
    "(v)ram": "n/a"
}
{
    "process": "gptq",
    "layer": 5,
    "module": "self_attn.v_proj",
    "feat: in, out": "576, 192",
    "dtype: size": "f32: 0.4MB",
    "loss": "0.0000127456",
    "samples": "262144",
    "damp": "0.05000",
    "time": "0.153",
    "fwd_time": "1.819",
    "(v)ram": "n/a"
}
{
    "process": "gptq",
    "layer": 5,
    "module": "self_attn.o_proj",
    "feat: in, out": "576, 576",
    "dtype: size": "f32: 1.3MB",
    "loss": "0.0000207769",
    "samples": "262144",
    "damp": "0.05000",
    "time": "0.144",
    "fwd_time": "4.819",
    "(v)ram": "n/a"
}
{
    "process": "gptq",
    "layer": 5,
    "module": "mlp.up_proj",
    "feat: in, out": "576, 1536",
    "dtype: size": "f32: 3.4MB",
    "loss": "0.0000645688",
    "samples": "262144",
    "damp": "0.05000",
    "time": "0.492",
    "fwd_time": "7.265",
    "(v)ram": "n/a"
}
{
    "process": "gptq",
    "layer": 5,
    "module": "mlp.gate_proj",
    "feat: in, out": "576, 1536",
    "dtype: size": "f32: 3.4MB",
    "loss": "0.0000712686",
    "samples": "262144",
    "damp": "0.05000",
    "time": "0.498",
    "fwd_time": "7.265",
    "(v)ram": "n/a"
}
{
    "process": "gptq",
    "layer": 5,
    "module": "mlp.down_proj",
    "feat: in, out": "1536, 576",
    "dtype: size": "f32: 3.4MB",
    "loss": "0.0000870901",
    "samples": "262144",
    "damp": "0.05000",
    "time": "0.438",
    "fwd_time": "11.628",
    "(v)ram": "n/a"
}
{
    "process": "gptq",
    "layer": 6,
    "module": "self_attn.k_proj",
    "feat: in, out": "576, 192",
    "dtype: size": "f32: 0.4MB",
    "loss": "0.0000270508",
    "samples": "262144",
    "damp": "0.05000",
    "time": "0.341",
    "fwd_time": "1.766",
    "(v)ram": "n/a"
}
{
    "process": "gptq",
    "layer": 6,
    "module": "self_attn.q_proj",
    "feat: in, out": "576, 576",
    "dtype: size": "f32: 1.3MB",
    "loss": "0.0000655581",
    "samples": "262144",
    "damp": "0.05000",
    "time": "0.389",
    "fwd_time": "1.766",
    "(v)ram": "n/a"
}
{
    "process": "gptq",
    "layer": 6,
    "module": "self_attn.v_proj",
    "feat: in, out": "576, 192",
    "dtype: size": "f32: 0.4MB",
    "loss": "0.0000112353",
    "samples": "262144",
    "damp": "0.05000",
    "time": "0.106",
    "fwd_time": "1.766",
    "(v)ram": "n/a"
}
{
    "process": "gptq",
    "layer": 6,
    "module": "self_attn.o_proj",
    "feat: in, out": "576, 576",
    "dtype: size": "f32: 1.3MB",
    "loss": "0.0000145288",
    "samples": "262144",
    "damp": "0.05000",
    "time": "0.133",
    "fwd_time": "4.041",
    "(v)ram": "n/a"
}
{
    "process": "gptq",
    "layer": 6,
    "module": "mlp.up_proj",
    "feat: in, out": "576, 1536",
    "dtype: size": "f32: 3.4MB",
    "loss": "0.0000689714",
    "samples": "262144",
    "damp": "0.05000",
    "time": "0.477",
    "fwd_time": "7.839",
    "(v)ram": "n/a"
}
{
    "process": "gptq",
    "layer": 6,
    "module": "mlp.gate_proj",
    "feat: in, out": "576, 1536",
    "dtype: size": "f32: 3.4MB",
    "loss": "0.0000706392",
    "samples": "262144",
    "damp": "0.05000",
    "time": "0.478",
    "fwd_time": "7.839",
    "(v)ram": "n/a"
}
{
    "process": "gptq",
    "layer": 6,
    "module": "mlp.down_proj",
    "feat: in, out": "1536, 576",
    "dtype: size": "f32: 3.4MB",
    "loss": "0.0001084183",
    "samples": "262144",
    "damp": "0.05000",
    "time": "0.418",
    "fwd_time": "11.619",
    "(v)ram": "n/a"
}
{
    "process": "gptq",
    "layer": 7,
    "module": "self_attn.k_proj",
    "feat: in, out": "576, 192",
    "dtype: size": "f32: 0.4MB",
    "loss": "0.0000415283",
    "samples": "262144",
    "damp": "0.05000",
    "time": "0.336",
    "fwd_time": "1.866",
    "(v)ram": "n/a"
}
{
    "process": "gptq",
    "layer": 7,
    "module": "self_attn.q_proj",
    "feat: in, out": "576, 576",
    "dtype: size": "f32: 1.3MB",
    "loss": "0.0001128572",
    "samples": "262144",
    "damp": "0.05000",
    "time": "0.376",
    "fwd_time": "1.866",
    "(v)ram": "n/a"
}
{
    "process": "gptq",
    "layer": 7,
    "module": "self_attn.v_proj",
    "feat: in, out": "576, 192",
    "dtype: size": "f32: 0.4MB",
    "loss": "0.0000256496",
    "samples": "262144",
    "damp": "0.05000",
    "time": "0.139",
    "fwd_time": "1.866",
    "(v)ram": "n/a"
}
{
    "process": "gptq",
    "layer": 7,
    "module": "self_attn.o_proj",
    "feat: in, out": "576, 576",
    "dtype: size": "f32: 1.3MB",
    "loss": "0.0000214049",
    "samples": "262144",
    "damp": "0.05000",
    "time": "0.138",
    "fwd_time": "4.837",
    "(v)ram": "n/a"
}
{
    "process": "gptq",
    "layer": 7,
    "module": "mlp.gate_proj",
    "feat: in, out": "576, 1536",
    "dtype: size": "f32: 3.4MB",
    "loss": "0.0000722932",
    "samples": "262144",
    "damp": "0.05000",
    "time": "0.442",
    "fwd_time": "6.900",
    "(v)ram": "n/a"
}
{
    "process": "gptq",
    "layer": 7,
    "module": "mlp.up_proj",
    "feat: in, out": "576, 1536",
    "dtype: size": "f32: 3.4MB",
    "loss": "0.0000731682",
    "samples": "262144",
    "damp": "0.05000",
    "time": "0.464",
    "fwd_time": "6.900",
    "(v)ram": "n/a"
}
{
    "process": "gptq",
    "layer": 7,
    "module": "mlp.down_proj",
    "feat: in, out": "1536, 576",
    "dtype: size": "f32: 3.4MB",
    "loss": "0.0001256615",
    "samples": "262144",
    "damp": "0.05000",
    "time": "0.449",
    "fwd_time": "11.965",
    "(v)ram": "n/a"
}
{
    "process": "gptq",
    "layer": 8,
    "module": "self_attn.k_proj",
    "feat: in, out": "576, 192",
    "dtype: size": "f32: 0.4MB",
    "loss": "0.0000374618",
    "samples": "262144",
    "damp": "0.05000",
    "time": "0.337",
    "fwd_time": "1.891",
    "(v)ram": "n/a"
}
{
    "process": "gptq",
    "layer": 8,
    "module": "self_attn.q_proj",
    "feat: in, out": "576, 576",
    "dtype: size": "f32: 1.3MB",
    "loss": "0.0000958357",
    "samples": "262144",
    "damp": "0.05000",
    "time": "0.382",
    "fwd_time": "1.891",
    "(v)ram": "n/a"
}
{
    "process": "gptq",
    "layer": 8,
    "module": "self_attn.v_proj",
    "feat: in, out": "576, 192",
    "dtype: size": "f32: 0.4MB",
    "loss": "0.0000185031",
    "samples": "262144",
    "damp": "0.05000",
    "time": "0.108",
    "fwd_time": "1.891",
    "(v)ram": "n/a"
}
{
    "process": "gptq",
    "layer": 8,
    "module": "self_attn.o_proj",
    "feat: in, out": "576, 576",
    "dtype: size": "f32: 1.3MB",
    "loss": "0.0000217477",
    "samples": "262144",
    "damp": "0.05000",
    "time": "0.158",
    "fwd_time": "4.368",
    "(v)ram": "n/a"
}
{
    "process": "gptq",
    "layer": 8,
    "module": "mlp.gate_proj",
    "feat: in, out": "576, 1536",
    "dtype: size": "f32: 3.4MB",
    "loss": "0.0000745066",
    "samples": "262144",
    "damp": "0.05000",
    "time": "0.435",
    "fwd_time": "7.341",
    "(v)ram": "n/a"
}
{
    "process": "gptq",
    "layer": 8,
    "module": "mlp.up_proj",
    "feat: in, out": "576, 1536",
    "dtype: size": "f32: 3.4MB",
    "loss": "0.0000814479",
    "samples": "262144",
    "damp": "0.05000",
    "time": "0.441",
    "fwd_time": "7.341",
    "(v)ram": "n/a"
}
{
    "process": "gptq",
    "layer": 8,
    "module": "mlp.down_proj",
    "feat: in, out": "1536, 576",
    "dtype: size": "f32: 3.4MB",
    "loss": "0.0001736657",
    "samples": "262144",
    "damp": "0.05000",
    "time": "0.490",
    "fwd_time": "10.705",
    "(v)ram": "n/a"
}
{
    "process": "gptq",
    "layer": 9,
    "module": "self_attn.k_proj",
    "feat: in, out": "576, 192",
    "dtype: size": "f32: 0.4MB",
    "loss": "0.0000257453",
    "samples": "262144",
    "damp": "0.05000",
    "time": "0.329",
    "fwd_time": "1.856",
    "(v)ram": "n/a"
}
{
    "process": "gptq",
    "layer": 9,
    "module": "self_attn.q_proj",
    "feat: in, out": "576, 576",
    "dtype: size": "f32: 1.3MB",
    "loss": "0.0000717475",
    "samples": "262144",
    "damp": "0.05000",
    "time": "0.373",
    "fwd_time": "1.856",
    "(v)ram": "n/a"
}
{
    "process": "gptq",
    "layer": 9,
    "module": "self_attn.v_proj",
    "feat: in, out": "576, 192",
    "dtype: size": "f32: 0.4MB",
    "loss": "0.0000107662",
    "samples": "262144",
    "damp": "0.05000",
    "time": "0.102",
    "fwd_time": "1.856",
    "(v)ram": "n/a"
}
{
    "process": "gptq",
    "layer": 9,
    "module": "self_attn.o_proj",
    "feat: in, out": "576, 576",
    "dtype: size": "f32: 1.3MB",
    "loss": "0.0000318498",
    "samples": "262144",
    "damp": "0.05000",
    "time": "0.139",
    "fwd_time": "4.315",
    "(v)ram": "n/a"
}
{
    "process": "gptq",
    "layer": 9,
    "module": "mlp.up_proj",
    "feat: in, out": "576, 1536",
    "dtype: size": "f32: 3.4MB",
    "loss": "0.0000894288",
    "samples": "262144",
    "damp": "0.05000",
    "time": "0.470",
    "fwd_time": "6.642",
    "(v)ram": "n/a"
}
{
    "process": "gptq",
    "layer": 9,
    "module": "mlp.gate_proj",
    "feat: in, out": "576, 1536",
    "dtype: size": "f32: 3.4MB",
    "loss": "0.0000731192",
    "samples": "262144",
    "damp": "0.05000",
    "time": "0.478",
    "fwd_time": "6.642",
    "(v)ram": "n/a"
}
{
    "process": "gptq",
    "layer": 9,
    "module": "mlp.down_proj",
    "feat: in, out": "1536, 576",
    "dtype: size": "f32: 3.4MB",
    "loss": "0.0002040080",
    "samples": "262144",
    "damp": "0.05000",
    "time": "0.449",
    "fwd_time": "10.908",
    "(v)ram": "n/a"
}
{
    "process": "gptq",
    "layer": 10,
    "module": "self_attn.k_proj",
    "feat: in, out": "576, 192",
    "dtype: size": "f32: 0.4MB",
    "loss": "0.0000224304",
    "samples": "262144",
    "damp": "0.05000",
    "time": "0.327",
    "fwd_time": "2.368",
    "(v)ram": "n/a"
}
{
    "process": "gptq",
    "layer": 10,
    "module": "self_attn.q_proj",
    "feat: in, out": "576, 576",
    "dtype: size": "f32: 1.3MB",
    "loss": "0.0000643789",
    "samples": "262144",
    "damp": "0.05000",
    "time": "0.375",
    "fwd_time": "2.368",
    "(v)ram": "n/a"
}
{
    "process": "gptq",
    "layer": 10,
    "module": "self_attn.v_proj",
    "feat: in, out": "576, 192",
    "dtype: size": "f32: 0.4MB",
    "loss": "0.0000108571",
    "samples": "262144",
    "damp": "0.05000",
    "time": "0.106",
    "fwd_time": "2.368",
    "(v)ram": "n/a"
}
{
    "process": "gptq",
    "layer": 10,
    "module": "self_attn.o_proj",
    "feat: in, out": "576, 576",
    "dtype: size": "f32: 1.3MB",
    "loss": "0.0000646681",
    "samples": "262144",
    "damp": "0.05000",
    "time": "0.151",
    "fwd_time": "4.271",
    "(v)ram": "n/a"
}
{
    "process": "gptq",
    "layer": 10,
    "module": "mlp.up_proj",
    "feat: in, out": "576, 1536",
    "dtype: size": "f32: 3.4MB",
    "loss": "0.0000888719",
    "samples": "262144",
    "damp": "0.05000",
    "time": "0.474",
    "fwd_time": "6.556",
    "(v)ram": "n/a"
}
{
    "process": "gptq",
    "layer": 10,
    "module": "mlp.gate_proj",
    "feat: in, out": "576, 1536",
    "dtype: size": "f32: 3.4MB",
    "loss": "0.0000695224",
    "samples": "262144",
    "damp": "0.05000",
    "time": "0.477",
    "fwd_time": "6.556",
    "(v)ram": "n/a"
}
{
    "process": "gptq",
    "layer": 10,
    "module": "mlp.down_proj",
    "feat: in, out": "1536, 576",
    "dtype: size": "f32: 3.4MB",
    "loss": "0.0001914684",
    "samples": "262144",
    "damp": "0.05000",
    "time": "0.425",
    "fwd_time": "10.349",
    "(v)ram": "n/a"
}
{
    "process": "gptq",
    "layer": 11,
    "module": "self_attn.k_proj",
    "feat: in, out": "576, 192",
    "dtype: size": "f32: 0.4MB",
    "loss": "0.0000203221",
    "samples": "262144",
    "damp": "0.05000",
    "time": "0.318",
    "fwd_time": "1.860",
    "(v)ram": "n/a"
}
{
    "process": "gptq",
    "layer": 11,
    "module": "self_attn.q_proj",
    "feat: in, out": "576, 576",
    "dtype: size": "f32: 1.3MB",
    "loss": "0.0000578844",
    "samples": "262144",
    "damp": "0.05000",
    "time": "0.368",
    "fwd_time": "1.860",
    "(v)ram": "n/a"
}
{
    "process": "gptq",
    "layer": 11,
    "module": "self_attn.v_proj",
    "feat: in, out": "576, 192",
    "dtype: size": "f32: 0.4MB",
    "loss": "0.0000101927",
    "samples": "262144",
    "damp": "0.05000",
    "time": "0.120",
    "fwd_time": "1.860",
    "(v)ram": "n/a"
}
{
    "process": "gptq",
    "layer": 11,
    "module": "self_attn.o_proj",
    "feat: in, out": "576, 576",
    "dtype: size": "f32: 1.3MB",
    "loss": "0.0000790625",
    "samples": "262144",
    "damp": "0.05000",
    "time": "0.154",
    "fwd_time": "4.516",
    "(v)ram": "n/a"
}
{
    "process": "gptq",
    "layer": 11,
    "module": "mlp.gate_proj",
    "feat: in, out": "576, 1536",
    "dtype: size": "f32: 3.4MB",
    "loss": "0.0000644651",
    "samples": "262144",
    "damp": "0.05000",
    "time": "0.490",
    "fwd_time": "7.266",
    "(v)ram": "n/a"
}
{
    "process": "gptq",
    "layer": 11,
    "module": "mlp.up_proj",
    "feat: in, out": "576, 1536",
    "dtype: size": "f32: 3.4MB",
    "loss": "0.0000869544",
    "samples": "262144",
    "damp": "0.05000",
    "time": "0.501",
    "fwd_time": "7.266",
    "(v)ram": "n/a"
}
{
    "process": "gptq",
    "layer": 11,
    "module": "mlp.down_proj",
    "feat: in, out": "1536, 576",
    "dtype: size": "f32: 3.4MB",
    "loss": "0.0088243894",
    "samples": "262144",
    "damp": "0.05000",
    "time": "0.415",
    "fwd_time": "10.711",
    "(v)ram": "n/a"
}
{
    "process": "gptq",
    "layer": 12,
    "module": "self_attn.k_proj",
    "feat: in, out": "576, 192",
    "dtype: size": "f32: 0.4MB",
    "loss": "0.0000293075",
    "samples": "262144",
    "damp": "0.05000",
    "time": "0.313",
    "fwd_time": "1.823",
    "(v)ram": "n/a"
}
{
    "process": "gptq",
    "layer": 12,
    "module": "self_attn.q_proj",
    "feat: in, out": "576, 576",
    "dtype: size": "f32: 1.3MB",
    "loss": "0.0000829795",
    "samples": "262144",
    "damp": "0.05000",
    "time": "0.348",
    "fwd_time": "1.823",
    "(v)ram": "n/a"
}
{
    "process": "gptq",
    "layer": 12,
    "module": "self_attn.v_proj",
    "feat: in, out": "576, 192",
    "dtype: size": "f32: 0.4MB",
    "loss": "0.0000157617",
    "samples": "262144",
    "damp": "0.05000",
    "time": "0.097",
    "fwd_time": "1.823",
    "(v)ram": "n/a"
}
{
    "process": "gptq",
    "layer": 12,
    "module": "self_attn.o_proj",
    "feat: in, out": "576, 576",
    "dtype: size": "f32: 1.3MB",
    "loss": "0.0000584107",
    "samples": "262144",
    "damp": "0.05000",
    "time": "0.135",
    "fwd_time": "4.296",
    "(v)ram": "n/a"
}
{
    "process": "gptq",
    "layer": 12,
    "module": "mlp.up_proj",
    "feat: in, out": "576, 1536",
    "dtype: size": "f32: 3.4MB",
    "loss": "0.0000794193",
    "samples": "262144",
    "damp": "0.05000",
    "time": "0.479",
    "fwd_time": "7.095",
    "(v)ram": "n/a"
}
{
    "process": "gptq",
    "layer": 12,
    "module": "mlp.gate_proj",
    "feat: in, out": "576, 1536",
    "dtype: size": "f32: 3.4MB",
    "loss": "0.0000630149",
    "samples": "262144",
    "damp": "0.05000",
    "time": "0.493",
    "fwd_time": "7.095",
    "(v)ram": "n/a"
}
{
    "process": "gptq",
    "layer": 12,
    "module": "mlp.down_proj",
    "feat: in, out": "1536, 576",
    "dtype: size": "f32: 3.4MB",
    "loss": "0.0001664309",
    "samples": "262144",
    "damp": "0.05000",
    "time": "0.436",
    "fwd_time": "11.384",
    "(v)ram": "n/a"
}
{
    "process": "gptq",
    "layer": 13,
    "module": "self_attn.k_proj",
    "feat: in, out": "576, 192",
    "dtype: size": "f32: 0.4MB",
    "loss": "0.0000307092",
    "samples": "262144",
    "damp": "0.05000",
    "time": "0.334",
    "fwd_time": "2.022",
    "(v)ram": "n/a"
}
{
    "process": "gptq",
    "layer": 13,
    "module": "self_attn.q_proj",
    "feat: in, out": "576, 576",
    "dtype: size": "f32: 1.3MB",
    "loss": "0.0000892727",
    "samples": "262144",
    "damp": "0.05000",
    "time": "0.383",
    "fwd_time": "2.022",
    "(v)ram": "n/a"
}
{
    "process": "gptq",
    "layer": 13,
    "module": "self_attn.v_proj",
    "feat: in, out": "576, 192",
    "dtype: size": "f32: 0.4MB",
    "loss": "0.0000133656",
    "samples": "262144",
    "damp": "0.05000",
    "time": "0.111",
    "fwd_time": "2.022",
    "(v)ram": "n/a"
}
{
    "process": "gptq",
    "layer": 13,
    "module": "self_attn.o_proj",
    "feat: in, out": "576, 576",
    "dtype: size": "f32: 1.3MB",
    "loss": "0.0000645585",
    "samples": "262144",
    "damp": "0.05000",
    "time": "0.140",
    "fwd_time": "4.445",
    "(v)ram": "n/a"
}
{
    "process": "gptq",
    "layer": 13,
    "module": "mlp.up_proj",
    "feat: in, out": "576, 1536",
    "dtype: size": "f32: 3.4MB",
    "loss": "0.0000787214",
    "samples": "262144",
    "damp": "0.05000",
    "time": "0.517",
    "fwd_time": "8.174",
    "(v)ram": "n/a"
}
{
    "process": "gptq",
    "layer": 13,
    "module": "mlp.gate_proj",
    "feat: in, out": "576, 1536",
    "dtype: size": "f32: 3.4MB",
    "loss": "0.0000736987",
    "samples": "262144",
    "damp": "0.05000",
    "time": "0.525",
    "fwd_time": "8.174",
    "(v)ram": "n/a"
}
{
    "process": "gptq",
    "layer": 13,
    "module": "mlp.down_proj",
    "feat: in, out": "1536, 576",
    "dtype: size": "f32: 3.4MB",
    "loss": "0.0001583019",
    "samples": "262144",
    "damp": "0.05000",
    "time": "0.464",
    "fwd_time": "11.968",
    "(v)ram": "n/a"
}
{
    "process": "gptq",
    "layer": 14,
    "module": "self_attn.k_proj",
    "feat: in, out": "576, 192",
    "dtype: size": "f32: 0.4MB",
    "loss": "0.0000336004",
    "samples": "262144",
    "damp": "0.05000",
    "time": "0.341",
    "fwd_time": "1.994",
    "(v)ram": "n/a"
}
{
    "process": "gptq",
    "layer": 14,
    "module": "self_attn.q_proj",
    "feat: in, out": "576, 576",
    "dtype: size": "f32: 1.3MB",
    "loss": "0.0000926870",
    "samples": "262144",
    "damp": "0.05000",
    "time": "0.374",
    "fwd_time": "1.994",
    "(v)ram": "n/a"
}
{
    "process": "gptq",
    "layer": 14,
    "module": "self_attn.v_proj",
    "feat: in, out": "576, 192",
    "dtype: size": "f32: 0.4MB",
    "loss": "0.0000240222",
    "samples": "262144",
    "damp": "0.05000",
    "time": "0.108",
    "fwd_time": "1.994",
    "(v)ram": "n/a"
}
{
    "process": "gptq",
    "layer": 14,
    "module": "self_attn.o_proj",
    "feat: in, out": "576, 576",
    "dtype: size": "f32: 1.3MB",
    "loss": "0.0000660664",
    "samples": "262144",
    "damp": "0.05000",
    "time": "0.126",
    "fwd_time": "4.141",
    "(v)ram": "n/a"
}
{
    "process": "gptq",
    "layer": 14,
    "module": "mlp.up_proj",
    "feat: in, out": "576, 1536",
    "dtype: size": "f32: 3.4MB",
    "loss": "0.0000753432",
    "samples": "262144",
    "damp": "0.05000",
    "time": "0.494",
    "fwd_time": "6.873",
    "(v)ram": "n/a"
}
{
    "process": "gptq",
    "layer": 14,
    "module": "mlp.gate_proj",
    "feat: in, out": "576, 1536",
    "dtype: size": "f32: 3.4MB",
    "loss": "0.0000714551",
    "samples": "262144",
    "damp": "0.05000",
    "time": "0.501",
    "fwd_time": "6.873",
    "(v)ram": "n/a"
}
{
    "process": "gptq",
    "layer": 14,
    "module": "mlp.down_proj",
    "feat: in, out": "1536, 576",
    "dtype: size": "f32: 3.4MB",
    "loss": "0.0001733034",
    "samples": "262144",
    "damp": "0.05000",
    "time": "0.539",
    "fwd_time": "11.099",
    "(v)ram": "n/a"
}
{
    "process": "gptq",
    "layer": 15,
    "module": "self_attn.k_proj",
    "feat: in, out": "576, 192",
    "dtype: size": "f32: 0.4MB",
    "loss": "0.0000300812",
    "samples": "262144",
    "damp": "0.05000",
    "time": "0.314",
    "fwd_time": "1.881",
    "(v)ram": "n/a"
}
{
    "process": "gptq",
    "layer": 15,
    "module": "self_attn.q_proj",
    "feat: in, out": "576, 576",
    "dtype: size": "f32: 1.3MB",
    "loss": "0.0000844481",
    "samples": "262144",
    "damp": "0.05000",
    "time": "0.362",
    "fwd_time": "1.881",
    "(v)ram": "n/a"
}
{
    "process": "gptq",
    "layer": 15,
    "module": "self_attn.v_proj",
    "feat: in, out": "576, 192",
    "dtype: size": "f32: 0.4MB",
    "loss": "0.0000218791",
    "samples": "262144",
    "damp": "0.05000",
    "time": "0.109",
    "fwd_time": "1.881",
    "(v)ram": "n/a"
}
{
    "process": "gptq",
    "layer": 15,
    "module": "self_attn.o_proj",
    "feat: in, out": "576, 576",
    "dtype: size": "f32: 1.3MB",
    "loss": "0.0000546593",
    "samples": "262144",
    "damp": "0.05000",
    "time": "0.132",
    "fwd_time": "4.317",
    "(v)ram": "n/a"
}
{
    "process": "gptq",
    "layer": 15,
    "module": "mlp.up_proj",
    "feat: in, out": "576, 1536",
    "dtype: size": "f32: 3.4MB",
    "loss": "0.0000772755",
    "samples": "262144",
    "damp": "0.05000",
    "time": "0.524",
    "fwd_time": "7.282",
    "(v)ram": "n/a"
}
{
    "process": "gptq",
    "layer": 15,
    "module": "mlp.gate_proj",
    "feat: in, out": "576, 1536",
    "dtype: size": "f32: 3.4MB",
    "loss": "0.0000772848",
    "samples": "262144",
    "damp": "0.05000",
    "time": "0.534",
    "fwd_time": "7.282",
    "(v)ram": "n/a"
}
{
    "process": "gptq",
    "layer": 15,
    "module": "mlp.down_proj",
    "feat: in, out": "1536, 576",
    "dtype: size": "f32: 3.4MB",
    "loss": "0.0001997612",
    "samples": "262144",
    "damp": "0.05000",
    "time": "0.446",
    "fwd_time": "10.487",
    "(v)ram": "n/a"
}
{
    "process": "gptq",
    "layer": 16,
    "module": "self_attn.k_proj",
    "feat: in, out": "576, 192",
    "dtype: size": "f32: 0.4MB",
    "loss": "0.0000272017",
    "samples": "262144",
    "damp": "0.05000",
    "time": "0.331",
    "fwd_time": "1.776",
    "(v)ram": "n/a"
}
{
    "process": "gptq",
    "layer": 16,
    "module": "self_attn.q_proj",
    "feat: in, out": "576, 576",
    "dtype: size": "f32: 1.3MB",
    "loss": "0.0000737293",
    "samples": "262144",
    "damp": "0.05000",
    "time": "0.379",
    "fwd_time": "1.776",
    "(v)ram": "n/a"
}
{
    "process": "gptq",
    "layer": 16,
    "module": "self_attn.v_proj",
    "feat: in, out": "576, 192",
    "dtype: size": "f32: 0.4MB",
    "loss": "0.0000178073",
    "samples": "262144",
    "damp": "0.05000",
    "time": "0.108",
    "fwd_time": "1.776",
    "(v)ram": "n/a"
}
{
    "process": "gptq",
    "layer": 16,
    "module": "self_attn.o_proj",
    "feat: in, out": "576, 576",
    "dtype: size": "f32: 1.3MB",
    "loss": "0.0001129940",
    "samples": "262144",
    "damp": "0.05000",
    "time": "0.226",
    "fwd_time": "4.393",
    "(v)ram": "n/a"
}
{
    "process": "gptq",
    "layer": 16,
    "module": "mlp.gate_proj",
    "feat: in, out": "576, 1536",
    "dtype: size": "f32: 3.4MB",
    "loss": "0.0000719806",
    "samples": "262144",
    "damp": "0.05000",
    "time": "0.615",
    "fwd_time": "7.747",
    "(v)ram": "n/a"
}
{
    "process": "gptq",
    "layer": 16,
    "module": "mlp.up_proj",
    "feat: in, out": "576, 1536",
    "dtype: size": "f32: 3.4MB",
    "loss": "0.0000751105",
    "samples": "262144",
    "damp": "0.05000",
    "time": "0.640",
    "fwd_time": "7.747",
    "(v)ram": "n/a"
}
{
    "process": "gptq",
    "layer": 16,
    "module": "mlp.down_proj",
    "feat: in, out": "1536, 576",
    "dtype: size": "f32: 3.4MB",
    "loss": "0.0001946260",
    "samples": "262144",
    "damp": "0.05000",
    "time": "0.525",
    "fwd_time": "12.248",
    "(v)ram": "n/a"
}
{
    "process": "gptq",
    "layer": 17,
    "module": "self_attn.k_proj",
    "feat: in, out": "576, 192",
    "dtype: size": "f32: 0.4MB",
    "loss": "0.0000383272",
    "samples": "262144",
    "damp": "0.05000",
    "time": "0.326",
    "fwd_time": "2.112",
    "(v)ram": "n/a"
}
{
    "process": "gptq",
    "layer": 17,
    "module": "self_attn.q_proj",
    "feat: in, out": "576, 576",
    "dtype: size": "f32: 1.3MB",
    "loss": "0.0001290504",
    "samples": "262144",
    "damp": "0.05000",
    "time": "0.368",
    "fwd_time": "2.112",
    "(v)ram": "n/a"
}
{
    "process": "gptq",
    "layer": 17,
    "module": "self_attn.v_proj",
    "feat: in, out": "576, 192",
    "dtype: size": "f32: 0.4MB",
    "loss": "0.0000313882",
    "samples": "262144",
    "damp": "0.05000",
    "time": "0.120",
    "fwd_time": "2.112",
    "(v)ram": "n/a"
}
{
    "process": "gptq",
    "layer": 17,
    "module": "self_attn.o_proj",
    "feat: in, out": "576, 576",
    "dtype: size": "f32: 1.3MB",
    "loss": "0.0000832544",
    "samples": "262144",
    "damp": "0.05000",
    "time": "0.126",
    "fwd_time": "4.019",
    "(v)ram": "n/a"
}
{
    "process": "gptq",
    "layer": 17,
    "module": "mlp.up_proj",
    "feat: in, out": "576, 1536",
    "dtype: size": "f32: 3.4MB",
    "loss": "0.0000757142",
    "samples": "262144",
    "damp": "0.05000",
    "time": "0.537",
    "fwd_time": "7.231",
    "(v)ram": "n/a"
}
{
    "process": "gptq",
    "layer": 17,
    "module": "mlp.gate_proj",
    "feat: in, out": "576, 1536",
    "dtype: size": "f32: 3.4MB",
    "loss": "0.0000682396",
    "samples": "262144",
    "damp": "0.05000",
    "time": "0.545",
    "fwd_time": "7.231",
    "(v)ram": "n/a"
}
{
    "process": "gptq",
    "layer": 17,
    "module": "mlp.down_proj",
    "feat: in, out": "1536, 576",
    "dtype: size": "f32: 3.4MB",
    "loss": "0.0002157728",
    "samples": "262144",
    "damp": "0.05000",
    "time": "0.434",
    "fwd_time": "11.312",
    "(v)ram": "n/a"
}
{
    "process": "gptq",
    "layer": 18,
    "module": "self_attn.k_proj",
    "feat: in, out": "576, 192",
    "dtype: size": "f32: 0.4MB",
    "loss": "0.0000408153",
    "samples": "262144",
    "damp": "0.05000",
    "time": "0.350",
    "fwd_time": "2.046",
    "(v)ram": "n/a"
}
{
    "process": "gptq",
    "layer": 18,
    "module": "self_attn.q_proj",
    "feat: in, out": "576, 576",
    "dtype: size": "f32: 1.3MB",
    "loss": "0.0001301354",
    "samples": "262144",
    "damp": "0.05000",
    "time": "0.391",
    "fwd_time": "2.046",
    "(v)ram": "n/a"
}
{
    "process": "gptq",
    "layer": 18,
    "module": "self_attn.v_proj",
    "feat: in, out": "576, 192",
    "dtype: size": "f32: 0.4MB",
    "loss": "0.0000485693",
    "samples": "262144",
    "damp": "0.05000",
    "time": "0.104",
    "fwd_time": "2.046",
    "(v)ram": "n/a"
}
{
    "process": "gptq",
    "layer": 18,
    "module": "self_attn.o_proj",
    "feat: in, out": "576, 576",
    "dtype: size": "f32: 1.3MB",
    "loss": "0.0001299586",
    "samples": "262144",
    "damp": "0.05000",
    "time": "0.139",
    "fwd_time": "4.415",
    "(v)ram": "n/a"
}
{
    "process": "gptq",
    "layer": 18,
    "module": "mlp.up_proj",
    "feat: in, out": "576, 1536",
    "dtype: size": "f32: 3.4MB",
    "loss": "0.0000801910",
    "samples": "262144",
    "damp": "0.05000",
    "time": "0.495",
    "fwd_time": "6.973",
    "(v)ram": "n/a"
}
{
    "process": "gptq",
    "layer": 18,
    "module": "mlp.gate_proj",
    "feat: in, out": "576, 1536",
    "dtype: size": "f32: 3.4MB",
    "loss": "0.0000749362",
    "samples": "262144",
    "damp": "0.05000",
    "time": "0.504",
    "fwd_time": "6.973",
    "(v)ram": "n/a"
}
{
    "process": "gptq",
    "layer": 18,
    "module": "mlp.down_proj",
    "feat: in, out": "1536, 576",
    "dtype: size": "f32: 3.4MB",
    "loss": "0.0004159276",
    "samples": "262144",
    "damp": "0.05000",
    "time": "0.597",
    "fwd_time": "12.021",
    "(v)ram": "n/a"
}
{
    "process": "gptq",
    "layer": 19,
    "module": "self_attn.k_proj",
    "feat: in, out": "576, 192",
    "dtype: size": "f32: 0.4MB",
    "loss": "0.0000212668",
    "samples": "262144",
    "damp": "0.05000",
    "time": "0.460",
    "fwd_time": "2.883",
    "(v)ram": "n/a"
}
{
    "process": "gptq",
    "layer": 19,
    "module": "self_attn.q_proj",
    "feat: in, out": "576, 576",
    "dtype: size": "f32: 1.3MB",
    "loss": "0.0000892677",
    "samples": "262144",
    "damp": "0.05000",
    "time": "0.515",
    "fwd_time": "2.883",
    "(v)ram": "n/a"
}
{
    "process": "gptq",
    "layer": 19,
    "module": "self_attn.v_proj",
    "feat: in, out": "576, 192",
    "dtype: size": "f32: 0.4MB",
    "loss": "0.0000341530",
    "samples": "262144",
    "damp": "0.05000",
    "time": "0.132",
    "fwd_time": "2.883",
    "(v)ram": "n/a"
}
{
    "process": "gptq",
    "layer": 19,
    "module": "self_attn.o_proj",
    "feat: in, out": "576, 576",
    "dtype: size": "f32: 1.3MB",
    "loss": "0.0002187238",
    "samples": "262144",
    "damp": "0.05000",
    "time": "0.209",
    "fwd_time": "6.134",
    "(v)ram": "n/a"
}
{
    "process": "gptq",
    "layer": 19,
    "module": "mlp.gate_proj",
    "feat: in, out": "576, 1536",
    "dtype: size": "f32: 3.4MB",
    "loss": "0.0000930607",
    "samples": "262144",
    "damp": "0.05000",
    "time": "0.492",
    "fwd_time": "8.294",
    "(v)ram": "n/a"
}
{
    "process": "gptq",
    "layer": 19,
    "module": "mlp.up_proj",
    "feat: in, out": "576, 1536",
    "dtype: size": "f32: 3.4MB",
    "loss": "0.0000979451",
    "samples": "262144",
    "damp": "0.05000",
    "time": "0.503",
    "fwd_time": "8.294",
    "(v)ram": "n/a"
}
{
    "process": "gptq",
    "layer": 19,
    "module": "mlp.down_proj",
    "feat: in, out": "1536, 576",
    "dtype: size": "f32: 3.4MB",
    "loss": "0.0004545111",
    "samples": "262144",
    "damp": "0.05000",
    "time": "0.435",
    "fwd_time": "11.868",
    "(v)ram": "n/a"
}
{
    "process": "gptq",
    "layer": 20,
    "module": "self_attn.k_proj",
    "feat: in, out": "576, 192",
    "dtype: size": "f32: 0.4MB",
    "loss": "0.0000294296",
    "samples": "262144",
    "damp": "0.05000",
    "time": "0.321",
    "fwd_time": "2.091",
    "(v)ram": "n/a"
}
{
    "process": "gptq",
    "layer": 20,
    "module": "self_attn.q_proj",
    "feat: in, out": "576, 576",
    "dtype: size": "f32: 1.3MB",
    "loss": "0.0001057001",
    "samples": "262144",
    "damp": "0.05000",
    "time": "0.351",
    "fwd_time": "2.091",
    "(v)ram": "n/a"
}
{
    "process": "gptq",
    "layer": 20,
    "module": "self_attn.v_proj",
    "feat: in, out": "576, 192",
    "dtype: size": "f32: 0.4MB",
    "loss": "0.0000579166",
    "samples": "262144",
    "damp": "0.05000",
    "time": "0.134",
    "fwd_time": "2.091",
    "(v)ram": "n/a"
}
{
    "process": "gptq",
    "layer": 20,
    "module": "self_attn.o_proj",
    "feat: in, out": "576, 576",
    "dtype: size": "f32: 1.3MB",
    "loss": "0.0002100121",
    "samples": "262144",
    "damp": "0.05000",
    "time": "0.144",
    "fwd_time": "5.630",
    "(v)ram": "n/a"
}
{
    "process": "gptq",
    "layer": 20,
    "module": "mlp.gate_proj",
    "feat: in, out": "576, 1536",
    "dtype: size": "f32: 3.4MB",
    "loss": "0.0000988783",
    "samples": "262144",
    "damp": "0.05000",
    "time": "0.524",
    "fwd_time": "8.268",
    "(v)ram": "n/a"
}
{
    "process": "gptq",
    "layer": 20,
    "module": "mlp.up_proj",
    "feat: in, out": "576, 1536",
    "dtype: size": "f32: 3.4MB",
    "loss": "0.0001129723",
    "samples": "262144",
    "damp": "0.05000",
    "time": "0.535",
    "fwd_time": "8.268",
    "(v)ram": "n/a"
}
{
    "process": "gptq",
    "layer": 20,
    "module": "mlp.down_proj",
    "feat: in, out": "1536, 576",
    "dtype: size": "f32: 3.4MB",
    "loss": "0.0008566214",
    "samples": "262144",
    "damp": "0.05000",
    "time": "0.475",
    "fwd_time": "11.369",
    "(v)ram": "n/a"
}
{
    "process": "gptq",
    "layer": 21,
    "module": "self_attn.k_proj",
    "feat: in, out": "576, 192",
    "dtype: size": "f32: 0.4MB",
    "loss": "0.0000272868",
    "samples": "262144",
    "damp": "0.05000",
    "time": "0.341",
    "fwd_time": "2.054",
    "(v)ram": "n/a"
}
{
    "process": "gptq",
    "layer": 21,
    "module": "self_attn.q_proj",
    "feat: in, out": "576, 576",
    "dtype: size": "f32: 1.3MB",
    "loss": "0.0000946034",
    "samples": "262144",
    "damp": "0.05000",
    "time": "0.381",
    "fwd_time": "2.054",
    "(v)ram": "n/a"
}
{
    "process": "gptq",
    "layer": 21,
    "module": "self_attn.v_proj",
    "feat: in, out": "576, 192",
    "dtype: size": "f32: 0.4MB",
    "loss": "0.0000424356",
    "samples": "262144",
    "damp": "0.05000",
    "time": "0.108",
    "fwd_time": "2.054",
    "(v)ram": "n/a"
}
{
    "process": "gptq",
    "layer": 21,
    "module": "self_attn.o_proj",
    "feat: in, out": "576, 576",
    "dtype: size": "f32: 1.3MB",
    "loss": "0.0001911017",
    "samples": "262144",
    "damp": "0.05000",
    "time": "0.154",
    "fwd_time": "4.568",
    "(v)ram": "n/a"
}
{
    "process": "gptq",
    "layer": 21,
    "module": "mlp.gate_proj",
    "feat: in, out": "576, 1536",
    "dtype: size": "f32: 3.4MB",
    "loss": "0.0001153574",
    "samples": "262144",
    "damp": "0.05000",
    "time": "0.487",
    "fwd_time": "7.005",
    "(v)ram": "n/a"
}
{
    "process": "gptq",
    "layer": 21,
    "module": "mlp.up_proj",
    "feat: in, out": "576, 1536",
    "dtype: size": "f32: 3.4MB",
    "loss": "0.0001277598",
    "samples": "262144",
    "damp": "0.05000",
    "time": "0.490",
    "fwd_time": "7.005",
    "(v)ram": "n/a"
}
{
    "process": "gptq",
    "layer": 21,
    "module": "mlp.down_proj",
    "feat: in, out": "1536, 576",
    "dtype: size": "f32: 3.4MB",
    "loss": "0.0006803077",
    "samples": "262144",
    "damp": "0.05000",
    "time": "0.438",
    "fwd_time": "10.912",
    "(v)ram": "n/a"
}
{
    "process": "gptq",
    "layer": 22,
    "module": "self_attn.k_proj",
    "feat: in, out": "576, 192",
    "dtype: size": "f32: 0.4MB",
    "loss": "0.0000271097",
    "samples": "262144",
    "damp": "0.05000",
    "time": "0.312",
    "fwd_time": "1.940",
    "(v)ram": "n/a"
}
{
    "process": "gptq",
    "layer": 22,
    "module": "self_attn.q_proj",
    "feat: in, out": "576, 576",
    "dtype: size": "f32: 1.3MB",
    "loss": "0.0000942907",
    "samples": "262144",
    "damp": "0.05000",
    "time": "0.352",
    "fwd_time": "1.940",
    "(v)ram": "n/a"
}
{
    "process": "gptq",
    "layer": 22,
    "module": "self_attn.v_proj",
    "feat: in, out": "576, 192",
    "dtype: size": "f32: 0.4MB",
    "loss": "0.0000446923",
    "samples": "262144",
    "damp": "0.05000",
    "time": "0.098",
    "fwd_time": "1.940",
    "(v)ram": "n/a"
}
{
    "process": "gptq",
    "layer": 22,
    "module": "self_attn.o_proj",
    "feat: in, out": "576, 576",
    "dtype: size": "f32: 1.3MB",
    "loss": "0.0002419500",
    "samples": "262144",
    "damp": "0.05000",
    "time": "0.151",
    "fwd_time": "4.954",
    "(v)ram": "n/a"
}
{
    "process": "gptq",
    "layer": 22,
    "module": "mlp.gate_proj",
    "feat: in, out": "576, 1536",
    "dtype: size": "f32: 3.4MB",
    "loss": "0.0001242583",
    "samples": "262144",
    "damp": "0.05000",
    "time": "0.484",
    "fwd_time": "7.782",
    "(v)ram": "n/a"
}
{
    "process": "gptq",
    "layer": 22,
    "module": "mlp.up_proj",
    "feat: in, out": "576, 1536",
    "dtype: size": "f32: 3.4MB",
    "loss": "0.0001437607",
    "samples": "262144",
    "damp": "0.05000",
    "time": "0.489",
    "fwd_time": "7.782",
    "(v)ram": "n/a"
}
{
    "process": "gptq",
    "layer": 22,
    "module": "mlp.down_proj",
    "feat: in, out": "1536, 576",
    "dtype: size": "f32: 3.4MB",
    "loss": "0.0011553657",
    "samples": "262144",
    "damp": "0.05000",
    "time": "0.470",
    "fwd_time": "11.221",
    "(v)ram": "n/a"
}
{
    "process": "gptq",
    "layer": 23,
    "module": "self_attn.k_proj",
    "feat: in, out": "576, 192",
    "dtype: size": "f32: 0.4MB",
    "loss": "0.0000396828",
    "samples": "262144",
    "damp": "0.05000",
    "time": "0.350",
    "fwd_time": "1.922",
    "(v)ram": "n/a"
}
{
    "process": "gptq",
    "layer": 23,
    "module": "self_attn.q_proj",
    "feat: in, out": "576, 576",
    "dtype: size": "f32: 1.3MB",
    "loss": "0.0001306013",
    "samples": "262144",
    "damp": "0.05000",
    "time": "0.389",
    "fwd_time": "1.922",
    "(v)ram": "n/a"
}
{
    "process": "gptq",
    "layer": 23,
    "module": "self_attn.v_proj",
    "feat: in, out": "576, 192",
    "dtype: size": "f32: 0.4MB",
    "loss": "0.0001420789",
    "samples": "262144",
    "damp": "0.05000",
    "time": "0.126",
    "fwd_time": "1.922",
    "(v)ram": "n/a"
}
{
    "process": "gptq",
    "layer": 23,
    "module": "self_attn.o_proj",
    "feat: in, out": "576, 576",
    "dtype: size": "f32: 1.3MB",
    "loss": "0.0007320769",
    "samples": "262144",
    "damp": "0.05000",
    "time": "0.146",
    "fwd_time": "4.203",
    "(v)ram": "n/a"
}
{
    "process": "gptq",
    "layer": 23,
    "module": "mlp.gate_proj",
    "feat: in, out": "576, 1536",
    "dtype: size": "f32: 3.4MB",
    "loss": "0.0001338598",
    "samples": "262144",
    "damp": "0.05000",
    "time": "0.584",
    "fwd_time": "7.333",
    "(v)ram": "n/a"
}
{
    "process": "gptq",
    "layer": 23,
    "module": "mlp.up_proj",
    "feat: in, out": "576, 1536",
    "dtype: size": "f32: 3.4MB",
    "loss": "0.0001740169",
    "samples": "262144",
    "damp": "0.05000",
    "time": "0.603",
    "fwd_time": "7.333",
    "(v)ram": "n/a"
}
{
    "process": "gptq",
    "layer": 23,
    "module": "mlp.down_proj",
    "feat: in, out": "1536, 576",
    "dtype: size": "f32: 3.4MB",
    "loss": "0.0014208129",
    "samples": "262144",
    "damp": "0.05000",
    "time": "0.489",
    "fwd_time": "14.092",
    "(v)ram": "n/a"
}
{
    "process": "gptq",
    "layer": 24,
    "module": "self_attn.k_proj",
    "feat: in, out": "576, 192",
    "dtype: size": "f32: 0.4MB",
    "loss": "0.0000327322",
    "samples": "262144",
    "damp": "0.05000",
    "time": "0.337",
    "fwd_time": "1.856",
    "(v)ram": "n/a"
}
{
    "process": "gptq",
    "layer": 24,
    "module": "self_attn.q_proj",
    "feat: in, out": "576, 576",
    "dtype: size": "f32: 1.3MB",
    "loss": "0.0001271834",
    "samples": "262144",
    "damp": "0.05000",
    "time": "0.375",
    "fwd_time": "1.856",
    "(v)ram": "n/a"
}
{
    "process": "gptq",
    "layer": 24,
    "module": "self_attn.v_proj",
    "feat: in, out": "576, 192",
    "dtype: size": "f32: 0.4MB",
    "loss": "0.0001394984",
    "samples": "262144",
    "damp": "0.05000",
    "time": "0.101",
    "fwd_time": "1.856",
    "(v)ram": "n/a"
}
{
    "process": "gptq",
    "layer": 24,
    "module": "self_attn.o_proj",
    "feat: in, out": "576, 576",
    "dtype: size": "f32: 1.3MB",
    "loss": "0.0004957539",
    "samples": "262144",
    "damp": "0.05000",
    "time": "0.166",
    "fwd_time": "4.674",
    "(v)ram": "n/a"
}
{
    "process": "gptq",
    "layer": 24,
    "module": "mlp.gate_proj",
    "feat: in, out": "576, 1536",
    "dtype: size": "f32: 3.4MB",
    "loss": "0.0001330323",
    "samples": "262144",
    "damp": "0.05000",
    "time": "0.534",
    "fwd_time": "7.858",
    "(v)ram": "n/a"
}
{
    "process": "gptq",
    "layer": 24,
    "module": "mlp.up_proj",
    "feat: in, out": "576, 1536",
    "dtype: size": "f32: 3.4MB",
    "loss": "0.0001735888",
    "samples": "262144",
    "damp": "0.05000",
    "time": "0.545",
    "fwd_time": "7.858",
    "(v)ram": "n/a"
}
{
    "process": "gptq",
    "layer": 24,
    "module": "mlp.down_proj",
    "feat: in, out": "1536, 576",
    "dtype: size": "f32: 3.4MB",
    "loss": "0.0017964020",
    "samples": "262144",
    "damp": "0.05000",
    "time": "0.439",
    "fwd_time": "11.727",
    "(v)ram": "n/a"
}
{
    "process": "gptq",
    "layer": 25,
    "module": "self_attn.k_proj",
    "feat: in, out": "576, 192",
    "dtype: size": "f32: 0.4MB",
    "loss": "0.0000282637",
    "samples": "262144",
    "damp": "0.05000",
    "time": "0.380",
    "fwd_time": "2.326",
    "(v)ram": "n/a"
}
{
    "process": "gptq",
    "layer": 25,
    "module": "self_attn.q_proj",
    "feat: in, out": "576, 576",
    "dtype: size": "f32: 1.3MB",
    "loss": "0.0000972254",
    "samples": "262144",
    "damp": "0.05000",
    "time": "0.422",
    "fwd_time": "2.326",
    "(v)ram": "n/a"
}
{
    "process": "gptq",
    "layer": 25,
    "module": "self_attn.v_proj",
    "feat: in, out": "576, 192",
    "dtype: size": "f32: 0.4MB",
    "loss": "0.0000576016",
    "samples": "262144",
    "damp": "0.05000",
    "time": "0.108",
    "fwd_time": "2.326",
    "(v)ram": "n/a"
}
{
    "process": "gptq",
    "layer": 25,
    "module": "self_attn.o_proj",
    "feat: in, out": "576, 576",
    "dtype: size": "f32: 1.3MB",
    "loss": "0.0002556502",
    "samples": "262144",
    "damp": "0.05000",
    "time": "0.245",
    "fwd_time": "4.488",
    "(v)ram": "n/a"
}
{
    "process": "gptq",
    "layer": 25,
    "module": "mlp.gate_proj",
    "feat: in, out": "576, 1536",
    "dtype: size": "f32: 3.4MB",
    "loss": "0.0001393558",
    "samples": "262144",
    "damp": "0.05000",
    "time": "0.483",
    "fwd_time": "8.082",
    "(v)ram": "n/a"
}
{
    "process": "gptq",
    "layer": 25,
    "module": "mlp.up_proj",
    "feat: in, out": "576, 1536",
    "dtype: size": "f32: 3.4MB",
    "loss": "0.0001766679",
    "samples": "262144",
    "damp": "0.05000",
    "time": "0.493",
    "fwd_time": "8.082",
    "(v)ram": "n/a"
}
{
    "process": "gptq",
    "layer": 25,
    "module": "mlp.down_proj",
    "feat: in, out": "1536, 576",
    "dtype: size": "f32: 3.4MB",
    "loss": "0.0014829088",
    "samples": "262144",
    "damp": "0.05000",
    "time": "0.633",
    "fwd_time": "10.798",
    "(v)ram": "n/a"
}
{
    "process": "gptq",
    "layer": 26,
    "module": "self_attn.k_proj",
    "feat: in, out": "576, 192",
    "dtype: size": "f32: 0.4MB",
    "loss": "0.0000266428",
    "samples": "262144",
    "damp": "0.05000",
    "time": "0.338",
    "fwd_time": "2.333",
    "(v)ram": "n/a"
}
{
    "process": "gptq",
    "layer": 26,
    "module": "self_attn.q_proj",
    "feat: in, out": "576, 576",
    "dtype: size": "f32: 1.3MB",
    "loss": "0.0000971563",
    "samples": "262144",
    "damp": "0.05000",
    "time": "0.383",
    "fwd_time": "2.333",
    "(v)ram": "n/a"
}
{
    "process": "gptq",
    "layer": 26,
    "module": "self_attn.v_proj",
    "feat: in, out": "576, 192",
    "dtype: size": "f32: 0.4MB",
    "loss": "0.0000825846",
    "samples": "262144",
    "damp": "0.05000",
    "time": "0.111",
    "fwd_time": "2.333",
    "(v)ram": "n/a"
}
{
    "process": "gptq",
    "layer": 26,
    "module": "self_attn.o_proj",
    "feat: in, out": "576, 576",
    "dtype: size": "f32: 1.3MB",
    "loss": "0.0004391216",
    "samples": "262144",
    "damp": "0.05000",
    "time": "0.146",
    "fwd_time": "4.399",
    "(v)ram": "n/a"
}
{
    "process": "gptq",
    "layer": 26,
    "module": "mlp.up_proj",
    "feat: in, out": "576, 1536",
    "dtype: size": "f32: 3.4MB",
    "loss": "0.0001985731",
    "samples": "262144",
    "damp": "0.05000",
    "time": "0.506",
    "fwd_time": "7.638",
    "(v)ram": "n/a"
}
{
    "process": "gptq",
    "layer": 26,
    "module": "mlp.gate_proj",
    "feat: in, out": "576, 1536",
    "dtype: size": "f32: 3.4MB",
    "loss": "0.0001552612",
    "samples": "262144",
    "damp": "0.05000",
    "time": "0.512",
    "fwd_time": "7.638",
    "(v)ram": "n/a"
}
{
    "process": "gptq",
    "layer": 26,
    "module": "mlp.down_proj",
    "feat: in, out": "1536, 576",
    "dtype: size": "f32: 3.4MB",
    "loss": "0.0020403832",
    "samples": "262144",
    "damp": "0.05000",
    "time": "0.824",
    "fwd_time": "12.320",
    "(v)ram": "n/a"
}
{
    "process": "gptq",
    "layer": 27,
    "module": "self_attn.k_proj",
    "feat: in, out": "576, 192",
    "dtype: size": "f32: 0.4MB",
    "loss": "0.0000266328",
    "samples": "262144",
    "damp": "0.05000",
    "time": "0.379",
    "fwd_time": "2.290",
    "(v)ram": "n/a"
}
{
    "process": "gptq",
    "layer": 27,
    "module": "self_attn.q_proj",
    "feat: in, out": "576, 576",
    "dtype: size": "f32: 1.3MB",
    "loss": "0.0001007676",
    "samples": "262144",
    "damp": "0.05000",
    "time": "0.418",
    "fwd_time": "2.290",
    "(v)ram": "n/a"
}
{
    "process": "gptq",
    "layer": 27,
    "module": "self_attn.v_proj",
    "feat: in, out": "576, 192",
    "dtype: size": "f32: 0.4MB",
    "loss": "0.0000669222",
    "samples": "262144",
    "damp": "0.05000",
    "time": "0.103",
    "fwd_time": "2.290",
    "(v)ram": "n/a"
}
{
    "process": "gptq",
    "layer": 27,
    "module": "self_attn.o_proj",
    "feat: in, out": "576, 576",
    "dtype: size": "f32: 1.3MB",
    "loss": "0.0005382131",
    "samples": "262144",
    "damp": "0.05000",
    "time": "0.167",
    "fwd_time": "4.915",
    "(v)ram": "n/a"
}
{
    "process": "gptq",
    "layer": 27,
    "module": "mlp.up_proj",
    "feat: in, out": "576, 1536",
    "dtype: size": "f32: 3.4MB",
    "loss": "0.0002024927",
    "samples": "262144",
    "damp": "0.05000",
    "time": "0.532",
    "fwd_time": "9.307",
    "(v)ram": "n/a"
}
{
    "process": "gptq",
    "layer": 27,
    "module": "mlp.gate_proj",
    "feat: in, out": "576, 1536",
    "dtype: size": "f32: 3.4MB",
    "loss": "0.0001564586",
    "samples": "262144",
    "damp": "0.05000",
    "time": "0.544",
    "fwd_time": "9.307",
    "(v)ram": "n/a"
}
{
    "process": "gptq",
    "layer": 27,
    "module": "mlp.down_proj",
    "feat: in, out": "1536, 576",
    "dtype: size": "f32: 3.4MB",
    "loss": "0.0028121346",
    "samples": "262144",
    "damp": "0.05000",
    "time": "0.525",
    "fwd_time": "13.308",
    "(v)ram": "n/a"
}
{
    "process": "gptq",
    "layer": 28,
    "module": "self_attn.k_proj",
    "feat: in, out": "576, 192",
    "dtype: size": "f32: 0.4MB",
    "loss": "0.0000238468",
    "samples": "262144",
    "damp": "0.05000",
    "time": "0.343",
    "fwd_time": "2.079",
    "(v)ram": "n/a"
}
{
    "process": "gptq",
    "layer": 28,
    "module": "self_attn.q_proj",
    "feat: in, out": "576, 576",
    "dtype: size": "f32: 1.3MB",
    "loss": "0.0000805405",
    "samples": "262144",
    "damp": "0.05000",
    "time": "0.400",
    "fwd_time": "2.079",
    "(v)ram": "n/a"
}
{
    "process": "gptq",
    "layer": 28,
    "module": "self_attn.v_proj",
    "feat: in, out": "576, 192",
    "dtype: size": "f32: 0.4MB",
    "loss": "0.0000852623",
    "samples": "262144",
    "damp": "0.05000",
    "time": "0.128",
    "fwd_time": "2.079",
    "(v)ram": "n/a"
}
{
    "process": "gptq",
    "layer": 28,
    "module": "self_attn.o_proj",
    "feat: in, out": "576, 576",
    "dtype: size": "f32: 1.3MB",
    "loss": "0.0006145824",
    "samples": "262144",
    "damp": "0.05000",
    "time": "0.138",
    "fwd_time": "4.337",
    "(v)ram": "n/a"
}
{
    "process": "gptq",
    "layer": 28,
    "module": "mlp.up_proj",
    "feat: in, out": "576, 1536",
    "dtype: size": "f32: 3.4MB",
    "loss": "0.0002241446",
    "samples": "262144",
    "damp": "0.05000",
    "time": "0.559",
    "fwd_time": "8.296",
    "(v)ram": "n/a"
}
{
    "process": "gptq",
    "layer": 28,
    "module": "mlp.gate_proj",
    "feat: in, out": "576, 1536",
    "dtype: size": "f32: 3.4MB",
    "loss": "0.0001615106",
    "samples": "262144",
    "damp": "0.05000",
    "time": "0.563",
    "fwd_time": "8.296",
    "(v)ram": "n/a"
}
{
    "process": "gptq",
    "layer": 28,
    "module": "mlp.down_proj",
    "feat: in, out": "1536, 576",
    "dtype: size": "f32: 3.4MB",
    "loss": "0.0277890936",
    "samples": "262144",
    "damp": "0.05000",
    "time": "0.480",
    "fwd_time": "12.153",
    "(v)ram": "n/a"
}
{
    "process": "gptq",
    "layer": 29,
    "module": "self_attn.k_proj",
    "feat: in, out": "576, 192",
    "dtype: size": "f32: 0.4MB",
    "loss": "0.0000220798",
    "samples": "262144",
    "damp": "0.05000",
    "time": "0.337",
    "fwd_time": "1.770",
    "(v)ram": "n/a"
}
{
    "process": "gptq",
    "layer": 29,
    "module": "self_attn.q_proj",
    "feat: in, out": "576, 576",
    "dtype: size": "f32: 1.3MB",
    "loss": "0.0000949953",
    "samples": "262144",
    "damp": "0.05000",
    "time": "0.377",
    "fwd_time": "1.770",
    "(v)ram": "n/a"
}
{
    "process": "gptq",
    "layer": 29,
    "module": "self_attn.v_proj",
    "feat: in, out": "576, 192",
    "dtype: size": "f32: 0.4MB",
    "loss": "0.0000993456",
    "samples": "262144",
    "damp": "0.05000",
    "time": "0.099",
    "fwd_time": "1.770",
    "(v)ram": "n/a"
}
{
    "process": "gptq",
    "layer": 29,
    "module": "self_attn.o_proj",
    "feat: in, out": "576, 576",
    "dtype: size": "f32: 1.3MB",
    "loss": "0.0014953496",
    "samples": "262144",
    "damp": "0.05000",
    "time": "0.245",
    "fwd_time": "4.523",
    "(v)ram": "n/a"
}
{
    "process": "gptq",
    "layer": 29,
    "module": "mlp.up_proj",
    "feat: in, out": "576, 1536",
    "dtype: size": "f32: 3.4MB",
    "loss": "0.0003700319",
    "samples": "262144",
    "damp": "0.05000",
    "time": "0.532",
    "fwd_time": "7.822",
    "(v)ram": "n/a"
}
{
    "process": "gptq",
    "layer": 29,
    "module": "mlp.gate_proj",
    "feat: in, out": "576, 1536",
    "dtype: size": "f32: 3.4MB",
    "loss": "0.0002751531",
    "samples": "262144",
    "damp": "0.05000",
    "time": "0.544",
    "fwd_time": "7.822",
    "(v)ram": "n/a"
}
{
    "process": "gptq",
    "layer": 29,
    "module": "mlp.down_proj",
    "feat: in, out": "1536, 576",
    "dtype: size": "f32: 3.4MB",
    "loss": "0.0265178159",
    "samples": "262144",
    "damp": "0.05000",
    "time": "0.412",
    "fwd_time": "11.281",
    "(v)ram": "n/a"
}
