{
    "process": "gptq",
    "layer": 0,
    "module": "self_attn.k_proj",
    "feat: in, out": "576, 192",
    "dtype: size": "f32: 0.4MB",
    "loss": "0.0000034776",
    "samples": "262144",
    "damp": "0.05000",
    "time": "0.415",
    "fwd_time": "1.508",
    "(v)ram": "n/a"
}
{
    "process": "gptq",
    "layer": 0,
    "module": "self_attn.q_proj",
    "feat: in, out": "576, 576",
    "dtype: size": "f32: 1.3MB",
    "loss": "0.0000055513",
    "samples": "262144",
    "damp": "0.05000",
    "time": "0.470",
    "fwd_time": "1.508",
    "(v)ram": "n/a"
}
{
    "process": "gptq",
    "layer": 0,
    "module": "self_attn.v_proj",
    "feat: in, out": "576, 192",
    "dtype: size": "f32: 0.4MB",
    "loss": "0.0000000384",
    "samples": "262144",
    "damp": "0.05000",
    "time": "0.134",
    "fwd_time": "1.508",
    "(v)ram": "n/a"
}
{
    "process": "gptq",
    "layer": 0,
    "module": "self_attn.o_proj",
    "feat: in, out": "576, 576",
    "dtype: size": "f32: 1.3MB",
    "loss": "0.0000000537",
    "samples": "262144",
    "damp": "0.05000",
    "time": "0.161",
    "fwd_time": "5.368",
    "(v)ram": "n/a"
}
{
    "process": "gptq",
    "layer": 0,
    "module": "mlp.gate_proj",
    "feat: in, out": "576, 1536",
    "dtype: size": "f32: 3.4MB",
    "loss": "0.0000264366",
    "samples": "262144",
    "damp": "0.05000",
    "time": "0.622",
    "fwd_time": "9.834",
    "(v)ram": "n/a"
}
{
    "process": "gptq",
    "layer": 0,
    "module": "mlp.up_proj",
    "feat: in, out": "576, 1536",
    "dtype: size": "f32: 3.4MB",
    "loss": "0.0000273596",
    "samples": "262144",
    "damp": "0.05000",
    "time": "0.634",
    "fwd_time": "9.834",
    "(v)ram": "n/a"
}
{
    "process": "gptq",
    "layer": 0,
    "module": "mlp.down_proj",
    "feat: in, out": "1536, 576",
    "dtype: size": "f32: 3.4MB",
    "loss": "0.0001196580",
    "samples": "262144",
    "damp": "0.05000",
    "time": "0.444",
    "fwd_time": "11.502",
    "(v)ram": "n/a"
}
{
    "process": "gptq",
    "layer": 1,
    "module": "self_attn.k_proj",
    "feat: in, out": "576, 192",
    "dtype: size": "f32: 0.4MB",
    "loss": "0.0000164431",
    "samples": "262144",
    "damp": "0.05000",
    "time": "0.399",
    "fwd_time": "1.952",
    "(v)ram": "n/a"
}
{
    "process": "gptq",
    "layer": 1,
    "module": "self_attn.q_proj",
    "feat: in, out": "576, 576",
    "dtype: size": "f32: 1.3MB",
    "loss": "0.0000362307",
    "samples": "262144",
    "damp": "0.05000",
    "time": "0.458",
    "fwd_time": "1.952",
    "(v)ram": "n/a"
}
{
    "process": "gptq",
    "layer": 1,
    "module": "self_attn.v_proj",
    "feat: in, out": "576, 192",
    "dtype: size": "f32: 0.4MB",
    "loss": "0.0000029929",
    "samples": "262144",
    "damp": "0.05000",
    "time": "0.130",
    "fwd_time": "1.952",
    "(v)ram": "n/a"
}
{
    "process": "gptq",
    "layer": 1,
    "module": "self_attn.o_proj",
    "feat: in, out": "576, 576",
    "dtype: size": "f32: 1.3MB",
    "loss": "0.0000158456",
    "samples": "262144",
    "damp": "0.05000",
    "time": "0.187",
    "fwd_time": "5.394",
    "(v)ram": "n/a"
}
{
    "process": "gptq",
    "layer": 1,
    "module": "mlp.gate_proj",
    "feat: in, out": "576, 1536",
    "dtype: size": "f32: 3.4MB",
    "loss": "0.0000417206",
    "samples": "262144",
    "damp": "0.05000",
    "time": "0.546",
    "fwd_time": "7.939",
    "(v)ram": "n/a"
}
{
    "process": "gptq",
    "layer": 1,
    "module": "mlp.up_proj",
    "feat: in, out": "576, 1536",
    "dtype: size": "f32: 3.4MB",
    "loss": "0.0000327620",
    "samples": "262144",
    "damp": "0.05000",
    "time": "0.554",
    "fwd_time": "7.939",
    "(v)ram": "n/a"
}
{
    "process": "gptq",
    "layer": 1,
    "module": "mlp.down_proj",
    "feat: in, out": "1536, 576",
    "dtype: size": "f32: 3.4MB",
    "loss": "0.0000423191",
    "samples": "262144",
    "damp": "0.05000",
    "time": "0.629",
    "fwd_time": "10.824",
    "(v)ram": "n/a"
}
{
    "process": "gptq",
    "layer": 2,
    "module": "self_attn.k_proj",
    "feat: in, out": "576, 192",
    "dtype: size": "f32: 0.4MB",
    "loss": "0.0000260337",
    "samples": "262144",
    "damp": "0.05000",
    "time": "0.372",
    "fwd_time": "1.333",
    "(v)ram": "n/a"
}
{
    "process": "gptq",
    "layer": 2,
    "module": "self_attn.q_proj",
    "feat: in, out": "576, 576",
    "dtype: size": "f32: 1.3MB",
    "loss": "0.0000605238",
    "samples": "262144",
    "damp": "0.05000",
    "time": "0.419",
    "fwd_time": "1.333",
    "(v)ram": "n/a"
}
{
    "process": "gptq",
    "layer": 2,
    "module": "self_attn.v_proj",
    "feat: in, out": "576, 192",
    "dtype: size": "f32: 0.4MB",
    "loss": "0.0000041627",
    "samples": "262144",
    "damp": "0.05000",
    "time": "0.104",
    "fwd_time": "1.333",
    "(v)ram": "n/a"
}
{
    "process": "gptq",
    "layer": 2,
    "module": "self_attn.o_proj",
    "feat: in, out": "576, 576",
    "dtype: size": "f32: 1.3MB",
    "loss": "0.0000107081",
    "samples": "262144",
    "damp": "0.05000",
    "time": "0.141",
    "fwd_time": "4.907",
    "(v)ram": "n/a"
}
{
    "process": "gptq",
    "layer": 2,
    "module": "mlp.gate_proj",
    "feat: in, out": "576, 1536",
    "dtype: size": "f32: 3.4MB",
    "loss": "0.0000512483",
    "samples": "262144",
    "damp": "0.05000",
    "time": "0.490",
    "fwd_time": "7.198",
    "(v)ram": "n/a"
}
{
    "process": "gptq",
    "layer": 2,
    "module": "mlp.up_proj",
    "feat: in, out": "576, 1536",
    "dtype: size": "f32: 3.4MB",
    "loss": "0.0000431216",
    "samples": "262144",
    "damp": "0.05000",
    "time": "0.492",
    "fwd_time": "7.198",
    "(v)ram": "n/a"
}
{
    "process": "gptq",
    "layer": 2,
    "module": "mlp.down_proj",
    "feat: in, out": "1536, 576",
    "dtype: size": "f32: 3.4MB",
    "loss": "0.0000650791",
    "samples": "262144",
    "damp": "0.05000",
    "time": "0.581",
    "fwd_time": "10.937",
    "(v)ram": "n/a"
}
{
    "process": "gptq",
    "layer": 3,
    "module": "self_attn.k_proj",
    "feat: in, out": "576, 192",
    "dtype: size": "f32: 0.4MB",
    "loss": "0.0000338192",
    "samples": "262144",
    "damp": "0.05000",
    "time": "0.343",
    "fwd_time": "1.373",
    "(v)ram": "n/a"
}
{
    "process": "gptq",
    "layer": 3,
    "module": "self_attn.q_proj",
    "feat: in, out": "576, 576",
    "dtype: size": "f32: 1.3MB",
    "loss": "0.0000834334",
    "samples": "262144",
    "damp": "0.05000",
    "time": "0.381",
    "fwd_time": "1.373",
    "(v)ram": "n/a"
}
{
    "process": "gptq",
    "layer": 3,
    "module": "self_attn.v_proj",
    "feat: in, out": "576, 192",
    "dtype: size": "f32: 0.4MB",
    "loss": "0.0000127813",
    "samples": "262144",
    "damp": "0.05000",
    "time": "0.112",
    "fwd_time": "1.373",
    "(v)ram": "n/a"
}
{
    "process": "gptq",
    "layer": 3,
    "module": "self_attn.o_proj",
    "feat: in, out": "576, 576",
    "dtype: size": "f32: 1.3MB",
    "loss": "0.0000184736",
    "samples": "262144",
    "damp": "0.05000",
    "time": "0.145",
    "fwd_time": "5.461",
    "(v)ram": "n/a"
}
{
    "process": "gptq",
    "layer": 3,
    "module": "mlp.gate_proj",
    "feat: in, out": "576, 1536",
    "dtype: size": "f32: 3.4MB",
    "loss": "0.0000534920",
    "samples": "262144",
    "damp": "0.05000",
    "time": "0.539",
    "fwd_time": "7.147",
    "(v)ram": "n/a"
}
{
    "process": "gptq",
    "layer": 3,
    "module": "mlp.up_proj",
    "feat: in, out": "576, 1536",
    "dtype: size": "f32: 3.4MB",
    "loss": "0.0000466375",
    "samples": "262144",
    "damp": "0.05000",
    "time": "0.547",
    "fwd_time": "7.147",
    "(v)ram": "n/a"
}
{
    "process": "gptq",
    "layer": 3,
    "module": "mlp.down_proj",
    "feat: in, out": "1536, 576",
    "dtype: size": "f32: 3.4MB",
    "loss": "0.0000633417",
    "samples": "262144",
    "damp": "0.05000",
    "time": "0.503",
    "fwd_time": "11.608",
    "(v)ram": "n/a"
}
{
    "process": "gptq",
    "layer": 4,
    "module": "self_attn.k_proj",
    "feat: in, out": "576, 192",
    "dtype: size": "f32: 0.4MB",
    "loss": "0.0000314248",
    "samples": "262144",
    "damp": "0.05000",
    "time": "0.312",
    "fwd_time": "1.460",
    "(v)ram": "n/a"
}
{
    "process": "gptq",
    "layer": 4,
    "module": "self_attn.q_proj",
    "feat: in, out": "576, 576",
    "dtype: size": "f32: 1.3MB",
    "loss": "0.0000759726",
    "samples": "262144",
    "damp": "0.05000",
    "time": "0.349",
    "fwd_time": "1.460",
    "(v)ram": "n/a"
}
{
    "process": "gptq",
    "layer": 4,
    "module": "self_attn.v_proj",
    "feat: in, out": "576, 192",
    "dtype: size": "f32: 0.4MB",
    "loss": "0.0000120037",
    "samples": "262144",
    "damp": "0.05000",
    "time": "0.103",
    "fwd_time": "1.460",
    "(v)ram": "n/a"
}
{
    "process": "gptq",
    "layer": 4,
    "module": "self_attn.o_proj",
    "feat: in, out": "576, 576",
    "dtype: size": "f32: 1.3MB",
    "loss": "0.0000162703",
    "samples": "262144",
    "damp": "0.05000",
    "time": "0.164",
    "fwd_time": "4.849",
    "(v)ram": "n/a"
}
{
    "process": "gptq",
    "layer": 4,
    "module": "mlp.gate_proj",
    "feat: in, out": "576, 1536",
    "dtype: size": "f32: 3.4MB",
    "loss": "0.0000665938",
    "samples": "262144",
    "damp": "0.05000",
    "time": "0.483",
    "fwd_time": "7.786",
    "(v)ram": "n/a"
}
{
    "process": "gptq",
    "layer": 4,
    "module": "mlp.up_proj",
    "feat: in, out": "576, 1536",
    "dtype: size": "f32: 3.4MB",
    "loss": "0.0000584759",
    "samples": "262144",
    "damp": "0.05000",
    "time": "0.495",
    "fwd_time": "7.786",
    "(v)ram": "n/a"
}
{
    "process": "gptq",
    "layer": 4,
    "module": "mlp.down_proj",
    "feat: in, out": "1536, 576",
    "dtype: size": "f32: 3.4MB",
    "loss": "0.0000781674",
    "samples": "262144",
    "damp": "0.05000",
    "time": "0.403",
    "fwd_time": "10.924",
    "(v)ram": "n/a"
}
{
    "process": "gptq",
    "layer": 5,
    "module": "self_attn.k_proj",
    "feat: in, out": "576, 192",
    "dtype: size": "f32: 0.4MB",
    "loss": "0.0000336850",
    "samples": "262144",
    "damp": "0.05000",
    "time": "0.384",
    "fwd_time": "1.918",
    "(v)ram": "n/a"
}
{
    "process": "gptq",
    "layer": 5,
    "module": "self_attn.q_proj",
    "feat: in, out": "576, 576",
    "dtype: size": "f32: 1.3MB",
    "loss": "0.0000782651",
    "samples": "262144",
    "damp": "0.05000",
    "time": "0.432",
    "fwd_time": "1.918",
    "(v)ram": "n/a"
}
{
    "process": "gptq",
    "layer": 5,
    "module": "self_attn.v_proj",
    "feat: in, out": "576, 192",
    "dtype: size": "f32: 0.4MB",
    "loss": "0.0000127677",
    "samples": "262144",
    "damp": "0.05000",
    "time": "0.120",
    "fwd_time": "1.918",
    "(v)ram": "n/a"
}
{
    "process": "gptq",
    "layer": 5,
    "module": "self_attn.o_proj",
    "feat: in, out": "576, 576",
    "dtype: size": "f32: 1.3MB",
    "loss": "0.0000216832",
    "samples": "262144",
    "damp": "0.05000",
    "time": "0.186",
    "fwd_time": "5.524",
    "(v)ram": "n/a"
}
{
    "process": "gptq",
    "layer": 5,
    "module": "mlp.gate_proj",
    "feat: in, out": "576, 1536",
    "dtype: size": "f32: 3.4MB",
    "loss": "0.0000702674",
    "samples": "262144",
    "damp": "0.05000",
    "time": "0.543",
    "fwd_time": "7.982",
    "(v)ram": "n/a"
}
{
    "process": "gptq",
    "layer": 5,
    "module": "mlp.up_proj",
    "feat: in, out": "576, 1536",
    "dtype: size": "f32: 3.4MB",
    "loss": "0.0000637189",
    "samples": "262144",
    "damp": "0.05000",
    "time": "0.551",
    "fwd_time": "7.982",
    "(v)ram": "n/a"
}
{
    "process": "gptq",
    "layer": 5,
    "module": "mlp.down_proj",
    "feat: in, out": "1536, 576",
    "dtype: size": "f32: 3.4MB",
    "loss": "0.0000889228",
    "samples": "262144",
    "damp": "0.05000",
    "time": "0.625",
    "fwd_time": "11.290",
    "(v)ram": "n/a"
}
{
    "process": "gptq",
    "layer": 6,
    "module": "self_attn.k_proj",
    "feat: in, out": "576, 192",
    "dtype: size": "f32: 0.4MB",
    "loss": "0.0000269646",
    "samples": "262144",
    "damp": "0.05000",
    "time": "0.348",
    "fwd_time": "1.671",
    "(v)ram": "n/a"
}
{
    "process": "gptq",
    "layer": 6,
    "module": "self_attn.q_proj",
    "feat: in, out": "576, 576",
    "dtype: size": "f32: 1.3MB",
    "loss": "0.0000645735",
    "samples": "262144",
    "damp": "0.05000",
    "time": "0.390",
    "fwd_time": "1.671",
    "(v)ram": "n/a"
}
{
    "process": "gptq",
    "layer": 6,
    "module": "self_attn.v_proj",
    "feat: in, out": "576, 192",
    "dtype: size": "f32: 0.4MB",
    "loss": "0.0000111344",
    "samples": "262144",
    "damp": "0.05000",
    "time": "0.105",
    "fwd_time": "1.671",
    "(v)ram": "n/a"
}
{
    "process": "gptq",
    "layer": 6,
    "module": "self_attn.o_proj",
    "feat: in, out": "576, 576",
    "dtype: size": "f32: 1.3MB",
    "loss": "0.0000114116",
    "samples": "262144",
    "damp": "0.05000",
    "time": "0.141",
    "fwd_time": "4.610",
    "(v)ram": "n/a"
}
{
    "process": "gptq",
    "layer": 6,
    "module": "mlp.up_proj",
    "feat: in, out": "576, 1536",
    "dtype: size": "f32: 3.4MB",
    "loss": "0.0000693188",
    "samples": "262144",
    "damp": "0.05000",
    "time": "0.452",
    "fwd_time": "6.717",
    "(v)ram": "n/a"
}
{
    "process": "gptq",
    "layer": 6,
    "module": "mlp.gate_proj",
    "feat: in, out": "576, 1536",
    "dtype: size": "f32: 3.4MB",
    "loss": "0.0000708257",
    "samples": "262144",
    "damp": "0.05000",
    "time": "0.463",
    "fwd_time": "6.717",
    "(v)ram": "n/a"
}
{
    "process": "gptq",
    "layer": 6,
    "module": "mlp.down_proj",
    "feat: in, out": "1536, 576",
    "dtype: size": "f32: 3.4MB",
    "loss": "0.0001107005",
    "samples": "262144",
    "damp": "0.05000",
    "time": "0.824",
    "fwd_time": "12.054",
    "(v)ram": "n/a"
}
{
    "process": "gptq",
    "layer": 7,
    "module": "self_attn.k_proj",
    "feat: in, out": "576, 192",
    "dtype: size": "f32: 0.4MB",
    "loss": "0.0000417658",
    "samples": "262144",
    "damp": "0.05000",
    "time": "0.342",
    "fwd_time": "1.848",
    "(v)ram": "n/a"
}
{
    "process": "gptq",
    "layer": 7,
    "module": "self_attn.q_proj",
    "feat: in, out": "576, 576",
    "dtype: size": "f32: 1.3MB",
    "loss": "0.0001138163",
    "samples": "262144",
    "damp": "0.05000",
    "time": "0.377",
    "fwd_time": "1.848",
    "(v)ram": "n/a"
}
{
    "process": "gptq",
    "layer": 7,
    "module": "self_attn.v_proj",
    "feat: in, out": "576, 192",
    "dtype: size": "f32: 0.4MB",
    "loss": "0.0000259592",
    "samples": "262144",
    "damp": "0.05000",
    "time": "0.101",
    "fwd_time": "1.848",
    "(v)ram": "n/a"
}
{
    "process": "gptq",
    "layer": 7,
    "module": "self_attn.o_proj",
    "feat: in, out": "576, 576",
    "dtype: size": "f32: 1.3MB",
    "loss": "0.0000235021",
    "samples": "262144",
    "damp": "0.05000",
    "time": "0.138",
    "fwd_time": "5.213",
    "(v)ram": "n/a"
}
{
    "process": "gptq",
    "layer": 7,
    "module": "mlp.gate_proj",
    "feat: in, out": "576, 1536",
    "dtype: size": "f32: 3.4MB",
    "loss": "0.0000724593",
    "samples": "262144",
    "damp": "0.05000",
    "time": "0.430",
    "fwd_time": "7.477",
    "(v)ram": "n/a"
}
{
    "process": "gptq",
    "layer": 7,
    "module": "mlp.up_proj",
    "feat: in, out": "576, 1536",
    "dtype: size": "f32: 3.4MB",
    "loss": "0.0000732806",
    "samples": "262144",
    "damp": "0.05000",
    "time": "0.432",
    "fwd_time": "7.477",
    "(v)ram": "n/a"
}
{
    "process": "gptq",
    "layer": 7,
    "module": "mlp.down_proj",
    "feat: in, out": "1536, 576",
    "dtype: size": "f32: 3.4MB",
    "loss": "0.0001265255",
    "samples": "262144",
    "damp": "0.05000",
    "time": "0.457",
    "fwd_time": "10.965",
    "(v)ram": "n/a"
}
{
    "process": "gptq",
    "layer": 8,
    "module": "self_attn.k_proj",
    "feat: in, out": "576, 192",
    "dtype: size": "f32: 0.4MB",
    "loss": "0.0000372509",
    "samples": "262144",
    "damp": "0.05000",
    "time": "0.322",
    "fwd_time": "1.468",
    "(v)ram": "n/a"
}
{
    "process": "gptq",
    "layer": 8,
    "module": "self_attn.q_proj",
    "feat: in, out": "576, 576",
    "dtype: size": "f32: 1.3MB",
    "loss": "0.0000959320",
    "samples": "262144",
    "damp": "0.05000",
    "time": "0.392",
    "fwd_time": "1.468",
    "(v)ram": "n/a"
}
{
    "process": "gptq",
    "layer": 8,
    "module": "self_attn.v_proj",
    "feat: in, out": "576, 192",
    "dtype: size": "f32: 0.4MB",
    "loss": "0.0000186832",
    "samples": "262144",
    "damp": "0.05000",
    "time": "0.127",
    "fwd_time": "1.468",
    "(v)ram": "n/a"
}
{
    "process": "gptq",
    "layer": 8,
    "module": "self_attn.o_proj",
    "feat: in, out": "576, 576",
    "dtype: size": "f32: 1.3MB",
    "loss": "0.0000245173",
    "samples": "262144",
    "damp": "0.05000",
    "time": "0.148",
    "fwd_time": "4.933",
    "(v)ram": "n/a"
}
{
    "process": "gptq",
    "layer": 8,
    "module": "mlp.up_proj",
    "feat: in, out": "576, 1536",
    "dtype: size": "f32: 3.4MB",
    "loss": "0.0000817888",
    "samples": "262144",
    "damp": "0.05000",
    "time": "0.560",
    "fwd_time": "7.224",
    "(v)ram": "n/a"
}
{
    "process": "gptq",
    "layer": 8,
    "module": "mlp.gate_proj",
    "feat: in, out": "576, 1536",
    "dtype: size": "f32: 3.4MB",
    "loss": "0.0000748024",
    "samples": "262144",
    "damp": "0.05000",
    "time": "0.568",
    "fwd_time": "7.224",
    "(v)ram": "n/a"
}
{
    "process": "gptq",
    "layer": 8,
    "module": "mlp.down_proj",
    "feat: in, out": "1536, 576",
    "dtype: size": "f32: 3.4MB",
    "loss": "0.0001742270",
    "samples": "262144",
    "damp": "0.05000",
    "time": "0.475",
    "fwd_time": "11.027",
    "(v)ram": "n/a"
}
{
    "process": "gptq",
    "layer": 9,
    "module": "self_attn.k_proj",
    "feat: in, out": "576, 192",
    "dtype: size": "f32: 0.4MB",
    "loss": "0.0000256910",
    "samples": "262144",
    "damp": "0.05000",
    "time": "0.316",
    "fwd_time": "1.564",
    "(v)ram": "n/a"
}
{
    "process": "gptq",
    "layer": 9,
    "module": "self_attn.q_proj",
    "feat: in, out": "576, 576",
    "dtype: size": "f32: 1.3MB",
    "loss": "0.0000713044",
    "samples": "262144",
    "damp": "0.05000",
    "time": "0.352",
    "fwd_time": "1.564",
    "(v)ram": "n/a"
}
{
    "process": "gptq",
    "layer": 9,
    "module": "self_attn.v_proj",
    "feat: in, out": "576, 192",
    "dtype: size": "f32: 0.4MB",
    "loss": "0.0000107750",
    "samples": "262144",
    "damp": "0.05000",
    "time": "0.116",
    "fwd_time": "1.564",
    "(v)ram": "n/a"
}
{
    "process": "gptq",
    "layer": 9,
    "module": "self_attn.o_proj",
    "feat: in, out": "576, 576",
    "dtype: size": "f32: 1.3MB",
    "loss": "0.0000365170",
    "samples": "262144",
    "damp": "0.05000",
    "time": "0.179",
    "fwd_time": "4.585",
    "(v)ram": "n/a"
}
{
    "process": "gptq",
    "layer": 9,
    "module": "mlp.up_proj",
    "feat: in, out": "576, 1536",
    "dtype: size": "f32: 3.4MB",
    "loss": "0.0000881280",
    "samples": "262144",
    "damp": "0.05000",
    "time": "0.736",
    "fwd_time": "8.185",
    "(v)ram": "n/a"
}
{
    "process": "gptq",
    "layer": 9,
    "module": "mlp.gate_proj",
    "feat: in, out": "576, 1536",
    "dtype: size": "f32: 3.4MB",
    "loss": "0.0000719458",
    "samples": "262144",
    "damp": "0.05000",
    "time": "0.746",
    "fwd_time": "8.185",
    "(v)ram": "n/a"
}
{
    "process": "gptq",
    "layer": 9,
    "module": "mlp.down_proj",
    "feat: in, out": "1536, 576",
    "dtype: size": "f32: 3.4MB",
    "loss": "0.0001978009",
    "samples": "262144",
    "damp": "0.05000",
    "time": "0.459",
    "fwd_time": "11.579",
    "(v)ram": "n/a"
}
{
    "process": "gptq",
    "layer": 10,
    "module": "self_attn.k_proj",
    "feat: in, out": "576, 192",
    "dtype: size": "f32: 0.4MB",
    "loss": "0.0000222525",
    "samples": "262144",
    "damp": "0.05000",
    "time": "0.354",
    "fwd_time": "1.435",
    "(v)ram": "n/a"
}
{
    "process": "gptq",
    "layer": 10,
    "module": "self_attn.q_proj",
    "feat: in, out": "576, 576",
    "dtype: size": "f32: 1.3MB",
    "loss": "0.0000635037",
    "samples": "262144",
    "damp": "0.05000",
    "time": "0.404",
    "fwd_time": "1.435",
    "(v)ram": "n/a"
}
{
    "process": "gptq",
    "layer": 10,
    "module": "self_attn.v_proj",
    "feat: in, out": "576, 192",
    "dtype: size": "f32: 0.4MB",
    "loss": "0.0000108705",
    "samples": "262144",
    "damp": "0.05000",
    "time": "0.123",
    "fwd_time": "1.435",
    "(v)ram": "n/a"
}
{
    "process": "gptq",
    "layer": 10,
    "module": "self_attn.o_proj",
    "feat: in, out": "576, 576",
    "dtype: size": "f32: 1.3MB",
    "loss": "0.0000628710",
    "samples": "262144",
    "damp": "0.05000",
    "time": "0.260",
    "fwd_time": "5.803",
    "(v)ram": "n/a"
}
{
    "process": "gptq",
    "layer": 10,
    "module": "mlp.up_proj",
    "feat: in, out": "576, 1536",
    "dtype: size": "f32: 3.4MB",
    "loss": "0.0000879137",
    "samples": "262144",
    "damp": "0.05000",
    "time": "0.507",
    "fwd_time": "8.365",
    "(v)ram": "n/a"
}
{
    "process": "gptq",
    "layer": 10,
    "module": "mlp.gate_proj",
    "feat: in, out": "576, 1536",
    "dtype: size": "f32: 3.4MB",
    "loss": "0.0000687016",
    "samples": "262144",
    "damp": "0.05000",
    "time": "0.518",
    "fwd_time": "8.365",
    "(v)ram": "n/a"
}
{
    "process": "gptq",
    "layer": 10,
    "module": "mlp.down_proj",
    "feat: in, out": "1536, 576",
    "dtype: size": "f32: 3.4MB",
    "loss": "0.0001865831",
    "samples": "262144",
    "damp": "0.05000",
    "time": "0.479",
    "fwd_time": "11.682",
    "(v)ram": "n/a"
}
{
    "process": "gptq",
    "layer": 11,
    "module": "self_attn.k_proj",
    "feat: in, out": "576, 192",
    "dtype: size": "f32: 0.4MB",
    "loss": "0.0000200334",
    "samples": "262144",
    "damp": "0.05000",
    "time": "0.314",
    "fwd_time": "1.452",
    "(v)ram": "n/a"
}
{
    "process": "gptq",
    "layer": 11,
    "module": "self_attn.q_proj",
    "feat: in, out": "576, 576",
    "dtype: size": "f32: 1.3MB",
    "loss": "0.0000575838",
    "samples": "262144",
    "damp": "0.05000",
    "time": "0.352",
    "fwd_time": "1.452",
    "(v)ram": "n/a"
}
{
    "process": "gptq",
    "layer": 11,
    "module": "self_attn.v_proj",
    "feat: in, out": "576, 192",
    "dtype: size": "f32: 0.4MB",
    "loss": "0.0000101149",
    "samples": "262144",
    "damp": "0.05000",
    "time": "0.096",
    "fwd_time": "1.452",
    "(v)ram": "n/a"
}
{
    "process": "gptq",
    "layer": 11,
    "module": "self_attn.o_proj",
    "feat: in, out": "576, 576",
    "dtype: size": "f32: 1.3MB",
    "loss": "0.0000781228",
    "samples": "262144",
    "damp": "0.05000",
    "time": "0.138",
    "fwd_time": "4.680",
    "(v)ram": "n/a"
}
{
    "process": "gptq",
    "layer": 11,
    "module": "mlp.up_proj",
    "feat: in, out": "576, 1536",
    "dtype: size": "f32: 3.4MB",
    "loss": "0.0000861589",
    "samples": "262144",
    "damp": "0.05000",
    "time": "0.531",
    "fwd_time": "7.803",
    "(v)ram": "n/a"
}
{
    "process": "gptq",
    "layer": 11,
    "module": "mlp.gate_proj",
    "feat: in, out": "576, 1536",
    "dtype: size": "f32: 3.4MB",
    "loss": "0.0000639922",
    "samples": "262144",
    "damp": "0.05000",
    "time": "0.541",
    "fwd_time": "7.803",
    "(v)ram": "n/a"
}
{
    "process": "gptq",
    "layer": 11,
    "module": "mlp.down_proj",
    "feat: in, out": "1536, 576",
    "dtype: size": "f32: 3.4MB",
    "loss": "0.0020078323",
    "samples": "262144",
    "damp": "0.05000",
    "time": "0.479",
    "fwd_time": "12.423",
    "(v)ram": "n/a"
}
{
    "process": "gptq",
    "layer": 12,
    "module": "self_attn.k_proj",
    "feat: in, out": "576, 192",
    "dtype: size": "f32: 0.4MB",
    "loss": "0.0000289382",
    "samples": "262144",
    "damp": "0.05000",
    "time": "0.413",
    "fwd_time": "1.815",
    "(v)ram": "n/a"
}
{
    "process": "gptq",
    "layer": 12,
    "module": "self_attn.q_proj",
    "feat: in, out": "576, 576",
    "dtype: size": "f32: 1.3MB",
    "loss": "0.0000820150",
    "samples": "262144",
    "damp": "0.05000",
    "time": "0.460",
    "fwd_time": "1.815",
    "(v)ram": "n/a"
}
{
    "process": "gptq",
    "layer": 12,
    "module": "self_attn.v_proj",
    "feat: in, out": "576, 192",
    "dtype: size": "f32: 0.4MB",
    "loss": "0.0000157359",
    "samples": "262144",
    "damp": "0.05000",
    "time": "0.130",
    "fwd_time": "1.815",
    "(v)ram": "n/a"
}
{
    "process": "gptq",
    "layer": 12,
    "module": "self_attn.o_proj",
    "feat: in, out": "576, 576",
    "dtype: size": "f32: 1.3MB",
    "loss": "0.0000622887",
    "samples": "262144",
    "damp": "0.05000",
    "time": "0.175",
    "fwd_time": "5.142",
    "(v)ram": "n/a"
}
{
    "process": "gptq",
    "layer": 12,
    "module": "mlp.gate_proj",
    "feat: in, out": "576, 1536",
    "dtype: size": "f32: 3.4MB",
    "loss": "0.0000619895",
    "samples": "262144",
    "damp": "0.05000",
    "time": "0.516",
    "fwd_time": "7.146",
    "(v)ram": "n/a"
}
{
    "process": "gptq",
    "layer": 12,
    "module": "mlp.up_proj",
    "feat: in, out": "576, 1536",
    "dtype: size": "f32: 3.4MB",
    "loss": "0.0000778729",
    "samples": "262144",
    "damp": "0.05000",
    "time": "0.518",
    "fwd_time": "7.146",
    "(v)ram": "n/a"
}
{
    "process": "gptq",
    "layer": 12,
    "module": "mlp.down_proj",
    "feat: in, out": "1536, 576",
    "dtype: size": "f32: 3.4MB",
    "loss": "0.0001649238",
    "samples": "262144",
    "damp": "0.05000",
    "time": "0.417",
    "fwd_time": "11.680",
    "(v)ram": "n/a"
}
{
    "process": "gptq",
    "layer": 13,
    "module": "self_attn.k_proj",
    "feat: in, out": "576, 192",
    "dtype: size": "f32: 0.4MB",
    "loss": "0.0000303724",
    "samples": "262144",
    "damp": "0.05000",
    "time": "0.316",
    "fwd_time": "1.586",
    "(v)ram": "n/a"
}
{
    "process": "gptq",
    "layer": 13,
    "module": "self_attn.q_proj",
    "feat: in, out": "576, 576",
    "dtype: size": "f32: 1.3MB",
    "loss": "0.0000886708",
    "samples": "262144",
    "damp": "0.05000",
    "time": "0.352",
    "fwd_time": "1.586",
    "(v)ram": "n/a"
}
{
    "process": "gptq",
    "layer": 13,
    "module": "self_attn.v_proj",
    "feat: in, out": "576, 192",
    "dtype: size": "f32: 0.4MB",
    "loss": "0.0000134657",
    "samples": "262144",
    "damp": "0.05000",
    "time": "0.103",
    "fwd_time": "1.586",
    "(v)ram": "n/a"
}
{
    "process": "gptq",
    "layer": 13,
    "module": "self_attn.o_proj",
    "feat: in, out": "576, 576",
    "dtype: size": "f32: 1.3MB",
    "loss": "0.0000692994",
    "samples": "262144",
    "damp": "0.05000",
    "time": "0.180",
    "fwd_time": "5.010",
    "(v)ram": "n/a"
}
{
    "process": "gptq",
    "layer": 13,
    "module": "mlp.up_proj",
    "feat: in, out": "576, 1536",
    "dtype: size": "f32: 3.4MB",
    "loss": "0.0000782984",
    "samples": "262144",
    "damp": "0.05000",
    "time": "0.571",
    "fwd_time": "7.244",
    "(v)ram": "n/a"
}
{
    "process": "gptq",
    "layer": 13,
    "module": "mlp.gate_proj",
    "feat: in, out": "576, 1536",
    "dtype: size": "f32: 3.4MB",
    "loss": "0.0000731654",
    "samples": "262144",
    "damp": "0.05000",
    "time": "0.579",
    "fwd_time": "7.244",
    "(v)ram": "n/a"
}
{
    "process": "gptq",
    "layer": 13,
    "module": "mlp.down_proj",
    "feat: in, out": "1536, 576",
    "dtype: size": "f32: 3.4MB",
    "loss": "0.0001595508",
    "samples": "262144",
    "damp": "0.05000",
    "time": "0.482",
    "fwd_time": "11.417",
    "(v)ram": "n/a"
}
{
    "process": "gptq",
    "layer": 14,
    "module": "self_attn.k_proj",
    "feat: in, out": "576, 192",
    "dtype: size": "f32: 0.4MB",
    "loss": "0.0000344160",
    "samples": "262144",
    "damp": "0.05000",
    "time": "0.386",
    "fwd_time": "1.923",
    "(v)ram": "n/a"
}
{
    "process": "gptq",
    "layer": 14,
    "module": "self_attn.q_proj",
    "feat: in, out": "576, 576",
    "dtype: size": "f32: 1.3MB",
    "loss": "0.0000953875",
    "samples": "262144",
    "damp": "0.05000",
    "time": "0.437",
    "fwd_time": "1.923",
    "(v)ram": "n/a"
}
{
    "process": "gptq",
    "layer": 14,
    "module": "self_attn.v_proj",
    "feat: in, out": "576, 192",
    "dtype: size": "f32: 0.4MB",
    "loss": "0.0000248210",
    "samples": "262144",
    "damp": "0.05000",
    "time": "0.139",
    "fwd_time": "1.923",
    "(v)ram": "n/a"
}
{
    "process": "gptq",
    "layer": 14,
    "module": "self_attn.o_proj",
    "feat: in, out": "576, 576",
    "dtype: size": "f32: 1.3MB",
    "loss": "0.0000649735",
    "samples": "262144",
    "damp": "0.05000",
    "time": "0.149",
    "fwd_time": "5.413",
    "(v)ram": "n/a"
}
{
    "process": "gptq",
    "layer": 14,
    "module": "mlp.gate_proj",
    "feat: in, out": "576, 1536",
    "dtype: size": "f32: 3.4MB",
    "loss": "0.0000719084",
    "samples": "262144",
    "damp": "0.05000",
    "time": "0.536",
    "fwd_time": "8.483",
    "(v)ram": "n/a"
}
{
    "process": "gptq",
    "layer": 14,
    "module": "mlp.up_proj",
    "feat: in, out": "576, 1536",
    "dtype: size": "f32: 3.4MB",
    "loss": "0.0000758575",
    "samples": "262144",
    "damp": "0.05000",
    "time": "0.541",
    "fwd_time": "8.483",
    "(v)ram": "n/a"
}
{
    "process": "gptq",
    "layer": 14,
    "module": "mlp.down_proj",
    "feat: in, out": "1536, 576",
    "dtype: size": "f32: 3.4MB",
    "loss": "0.0001732686",
    "samples": "262144",
    "damp": "0.05000",
    "time": "0.529",
    "fwd_time": "11.621",
    "(v)ram": "n/a"
}
{
    "process": "gptq",
    "layer": 15,
    "module": "self_attn.k_proj",
    "feat: in, out": "576, 192",
    "dtype: size": "f32: 0.4MB",
    "loss": "0.0000308302",
    "samples": "262144",
    "damp": "0.05000",
    "time": "0.359",
    "fwd_time": "1.522",
    "(v)ram": "n/a"
}
{
    "process": "gptq",
    "layer": 15,
    "module": "self_attn.q_proj",
    "feat: in, out": "576, 576",
    "dtype: size": "f32: 1.3MB",
    "loss": "0.0000863637",
    "samples": "262144",
    "damp": "0.05000",
    "time": "0.399",
    "fwd_time": "1.522",
    "(v)ram": "n/a"
}
{
    "process": "gptq",
    "layer": 15,
    "module": "self_attn.v_proj",
    "feat: in, out": "576, 192",
    "dtype: size": "f32: 0.4MB",
    "loss": "0.0000224996",
    "samples": "262144",
    "damp": "0.05000",
    "time": "0.104",
    "fwd_time": "1.522",
    "(v)ram": "n/a"
}
{
    "process": "gptq",
    "layer": 15,
    "module": "self_attn.o_proj",
    "feat: in, out": "576, 576",
    "dtype: size": "f32: 1.3MB",
    "loss": "0.0000561224",
    "samples": "262144",
    "damp": "0.05000",
    "time": "0.136",
    "fwd_time": "4.857",
    "(v)ram": "n/a"
}
{
    "process": "gptq",
    "layer": 15,
    "module": "mlp.up_proj",
    "feat: in, out": "576, 1536",
    "dtype: size": "f32: 3.4MB",
    "loss": "0.0000768375",
    "samples": "262144",
    "damp": "0.05000",
    "time": "0.545",
    "fwd_time": "6.967",
    "(v)ram": "n/a"
}
{
    "process": "gptq",
    "layer": 15,
    "module": "mlp.gate_proj",
    "feat: in, out": "576, 1536",
    "dtype: size": "f32: 3.4MB",
    "loss": "0.0000766951",
    "samples": "262144",
    "damp": "0.05000",
    "time": "0.553",
    "fwd_time": "6.967",
    "(v)ram": "n/a"
}
{
    "process": "gptq",
    "layer": 15,
    "module": "mlp.down_proj",
    "feat: in, out": "1536, 576",
    "dtype: size": "f32: 3.4MB",
    "loss": "0.0001979319",
    "samples": "262144",
    "damp": "0.05000",
    "time": "0.436",
    "fwd_time": "10.483",
    "(v)ram": "n/a"
}
{
    "process": "gptq",
    "layer": 16,
    "module": "self_attn.k_proj",
    "feat: in, out": "576, 192",
    "dtype: size": "f32: 0.4MB",
    "loss": "0.0000270318",
    "samples": "262144",
    "damp": "0.05000",
    "time": "0.329",
    "fwd_time": "1.753",
    "(v)ram": "n/a"
}
{
    "process": "gptq",
    "layer": 16,
    "module": "self_attn.q_proj",
    "feat: in, out": "576, 576",
    "dtype: size": "f32: 1.3MB",
    "loss": "0.0000734560",
    "samples": "262144",
    "damp": "0.05000",
    "time": "0.366",
    "fwd_time": "1.753",
    "(v)ram": "n/a"
}
{
    "process": "gptq",
    "layer": 16,
    "module": "self_attn.v_proj",
    "feat: in, out": "576, 192",
    "dtype: size": "f32: 0.4MB",
    "loss": "0.0000180478",
    "samples": "262144",
    "damp": "0.05000",
    "time": "0.095",
    "fwd_time": "1.753",
    "(v)ram": "n/a"
}
{
    "process": "gptq",
    "layer": 16,
    "module": "self_attn.o_proj",
    "feat: in, out": "576, 576",
    "dtype: size": "f32: 1.3MB",
    "loss": "0.0001211297",
    "samples": "262144",
    "damp": "0.05000",
    "time": "0.141",
    "fwd_time": "4.588",
    "(v)ram": "n/a"
}
{
    "process": "gptq",
    "layer": 16,
    "module": "mlp.up_proj",
    "feat: in, out": "576, 1536",
    "dtype: size": "f32: 3.4MB",
    "loss": "0.0000743653",
    "samples": "262144",
    "damp": "0.05000",
    "time": "0.484",
    "fwd_time": "6.926",
    "(v)ram": "n/a"
}
{
    "process": "gptq",
    "layer": 16,
    "module": "mlp.gate_proj",
    "feat: in, out": "576, 1536",
    "dtype: size": "f32: 3.4MB",
    "loss": "0.0000711542",
    "samples": "262144",
    "damp": "0.05000",
    "time": "0.490",
    "fwd_time": "6.926",
    "(v)ram": "n/a"
}
{
    "process": "gptq",
    "layer": 16,
    "module": "mlp.down_proj",
    "feat: in, out": "1536, 576",
    "dtype: size": "f32: 3.4MB",
    "loss": "0.0001899792",
    "samples": "262144",
    "damp": "0.05000",
    "time": "0.480",
    "fwd_time": "10.630",
    "(v)ram": "n/a"
}
{
    "process": "gptq",
    "layer": 17,
    "module": "self_attn.k_proj",
    "feat: in, out": "576, 192",
    "dtype: size": "f32: 0.4MB",
    "loss": "0.0000393084",
    "samples": "262144",
    "damp": "0.05000",
    "time": "0.315",
    "fwd_time": "1.374",
    "(v)ram": "n/a"
}
{
    "process": "gptq",
    "layer": 17,
    "module": "self_attn.q_proj",
    "feat: in, out": "576, 576",
    "dtype: size": "f32: 1.3MB",
    "loss": "0.0001316435",
    "samples": "262144",
    "damp": "0.05000",
    "time": "0.355",
    "fwd_time": "1.374",
    "(v)ram": "n/a"
}
{
    "process": "gptq",
    "layer": 17,
    "module": "self_attn.v_proj",
    "feat: in, out": "576, 192",
    "dtype: size": "f32: 0.4MB",
    "loss": "0.0000320789",
    "samples": "262144",
    "damp": "0.05000",
    "time": "0.124",
    "fwd_time": "1.374",
    "(v)ram": "n/a"
}
{
    "process": "gptq",
    "layer": 17,
    "module": "self_attn.o_proj",
    "feat: in, out": "576, 576",
    "dtype: size": "f32: 1.3MB",
    "loss": "0.0001018449",
    "samples": "262144",
    "damp": "0.05000",
    "time": "0.152",
    "fwd_time": "4.909",
    "(v)ram": "n/a"
}
{
    "process": "gptq",
    "layer": 17,
    "module": "mlp.gate_proj",
    "feat: in, out": "576, 1536",
    "dtype: size": "f32: 3.4MB",
    "loss": "0.0000677981",
    "samples": "262144",
    "damp": "0.05000",
    "time": "0.653",
    "fwd_time": "7.497",
    "(v)ram": "n/a"
}
{
    "process": "gptq",
    "layer": 17,
    "module": "mlp.up_proj",
    "feat: in, out": "576, 1536",
    "dtype: size": "f32: 3.4MB",
    "loss": "0.0000753435",
    "samples": "262144",
    "damp": "0.05000",
    "time": "0.665",
    "fwd_time": "7.497",
    "(v)ram": "n/a"
}
{
    "process": "gptq",
    "layer": 17,
    "module": "mlp.down_proj",
    "feat: in, out": "1536, 576",
    "dtype: size": "f32: 3.4MB",
    "loss": "0.0002214551",
    "samples": "262144",
    "damp": "0.05000",
    "time": "0.582",
    "fwd_time": "11.939",
    "(v)ram": "n/a"
}
{
    "process": "gptq",
    "layer": 18,
    "module": "self_attn.k_proj",
    "feat: in, out": "576, 192",
    "dtype: size": "f32: 0.4MB",
    "loss": "0.0000421684",
    "samples": "262144",
    "damp": "0.05000",
    "time": "0.343",
    "fwd_time": "1.424",
    "(v)ram": "n/a"
}
{
    "process": "gptq",
    "layer": 18,
    "module": "self_attn.q_proj",
    "feat: in, out": "576, 576",
    "dtype: size": "f32: 1.3MB",
    "loss": "0.0001337124",
    "samples": "262144",
    "damp": "0.05000",
    "time": "0.394",
    "fwd_time": "1.424",
    "(v)ram": "n/a"
}
{
    "process": "gptq",
    "layer": 18,
    "module": "self_attn.v_proj",
    "feat: in, out": "576, 192",
    "dtype: size": "f32: 0.4MB",
    "loss": "0.0000497445",
    "samples": "262144",
    "damp": "0.05000",
    "time": "0.103",
    "fwd_time": "1.424",
    "(v)ram": "n/a"
}
{
    "process": "gptq",
    "layer": 18,
    "module": "self_attn.o_proj",
    "feat: in, out": "576, 576",
    "dtype: size": "f32: 1.3MB",
    "loss": "0.0001759199",
    "samples": "262144",
    "damp": "0.05000",
    "time": "0.156",
    "fwd_time": "4.836",
    "(v)ram": "n/a"
}
{
    "process": "gptq",
    "layer": 18,
    "module": "mlp.gate_proj",
    "feat: in, out": "576, 1536",
    "dtype: size": "f32: 3.4MB",
    "loss": "0.0000750139",
    "samples": "262144",
    "damp": "0.05000",
    "time": "0.482",
    "fwd_time": "7.010",
    "(v)ram": "n/a"
}
{
    "process": "gptq",
    "layer": 18,
    "module": "mlp.up_proj",
    "feat: in, out": "576, 1536",
    "dtype: size": "f32: 3.4MB",
    "loss": "0.0000801861",
    "samples": "262144",
    "damp": "0.05000",
    "time": "0.485",
    "fwd_time": "7.010",
    "(v)ram": "n/a"
}
{
    "process": "gptq",
    "layer": 18,
    "module": "mlp.down_proj",
    "feat: in, out": "1536, 576",
    "dtype: size": "f32: 3.4MB",
    "loss": "0.0004393027",
    "samples": "262144",
    "damp": "0.05000",
    "time": "0.447",
    "fwd_time": "10.666",
    "(v)ram": "n/a"
}
{
    "process": "gptq",
    "layer": 19,
    "module": "self_attn.k_proj",
    "feat: in, out": "576, 192",
    "dtype: size": "f32: 0.4MB",
    "loss": "0.0000213676",
    "samples": "262144",
    "damp": "0.05000",
    "time": "0.320",
    "fwd_time": "1.372",
    "(v)ram": "n/a"
}
{
    "process": "gptq",
    "layer": 19,
    "module": "self_attn.q_proj",
    "feat: in, out": "576, 576",
    "dtype: size": "f32: 1.3MB",
    "loss": "0.0000894088",
    "samples": "262144",
    "damp": "0.05000",
    "time": "0.354",
    "fwd_time": "1.372",
    "(v)ram": "n/a"
}
{
    "process": "gptq",
    "layer": 19,
    "module": "self_attn.v_proj",
    "feat: in, out": "576, 192",
    "dtype: size": "f32: 0.4MB",
    "loss": "0.0000344474",
    "samples": "262144",
    "damp": "0.05000",
    "time": "0.105",
    "fwd_time": "1.372",
    "(v)ram": "n/a"
}
{
    "process": "gptq",
    "layer": 19,
    "module": "self_attn.o_proj",
    "feat: in, out": "576, 576",
    "dtype: size": "f32: 1.3MB",
    "loss": "0.0002439839",
    "samples": "262144",
    "damp": "0.05000",
    "time": "0.146",
    "fwd_time": "4.817",
    "(v)ram": "n/a"
}
{
    "process": "gptq",
    "layer": 19,
    "module": "mlp.up_proj",
    "feat: in, out": "576, 1536",
    "dtype: size": "f32: 3.4MB",
    "loss": "0.0000954094",
    "samples": "262144",
    "damp": "0.05000",
    "time": "0.439",
    "fwd_time": "6.973",
    "(v)ram": "n/a"
}
{
    "process": "gptq",
    "layer": 19,
    "module": "mlp.gate_proj",
    "feat: in, out": "576, 1536",
    "dtype: size": "f32: 3.4MB",
    "loss": "0.0000904197",
    "samples": "262144",
    "damp": "0.05000",
    "time": "0.450",
    "fwd_time": "6.973",
    "(v)ram": "n/a"
}
{
    "process": "gptq",
    "layer": 19,
    "module": "mlp.down_proj",
    "feat: in, out": "1536, 576",
    "dtype: size": "f32: 3.4MB",
    "loss": "0.0004364823",
    "samples": "262144",
    "damp": "0.05000",
    "time": "0.427",
    "fwd_time": "10.657",
    "(v)ram": "n/a"
}
{
    "process": "gptq",
    "layer": 20,
    "module": "self_attn.k_proj",
    "feat: in, out": "576, 192",
    "dtype: size": "f32: 0.4MB",
    "loss": "0.0000305716",
    "samples": "262144",
    "damp": "0.05000",
    "time": "0.333",
    "fwd_time": "1.542",
    "(v)ram": "n/a"
}
{
    "process": "gptq",
    "layer": 20,
    "module": "self_attn.q_proj",
    "feat: in, out": "576, 576",
    "dtype: size": "f32: 1.3MB",
    "loss": "0.0001096070",
    "samples": "262144",
    "damp": "0.05000",
    "time": "0.379",
    "fwd_time": "1.542",
    "(v)ram": "n/a"
}
{
    "process": "gptq",
    "layer": 20,
    "module": "self_attn.v_proj",
    "feat: in, out": "576, 192",
    "dtype: size": "f32: 0.4MB",
    "loss": "0.0000601966",
    "samples": "262144",
    "damp": "0.05000",
    "time": "0.108",
    "fwd_time": "1.542",
    "(v)ram": "n/a"
}
{
    "process": "gptq",
    "layer": 20,
    "module": "self_attn.o_proj",
    "feat: in, out": "576, 576",
    "dtype: size": "f32: 1.3MB",
    "loss": "0.0002379700",
    "samples": "262144",
    "damp": "0.05000",
    "time": "0.148",
    "fwd_time": "4.758",
    "(v)ram": "n/a"
}
{
    "process": "gptq",
    "layer": 20,
    "module": "mlp.up_proj",
    "feat: in, out": "576, 1536",
    "dtype: size": "f32: 3.4MB",
    "loss": "0.0001099052",
    "samples": "262144",
    "damp": "0.05000",
    "time": "0.513",
    "fwd_time": "8.016",
    "(v)ram": "n/a"
}
{
    "process": "gptq",
    "layer": 20,
    "module": "mlp.gate_proj",
    "feat: in, out": "576, 1536",
    "dtype: size": "f32: 3.4MB",
    "loss": "0.0000961058",
    "samples": "262144",
    "damp": "0.05000",
    "time": "0.519",
    "fwd_time": "8.016",
    "(v)ram": "n/a"
}
{
    "process": "gptq",
    "layer": 20,
    "module": "mlp.down_proj",
    "feat: in, out": "1536, 576",
    "dtype: size": "f32: 3.4MB",
    "loss": "0.0008342682",
    "samples": "262144",
    "damp": "0.05000",
    "time": "0.422",
    "fwd_time": "10.959",
    "(v)ram": "n/a"
}
{
    "process": "gptq",
    "layer": 21,
    "module": "self_attn.k_proj",
    "feat: in, out": "576, 192",
    "dtype: size": "f32: 0.4MB",
    "loss": "0.0000272164",
    "samples": "262144",
    "damp": "0.05000",
    "time": "0.327",
    "fwd_time": "1.384",
    "(v)ram": "n/a"
}
{
    "process": "gptq",
    "layer": 21,
    "module": "self_attn.q_proj",
    "feat: in, out": "576, 576",
    "dtype: size": "f32: 1.3MB",
    "loss": "0.0000935264",
    "samples": "262144",
    "damp": "0.05000",
    "time": "0.389",
    "fwd_time": "1.384",
    "(v)ram": "n/a"
}
{
    "process": "gptq",
    "layer": 21,
    "module": "self_attn.v_proj",
    "feat: in, out": "576, 192",
    "dtype: size": "f32: 0.4MB",
    "loss": "0.0000421926",
    "samples": "262144",
    "damp": "0.05000",
    "time": "0.132",
    "fwd_time": "1.384",
    "(v)ram": "n/a"
}
{
    "process": "gptq",
    "layer": 21,
    "module": "self_attn.o_proj",
    "feat: in, out": "576, 576",
    "dtype: size": "f32: 1.3MB",
    "loss": "0.0001902722",
    "samples": "262144",
    "damp": "0.05000",
    "time": "0.139",
    "fwd_time": "4.636",
    "(v)ram": "n/a"
}
{
    "process": "gptq",
    "layer": 21,
    "module": "mlp.up_proj",
    "feat: in, out": "576, 1536",
    "dtype: size": "f32: 3.4MB",
    "loss": "0.0001206231",
    "samples": "262144",
    "damp": "0.05000",
    "time": "0.459",
    "fwd_time": "6.989",
    "(v)ram": "n/a"
}
{
    "process": "gptq",
    "layer": 21,
    "module": "mlp.gate_proj",
    "feat: in, out": "576, 1536",
    "dtype: size": "f32: 3.4MB",
    "loss": "0.0001090488",
    "samples": "262144",
    "damp": "0.05000",
    "time": "0.469",
    "fwd_time": "6.989",
    "(v)ram": "n/a"
}
{
    "process": "gptq",
    "layer": 21,
    "module": "mlp.down_proj",
    "feat: in, out": "1536, 576",
    "dtype: size": "f32: 3.4MB",
    "loss": "0.0005897570",
    "samples": "262144",
    "damp": "0.05000",
    "time": "0.474",
    "fwd_time": "11.317",
    "(v)ram": "n/a"
}
{
    "process": "gptq",
    "layer": 22,
    "module": "self_attn.k_proj",
    "feat: in, out": "576, 192",
    "dtype: size": "f32: 0.4MB",
    "loss": "0.0000257263",
    "samples": "262144",
    "damp": "0.05000",
    "time": "0.363",
    "fwd_time": "1.573",
    "(v)ram": "n/a"
}
{
    "process": "gptq",
    "layer": 22,
    "module": "self_attn.q_proj",
    "feat: in, out": "576, 576",
    "dtype: size": "f32: 1.3MB",
    "loss": "0.0000887059",
    "samples": "262144",
    "damp": "0.05000",
    "time": "0.402",
    "fwd_time": "1.573",
    "(v)ram": "n/a"
}
{
    "process": "gptq",
    "layer": 22,
    "module": "self_attn.v_proj",
    "feat: in, out": "576, 192",
    "dtype: size": "f32: 0.4MB",
    "loss": "0.0000425697",
    "samples": "262144",
    "damp": "0.05000",
    "time": "0.113",
    "fwd_time": "1.573",
    "(v)ram": "n/a"
}
{
    "process": "gptq",
    "layer": 22,
    "module": "self_attn.o_proj",
    "feat: in, out": "576, 576",
    "dtype: size": "f32: 1.3MB",
    "loss": "0.0002624917",
    "samples": "262144",
    "damp": "0.05000",
    "time": "0.158",
    "fwd_time": "5.466",
    "(v)ram": "n/a"
}
{
    "process": "gptq",
    "layer": 22,
    "module": "mlp.up_proj",
    "feat: in, out": "576, 1536",
    "dtype: size": "f32: 3.4MB",
    "loss": "0.0001318681",
    "samples": "262144",
    "damp": "0.05000",
    "time": "0.545",
    "fwd_time": "7.670",
    "(v)ram": "n/a"
}
{
    "process": "gptq",
    "layer": 22,
    "module": "mlp.gate_proj",
    "feat: in, out": "576, 1536",
    "dtype: size": "f32: 3.4MB",
    "loss": "0.0001142122",
    "samples": "262144",
    "damp": "0.05000",
    "time": "0.550",
    "fwd_time": "7.670",
    "(v)ram": "n/a"
}
{
    "process": "gptq",
    "layer": 22,
    "module": "mlp.down_proj",
    "feat: in, out": "1536, 576",
    "dtype: size": "f32: 3.4MB",
    "loss": "0.0010178131",
    "samples": "262144",
    "damp": "0.05000",
    "time": "0.505",
    "fwd_time": "11.350",
    "(v)ram": "n/a"
}
{
    "process": "gptq",
    "layer": 23,
    "module": "self_attn.k_proj",
    "feat: in, out": "576, 192",
    "dtype: size": "f32: 0.4MB",
    "loss": "0.0000378781",
    "samples": "262144",
    "damp": "0.05000",
    "time": "0.321",
    "fwd_time": "1.526",
    "(v)ram": "n/a"
}
{
    "process": "gptq",
    "layer": 23,
    "module": "self_attn.q_proj",
    "feat: in, out": "576, 576",
    "dtype: size": "f32: 1.3MB",
    "loss": "0.0001250915",
    "samples": "262144",
    "damp": "0.05000",
    "time": "0.367",
    "fwd_time": "1.526",
    "(v)ram": "n/a"
}
{
    "process": "gptq",
    "layer": 23,
    "module": "self_attn.v_proj",
    "feat: in, out": "576, 192",
    "dtype: size": "f32: 0.4MB",
    "loss": "0.0001361566",
    "samples": "262144",
    "damp": "0.05000",
    "time": "0.111",
    "fwd_time": "1.526",
    "(v)ram": "n/a"
}
{
    "process": "gptq",
    "layer": 23,
    "module": "self_attn.o_proj",
    "feat: in, out": "576, 576",
    "dtype: size": "f32: 1.3MB",
    "loss": "0.0007495687",
    "samples": "262144",
    "damp": "0.05000",
    "time": "0.143",
    "fwd_time": "5.126",
    "(v)ram": "n/a"
}
{
    "process": "gptq",
    "layer": 23,
    "module": "mlp.gate_proj",
    "feat: in, out": "576, 1536",
    "dtype: size": "f32: 3.4MB",
    "loss": "0.0001212132",
    "samples": "262144",
    "damp": "0.05000",
    "time": "0.624",
    "fwd_time": "7.662",
    "(v)ram": "n/a"
}
{
    "process": "gptq",
    "layer": 23,
    "module": "mlp.up_proj",
    "feat: in, out": "576, 1536",
    "dtype: size": "f32: 3.4MB",
    "loss": "0.0001577347",
    "samples": "262144",
    "damp": "0.05000",
    "time": "0.626",
    "fwd_time": "7.662",
    "(v)ram": "n/a"
}
{
    "process": "gptq",
    "layer": 23,
    "module": "mlp.down_proj",
    "feat: in, out": "1536, 576",
    "dtype: size": "f32: 3.4MB",
    "loss": "0.0012197061",
    "samples": "262144",
    "damp": "0.05000",
    "time": "0.506",
    "fwd_time": "11.496",
    "(v)ram": "n/a"
}
{
    "process": "gptq",
    "layer": 24,
    "module": "self_attn.k_proj",
    "feat: in, out": "576, 192",
    "dtype: size": "f32: 0.4MB",
    "loss": "0.0000313652",
    "samples": "262144",
    "damp": "0.05000",
    "time": "0.309",
    "fwd_time": "1.572",
    "(v)ram": "n/a"
}
{
    "process": "gptq",
    "layer": 24,
    "module": "self_attn.q_proj",
    "feat: in, out": "576, 576",
    "dtype: size": "f32: 1.3MB",
    "loss": "0.0001222494",
    "samples": "262144",
    "damp": "0.05000",
    "time": "0.363",
    "fwd_time": "1.572",
    "(v)ram": "n/a"
}
{
    "process": "gptq",
    "layer": 24,
    "module": "self_attn.v_proj",
    "feat: in, out": "576, 192",
    "dtype: size": "f32: 0.4MB",
    "loss": "0.0001336555",
    "samples": "262144",
    "damp": "0.05000",
    "time": "0.107",
    "fwd_time": "1.572",
    "(v)ram": "n/a"
}
{
    "process": "gptq",
    "layer": 24,
    "module": "self_attn.o_proj",
    "feat: in, out": "576, 576",
    "dtype: size": "f32: 1.3MB",
    "loss": "0.0005315065",
    "samples": "262144",
    "damp": "0.05000",
    "time": "0.172",
    "fwd_time": "5.382",
    "(v)ram": "n/a"
}
{
    "process": "gptq",
    "layer": 24,
    "module": "mlp.up_proj",
    "feat: in, out": "576, 1536",
    "dtype: size": "f32: 3.4MB",
    "loss": "0.0001475199",
    "samples": "262144",
    "damp": "0.05000",
    "time": "0.404",
    "fwd_time": "7.035",
    "(v)ram": "n/a"
}
{
    "process": "gptq",
    "layer": 24,
    "module": "mlp.gate_proj",
    "feat: in, out": "576, 1536",
    "dtype: size": "f32: 3.4MB",
    "loss": "0.0001128070",
    "samples": "262144",
    "damp": "0.05000",
    "time": "0.453",
    "fwd_time": "7.035",
    "(v)ram": "n/a"
}
{
    "process": "gptq",
    "layer": 24,
    "module": "mlp.down_proj",
    "feat: in, out": "1536, 576",
    "dtype: size": "f32: 3.4MB",
    "loss": "0.0014336888",
    "samples": "262144",
    "damp": "0.05000",
    "time": "0.481",
    "fwd_time": "10.866",
    "(v)ram": "n/a"
}
{
    "process": "gptq",
    "layer": 25,
    "module": "self_attn.k_proj",
    "feat: in, out": "576, 192",
    "dtype: size": "f32: 0.4MB",
    "loss": "0.0000241944",
    "samples": "262144",
    "damp": "0.05000",
    "time": "0.363",
    "fwd_time": "2.130",
    "(v)ram": "n/a"
}
{
    "process": "gptq",
    "layer": 25,
    "module": "self_attn.q_proj",
    "feat: in, out": "576, 576",
    "dtype: size": "f32: 1.3MB",
    "loss": "0.0000837792",
    "samples": "262144",
    "damp": "0.05000",
    "time": "0.412",
    "fwd_time": "2.130",
    "(v)ram": "n/a"
}
{
    "process": "gptq",
    "layer": 25,
    "module": "self_attn.v_proj",
    "feat: in, out": "576, 192",
    "dtype: size": "f32: 0.4MB",
    "loss": "0.0000498768",
    "samples": "262144",
    "damp": "0.05000",
    "time": "0.134",
    "fwd_time": "2.130",
    "(v)ram": "n/a"
}
{
    "process": "gptq",
    "layer": 25,
    "module": "self_attn.o_proj",
    "feat: in, out": "576, 576",
    "dtype: size": "f32: 1.3MB",
    "loss": "0.0002098073",
    "samples": "262144",
    "damp": "0.05000",
    "time": "0.144",
    "fwd_time": "5.279",
    "(v)ram": "n/a"
}
{
    "process": "gptq",
    "layer": 25,
    "module": "mlp.up_proj",
    "feat: in, out": "576, 1536",
    "dtype: size": "f32: 3.4MB",
    "loss": "0.0001431319",
    "samples": "262144",
    "damp": "0.05000",
    "time": "0.550",
    "fwd_time": "7.020",
    "(v)ram": "n/a"
}
{
    "process": "gptq",
    "layer": 25,
    "module": "mlp.gate_proj",
    "feat: in, out": "576, 1536",
    "dtype: size": "f32: 3.4MB",
    "loss": "0.0001125844",
    "samples": "262144",
    "damp": "0.05000",
    "time": "0.557",
    "fwd_time": "7.020",
    "(v)ram": "n/a"
}
{
    "process": "gptq",
    "layer": 25,
    "module": "mlp.down_proj",
    "feat: in, out": "1536, 576",
    "dtype: size": "f32: 3.4MB",
    "loss": "0.0009915135",
    "samples": "262144",
    "damp": "0.05000",
    "time": "0.420",
    "fwd_time": "10.888",
    "(v)ram": "n/a"
}
{
    "process": "gptq",
    "layer": 26,
    "module": "self_attn.k_proj",
    "feat: in, out": "576, 192",
    "dtype: size": "f32: 0.4MB",
    "loss": "0.0000224209",
    "samples": "262144",
    "damp": "0.05000",
    "time": "0.400",
    "fwd_time": "1.984",
    "(v)ram": "n/a"
}
{
    "process": "gptq",
    "layer": 26,
    "module": "self_attn.q_proj",
    "feat: in, out": "576, 576",
    "dtype: size": "f32: 1.3MB",
    "loss": "0.0000819051",
    "samples": "262144",
    "damp": "0.05000",
    "time": "0.479",
    "fwd_time": "1.984",
    "(v)ram": "n/a"
}
{
    "process": "gptq",
    "layer": 26,
    "module": "self_attn.v_proj",
    "feat: in, out": "576, 192",
    "dtype: size": "f32: 0.4MB",
    "loss": "0.0000696575",
    "samples": "262144",
    "damp": "0.05000",
    "time": "0.150",
    "fwd_time": "1.984",
    "(v)ram": "n/a"
}
{
    "process": "gptq",
    "layer": 26,
    "module": "self_attn.o_proj",
    "feat: in, out": "576, 576",
    "dtype: size": "f32: 1.3MB",
    "loss": "0.0003745065",
    "samples": "262144",
    "damp": "0.05000",
    "time": "0.164",
    "fwd_time": "4.925",
    "(v)ram": "n/a"
}
{
    "process": "gptq",
    "layer": 26,
    "module": "mlp.up_proj",
    "feat: in, out": "576, 1536",
    "dtype: size": "f32: 3.4MB",
    "loss": "0.0001602026",
    "samples": "262144",
    "damp": "0.05000",
    "time": "0.488",
    "fwd_time": "7.697",
    "(v)ram": "n/a"
}
{
    "process": "gptq",
    "layer": 26,
    "module": "mlp.gate_proj",
    "feat: in, out": "576, 1536",
    "dtype: size": "f32: 3.4MB",
    "loss": "0.0001255250",
    "samples": "262144",
    "damp": "0.05000",
    "time": "0.496",
    "fwd_time": "7.697",
    "(v)ram": "n/a"
}
{
    "process": "gptq",
    "layer": 26,
    "module": "mlp.down_proj",
    "feat: in, out": "1536, 576",
    "dtype: size": "f32: 3.4MB",
    "loss": "0.0013506499",
    "samples": "262144",
    "damp": "0.05000",
    "time": "0.444",
    "fwd_time": "11.657",
    "(v)ram": "n/a"
}
{
    "process": "gptq",
    "layer": 27,
    "module": "self_attn.k_proj",
    "feat: in, out": "576, 192",
    "dtype: size": "f32: 0.4MB",
    "loss": "0.0000222201",
    "samples": "262144",
    "damp": "0.05000",
    "time": "0.310",
    "fwd_time": "1.426",
    "(v)ram": "n/a"
}
{
    "process": "gptq",
    "layer": 27,
    "module": "self_attn.q_proj",
    "feat: in, out": "576, 576",
    "dtype: size": "f32: 1.3MB",
    "loss": "0.0000839464",
    "samples": "262144",
    "damp": "0.05000",
    "time": "0.346",
    "fwd_time": "1.426",
    "(v)ram": "n/a"
}
{
    "process": "gptq",
    "layer": 27,
    "module": "self_attn.v_proj",
    "feat: in, out": "576, 192",
    "dtype: size": "f32: 0.4MB",
    "loss": "0.0000555915",
    "samples": "262144",
    "damp": "0.05000",
    "time": "0.120",
    "fwd_time": "1.426",
    "(v)ram": "n/a"
}
{
    "process": "gptq",
    "layer": 27,
    "module": "self_attn.o_proj",
    "feat: in, out": "576, 576",
    "dtype: size": "f32: 1.3MB",
    "loss": "0.0004140481",
    "samples": "262144",
    "damp": "0.05000",
    "time": "0.193",
    "fwd_time": "5.216",
    "(v)ram": "n/a"
}
{
    "process": "gptq",
    "layer": 27,
    "module": "mlp.gate_proj",
    "feat: in, out": "576, 1536",
    "dtype: size": "f32: 3.4MB",
    "loss": "0.0001236178",
    "samples": "262144",
    "damp": "0.05000",
    "time": "0.542",
    "fwd_time": "7.337",
    "(v)ram": "n/a"
}
{
    "process": "gptq",
    "layer": 27,
    "module": "mlp.up_proj",
    "feat: in, out": "576, 1536",
    "dtype: size": "f32: 3.4MB",
    "loss": "0.0001598138",
    "samples": "262144",
    "damp": "0.05000",
    "time": "0.552",
    "fwd_time": "7.337",
    "(v)ram": "n/a"
}
{
    "process": "gptq",
    "layer": 27,
    "module": "mlp.down_proj",
    "feat: in, out": "1536, 576",
    "dtype: size": "f32: 3.4MB",
    "loss": "0.0019197852",
    "samples": "262144",
    "damp": "0.05000",
    "time": "0.481",
    "fwd_time": "11.314",
    "(v)ram": "n/a"
}
{
    "process": "gptq",
    "layer": 28,
    "module": "self_attn.k_proj",
    "feat: in, out": "576, 192",
    "dtype: size": "f32: 0.4MB",
    "loss": "0.0000195176",
    "samples": "262144",
    "damp": "0.05000",
    "time": "0.389",
    "fwd_time": "1.720",
    "(v)ram": "n/a"
}
{
    "process": "gptq",
    "layer": 28,
    "module": "self_attn.q_proj",
    "feat: in, out": "576, 576",
    "dtype: size": "f32: 1.3MB",
    "loss": "0.0000668685",
    "samples": "262144",
    "damp": "0.05000",
    "time": "0.434",
    "fwd_time": "1.720",
    "(v)ram": "n/a"
}
{
    "process": "gptq",
    "layer": 28,
    "module": "self_attn.v_proj",
    "feat: in, out": "576, 192",
    "dtype: size": "f32: 0.4MB",
    "loss": "0.0000706301",
    "samples": "262144",
    "damp": "0.05000",
    "time": "0.123",
    "fwd_time": "1.720",
    "(v)ram": "n/a"
}
{
    "process": "gptq",
    "layer": 28,
    "module": "self_attn.o_proj",
    "feat: in, out": "576, 576",
    "dtype: size": "f32: 1.3MB",
    "loss": "0.0004854452",
    "samples": "262144",
    "damp": "0.05000",
    "time": "0.142",
    "fwd_time": "4.822",
    "(v)ram": "n/a"
}
{
    "process": "gptq",
    "layer": 28,
    "module": "mlp.gate_proj",
    "feat: in, out": "576, 1536",
    "dtype: size": "f32: 3.4MB",
    "loss": "0.0001266772",
    "samples": "262144",
    "damp": "0.05000",
    "time": "0.517",
    "fwd_time": "7.234",
    "(v)ram": "n/a"
}
{
    "process": "gptq",
    "layer": 28,
    "module": "mlp.up_proj",
    "feat: in, out": "576, 1536",
    "dtype: size": "f32: 3.4MB",
    "loss": "0.0001783735",
    "samples": "262144",
    "damp": "0.05000",
    "time": "0.522",
    "fwd_time": "7.234",
    "(v)ram": "n/a"
}
{
    "process": "gptq",
    "layer": 28,
    "module": "mlp.down_proj",
    "feat: in, out": "1536, 576",
    "dtype: size": "f32: 3.4MB",
    "loss": "0.0107875289",
    "samples": "262144",
    "damp": "0.05000",
    "time": "0.444",
    "fwd_time": "10.565",
    "(v)ram": "n/a"
}
{
    "process": "gptq",
    "layer": 29,
    "module": "self_attn.k_proj",
    "feat: in, out": "576, 192",
    "dtype: size": "f32: 0.4MB",
    "loss": "0.0000185499",
    "samples": "262144",
    "damp": "0.05000",
    "time": "0.314",
    "fwd_time": "1.398",
    "(v)ram": "n/a"
}
{
    "process": "gptq",
    "layer": 29,
    "module": "self_attn.q_proj",
    "feat: in, out": "576, 576",
    "dtype: size": "f32: 1.3MB",
    "loss": "0.0000783745",
    "samples": "262144",
    "damp": "0.05000",
    "time": "0.350",
    "fwd_time": "1.398",
    "(v)ram": "n/a"
}
{
    "process": "gptq",
    "layer": 29,
    "module": "self_attn.v_proj",
    "feat: in, out": "576, 192",
    "dtype: size": "f32: 0.4MB",
    "loss": "0.0000834490",
    "samples": "262144",
    "damp": "0.05000",
    "time": "0.107",
    "fwd_time": "1.398",
    "(v)ram": "n/a"
}
{
    "process": "gptq",
    "layer": 29,
    "module": "self_attn.o_proj",
    "feat: in, out": "576, 576",
    "dtype: size": "f32: 1.3MB",
    "loss": "0.0012674553",
    "samples": "262144",
    "damp": "0.05000",
    "time": "0.169",
    "fwd_time": "5.237",
    "(v)ram": "n/a"
}
{
    "process": "gptq",
    "layer": 29,
    "module": "mlp.gate_proj",
    "feat: in, out": "576, 1536",
    "dtype: size": "f32: 3.4MB",
    "loss": "0.0002159276",
    "samples": "262144",
    "damp": "0.05000",
    "time": "0.456",
    "fwd_time": "7.543",
    "(v)ram": "n/a"
}
{
    "process": "gptq",
    "layer": 29,
    "module": "mlp.up_proj",
    "feat: in, out": "576, 1536",
    "dtype: size": "f32: 3.4MB",
    "loss": "0.0002971705",
    "samples": "262144",
    "damp": "0.05000",
    "time": "0.460",
    "fwd_time": "7.543",
    "(v)ram": "n/a"
}
{
    "process": "gptq",
    "layer": 29,
    "module": "mlp.down_proj",
    "feat: in, out": "1536, 576",
    "dtype: size": "f32: 3.4MB",
    "loss": "0.0206477586",
    "samples": "262144",
    "damp": "0.05000",
    "time": "0.707",
    "fwd_time": "13.160",
    "(v)ram": "n/a"
}
