{
    "process": "gptq",
    "layer": 0,
    "module": "self_attn.k_proj",
    "feat: in, out": "576, 192",
    "dtype: size": "f32: 0.4MB",
    "loss": "0.0000034357",
    "samples": "262144",
    "damp": "0.05000",
    "time": "0.356",
    "fwd_time": "1.267",
    "(v)ram": "n/a"
}
{
    "process": "gptq",
    "layer": 0,
    "module": "self_attn.q_proj",
    "feat: in, out": "576, 576",
    "dtype: size": "f32: 1.3MB",
    "loss": "0.0000055049",
    "samples": "262144",
    "damp": "0.05000",
    "time": "0.397",
    "fwd_time": "1.267",
    "(v)ram": "n/a"
}
{
    "process": "gptq",
    "layer": 0,
    "module": "self_attn.v_proj",
    "feat: in, out": "576, 192",
    "dtype: size": "f32: 0.4MB",
    "loss": "0.0000000380",
    "samples": "262144",
    "damp": "0.05000",
    "time": "0.113",
    "fwd_time": "1.267",
    "(v)ram": "n/a"
}
{
    "process": "gptq",
    "layer": 0,
    "module": "self_attn.o_proj",
    "feat: in, out": "576, 576",
    "dtype: size": "f32: 1.3MB",
    "loss": "0.0000000561",
    "samples": "262144",
    "damp": "0.05000",
    "time": "0.216",
    "fwd_time": "6.089",
    "(v)ram": "n/a"
}
{
    "process": "gptq",
    "layer": 0,
    "module": "mlp.up_proj",
    "feat: in, out": "576, 1536",
    "dtype: size": "f32: 3.4MB",
    "loss": "0.0000259253",
    "samples": "262144",
    "damp": "0.05000",
    "time": "0.565",
    "fwd_time": "7.784",
    "(v)ram": "n/a"
}
{
    "process": "gptq",
    "layer": 0,
    "module": "mlp.gate_proj",
    "feat: in, out": "576, 1536",
    "dtype: size": "f32: 3.4MB",
    "loss": "0.0000250678",
    "samples": "262144",
    "damp": "0.05000",
    "time": "0.566",
    "fwd_time": "7.784",
    "(v)ram": "n/a"
}
{
    "process": "gptq",
    "layer": 0,
    "module": "mlp.down_proj",
    "feat: in, out": "1536, 576",
    "dtype: size": "f32: 3.4MB",
    "loss": "0.0001077721",
    "samples": "262144",
    "damp": "0.05000",
    "time": "0.517",
    "fwd_time": "10.851",
    "(v)ram": "n/a"
}
{
    "process": "gptq",
    "layer": 1,
    "module": "self_attn.k_proj",
    "feat: in, out": "576, 192",
    "dtype: size": "f32: 0.4MB",
    "loss": "0.0000161440",
    "samples": "262144",
    "damp": "0.05000",
    "time": "0.372",
    "fwd_time": "1.576",
    "(v)ram": "n/a"
}
{
    "process": "gptq",
    "layer": 1,
    "module": "self_attn.q_proj",
    "feat: in, out": "576, 576",
    "dtype: size": "f32: 1.3MB",
    "loss": "0.0000355106",
    "samples": "262144",
    "damp": "0.05000",
    "time": "0.409",
    "fwd_time": "1.576",
    "(v)ram": "n/a"
}
{
    "process": "gptq",
    "layer": 1,
    "module": "self_attn.v_proj",
    "feat: in, out": "576, 192",
    "dtype: size": "f32: 0.4MB",
    "loss": "0.0000029417",
    "samples": "262144",
    "damp": "0.05000",
    "time": "0.107",
    "fwd_time": "1.576",
    "(v)ram": "n/a"
}
{
    "process": "gptq",
    "layer": 1,
    "module": "self_attn.o_proj",
    "feat: in, out": "576, 576",
    "dtype: size": "f32: 1.3MB",
    "loss": "0.0000164315",
    "samples": "262144",
    "damp": "0.05000",
    "time": "0.223",
    "fwd_time": "5.724",
    "(v)ram": "n/a"
}
{
    "process": "gptq",
    "layer": 1,
    "module": "mlp.gate_proj",
    "feat: in, out": "576, 1536",
    "dtype: size": "f32: 3.4MB",
    "loss": "0.0000403051",
    "samples": "262144",
    "damp": "0.05000",
    "time": "0.492",
    "fwd_time": "7.186",
    "(v)ram": "n/a"
}
{
    "process": "gptq",
    "layer": 1,
    "module": "mlp.up_proj",
    "feat: in, out": "576, 1536",
    "dtype: size": "f32: 3.4MB",
    "loss": "0.0000317143",
    "samples": "262144",
    "damp": "0.05000",
    "time": "0.501",
    "fwd_time": "7.186",
    "(v)ram": "n/a"
}
{
    "process": "gptq",
    "layer": 1,
    "module": "mlp.down_proj",
    "feat: in, out": "1536, 576",
    "dtype: size": "f32: 3.4MB",
    "loss": "0.0000405944",
    "samples": "262144",
    "damp": "0.05000",
    "time": "0.437",
    "fwd_time": "10.543",
    "(v)ram": "n/a"
}
{
    "process": "gptq",
    "layer": 2,
    "module": "self_attn.k_proj",
    "feat: in, out": "576, 192",
    "dtype: size": "f32: 0.4MB",
    "loss": "0.0000250478",
    "samples": "262144",
    "damp": "0.05000",
    "time": "0.304",
    "fwd_time": "1.355",
    "(v)ram": "n/a"
}
{
    "process": "gptq",
    "layer": 2,
    "module": "self_attn.q_proj",
    "feat: in, out": "576, 576",
    "dtype: size": "f32: 1.3MB",
    "loss": "0.0000586808",
    "samples": "262144",
    "damp": "0.05000",
    "time": "0.342",
    "fwd_time": "1.355",
    "(v)ram": "n/a"
}
{
    "process": "gptq",
    "layer": 2,
    "module": "self_attn.v_proj",
    "feat: in, out": "576, 192",
    "dtype: size": "f32: 0.4MB",
    "loss": "0.0000040039",
    "samples": "262144",
    "damp": "0.05000",
    "time": "0.106",
    "fwd_time": "1.355",
    "(v)ram": "n/a"
}
{
    "process": "gptq",
    "layer": 2,
    "module": "self_attn.o_proj",
    "feat: in, out": "576, 576",
    "dtype: size": "f32: 1.3MB",
    "loss": "0.0000100974",
    "samples": "262144",
    "damp": "0.05000",
    "time": "0.136",
    "fwd_time": "4.675",
    "(v)ram": "n/a"
}
{
    "process": "gptq",
    "layer": 2,
    "module": "mlp.gate_proj",
    "feat: in, out": "576, 1536",
    "dtype: size": "f32: 3.4MB",
    "loss": "0.0000495236",
    "samples": "262144",
    "damp": "0.05000",
    "time": "0.468",
    "fwd_time": "6.942",
    "(v)ram": "n/a"
}
{
    "process": "gptq",
    "layer": 2,
    "module": "mlp.up_proj",
    "feat: in, out": "576, 1536",
    "dtype: size": "f32: 3.4MB",
    "loss": "0.0000416311",
    "samples": "262144",
    "damp": "0.05000",
    "time": "0.468",
    "fwd_time": "6.942",
    "(v)ram": "n/a"
}
{
    "process": "gptq",
    "layer": 2,
    "module": "mlp.down_proj",
    "feat: in, out": "1536, 576",
    "dtype: size": "f32: 3.4MB",
    "loss": "0.0000628844",
    "samples": "262144",
    "damp": "0.05000",
    "time": "0.424",
    "fwd_time": "10.334",
    "(v)ram": "n/a"
}
{
    "process": "gptq",
    "layer": 3,
    "module": "self_attn.k_proj",
    "feat: in, out": "576, 192",
    "dtype: size": "f32: 0.4MB",
    "loss": "0.0000329842",
    "samples": "262144",
    "damp": "0.05000",
    "time": "0.322",
    "fwd_time": "1.437",
    "(v)ram": "n/a"
}
{
    "process": "gptq",
    "layer": 3,
    "module": "self_attn.q_proj",
    "feat: in, out": "576, 576",
    "dtype: size": "f32: 1.3MB",
    "loss": "0.0000814937",
    "samples": "262144",
    "damp": "0.05000",
    "time": "0.358",
    "fwd_time": "1.437",
    "(v)ram": "n/a"
}
{
    "process": "gptq",
    "layer": 3,
    "module": "self_attn.v_proj",
    "feat: in, out": "576, 192",
    "dtype: size": "f32: 0.4MB",
    "loss": "0.0000124197",
    "samples": "262144",
    "damp": "0.05000",
    "time": "0.096",
    "fwd_time": "1.437",
    "(v)ram": "n/a"
}
{
    "process": "gptq",
    "layer": 3,
    "module": "self_attn.o_proj",
    "feat: in, out": "576, 576",
    "dtype: size": "f32: 1.3MB",
    "loss": "0.0000173890",
    "samples": "262144",
    "damp": "0.05000",
    "time": "0.166",
    "fwd_time": "4.532",
    "(v)ram": "n/a"
}
{
    "process": "gptq",
    "layer": 3,
    "module": "mlp.gate_proj",
    "feat: in, out": "576, 1536",
    "dtype: size": "f32: 3.4MB",
    "loss": "0.0000517453",
    "samples": "262144",
    "damp": "0.05000",
    "time": "0.409",
    "fwd_time": "6.775",
    "(v)ram": "n/a"
}
{
    "process": "gptq",
    "layer": 3,
    "module": "mlp.up_proj",
    "feat: in, out": "576, 1536",
    "dtype: size": "f32: 3.4MB",
    "loss": "0.0000451968",
    "samples": "262144",
    "damp": "0.05000",
    "time": "0.419",
    "fwd_time": "6.775",
    "(v)ram": "n/a"
}
{
    "process": "gptq",
    "layer": 3,
    "module": "mlp.down_proj",
    "feat: in, out": "1536, 576",
    "dtype: size": "f32: 3.4MB",
    "loss": "0.0000601210",
    "samples": "262144",
    "damp": "0.05000",
    "time": "0.562",
    "fwd_time": "10.678",
    "(v)ram": "n/a"
}
{
    "process": "gptq",
    "layer": 4,
    "module": "self_attn.k_proj",
    "feat: in, out": "576, 192",
    "dtype: size": "f32: 0.4MB",
    "loss": "0.0000306822",
    "samples": "262144",
    "damp": "0.05000",
    "time": "0.331",
    "fwd_time": "1.362",
    "(v)ram": "n/a"
}
{
    "process": "gptq",
    "layer": 4,
    "module": "self_attn.q_proj",
    "feat: in, out": "576, 576",
    "dtype: size": "f32: 1.3MB",
    "loss": "0.0000743561",
    "samples": "262144",
    "damp": "0.05000",
    "time": "0.378",
    "fwd_time": "1.362",
    "(v)ram": "n/a"
}
{
    "process": "gptq",
    "layer": 4,
    "module": "self_attn.v_proj",
    "feat: in, out": "576, 192",
    "dtype: size": "f32: 0.4MB",
    "loss": "0.0000117331",
    "samples": "262144",
    "damp": "0.05000",
    "time": "0.123",
    "fwd_time": "1.362",
    "(v)ram": "n/a"
}
{
    "process": "gptq",
    "layer": 4,
    "module": "self_attn.o_proj",
    "feat: in, out": "576, 576",
    "dtype: size": "f32: 1.3MB",
    "loss": "0.0000159555",
    "samples": "262144",
    "damp": "0.05000",
    "time": "0.148",
    "fwd_time": "4.497",
    "(v)ram": "n/a"
}
{
    "process": "gptq",
    "layer": 4,
    "module": "mlp.up_proj",
    "feat: in, out": "576, 1536",
    "dtype: size": "f32: 3.4MB",
    "loss": "0.0000568740",
    "samples": "262144",
    "damp": "0.05000",
    "time": "0.465",
    "fwd_time": "6.670",
    "(v)ram": "n/a"
}
{
    "process": "gptq",
    "layer": 4,
    "module": "mlp.gate_proj",
    "feat: in, out": "576, 1536",
    "dtype: size": "f32: 3.4MB",
    "loss": "0.0000647956",
    "samples": "262144",
    "damp": "0.05000",
    "time": "0.470",
    "fwd_time": "6.670",
    "(v)ram": "n/a"
}
{
    "process": "gptq",
    "layer": 4,
    "module": "mlp.down_proj",
    "feat: in, out": "1536, 576",
    "dtype: size": "f32: 3.4MB",
    "loss": "0.0000746153",
    "samples": "262144",
    "damp": "0.05000",
    "time": "0.417",
    "fwd_time": "10.046",
    "(v)ram": "n/a"
}
{
    "process": "gptq",
    "layer": 5,
    "module": "self_attn.k_proj",
    "feat: in, out": "576, 192",
    "dtype: size": "f32: 0.4MB",
    "loss": "0.0000329425",
    "samples": "262144",
    "damp": "0.05000",
    "time": "0.305",
    "fwd_time": "1.192",
    "(v)ram": "n/a"
}
{
    "process": "gptq",
    "layer": 5,
    "module": "self_attn.q_proj",
    "feat: in, out": "576, 576",
    "dtype: size": "f32: 1.3MB",
    "loss": "0.0000763108",
    "samples": "262144",
    "damp": "0.05000",
    "time": "0.348",
    "fwd_time": "1.192",
    "(v)ram": "n/a"
}
{
    "process": "gptq",
    "layer": 5,
    "module": "self_attn.v_proj",
    "feat: in, out": "576, 192",
    "dtype: size": "f32: 0.4MB",
    "loss": "0.0000124610",
    "samples": "262144",
    "damp": "0.05000",
    "time": "0.122",
    "fwd_time": "1.192",
    "(v)ram": "n/a"
}
{
    "process": "gptq",
    "layer": 5,
    "module": "self_attn.o_proj",
    "feat: in, out": "576, 576",
    "dtype: size": "f32: 1.3MB",
    "loss": "0.0000210601",
    "samples": "262144",
    "damp": "0.05000",
    "time": "0.142",
    "fwd_time": "4.672",
    "(v)ram": "n/a"
}
{
    "process": "gptq",
    "layer": 5,
    "module": "mlp.up_proj",
    "feat: in, out": "576, 1536",
    "dtype: size": "f32: 3.4MB",
    "loss": "0.0000617068",
    "samples": "262144",
    "damp": "0.05000",
    "time": "0.503",
    "fwd_time": "6.845",
    "(v)ram": "n/a"
}
{
    "process": "gptq",
    "layer": 5,
    "module": "mlp.gate_proj",
    "feat: in, out": "576, 1536",
    "dtype: size": "f32: 3.4MB",
    "loss": "0.0000679883",
    "samples": "262144",
    "damp": "0.05000",
    "time": "0.508",
    "fwd_time": "6.845",
    "(v)ram": "n/a"
}
{
    "process": "gptq",
    "layer": 5,
    "module": "mlp.down_proj",
    "feat: in, out": "1536, 576",
    "dtype: size": "f32: 3.4MB",
    "loss": "0.0000826898",
    "samples": "262144",
    "damp": "0.05000",
    "time": "0.448",
    "fwd_time": "10.595",
    "(v)ram": "n/a"
}
{
    "process": "gptq",
    "layer": 6,
    "module": "self_attn.k_proj",
    "feat: in, out": "576, 192",
    "dtype: size": "f32: 0.4MB",
    "loss": "0.0000262356",
    "samples": "262144",
    "damp": "0.05000",
    "time": "0.319",
    "fwd_time": "1.266",
    "(v)ram": "n/a"
}
{
    "process": "gptq",
    "layer": 6,
    "module": "self_attn.q_proj",
    "feat: in, out": "576, 576",
    "dtype: size": "f32: 1.3MB",
    "loss": "0.0000631026",
    "samples": "262144",
    "damp": "0.05000",
    "time": "0.354",
    "fwd_time": "1.266",
    "(v)ram": "n/a"
}
{
    "process": "gptq",
    "layer": 6,
    "module": "self_attn.v_proj",
    "feat: in, out": "576, 192",
    "dtype: size": "f32: 0.4MB",
    "loss": "0.0000108149",
    "samples": "262144",
    "damp": "0.05000",
    "time": "0.098",
    "fwd_time": "1.266",
    "(v)ram": "n/a"
}
{
    "process": "gptq",
    "layer": 6,
    "module": "self_attn.o_proj",
    "feat: in, out": "576, 576",
    "dtype: size": "f32: 1.3MB",
    "loss": "0.0000133962",
    "samples": "262144",
    "damp": "0.05000",
    "time": "0.131",
    "fwd_time": "4.380",
    "(v)ram": "n/a"
}
{
    "process": "gptq",
    "layer": 6,
    "module": "mlp.up_proj",
    "feat: in, out": "576, 1536",
    "dtype: size": "f32: 3.4MB",
    "loss": "0.0000665768",
    "samples": "262144",
    "damp": "0.05000",
    "time": "0.467",
    "fwd_time": "6.592",
    "(v)ram": "n/a"
}
{
    "process": "gptq",
    "layer": 6,
    "module": "mlp.gate_proj",
    "feat: in, out": "576, 1536",
    "dtype: size": "f32: 3.4MB",
    "loss": "0.0000678773",
    "samples": "262144",
    "damp": "0.05000",
    "time": "0.472",
    "fwd_time": "6.592",
    "(v)ram": "n/a"
}
{
    "process": "gptq",
    "layer": 6,
    "module": "mlp.down_proj",
    "feat: in, out": "1536, 576",
    "dtype: size": "f32: 3.4MB",
    "loss": "0.0001033579",
    "samples": "262144",
    "damp": "0.05000",
    "time": "0.400",
    "fwd_time": "11.053",
    "(v)ram": "n/a"
}
{
    "process": "gptq",
    "layer": 7,
    "module": "self_attn.k_proj",
    "feat: in, out": "576, 192",
    "dtype: size": "f32: 0.4MB",
    "loss": "0.0000405897",
    "samples": "262144",
    "damp": "0.05000",
    "time": "0.334",
    "fwd_time": "1.713",
    "(v)ram": "n/a"
}
{
    "process": "gptq",
    "layer": 7,
    "module": "self_attn.q_proj",
    "feat: in, out": "576, 576",
    "dtype: size": "f32: 1.3MB",
    "loss": "0.0001100834",
    "samples": "262144",
    "damp": "0.05000",
    "time": "0.378",
    "fwd_time": "1.713",
    "(v)ram": "n/a"
}
{
    "process": "gptq",
    "layer": 7,
    "module": "self_attn.v_proj",
    "feat: in, out": "576, 192",
    "dtype: size": "f32: 0.4MB",
    "loss": "0.0000250027",
    "samples": "262144",
    "damp": "0.05000",
    "time": "0.095",
    "fwd_time": "1.713",
    "(v)ram": "n/a"
}
{
    "process": "gptq",
    "layer": 7,
    "module": "self_attn.o_proj",
    "feat: in, out": "576, 576",
    "dtype: size": "f32: 1.3MB",
    "loss": "0.0000212239",
    "samples": "262144",
    "damp": "0.05000",
    "time": "0.154",
    "fwd_time": "4.863",
    "(v)ram": "n/a"
}
{
    "process": "gptq",
    "layer": 7,
    "module": "mlp.up_proj",
    "feat: in, out": "576, 1536",
    "dtype: size": "f32: 3.4MB",
    "loss": "0.0000701740",
    "samples": "262144",
    "damp": "0.05000",
    "time": "0.459",
    "fwd_time": "7.292",
    "(v)ram": "n/a"
}
{
    "process": "gptq",
    "layer": 7,
    "module": "mlp.gate_proj",
    "feat: in, out": "576, 1536",
    "dtype: size": "f32: 3.4MB",
    "loss": "0.0000694535",
    "samples": "262144",
    "damp": "0.05000",
    "time": "0.469",
    "fwd_time": "7.292",
    "(v)ram": "n/a"
}
{
    "process": "gptq",
    "layer": 7,
    "module": "mlp.down_proj",
    "feat: in, out": "1536, 576",
    "dtype: size": "f32: 3.4MB",
    "loss": "0.0001169365",
    "samples": "262144",
    "damp": "0.05000",
    "time": "0.472",
    "fwd_time": "10.349",
    "(v)ram": "n/a"
}
{
    "process": "gptq",
    "layer": 8,
    "module": "self_attn.k_proj",
    "feat: in, out": "576, 192",
    "dtype: size": "f32: 0.4MB",
    "loss": "0.0000363439",
    "samples": "262144",
    "damp": "0.05000",
    "time": "0.421",
    "fwd_time": "1.427",
    "(v)ram": "n/a"
}
{
    "process": "gptq",
    "layer": 8,
    "module": "self_attn.q_proj",
    "feat: in, out": "576, 576",
    "dtype: size": "f32: 1.3MB",
    "loss": "0.0000931811",
    "samples": "262144",
    "damp": "0.05000",
    "time": "0.469",
    "fwd_time": "1.427",
    "(v)ram": "n/a"
}
{
    "process": "gptq",
    "layer": 8,
    "module": "self_attn.v_proj",
    "feat: in, out": "576, 192",
    "dtype: size": "f32: 0.4MB",
    "loss": "0.0000181224",
    "samples": "262144",
    "damp": "0.05000",
    "time": "0.133",
    "fwd_time": "1.427",
    "(v)ram": "n/a"
}
{
    "process": "gptq",
    "layer": 8,
    "module": "self_attn.o_proj",
    "feat: in, out": "576, 576",
    "dtype: size": "f32: 1.3MB",
    "loss": "0.0000213546",
    "samples": "262144",
    "damp": "0.05000",
    "time": "0.151",
    "fwd_time": "4.749",
    "(v)ram": "n/a"
}
{
    "process": "gptq",
    "layer": 8,
    "module": "mlp.gate_proj",
    "feat: in, out": "576, 1536",
    "dtype: size": "f32: 3.4MB",
    "loss": "0.0000721419",
    "samples": "262144",
    "damp": "0.05000",
    "time": "0.476",
    "fwd_time": "7.276",
    "(v)ram": "n/a"
}
{
    "process": "gptq",
    "layer": 8,
    "module": "mlp.up_proj",
    "feat: in, out": "576, 1536",
    "dtype: size": "f32: 3.4MB",
    "loss": "0.0000790013",
    "samples": "262144",
    "damp": "0.05000",
    "time": "0.479",
    "fwd_time": "7.276",
    "(v)ram": "n/a"
}
{
    "process": "gptq",
    "layer": 8,
    "module": "mlp.down_proj",
    "feat: in, out": "1536, 576",
    "dtype: size": "f32: 3.4MB",
    "loss": "0.0001645031",
    "samples": "262144",
    "damp": "0.05000",
    "time": "0.454",
    "fwd_time": "9.944",
    "(v)ram": "n/a"
}
{
    "process": "gptq",
    "layer": 9,
    "module": "self_attn.k_proj",
    "feat: in, out": "576, 192",
    "dtype: size": "f32: 0.4MB",
    "loss": "0.0000250434",
    "samples": "262144",
    "damp": "0.05000",
    "time": "0.318",
    "fwd_time": "1.414",
    "(v)ram": "n/a"
}
{
    "process": "gptq",
    "layer": 9,
    "module": "self_attn.q_proj",
    "feat: in, out": "576, 576",
    "dtype: size": "f32: 1.3MB",
    "loss": "0.0000696887",
    "samples": "262144",
    "damp": "0.05000",
    "time": "0.360",
    "fwd_time": "1.414",
    "(v)ram": "n/a"
}
{
    "process": "gptq",
    "layer": 9,
    "module": "self_attn.v_proj",
    "feat: in, out": "576, 192",
    "dtype: size": "f32: 0.4MB",
    "loss": "0.0000104775",
    "samples": "262144",
    "damp": "0.05000",
    "time": "0.105",
    "fwd_time": "1.414",
    "(v)ram": "n/a"
}
{
    "process": "gptq",
    "layer": 9,
    "module": "self_attn.o_proj",
    "feat: in, out": "576, 576",
    "dtype: size": "f32: 1.3MB",
    "loss": "0.0000343168",
    "samples": "262144",
    "damp": "0.05000",
    "time": "0.189",
    "fwd_time": "5.425",
    "(v)ram": "n/a"
}
{
    "process": "gptq",
    "layer": 9,
    "module": "mlp.gate_proj",
    "feat: in, out": "576, 1536",
    "dtype: size": "f32: 3.4MB",
    "loss": "0.0000700479",
    "samples": "262144",
    "damp": "0.05000",
    "time": "0.588",
    "fwd_time": "7.914",
    "(v)ram": "n/a"
}
{
    "process": "gptq",
    "layer": 9,
    "module": "mlp.up_proj",
    "feat: in, out": "576, 1536",
    "dtype: size": "f32: 3.4MB",
    "loss": "0.0000854604",
    "samples": "262144",
    "damp": "0.05000",
    "time": "0.595",
    "fwd_time": "7.914",
    "(v)ram": "n/a"
}
{
    "process": "gptq",
    "layer": 9,
    "module": "mlp.down_proj",
    "feat: in, out": "1536, 576",
    "dtype: size": "f32: 3.4MB",
    "loss": "0.0001915677",
    "samples": "262144",
    "damp": "0.05000",
    "time": "0.466",
    "fwd_time": "11.721",
    "(v)ram": "n/a"
}
{
    "process": "gptq",
    "layer": 10,
    "module": "self_attn.k_proj",
    "feat: in, out": "576, 192",
    "dtype: size": "f32: 0.4MB",
    "loss": "0.0000220647",
    "samples": "262144",
    "damp": "0.05000",
    "time": "0.301",
    "fwd_time": "1.518",
    "(v)ram": "n/a"
}
{
    "process": "gptq",
    "layer": 10,
    "module": "self_attn.q_proj",
    "feat: in, out": "576, 576",
    "dtype: size": "f32: 1.3MB",
    "loss": "0.0000626368",
    "samples": "262144",
    "damp": "0.05000",
    "time": "0.341",
    "fwd_time": "1.518",
    "(v)ram": "n/a"
}
{
    "process": "gptq",
    "layer": 10,
    "module": "self_attn.v_proj",
    "feat: in, out": "576, 192",
    "dtype: size": "f32: 0.4MB",
    "loss": "0.0000106354",
    "samples": "262144",
    "damp": "0.05000",
    "time": "0.097",
    "fwd_time": "1.518",
    "(v)ram": "n/a"
}
{
    "process": "gptq",
    "layer": 10,
    "module": "self_attn.o_proj",
    "feat: in, out": "576, 576",
    "dtype: size": "f32: 1.3MB",
    "loss": "0.0000597879",
    "samples": "262144",
    "damp": "0.05000",
    "time": "0.127",
    "fwd_time": "4.824",
    "(v)ram": "n/a"
}
{
    "process": "gptq",
    "layer": 10,
    "module": "mlp.up_proj",
    "feat: in, out": "576, 1536",
    "dtype: size": "f32: 3.4MB",
    "loss": "0.0000859650",
    "samples": "262144",
    "damp": "0.05000",
    "time": "0.546",
    "fwd_time": "6.711",
    "(v)ram": "n/a"
}
{
    "process": "gptq",
    "layer": 10,
    "module": "mlp.gate_proj",
    "feat: in, out": "576, 1536",
    "dtype: size": "f32: 3.4MB",
    "loss": "0.0000672676",
    "samples": "262144",
    "damp": "0.05000",
    "time": "0.547",
    "fwd_time": "6.711",
    "(v)ram": "n/a"
}
{
    "process": "gptq",
    "layer": 10,
    "module": "mlp.down_proj",
    "feat: in, out": "1536, 576",
    "dtype: size": "f32: 3.4MB",
    "loss": "0.0001823388",
    "samples": "262144",
    "damp": "0.05000",
    "time": "0.453",
    "fwd_time": "10.022",
    "(v)ram": "n/a"
}
{
    "process": "gptq",
    "layer": 11,
    "module": "self_attn.k_proj",
    "feat: in, out": "576, 192",
    "dtype: size": "f32: 0.4MB",
    "loss": "0.0000198049",
    "samples": "262144",
    "damp": "0.05000",
    "time": "0.327",
    "fwd_time": "1.278",
    "(v)ram": "n/a"
}
{
    "process": "gptq",
    "layer": 11,
    "module": "self_attn.q_proj",
    "feat: in, out": "576, 576",
    "dtype: size": "f32: 1.3MB",
    "loss": "0.0000568834",
    "samples": "262144",
    "damp": "0.05000",
    "time": "0.367",
    "fwd_time": "1.278",
    "(v)ram": "n/a"
}
{
    "process": "gptq",
    "layer": 11,
    "module": "self_attn.v_proj",
    "feat: in, out": "576, 192",
    "dtype: size": "f32: 0.4MB",
    "loss": "0.0000099973",
    "samples": "262144",
    "damp": "0.05000",
    "time": "0.099",
    "fwd_time": "1.278",
    "(v)ram": "n/a"
}
{
    "process": "gptq",
    "layer": 11,
    "module": "self_attn.o_proj",
    "feat: in, out": "576, 576",
    "dtype: size": "f32: 1.3MB",
    "loss": "0.0000771394",
    "samples": "262144",
    "damp": "0.05000",
    "time": "0.137",
    "fwd_time": "4.747",
    "(v)ram": "n/a"
}
{
    "process": "gptq",
    "layer": 11,
    "module": "mlp.up_proj",
    "feat: in, out": "576, 1536",
    "dtype: size": "f32: 3.4MB",
    "loss": "0.0000850778",
    "samples": "262144",
    "damp": "0.05000",
    "time": "0.496",
    "fwd_time": "6.757",
    "(v)ram": "n/a"
}
{
    "process": "gptq",
    "layer": 11,
    "module": "mlp.gate_proj",
    "feat: in, out": "576, 1536",
    "dtype: size": "f32: 3.4MB",
    "loss": "0.0000629899",
    "samples": "262144",
    "damp": "0.05000",
    "time": "0.502",
    "fwd_time": "6.757",
    "(v)ram": "n/a"
}
{
    "process": "gptq",
    "layer": 11,
    "module": "mlp.down_proj",
    "feat: in, out": "1536, 576",
    "dtype: size": "f32: 3.4MB",
    "loss": "0.0020068339",
    "samples": "262144",
    "damp": "0.05000",
    "time": "0.567",
    "fwd_time": "10.239",
    "(v)ram": "n/a"
}
{
    "process": "gptq",
    "layer": 12,
    "module": "self_attn.k_proj",
    "feat: in, out": "576, 192",
    "dtype: size": "f32: 0.4MB",
    "loss": "0.0000285792",
    "samples": "262144",
    "damp": "0.05000",
    "time": "0.305",
    "fwd_time": "1.326",
    "(v)ram": "n/a"
}
{
    "process": "gptq",
    "layer": 12,
    "module": "self_attn.q_proj",
    "feat: in, out": "576, 576",
    "dtype: size": "f32: 1.3MB",
    "loss": "0.0000812517",
    "samples": "262144",
    "damp": "0.05000",
    "time": "0.377",
    "fwd_time": "1.326",
    "(v)ram": "n/a"
}
{
    "process": "gptq",
    "layer": 12,
    "module": "self_attn.v_proj",
    "feat: in, out": "576, 192",
    "dtype: size": "f32: 0.4MB",
    "loss": "0.0000156136",
    "samples": "262144",
    "damp": "0.05000",
    "time": "0.119",
    "fwd_time": "1.326",
    "(v)ram": "n/a"
}
{
    "process": "gptq",
    "layer": 12,
    "module": "self_attn.o_proj",
    "feat: in, out": "576, 576",
    "dtype: size": "f32: 1.3MB",
    "loss": "0.0000633832",
    "samples": "262144",
    "damp": "0.05000",
    "time": "0.200",
    "fwd_time": "4.822",
    "(v)ram": "n/a"
}
{
    "process": "gptq",
    "layer": 12,
    "module": "mlp.gate_proj",
    "feat: in, out": "576, 1536",
    "dtype: size": "f32: 3.4MB",
    "loss": "0.0000612340",
    "samples": "262144",
    "damp": "0.05000",
    "time": "0.520",
    "fwd_time": "7.328",
    "(v)ram": "n/a"
}
{
    "process": "gptq",
    "layer": 12,
    "module": "mlp.up_proj",
    "feat: in, out": "576, 1536",
    "dtype: size": "f32: 3.4MB",
    "loss": "0.0000771410",
    "samples": "262144",
    "damp": "0.05000",
    "time": "0.527",
    "fwd_time": "7.328",
    "(v)ram": "n/a"
}
{
    "process": "gptq",
    "layer": 12,
    "module": "mlp.down_proj",
    "feat: in, out": "1536, 576",
    "dtype: size": "f32: 3.4MB",
    "loss": "0.0001646477",
    "samples": "262144",
    "damp": "0.05000",
    "time": "0.422",
    "fwd_time": "10.483",
    "(v)ram": "n/a"
}
{
    "process": "gptq",
    "layer": 13,
    "module": "self_attn.k_proj",
    "feat: in, out": "576, 192",
    "dtype: size": "f32: 0.4MB",
    "loss": "0.0000299731",
    "samples": "262144",
    "damp": "0.05000",
    "time": "0.275",
    "fwd_time": "1.229",
    "(v)ram": "n/a"
}
{
    "process": "gptq",
    "layer": 13,
    "module": "self_attn.q_proj",
    "feat: in, out": "576, 576",
    "dtype: size": "f32: 1.3MB",
    "loss": "0.0000877755",
    "samples": "262144",
    "damp": "0.05000",
    "time": "0.328",
    "fwd_time": "1.229",
    "(v)ram": "n/a"
}
{
    "process": "gptq",
    "layer": 13,
    "module": "self_attn.v_proj",
    "feat: in, out": "576, 192",
    "dtype: size": "f32: 0.4MB",
    "loss": "0.0000133611",
    "samples": "262144",
    "damp": "0.05000",
    "time": "0.106",
    "fwd_time": "1.229",
    "(v)ram": "n/a"
}
{
    "process": "gptq",
    "layer": 13,
    "module": "self_attn.o_proj",
    "feat: in, out": "576, 576",
    "dtype: size": "f32: 1.3MB",
    "loss": "0.0000677825",
    "samples": "262144",
    "damp": "0.05000",
    "time": "0.201",
    "fwd_time": "4.666",
    "(v)ram": "n/a"
}
{
    "process": "gptq",
    "layer": 13,
    "module": "mlp.gate_proj",
    "feat: in, out": "576, 1536",
    "dtype: size": "f32: 3.4MB",
    "loss": "0.0000725114",
    "samples": "262144",
    "damp": "0.05000",
    "time": "0.463",
    "fwd_time": "6.682",
    "(v)ram": "n/a"
}
{
    "process": "gptq",
    "layer": 13,
    "module": "mlp.up_proj",
    "feat: in, out": "576, 1536",
    "dtype: size": "f32: 3.4MB",
    "loss": "0.0000777419",
    "samples": "262144",
    "damp": "0.05000",
    "time": "0.471",
    "fwd_time": "6.682",
    "(v)ram": "n/a"
}
{
    "process": "gptq",
    "layer": 13,
    "module": "mlp.down_proj",
    "feat: in, out": "1536, 576",
    "dtype: size": "f32: 3.4MB",
    "loss": "0.0001601585",
    "samples": "262144",
    "damp": "0.05000",
    "time": "0.404",
    "fwd_time": "10.778",
    "(v)ram": "n/a"
}
{
    "process": "gptq",
    "layer": 14,
    "module": "self_attn.k_proj",
    "feat: in, out": "576, 192",
    "dtype: size": "f32: 0.4MB",
    "loss": "0.0000343846",
    "samples": "262144",
    "damp": "0.05000",
    "time": "0.297",
    "fwd_time": "1.385",
    "(v)ram": "n/a"
}
{
    "process": "gptq",
    "layer": 14,
    "module": "self_attn.q_proj",
    "feat: in, out": "576, 576",
    "dtype: size": "f32: 1.3MB",
    "loss": "0.0000948181",
    "samples": "262144",
    "damp": "0.05000",
    "time": "0.336",
    "fwd_time": "1.385",
    "(v)ram": "n/a"
}
{
    "process": "gptq",
    "layer": 14,
    "module": "self_attn.v_proj",
    "feat: in, out": "576, 192",
    "dtype: size": "f32: 0.4MB",
    "loss": "0.0000246769",
    "samples": "262144",
    "damp": "0.05000",
    "time": "0.095",
    "fwd_time": "1.385",
    "(v)ram": "n/a"
}
{
    "process": "gptq",
    "layer": 14,
    "module": "self_attn.o_proj",
    "feat: in, out": "576, 576",
    "dtype: size": "f32: 1.3MB",
    "loss": "0.0000720762",
    "samples": "262144",
    "damp": "0.05000",
    "time": "0.141",
    "fwd_time": "4.635",
    "(v)ram": "n/a"
}
{
    "process": "gptq",
    "layer": 14,
    "module": "mlp.up_proj",
    "feat: in, out": "576, 1536",
    "dtype: size": "f32: 3.4MB",
    "loss": "0.0000742546",
    "samples": "262144",
    "damp": "0.05000",
    "time": "0.464",
    "fwd_time": "6.563",
    "(v)ram": "n/a"
}
{
    "process": "gptq",
    "layer": 14,
    "module": "mlp.gate_proj",
    "feat: in, out": "576, 1536",
    "dtype: size": "f32: 3.4MB",
    "loss": "0.0000702976",
    "samples": "262144",
    "damp": "0.05000",
    "time": "0.471",
    "fwd_time": "6.563",
    "(v)ram": "n/a"
}
{
    "process": "gptq",
    "layer": 14,
    "module": "mlp.down_proj",
    "feat: in, out": "1536, 576",
    "dtype: size": "f32: 3.4MB",
    "loss": "0.0001714133",
    "samples": "262144",
    "damp": "0.05000",
    "time": "0.413",
    "fwd_time": "10.740",
    "(v)ram": "n/a"
}
{
    "process": "gptq",
    "layer": 15,
    "module": "self_attn.k_proj",
    "feat: in, out": "576, 192",
    "dtype: size": "f32: 0.4MB",
    "loss": "0.0000307759",
    "samples": "262144",
    "damp": "0.05000",
    "time": "0.360",
    "fwd_time": "1.320",
    "(v)ram": "n/a"
}
{
    "process": "gptq",
    "layer": 15,
    "module": "self_attn.q_proj",
    "feat: in, out": "576, 576",
    "dtype: size": "f32: 1.3MB",
    "loss": "0.0000857326",
    "samples": "262144",
    "damp": "0.05000",
    "time": "0.398",
    "fwd_time": "1.320",
    "(v)ram": "n/a"
}
{
    "process": "gptq",
    "layer": 15,
    "module": "self_attn.v_proj",
    "feat: in, out": "576, 192",
    "dtype: size": "f32: 0.4MB",
    "loss": "0.0000224353",
    "samples": "262144",
    "damp": "0.05000",
    "time": "0.122",
    "fwd_time": "1.320",
    "(v)ram": "n/a"
}
{
    "process": "gptq",
    "layer": 15,
    "module": "self_attn.o_proj",
    "feat: in, out": "576, 576",
    "dtype: size": "f32: 1.3MB",
    "loss": "0.0000556727",
    "samples": "262144",
    "damp": "0.05000",
    "time": "0.158",
    "fwd_time": "4.887",
    "(v)ram": "n/a"
}
{
    "process": "gptq",
    "layer": 15,
    "module": "mlp.gate_proj",
    "feat: in, out": "576, 1536",
    "dtype: size": "f32: 3.4MB",
    "loss": "0.0000753000",
    "samples": "262144",
    "damp": "0.05000",
    "time": "0.435",
    "fwd_time": "7.003",
    "(v)ram": "n/a"
}
{
    "process": "gptq",
    "layer": 15,
    "module": "mlp.up_proj",
    "feat: in, out": "576, 1536",
    "dtype: size": "f32: 3.4MB",
    "loss": "0.0000754670",
    "samples": "262144",
    "damp": "0.05000",
    "time": "0.454",
    "fwd_time": "7.003",
    "(v)ram": "n/a"
}
{
    "process": "gptq",
    "layer": 15,
    "module": "mlp.down_proj",
    "feat: in, out": "1536, 576",
    "dtype: size": "f32: 3.4MB",
    "loss": "0.0001934908",
    "samples": "262144",
    "damp": "0.05000",
    "time": "0.499",
    "fwd_time": "10.473",
    "(v)ram": "n/a"
}
{
    "process": "gptq",
    "layer": 16,
    "module": "self_attn.k_proj",
    "feat: in, out": "576, 192",
    "dtype: size": "f32: 0.4MB",
    "loss": "0.0000267842",
    "samples": "262144",
    "damp": "0.05000",
    "time": "0.316",
    "fwd_time": "1.339",
    "(v)ram": "n/a"
}
{
    "process": "gptq",
    "layer": 16,
    "module": "self_attn.q_proj",
    "feat: in, out": "576, 576",
    "dtype: size": "f32: 1.3MB",
    "loss": "0.0000731035",
    "samples": "262144",
    "damp": "0.05000",
    "time": "0.351",
    "fwd_time": "1.339",
    "(v)ram": "n/a"
}
{
    "process": "gptq",
    "layer": 16,
    "module": "self_attn.v_proj",
    "feat: in, out": "576, 192",
    "dtype: size": "f32: 0.4MB",
    "loss": "0.0000179381",
    "samples": "262144",
    "damp": "0.05000",
    "time": "0.109",
    "fwd_time": "1.339",
    "(v)ram": "n/a"
}
{
    "process": "gptq",
    "layer": 16,
    "module": "self_attn.o_proj",
    "feat: in, out": "576, 576",
    "dtype: size": "f32: 1.3MB",
    "loss": "0.0001210574",
    "samples": "262144",
    "damp": "0.05000",
    "time": "0.213",
    "fwd_time": "5.861",
    "(v)ram": "n/a"
}
{
    "process": "gptq",
    "layer": 16,
    "module": "mlp.up_proj",
    "feat: in, out": "576, 1536",
    "dtype: size": "f32: 3.4MB",
    "loss": "0.0000733020",
    "samples": "262144",
    "damp": "0.05000",
    "time": "0.553",
    "fwd_time": "7.205",
    "(v)ram": "n/a"
}
{
    "process": "gptq",
    "layer": 16,
    "module": "mlp.gate_proj",
    "feat: in, out": "576, 1536",
    "dtype: size": "f32: 3.4MB",
    "loss": "0.0000700682",
    "samples": "262144",
    "damp": "0.05000",
    "time": "0.563",
    "fwd_time": "7.205",
    "(v)ram": "n/a"
}
{
    "process": "gptq",
    "layer": 16,
    "module": "mlp.down_proj",
    "feat: in, out": "1536, 576",
    "dtype: size": "f32: 3.4MB",
    "loss": "0.0001839712",
    "samples": "262144",
    "damp": "0.05000",
    "time": "0.477",
    "fwd_time": "11.005",
    "(v)ram": "n/a"
}
{
    "process": "gptq",
    "layer": 17,
    "module": "self_attn.k_proj",
    "feat: in, out": "576, 192",
    "dtype: size": "f32: 0.4MB",
    "loss": "0.0000390604",
    "samples": "262144",
    "damp": "0.05000",
    "time": "0.371",
    "fwd_time": "1.431",
    "(v)ram": "n/a"
}
{
    "process": "gptq",
    "layer": 17,
    "module": "self_attn.q_proj",
    "feat: in, out": "576, 576",
    "dtype: size": "f32: 1.3MB",
    "loss": "0.0001305411",
    "samples": "262144",
    "damp": "0.05000",
    "time": "0.405",
    "fwd_time": "1.431",
    "(v)ram": "n/a"
}
{
    "process": "gptq",
    "layer": 17,
    "module": "self_attn.v_proj",
    "feat: in, out": "576, 192",
    "dtype: size": "f32: 0.4MB",
    "loss": "0.0000319779",
    "samples": "262144",
    "damp": "0.05000",
    "time": "0.104",
    "fwd_time": "1.431",
    "(v)ram": "n/a"
}
{
    "process": "gptq",
    "layer": 17,
    "module": "self_attn.o_proj",
    "feat: in, out": "576, 576",
    "dtype: size": "f32: 1.3MB",
    "loss": "0.0001032843",
    "samples": "262144",
    "damp": "0.05000",
    "time": "0.145",
    "fwd_time": "5.008",
    "(v)ram": "n/a"
}
{
    "process": "gptq",
    "layer": 17,
    "module": "mlp.up_proj",
    "feat: in, out": "576, 1536",
    "dtype: size": "f32: 3.4MB",
    "loss": "0.0000740142",
    "samples": "262144",
    "damp": "0.05000",
    "time": "0.470",
    "fwd_time": "6.750",
    "(v)ram": "n/a"
}
{
    "process": "gptq",
    "layer": 17,
    "module": "mlp.gate_proj",
    "feat: in, out": "576, 1536",
    "dtype: size": "f32: 3.4MB",
    "loss": "0.0000666125",
    "samples": "262144",
    "damp": "0.05000",
    "time": "0.475",
    "fwd_time": "6.750",
    "(v)ram": "n/a"
}
{
    "process": "gptq",
    "layer": 17,
    "module": "mlp.down_proj",
    "feat: in, out": "1536, 576",
    "dtype: size": "f32: 3.4MB",
    "loss": "0.0002165164",
    "samples": "262144",
    "damp": "0.05000",
    "time": "0.437",
    "fwd_time": "10.575",
    "(v)ram": "n/a"
}
{
    "process": "gptq",
    "layer": 18,
    "module": "self_attn.k_proj",
    "feat: in, out": "576, 192",
    "dtype: size": "f32: 0.4MB",
    "loss": "0.0000415372",
    "samples": "262144",
    "damp": "0.05000",
    "time": "0.356",
    "fwd_time": "1.696",
    "(v)ram": "n/a"
}
{
    "process": "gptq",
    "layer": 18,
    "module": "self_attn.q_proj",
    "feat: in, out": "576, 576",
    "dtype: size": "f32: 1.3MB",
    "loss": "0.0001311911",
    "samples": "262144",
    "damp": "0.05000",
    "time": "0.398",
    "fwd_time": "1.696",
    "(v)ram": "n/a"
}
{
    "process": "gptq",
    "layer": 18,
    "module": "self_attn.v_proj",
    "feat: in, out": "576, 192",
    "dtype: size": "f32: 0.4MB",
    "loss": "0.0000488551",
    "samples": "262144",
    "damp": "0.05000",
    "time": "0.107",
    "fwd_time": "1.696",
    "(v)ram": "n/a"
}
{
    "process": "gptq",
    "layer": 18,
    "module": "self_attn.o_proj",
    "feat: in, out": "576, 576",
    "dtype: size": "f32: 1.3MB",
    "loss": "0.0001704605",
    "samples": "262144",
    "damp": "0.05000",
    "time": "0.133",
    "fwd_time": "4.751",
    "(v)ram": "n/a"
}
{
    "process": "gptq",
    "layer": 18,
    "module": "mlp.up_proj",
    "feat: in, out": "576, 1536",
    "dtype: size": "f32: 3.4MB",
    "loss": "0.0000785586",
    "samples": "262144",
    "damp": "0.05000",
    "time": "0.531",
    "fwd_time": "6.931",
    "(v)ram": "n/a"
}
{
    "process": "gptq",
    "layer": 18,
    "module": "mlp.gate_proj",
    "feat: in, out": "576, 1536",
    "dtype: size": "f32: 3.4MB",
    "loss": "0.0000735407",
    "samples": "262144",
    "damp": "0.05000",
    "time": "0.533",
    "fwd_time": "6.931",
    "(v)ram": "n/a"
}
{
    "process": "gptq",
    "layer": 18,
    "module": "mlp.down_proj",
    "feat: in, out": "1536, 576",
    "dtype: size": "f32: 3.4MB",
    "loss": "0.0004233100",
    "samples": "262144",
    "damp": "0.05000",
    "time": "0.508",
    "fwd_time": "10.551",
    "(v)ram": "n/a"
}
{
    "process": "gptq",
    "layer": 19,
    "module": "self_attn.k_proj",
    "feat: in, out": "576, 192",
    "dtype: size": "f32: 0.4MB",
    "loss": "0.0000213193",
    "samples": "262144",
    "damp": "0.05000",
    "time": "0.329",
    "fwd_time": "1.258",
    "(v)ram": "n/a"
}
{
    "process": "gptq",
    "layer": 19,
    "module": "self_attn.q_proj",
    "feat: in, out": "576, 576",
    "dtype: size": "f32: 1.3MB",
    "loss": "0.0000891826",
    "samples": "262144",
    "damp": "0.05000",
    "time": "0.355",
    "fwd_time": "1.258",
    "(v)ram": "n/a"
}
{
    "process": "gptq",
    "layer": 19,
    "module": "self_attn.v_proj",
    "feat: in, out": "576, 192",
    "dtype: size": "f32: 0.4MB",
    "loss": "0.0000342968",
    "samples": "262144",
    "damp": "0.05000",
    "time": "0.097",
    "fwd_time": "1.258",
    "(v)ram": "n/a"
}
{
    "process": "gptq",
    "layer": 19,
    "module": "self_attn.o_proj",
    "feat: in, out": "576, 576",
    "dtype: size": "f32: 1.3MB",
    "loss": "0.0002199979",
    "samples": "262144",
    "damp": "0.05000",
    "time": "0.159",
    "fwd_time": "5.065",
    "(v)ram": "n/a"
}
{
    "process": "gptq",
    "layer": 19,
    "module": "mlp.gate_proj",
    "feat: in, out": "576, 1536",
    "dtype: size": "f32: 3.4MB",
    "loss": "0.0000899397",
    "samples": "262144",
    "damp": "0.05000",
    "time": "0.443",
    "fwd_time": "6.938",
    "(v)ram": "n/a"
}
{
    "process": "gptq",
    "layer": 19,
    "module": "mlp.up_proj",
    "feat: in, out": "576, 1536",
    "dtype: size": "f32: 3.4MB",
    "loss": "0.0000946799",
    "samples": "262144",
    "damp": "0.05000",
    "time": "0.450",
    "fwd_time": "6.938",
    "(v)ram": "n/a"
}
{
    "process": "gptq",
    "layer": 19,
    "module": "mlp.down_proj",
    "feat: in, out": "1536, 576",
    "dtype: size": "f32: 3.4MB",
    "loss": "0.0004335271",
    "samples": "262144",
    "damp": "0.05000",
    "time": "0.471",
    "fwd_time": "10.752",
    "(v)ram": "n/a"
}
{
    "process": "gptq",
    "layer": 20,
    "module": "self_attn.k_proj",
    "feat: in, out": "576, 192",
    "dtype: size": "f32: 0.4MB",
    "loss": "0.0000303517",
    "samples": "262144",
    "damp": "0.05000",
    "time": "0.354",
    "fwd_time": "1.359",
    "(v)ram": "n/a"
}
{
    "process": "gptq",
    "layer": 20,
    "module": "self_attn.q_proj",
    "feat: in, out": "576, 576",
    "dtype: size": "f32: 1.3MB",
    "loss": "0.0001086541",
    "samples": "262144",
    "damp": "0.05000",
    "time": "0.413",
    "fwd_time": "1.359",
    "(v)ram": "n/a"
}
{
    "process": "gptq",
    "layer": 20,
    "module": "self_attn.v_proj",
    "feat: in, out": "576, 192",
    "dtype: size": "f32: 0.4MB",
    "loss": "0.0000592083",
    "samples": "262144",
    "damp": "0.05000",
    "time": "0.134",
    "fwd_time": "1.359",
    "(v)ram": "n/a"
}
{
    "process": "gptq",
    "layer": 20,
    "module": "self_attn.o_proj",
    "feat: in, out": "576, 576",
    "dtype: size": "f32: 1.3MB",
    "loss": "0.0002373426",
    "samples": "262144",
    "damp": "0.05000",
    "time": "0.143",
    "fwd_time": "4.942",
    "(v)ram": "n/a"
}
{
    "process": "gptq",
    "layer": 20,
    "module": "mlp.up_proj",
    "feat: in, out": "576, 1536",
    "dtype: size": "f32: 3.4MB",
    "loss": "0.0001096171",
    "samples": "262144",
    "damp": "0.05000",
    "time": "0.451",
    "fwd_time": "6.985",
    "(v)ram": "n/a"
}
{
    "process": "gptq",
    "layer": 20,
    "module": "mlp.gate_proj",
    "feat: in, out": "576, 1536",
    "dtype: size": "f32: 3.4MB",
    "loss": "0.0000959743",
    "samples": "262144",
    "damp": "0.05000",
    "time": "0.453",
    "fwd_time": "6.985",
    "(v)ram": "n/a"
}
{
    "process": "gptq",
    "layer": 20,
    "module": "mlp.down_proj",
    "feat: in, out": "1536, 576",
    "dtype: size": "f32: 3.4MB",
    "loss": "0.0008106278",
    "samples": "262144",
    "damp": "0.05000",
    "time": "0.458",
    "fwd_time": "10.576",
    "(v)ram": "n/a"
}
{
    "process": "gptq",
    "layer": 21,
    "module": "self_attn.k_proj",
    "feat: in, out": "576, 192",
    "dtype: size": "f32: 0.4MB",
    "loss": "0.0000267053",
    "samples": "262144",
    "damp": "0.05000",
    "time": "0.355",
    "fwd_time": "1.402",
    "(v)ram": "n/a"
}
{
    "process": "gptq",
    "layer": 21,
    "module": "self_attn.q_proj",
    "feat: in, out": "576, 576",
    "dtype: size": "f32: 1.3MB",
    "loss": "0.0000923875",
    "samples": "262144",
    "damp": "0.05000",
    "time": "0.399",
    "fwd_time": "1.402",
    "(v)ram": "n/a"
}
{
    "process": "gptq",
    "layer": 21,
    "module": "self_attn.v_proj",
    "feat: in, out": "576, 192",
    "dtype: size": "f32: 0.4MB",
    "loss": "0.0000417797",
    "samples": "262144",
    "damp": "0.05000",
    "time": "0.154",
    "fwd_time": "1.402",
    "(v)ram": "n/a"
}
{
    "process": "gptq",
    "layer": 21,
    "module": "self_attn.o_proj",
    "feat: in, out": "576, 576",
    "dtype: size": "f32: 1.3MB",
    "loss": "0.0001991997",
    "samples": "262144",
    "damp": "0.05000",
    "time": "0.137",
    "fwd_time": "4.664",
    "(v)ram": "n/a"
}
{
    "process": "gptq",
    "layer": 21,
    "module": "mlp.gate_proj",
    "feat: in, out": "576, 1536",
    "dtype: size": "f32: 3.4MB",
    "loss": "0.0001071324",
    "samples": "262144",
    "damp": "0.05000",
    "time": "0.597",
    "fwd_time": "7.304",
    "(v)ram": "n/a"
}
{
    "process": "gptq",
    "layer": 21,
    "module": "mlp.up_proj",
    "feat: in, out": "576, 1536",
    "dtype: size": "f32: 3.4MB",
    "loss": "0.0001185899",
    "samples": "262144",
    "damp": "0.05000",
    "time": "0.608",
    "fwd_time": "7.304",
    "(v)ram": "n/a"
}
{
    "process": "gptq",
    "layer": 21,
    "module": "mlp.down_proj",
    "feat: in, out": "1536, 576",
    "dtype: size": "f32: 3.4MB",
    "loss": "0.0005803523",
    "samples": "262144",
    "damp": "0.05000",
    "time": "0.497",
    "fwd_time": "10.909",
    "(v)ram": "n/a"
}
{
    "process": "gptq",
    "layer": 22,
    "module": "self_attn.k_proj",
    "feat: in, out": "576, 192",
    "dtype: size": "f32: 0.4MB",
    "loss": "0.0000255342",
    "samples": "262144",
    "damp": "0.05000",
    "time": "0.362",
    "fwd_time": "1.369",
    "(v)ram": "n/a"
}
{
    "process": "gptq",
    "layer": 22,
    "module": "self_attn.q_proj",
    "feat: in, out": "576, 576",
    "dtype: size": "f32: 1.3MB",
    "loss": "0.0000880543",
    "samples": "262144",
    "damp": "0.05000",
    "time": "0.413",
    "fwd_time": "1.369",
    "(v)ram": "n/a"
}
{
    "process": "gptq",
    "layer": 22,
    "module": "self_attn.v_proj",
    "feat: in, out": "576, 192",
    "dtype: size": "f32: 0.4MB",
    "loss": "0.0000421924",
    "samples": "262144",
    "damp": "0.05000",
    "time": "0.113",
    "fwd_time": "1.369",
    "(v)ram": "n/a"
}
{
    "process": "gptq",
    "layer": 22,
    "module": "self_attn.o_proj",
    "feat: in, out": "576, 576",
    "dtype: size": "f32: 1.3MB",
    "loss": "0.0002538860",
    "samples": "262144",
    "damp": "0.05000",
    "time": "0.191",
    "fwd_time": "5.093",
    "(v)ram": "n/a"
}
{
    "process": "gptq",
    "layer": 22,
    "module": "mlp.up_proj",
    "feat: in, out": "576, 1536",
    "dtype: size": "f32: 3.4MB",
    "loss": "0.0001300256",
    "samples": "262144",
    "damp": "0.05000",
    "time": "0.448",
    "fwd_time": "8.286",
    "(v)ram": "n/a"
}
{
    "process": "gptq",
    "layer": 22,
    "module": "mlp.gate_proj",
    "feat: in, out": "576, 1536",
    "dtype: size": "f32: 3.4MB",
    "loss": "0.0001123510",
    "samples": "262144",
    "damp": "0.05000",
    "time": "0.452",
    "fwd_time": "8.286",
    "(v)ram": "n/a"
}
{
    "process": "gptq",
    "layer": 22,
    "module": "mlp.down_proj",
    "feat: in, out": "1536, 576",
    "dtype: size": "f32: 3.4MB",
    "loss": "0.0009951424",
    "samples": "262144",
    "damp": "0.05000",
    "time": "0.439",
    "fwd_time": "10.196",
    "(v)ram": "n/a"
}
{
    "process": "gptq",
    "layer": 23,
    "module": "self_attn.k_proj",
    "feat: in, out": "576, 192",
    "dtype: size": "f32: 0.4MB",
    "loss": "0.0000375863",
    "samples": "262144",
    "damp": "0.05000",
    "time": "0.307",
    "fwd_time": "1.508",
    "(v)ram": "n/a"
}
{
    "process": "gptq",
    "layer": 23,
    "module": "self_attn.q_proj",
    "feat: in, out": "576, 576",
    "dtype: size": "f32: 1.3MB",
    "loss": "0.0001237748",
    "samples": "262144",
    "damp": "0.05000",
    "time": "0.345",
    "fwd_time": "1.508",
    "(v)ram": "n/a"
}
{
    "process": "gptq",
    "layer": 23,
    "module": "self_attn.v_proj",
    "feat: in, out": "576, 192",
    "dtype: size": "f32: 0.4MB",
    "loss": "0.0001341182",
    "samples": "262144",
    "damp": "0.05000",
    "time": "0.099",
    "fwd_time": "1.508",
    "(v)ram": "n/a"
}
{
    "process": "gptq",
    "layer": 23,
    "module": "self_attn.o_proj",
    "feat: in, out": "576, 576",
    "dtype: size": "f32: 1.3MB",
    "loss": "0.0007186645",
    "samples": "262144",
    "damp": "0.05000",
    "time": "0.137",
    "fwd_time": "5.097",
    "(v)ram": "n/a"
}
{
    "process": "gptq",
    "layer": 23,
    "module": "mlp.up_proj",
    "feat: in, out": "576, 1536",
    "dtype: size": "f32: 3.4MB",
    "loss": "0.0001552774",
    "samples": "262144",
    "damp": "0.05000",
    "time": "0.532",
    "fwd_time": "6.910",
    "(v)ram": "n/a"
}
{
    "process": "gptq",
    "layer": 23,
    "module": "mlp.gate_proj",
    "feat: in, out": "576, 1536",
    "dtype: size": "f32: 3.4MB",
    "loss": "0.0001195238",
    "samples": "262144",
    "damp": "0.05000",
    "time": "0.539",
    "fwd_time": "6.910",
    "(v)ram": "n/a"
}
{
    "process": "gptq",
    "layer": 23,
    "module": "mlp.down_proj",
    "feat: in, out": "1536, 576",
    "dtype: size": "f32: 3.4MB",
    "loss": "0.0011876374",
    "samples": "262144",
    "damp": "0.05000",
    "time": "0.496",
    "fwd_time": "10.532",
    "(v)ram": "n/a"
}
{
    "process": "gptq",
    "layer": 24,
    "module": "self_attn.k_proj",
    "feat: in, out": "576, 192",
    "dtype: size": "f32: 0.4MB",
    "loss": "0.0000308781",
    "samples": "262144",
    "damp": "0.05000",
    "time": "0.396",
    "fwd_time": "1.622",
    "(v)ram": "n/a"
}
{
    "process": "gptq",
    "layer": 24,
    "module": "self_attn.q_proj",
    "feat: in, out": "576, 576",
    "dtype: size": "f32: 1.3MB",
    "loss": "0.0001204479",
    "samples": "262144",
    "damp": "0.05000",
    "time": "0.454",
    "fwd_time": "1.622",
    "(v)ram": "n/a"
}
{
    "process": "gptq",
    "layer": 24,
    "module": "self_attn.v_proj",
    "feat: in, out": "576, 192",
    "dtype: size": "f32: 0.4MB",
    "loss": "0.0001317036",
    "samples": "262144",
    "damp": "0.05000",
    "time": "0.121",
    "fwd_time": "1.622",
    "(v)ram": "n/a"
}
{
    "process": "gptq",
    "layer": 24,
    "module": "self_attn.o_proj",
    "feat: in, out": "576, 576",
    "dtype: size": "f32: 1.3MB",
    "loss": "0.0004976224",
    "samples": "262144",
    "damp": "0.05000",
    "time": "0.175",
    "fwd_time": "4.760",
    "(v)ram": "n/a"
}
{
    "process": "gptq",
    "layer": 24,
    "module": "mlp.up_proj",
    "feat: in, out": "576, 1536",
    "dtype: size": "f32: 3.4MB",
    "loss": "0.0001461770",
    "samples": "262144",
    "damp": "0.05000",
    "time": "0.451",
    "fwd_time": "6.411",
    "(v)ram": "n/a"
}
{
    "process": "gptq",
    "layer": 24,
    "module": "mlp.gate_proj",
    "feat: in, out": "576, 1536",
    "dtype: size": "f32: 3.4MB",
    "loss": "0.0001120551",
    "samples": "262144",
    "damp": "0.05000",
    "time": "0.462",
    "fwd_time": "6.411",
    "(v)ram": "n/a"
}
{
    "process": "gptq",
    "layer": 24,
    "module": "mlp.down_proj",
    "feat: in, out": "1536, 576",
    "dtype: size": "f32: 3.4MB",
    "loss": "0.0014130537",
    "samples": "262144",
    "damp": "0.05000",
    "time": "0.432",
    "fwd_time": "9.973",
    "(v)ram": "n/a"
}
{
    "process": "gptq",
    "layer": 25,
    "module": "self_attn.k_proj",
    "feat: in, out": "576, 192",
    "dtype: size": "f32: 0.4MB",
    "loss": "0.0000243218",
    "samples": "262144",
    "damp": "0.05000",
    "time": "0.304",
    "fwd_time": "1.642",
    "(v)ram": "n/a"
}
{
    "process": "gptq",
    "layer": 25,
    "module": "self_attn.q_proj",
    "feat: in, out": "576, 576",
    "dtype: size": "f32: 1.3MB",
    "loss": "0.0000837269",
    "samples": "262144",
    "damp": "0.05000",
    "time": "0.340",
    "fwd_time": "1.642",
    "(v)ram": "n/a"
}
{
    "process": "gptq",
    "layer": 25,
    "module": "self_attn.v_proj",
    "feat: in, out": "576, 192",
    "dtype: size": "f32: 0.4MB",
    "loss": "0.0000497335",
    "samples": "262144",
    "damp": "0.05000",
    "time": "0.106",
    "fwd_time": "1.642",
    "(v)ram": "n/a"
}
{
    "process": "gptq",
    "layer": 25,
    "module": "self_attn.o_proj",
    "feat: in, out": "576, 576",
    "dtype: size": "f32: 1.3MB",
    "loss": "0.0001906628",
    "samples": "262144",
    "damp": "0.05000",
    "time": "0.145",
    "fwd_time": "4.799",
    "(v)ram": "n/a"
}
{
    "process": "gptq",
    "layer": 25,
    "module": "mlp.gate_proj",
    "feat: in, out": "576, 1536",
    "dtype: size": "f32: 3.4MB",
    "loss": "0.0001147677",
    "samples": "262144",
    "damp": "0.05000",
    "time": "0.507",
    "fwd_time": "7.373",
    "(v)ram": "n/a"
}
{
    "process": "gptq",
    "layer": 25,
    "module": "mlp.up_proj",
    "feat: in, out": "576, 1536",
    "dtype: size": "f32: 3.4MB",
    "loss": "0.0001454030",
    "samples": "262144",
    "damp": "0.05000",
    "time": "0.519",
    "fwd_time": "7.373",
    "(v)ram": "n/a"
}
{
    "process": "gptq",
    "layer": 25,
    "module": "mlp.down_proj",
    "feat: in, out": "1536, 576",
    "dtype: size": "f32: 3.4MB",
    "loss": "0.0010524578",
    "samples": "262144",
    "damp": "0.05000",
    "time": "0.406",
    "fwd_time": "10.419",
    "(v)ram": "n/a"
}
{
    "process": "gptq",
    "layer": 26,
    "module": "self_attn.k_proj",
    "feat: in, out": "576, 192",
    "dtype: size": "f32: 0.4MB",
    "loss": "0.0000227907",
    "samples": "262144",
    "damp": "0.05000",
    "time": "0.318",
    "fwd_time": "1.349",
    "(v)ram": "n/a"
}
{
    "process": "gptq",
    "layer": 26,
    "module": "self_attn.q_proj",
    "feat: in, out": "576, 576",
    "dtype: size": "f32: 1.3MB",
    "loss": "0.0000831390",
    "samples": "262144",
    "damp": "0.05000",
    "time": "0.354",
    "fwd_time": "1.349",
    "(v)ram": "n/a"
}
{
    "process": "gptq",
    "layer": 26,
    "module": "self_attn.v_proj",
    "feat: in, out": "576, 192",
    "dtype: size": "f32: 0.4MB",
    "loss": "0.0000704770",
    "samples": "262144",
    "damp": "0.05000",
    "time": "0.104",
    "fwd_time": "1.349",
    "(v)ram": "n/a"
}
{
    "process": "gptq",
    "layer": 26,
    "module": "self_attn.o_proj",
    "feat: in, out": "576, 576",
    "dtype: size": "f32: 1.3MB",
    "loss": "0.0003925598",
    "samples": "262144",
    "damp": "0.05000",
    "time": "0.133",
    "fwd_time": "4.905",
    "(v)ram": "n/a"
}
{
    "process": "gptq",
    "layer": 26,
    "module": "mlp.gate_proj",
    "feat: in, out": "576, 1536",
    "dtype: size": "f32: 3.4MB",
    "loss": "0.0001264997",
    "samples": "262144",
    "damp": "0.05000",
    "time": "0.498",
    "fwd_time": "6.862",
    "(v)ram": "n/a"
}
{
    "process": "gptq",
    "layer": 26,
    "module": "mlp.up_proj",
    "feat: in, out": "576, 1536",
    "dtype: size": "f32: 3.4MB",
    "loss": "0.0001618528",
    "samples": "262144",
    "damp": "0.05000",
    "time": "0.512",
    "fwd_time": "6.862",
    "(v)ram": "n/a"
}
{
    "process": "gptq",
    "layer": 26,
    "module": "mlp.down_proj",
    "feat: in, out": "1536, 576",
    "dtype: size": "f32: 3.4MB",
    "loss": "0.0014325019",
    "samples": "262144",
    "damp": "0.05000",
    "time": "0.410",
    "fwd_time": "10.447",
    "(v)ram": "n/a"
}
{
    "process": "gptq",
    "layer": 27,
    "module": "self_attn.k_proj",
    "feat: in, out": "576, 192",
    "dtype: size": "f32: 0.4MB",
    "loss": "0.0000222364",
    "samples": "262144",
    "damp": "0.05000",
    "time": "0.320",
    "fwd_time": "1.259",
    "(v)ram": "n/a"
}
{
    "process": "gptq",
    "layer": 27,
    "module": "self_attn.q_proj",
    "feat: in, out": "576, 576",
    "dtype: size": "f32: 1.3MB",
    "loss": "0.0000845298",
    "samples": "262144",
    "damp": "0.05000",
    "time": "0.384",
    "fwd_time": "1.259",
    "(v)ram": "n/a"
}
{
    "process": "gptq",
    "layer": 27,
    "module": "self_attn.v_proj",
    "feat: in, out": "576, 192",
    "dtype: size": "f32: 0.4MB",
    "loss": "0.0000561821",
    "samples": "262144",
    "damp": "0.05000",
    "time": "0.136",
    "fwd_time": "1.259",
    "(v)ram": "n/a"
}
{
    "process": "gptq",
    "layer": 27,
    "module": "self_attn.o_proj",
    "feat: in, out": "576, 576",
    "dtype: size": "f32: 1.3MB",
    "loss": "0.0004483063",
    "samples": "262144",
    "damp": "0.05000",
    "time": "0.139",
    "fwd_time": "4.763",
    "(v)ram": "n/a"
}
{
    "process": "gptq",
    "layer": 27,
    "module": "mlp.up_proj",
    "feat: in, out": "576, 1536",
    "dtype: size": "f32: 3.4MB",
    "loss": "0.0001603315",
    "samples": "262144",
    "damp": "0.05000",
    "time": "0.435",
    "fwd_time": "6.703",
    "(v)ram": "n/a"
}
{
    "process": "gptq",
    "layer": 27,
    "module": "mlp.gate_proj",
    "feat: in, out": "576, 1536",
    "dtype: size": "f32: 3.4MB",
    "loss": "0.0001231539",
    "samples": "262144",
    "damp": "0.05000",
    "time": "0.448",
    "fwd_time": "6.703",
    "(v)ram": "n/a"
}
{
    "process": "gptq",
    "layer": 27,
    "module": "mlp.down_proj",
    "feat: in, out": "1536, 576",
    "dtype: size": "f32: 3.4MB",
    "loss": "0.0020234603",
    "samples": "262144",
    "damp": "0.05000",
    "time": "0.404",
    "fwd_time": "10.808",
    "(v)ram": "n/a"
}
{
    "process": "gptq",
    "layer": 28,
    "module": "self_attn.k_proj",
    "feat: in, out": "576, 192",
    "dtype: size": "f32: 0.4MB",
    "loss": "0.0000197569",
    "samples": "262144",
    "damp": "0.05000",
    "time": "0.344",
    "fwd_time": "1.478",
    "(v)ram": "n/a"
}
{
    "process": "gptq",
    "layer": 28,
    "module": "self_attn.q_proj",
    "feat: in, out": "576, 576",
    "dtype: size": "f32: 1.3MB",
    "loss": "0.0000665409",
    "samples": "262144",
    "damp": "0.05000",
    "time": "0.395",
    "fwd_time": "1.478",
    "(v)ram": "n/a"
}
{
    "process": "gptq",
    "layer": 28,
    "module": "self_attn.v_proj",
    "feat: in, out": "576, 192",
    "dtype: size": "f32: 0.4MB",
    "loss": "0.0000703982",
    "samples": "262144",
    "damp": "0.05000",
    "time": "0.131",
    "fwd_time": "1.478",
    "(v)ram": "n/a"
}
{
    "process": "gptq",
    "layer": 28,
    "module": "self_attn.o_proj",
    "feat: in, out": "576, 576",
    "dtype: size": "f32: 1.3MB",
    "loss": "0.0004658150",
    "samples": "262144",
    "damp": "0.05000",
    "time": "0.124",
    "fwd_time": "4.613",
    "(v)ram": "n/a"
}
{
    "process": "gptq",
    "layer": 28,
    "module": "mlp.up_proj",
    "feat: in, out": "576, 1536",
    "dtype: size": "f32: 3.4MB",
    "loss": "0.0001785002",
    "samples": "262144",
    "damp": "0.05000",
    "time": "0.478",
    "fwd_time": "6.802",
    "(v)ram": "n/a"
}
{
    "process": "gptq",
    "layer": 28,
    "module": "mlp.gate_proj",
    "feat: in, out": "576, 1536",
    "dtype: size": "f32: 3.4MB",
    "loss": "0.0001274634",
    "samples": "262144",
    "damp": "0.05000",
    "time": "0.480",
    "fwd_time": "6.802",
    "(v)ram": "n/a"
}
{
    "process": "gptq",
    "layer": 28,
    "module": "mlp.down_proj",
    "feat: in, out": "1536, 576",
    "dtype: size": "f32: 3.4MB",
    "loss": "0.0108361235",
    "samples": "262144",
    "damp": "0.05000",
    "time": "0.522",
    "fwd_time": "10.561",
    "(v)ram": "n/a"
}
{
    "process": "gptq",
    "layer": 29,
    "module": "self_attn.k_proj",
    "feat: in, out": "576, 192",
    "dtype: size": "f32: 0.4MB",
    "loss": "0.0000183167",
    "samples": "262144",
    "damp": "0.05000",
    "time": "0.336",
    "fwd_time": "1.389",
    "(v)ram": "n/a"
}
{
    "process": "gptq",
    "layer": 29,
    "module": "self_attn.q_proj",
    "feat: in, out": "576, 576",
    "dtype: size": "f32: 1.3MB",
    "loss": "0.0000777219",
    "samples": "262144",
    "damp": "0.05000",
    "time": "0.370",
    "fwd_time": "1.389",
    "(v)ram": "n/a"
}
{
    "process": "gptq",
    "layer": 29,
    "module": "self_attn.v_proj",
    "feat: in, out": "576, 192",
    "dtype: size": "f32: 0.4MB",
    "loss": "0.0000820957",
    "samples": "262144",
    "damp": "0.05000",
    "time": "0.122",
    "fwd_time": "1.389",
    "(v)ram": "n/a"
}
{
    "process": "gptq",
    "layer": 29,
    "module": "self_attn.o_proj",
    "feat: in, out": "576, 576",
    "dtype: size": "f32: 1.3MB",
    "loss": "0.0012218889",
    "samples": "262144",
    "damp": "0.05000",
    "time": "0.188",
    "fwd_time": "4.941",
    "(v)ram": "n/a"
}
{
    "process": "gptq",
    "layer": 29,
    "module": "mlp.gate_proj",
    "feat: in, out": "576, 1536",
    "dtype: size": "f32: 3.4MB",
    "loss": "0.0002124623",
    "samples": "262144",
    "damp": "0.05000",
    "time": "0.493",
    "fwd_time": "7.849",
    "(v)ram": "n/a"
}
{
    "process": "gptq",
    "layer": 29,
    "module": "mlp.up_proj",
    "feat: in, out": "576, 1536",
    "dtype: size": "f32: 3.4MB",
    "loss": "0.0002924592",
    "samples": "262144",
    "damp": "0.05000",
    "time": "0.500",
    "fwd_time": "7.849",
    "(v)ram": "n/a"
}
{
    "process": "gptq",
    "layer": 29,
    "module": "mlp.down_proj",
    "feat: in, out": "1536, 576",
    "dtype: size": "f32: 3.4MB",
    "loss": "0.0212316364",
    "samples": "262144",
    "damp": "0.05000",
    "time": "0.477",
    "fwd_time": "11.118",
    "(v)ram": "n/a"
}
