{
    "process": "gptq",
    "layer": 0,
    "module": "self_attn.k_proj",
    "feat: in, out": "576, 192",
    "dtype: size": "f32: 0.4MB",
    "loss": "0.0000029675",
    "samples": "65536",
    "damp": "0.05000",
    "time": "0.401",
    "fwd_time": "0.566",
    "(v)ram": "n/a"
}
{
    "process": "gptq",
    "layer": 0,
    "module": "self_attn.q_proj",
    "feat: in, out": "576, 576",
    "dtype: size": "f32: 1.3MB",
    "loss": "0.0000047939",
    "samples": "65536",
    "damp": "0.05000",
    "time": "0.451",
    "fwd_time": "0.566",
    "(v)ram": "n/a"
}
{
    "process": "gptq",
    "layer": 0,
    "module": "self_attn.v_proj",
    "feat: in, out": "576, 192",
    "dtype: size": "f32: 0.4MB",
    "loss": "0.0000000354",
    "samples": "65536",
    "damp": "0.05000",
    "time": "0.113",
    "fwd_time": "0.566",
    "(v)ram": "n/a"
}
{
    "process": "gptq",
    "layer": 0,
    "module": "self_attn.o_proj",
    "feat: in, out": "576, 576",
    "dtype: size": "f32: 1.3MB",
    "loss": "0.0000000560",
    "samples": "65536",
    "damp": "0.05000",
    "time": "0.177",
    "fwd_time": "1.983",
    "(v)ram": "n/a"
}
{
    "process": "gptq",
    "layer": 0,
    "module": "mlp.gate_proj",
    "feat: in, out": "576, 1536",
    "dtype: size": "f32: 3.4MB",
    "loss": "0.0000225791",
    "samples": "65536",
    "damp": "0.05000",
    "time": "0.537",
    "fwd_time": "2.584",
    "(v)ram": "n/a"
}
{
    "process": "gptq",
    "layer": 0,
    "module": "mlp.up_proj",
    "feat: in, out": "576, 1536",
    "dtype: size": "f32: 3.4MB",
    "loss": "0.0000237584",
    "samples": "65536",
    "damp": "0.05000",
    "time": "0.545",
    "fwd_time": "2.584",
    "(v)ram": "n/a"
}
{
    "process": "gptq",
    "layer": 0,
    "module": "mlp.down_proj",
    "feat: in, out": "1536, 576",
    "dtype: size": "f32: 3.4MB",
    "loss": "0.0000943840",
    "samples": "65536",
    "damp": "0.05000",
    "time": "0.526",
    "fwd_time": "3.863",
    "(v)ram": "n/a"
}
{
    "process": "gptq",
    "layer": 1,
    "module": "self_attn.k_proj",
    "feat: in, out": "576, 192",
    "dtype: size": "f32: 0.4MB",
    "loss": "0.0000135073",
    "samples": "65536",
    "damp": "0.05000",
    "time": "0.339",
    "fwd_time": "0.664",
    "(v)ram": "n/a"
}
{
    "process": "gptq",
    "layer": 1,
    "module": "self_attn.q_proj",
    "feat: in, out": "576, 576",
    "dtype: size": "f32: 1.3MB",
    "loss": "0.0000307260",
    "samples": "65536",
    "damp": "0.05000",
    "time": "0.377",
    "fwd_time": "0.664",
    "(v)ram": "n/a"
}
{
    "process": "gptq",
    "layer": 1,
    "module": "self_attn.v_proj",
    "feat: in, out": "576, 192",
    "dtype: size": "f32: 0.4MB",
    "loss": "0.0000025624",
    "samples": "65536",
    "damp": "0.05000",
    "time": "0.127",
    "fwd_time": "0.664",
    "(v)ram": "n/a"
}
{
    "process": "gptq",
    "layer": 1,
    "module": "self_attn.o_proj",
    "feat: in, out": "576, 576",
    "dtype: size": "f32: 1.3MB",
    "loss": "0.0000152327",
    "samples": "65536",
    "damp": "0.05000",
    "time": "0.139",
    "fwd_time": "1.775",
    "(v)ram": "n/a"
}
{
    "process": "gptq",
    "layer": 1,
    "module": "mlp.gate_proj",
    "feat: in, out": "576, 1536",
    "dtype: size": "f32: 3.4MB",
    "loss": "0.0000348845",
    "samples": "65536",
    "damp": "0.05000",
    "time": "0.632",
    "fwd_time": "2.644",
    "(v)ram": "n/a"
}
{
    "process": "gptq",
    "layer": 1,
    "module": "mlp.up_proj",
    "feat: in, out": "576, 1536",
    "dtype: size": "f32: 3.4MB",
    "loss": "0.0000275621",
    "samples": "65536",
    "damp": "0.05000",
    "time": "0.640",
    "fwd_time": "2.644",
    "(v)ram": "n/a"
}
{
    "process": "gptq",
    "layer": 1,
    "module": "mlp.down_proj",
    "feat: in, out": "1536, 576",
    "dtype: size": "f32: 3.4MB",
    "loss": "0.0000345285",
    "samples": "65536",
    "damp": "0.05000",
    "time": "0.694",
    "fwd_time": "5.130",
    "(v)ram": "n/a"
}
{
    "process": "gptq",
    "layer": 2,
    "module": "self_attn.k_proj",
    "feat: in, out": "576, 192",
    "dtype: size": "f32: 0.4MB",
    "loss": "0.0000216509",
    "samples": "65536",
    "damp": "0.05000",
    "time": "0.426",
    "fwd_time": "0.885",
    "(v)ram": "n/a"
}
{
    "process": "gptq",
    "layer": 2,
    "module": "self_attn.q_proj",
    "feat: in, out": "576, 576",
    "dtype: size": "f32: 1.3MB",
    "loss": "0.0000502190",
    "samples": "65536",
    "damp": "0.05000",
    "time": "0.475",
    "fwd_time": "0.885",
    "(v)ram": "n/a"
}
{
    "process": "gptq",
    "layer": 2,
    "module": "self_attn.v_proj",
    "feat: in, out": "576, 192",
    "dtype: size": "f32: 0.4MB",
    "loss": "0.0000035140",
    "samples": "65536",
    "damp": "0.05000",
    "time": "0.153",
    "fwd_time": "0.885",
    "(v)ram": "n/a"
}
{
    "process": "gptq",
    "layer": 2,
    "module": "self_attn.o_proj",
    "feat: in, out": "576, 576",
    "dtype: size": "f32: 1.3MB",
    "loss": "0.0000092940",
    "samples": "65536",
    "damp": "0.05000",
    "time": "0.155",
    "fwd_time": "2.116",
    "(v)ram": "n/a"
}
{
    "process": "gptq",
    "layer": 2,
    "module": "mlp.gate_proj",
    "feat: in, out": "576, 1536",
    "dtype: size": "f32: 3.4MB",
    "loss": "0.0000430345",
    "samples": "65536",
    "damp": "0.05000",
    "time": "0.638",
    "fwd_time": "2.477",
    "(v)ram": "n/a"
}
{
    "process": "gptq",
    "layer": 2,
    "module": "mlp.up_proj",
    "feat: in, out": "576, 1536",
    "dtype: size": "f32: 3.4MB",
    "loss": "0.0000360246",
    "samples": "65536",
    "damp": "0.05000",
    "time": "0.649",
    "fwd_time": "2.477",
    "(v)ram": "n/a"
}
