{
    "process": "gptq",
    "layer": 0,
    "module": "self_attn.k_proj",
    "feat: in, out": "576, 192",
    "dtype: size": "f32: 0.4MB",
    "loss": "0.0000029675",
    "samples": "65536",
    "damp": "0.05000",
    "time": "0.415",
    "fwd_time": "0.435",
    "(v)ram": "n/a"
}
{
    "process": "gptq",
    "layer": 0,
    "module": "self_attn.q_proj",
    "feat: in, out": "576, 576",
    "dtype: size": "f32: 1.3MB",
    "loss": "0.0000047939",
    "samples": "65536",
    "damp": "0.05000",
    "time": "0.462",
    "fwd_time": "0.435",
    "(v)ram": "n/a"
}
{
    "process": "gptq",
    "layer": 0,
    "module": "self_attn.v_proj",
    "feat: in, out": "576, 192",
    "dtype: size": "f32: 0.4MB",
    "loss": "0.0000000354",
    "samples": "65536",
    "damp": "0.05000",
    "time": "0.176",
    "fwd_time": "0.435",
    "(v)ram": "n/a"
}
{
    "process": "gptq",
    "layer": 0,
    "module": "self_attn.o_proj",
    "feat: in, out": "576, 576",
    "dtype: size": "f32: 1.3MB",
    "loss": "0.0000000560",
    "samples": "65536",
    "damp": "0.05000",
    "time": "0.253",
    "fwd_time": "2.294",
    "(v)ram": "n/a"
}
{
    "process": "gptq",
    "layer": 0,
    "module": "mlp.up_proj",
    "feat: in, out": "576, 1536",
    "dtype: size": "f32: 3.4MB",
    "loss": "0.0000237584",
    "samples": "65536",
    "damp": "0.05000",
    "time": "0.893",
    "fwd_time": "3.230",
    "(v)ram": "n/a"
}
{
    "process": "gptq",
    "layer": 0,
    "module": "mlp.gate_proj",
    "feat: in, out": "576, 1536",
    "dtype: size": "f32: 3.4MB",
    "loss": "0.0000225791",
    "samples": "65536",
    "damp": "0.05000",
    "time": "0.941",
    "fwd_time": "3.230",
    "(v)ram": "n/a"
}
{
    "process": "gptq",
    "layer": 0,
    "module": "mlp.down_proj",
    "feat: in, out": "1536, 576",
    "dtype: size": "f32: 3.4MB",
    "loss": "0.0000943840",
    "samples": "65536",
    "damp": "0.05000",
    "time": "0.749",
    "fwd_time": "4.454",
    "(v)ram": "n/a"
}
{
    "process": "gptq",
    "layer": 1,
    "module": "self_attn.k_proj",
    "feat: in, out": "576, 192",
    "dtype: size": "f32: 0.4MB",
    "loss": "0.0000135073",
    "samples": "65536",
    "damp": "0.05000",
    "time": "0.443",
    "fwd_time": "0.847",
    "(v)ram": "n/a"
}
{
    "process": "gptq",
    "layer": 1,
    "module": "self_attn.q_proj",
    "feat: in, out": "576, 576",
    "dtype: size": "f32: 1.3MB",
    "loss": "0.0000307260",
    "samples": "65536",
    "damp": "0.05000",
    "time": "0.521",
    "fwd_time": "0.847",
    "(v)ram": "n/a"
}
{
    "process": "gptq",
    "layer": 1,
    "module": "self_attn.v_proj",
    "feat: in, out": "576, 192",
    "dtype: size": "f32: 0.4MB",
    "loss": "0.0000025624",
    "samples": "65536",
    "damp": "0.05000",
    "time": "0.158",
    "fwd_time": "0.847",
    "(v)ram": "n/a"
}
{
    "process": "gptq",
    "layer": 1,
    "module": "self_attn.o_proj",
    "feat: in, out": "576, 576",
    "dtype: size": "f32: 1.3MB",
    "loss": "0.0000152327",
    "samples": "65536",
    "damp": "0.05000",
    "time": "0.213",
    "fwd_time": "2.020",
    "(v)ram": "n/a"
}
{
    "process": "gptq",
    "layer": 1,
    "module": "mlp.up_proj",
    "feat: in, out": "576, 1536",
    "dtype: size": "f32: 3.4MB",
    "loss": "0.0000275621",
    "samples": "65536",
    "damp": "0.05000",
    "time": "0.608",
    "fwd_time": "2.859",
    "(v)ram": "n/a"
}
{
    "process": "gptq",
    "layer": 1,
    "module": "mlp.gate_proj",
    "feat: in, out": "576, 1536",
    "dtype: size": "f32: 3.4MB",
    "loss": "0.0000348845",
    "samples": "65536",
    "damp": "0.05000",
    "time": "0.618",
    "fwd_time": "2.859",
    "(v)ram": "n/a"
}
{
    "process": "gptq",
    "layer": 1,
    "module": "mlp.down_proj",
    "feat: in, out": "1536, 576",
    "dtype: size": "f32: 3.4MB",
    "loss": "0.0000345285",
    "samples": "65536",
    "damp": "0.05000",
    "time": "0.553",
    "fwd_time": "5.057",
    "(v)ram": "n/a"
}
{
    "process": "gptq",
    "layer": 2,
    "module": "self_attn.k_proj",
    "feat: in, out": "576, 192",
    "dtype: size": "f32: 0.4MB",
    "loss": "0.0000216509",
    "samples": "65536",
    "damp": "0.05000",
    "time": "0.444",
    "fwd_time": "1.159",
    "(v)ram": "n/a"
}
{
    "process": "gptq",
    "layer": 2,
    "module": "self_attn.q_proj",
    "feat: in, out": "576, 576",
    "dtype: size": "f32: 1.3MB",
    "loss": "0.0000502190",
    "samples": "65536",
    "damp": "0.05000",
    "time": "0.491",
    "fwd_time": "1.159",
    "(v)ram": "n/a"
}
{
    "process": "gptq",
    "layer": 2,
    "module": "self_attn.v_proj",
    "feat: in, out": "576, 192",
    "dtype: size": "f32: 0.4MB",
    "loss": "0.0000035140",
    "samples": "65536",
    "damp": "0.05000",
    "time": "0.150",
    "fwd_time": "1.159",
    "(v)ram": "n/a"
}
{
    "process": "gptq",
    "layer": 2,
    "module": "self_attn.o_proj",
    "feat: in, out": "576, 576",
    "dtype: size": "f32: 1.3MB",
    "loss": "0.0000092940",
    "samples": "65536",
    "damp": "0.05000",
    "time": "0.163",
    "fwd_time": "1.976",
    "(v)ram": "n/a"
}
{
    "process": "gptq",
    "layer": 2,
    "module": "mlp.up_proj",
    "feat: in, out": "576, 1536",
    "dtype: size": "f32: 3.4MB",
    "loss": "0.0000360246",
    "samples": "65536",
    "damp": "0.05000",
    "time": "0.570",
    "fwd_time": "3.021",
    "(v)ram": "n/a"
}
{
    "process": "gptq",
    "layer": 2,
    "module": "mlp.gate_proj",
    "feat: in, out": "576, 1536",
    "dtype: size": "f32: 3.4MB",
    "loss": "0.0000430345",
    "samples": "65536",
    "damp": "0.05000",
    "time": "0.576",
    "fwd_time": "3.021",
    "(v)ram": "n/a"
}
{
    "process": "gptq",
    "layer": 2,
    "module": "mlp.down_proj",
    "feat: in, out": "1536, 576",
    "dtype: size": "f32: 3.4MB",
    "loss": "0.0000721644",
    "samples": "65536",
    "damp": "0.05000",
    "time": "0.688",
    "fwd_time": "3.919",
    "(v)ram": "n/a"
}
{
    "process": "gptq",
    "layer": 3,
    "module": "self_attn.k_proj",
    "feat: in, out": "576, 192",
    "dtype: size": "f32: 0.4MB",
    "loss": "0.0000279286",
    "samples": "65536",
    "damp": "0.05000",
    "time": "0.315",
    "fwd_time": "0.653",
    "(v)ram": "n/a"
}
{
    "process": "gptq",
    "layer": 3,
    "module": "self_attn.q_proj",
    "feat: in, out": "576, 576",
    "dtype: size": "f32: 1.3MB",
    "loss": "0.0000702121",
    "samples": "65536",
    "damp": "0.05000",
    "time": "0.367",
    "fwd_time": "0.653",
    "(v)ram": "n/a"
}
{
    "process": "gptq",
    "layer": 3,
    "module": "self_attn.v_proj",
    "feat: in, out": "576, 192",
    "dtype: size": "f32: 0.4MB",
    "loss": "0.0000108907",
    "samples": "65536",
    "damp": "0.05000",
    "time": "0.105",
    "fwd_time": "0.653",
    "(v)ram": "n/a"
}
{
    "process": "gptq",
    "layer": 3,
    "module": "self_attn.o_proj",
    "feat: in, out": "576, 576",
    "dtype: size": "f32: 1.3MB",
    "loss": "0.0000142647",
    "samples": "65536",
    "damp": "0.05000",
    "time": "0.182",
    "fwd_time": "1.839",
    "(v)ram": "n/a"
}
{
    "process": "gptq",
    "layer": 3,
    "module": "mlp.gate_proj",
    "feat: in, out": "576, 1536",
    "dtype: size": "f32: 3.4MB",
    "loss": "0.0000449678",
    "samples": "65536",
    "damp": "0.05000",
    "time": "0.508",
    "fwd_time": "2.799",
    "(v)ram": "n/a"
}
{
    "process": "gptq",
    "layer": 3,
    "module": "mlp.up_proj",
    "feat: in, out": "576, 1536",
    "dtype: size": "f32: 3.4MB",
    "loss": "0.0000393206",
    "samples": "65536",
    "damp": "0.05000",
    "time": "0.513",
    "fwd_time": "2.799",
    "(v)ram": "n/a"
}
{
    "process": "gptq",
    "layer": 3,
    "module": "mlp.down_proj",
    "feat: in, out": "1536, 576",
    "dtype: size": "f32: 3.4MB",
    "loss": "0.0000499654",
    "samples": "65536",
    "damp": "0.05000",
    "time": "0.716",
    "fwd_time": "3.896",
    "(v)ram": "n/a"
}
{
    "process": "gptq",
    "layer": 4,
    "module": "self_attn.k_proj",
    "feat: in, out": "576, 192",
    "dtype: size": "f32: 0.4MB",
    "loss": "0.0000267241",
    "samples": "65536",
    "damp": "0.05000",
    "time": "0.377",
    "fwd_time": "0.734",
    "(v)ram": "n/a"
}
{
    "process": "gptq",
    "layer": 4,
    "module": "self_attn.q_proj",
    "feat: in, out": "576, 576",
    "dtype: size": "f32: 1.3MB",
    "loss": "0.0000640937",
    "samples": "65536",
    "damp": "0.05000",
    "time": "0.431",
    "fwd_time": "0.734",
    "(v)ram": "n/a"
}
{
    "process": "gptq",
    "layer": 4,
    "module": "self_attn.v_proj",
    "feat: in, out": "576, 192",
    "dtype: size": "f32: 0.4MB",
    "loss": "0.0000103553",
    "samples": "65536",
    "damp": "0.05000",
    "time": "0.134",
    "fwd_time": "0.734",
    "(v)ram": "n/a"
}
{
    "process": "gptq",
    "layer": 4,
    "module": "self_attn.o_proj",
    "feat: in, out": "576, 576",
    "dtype: size": "f32: 1.3MB",
    "loss": "0.0000162517",
    "samples": "65536",
    "damp": "0.05000",
    "time": "0.177",
    "fwd_time": "1.726",
    "(v)ram": "n/a"
}
{
    "process": "gptq",
    "layer": 4,
    "module": "mlp.gate_proj",
    "feat: in, out": "576, 1536",
    "dtype: size": "f32: 3.4MB",
    "loss": "0.0000568824",
    "samples": "65536",
    "damp": "0.05000",
    "time": "0.698",
    "fwd_time": "4.002",
    "(v)ram": "n/a"
}
{
    "process": "gptq",
    "layer": 4,
    "module": "mlp.up_proj",
    "feat: in, out": "576, 1536",
    "dtype: size": "f32: 3.4MB",
    "loss": "0.0000500317",
    "samples": "65536",
    "damp": "0.05000",
    "time": "0.721",
    "fwd_time": "4.002",
    "(v)ram": "n/a"
}
{
    "process": "gptq",
    "layer": 4,
    "module": "mlp.down_proj",
    "feat: in, out": "1536, 576",
    "dtype: size": "f32: 3.4MB",
    "loss": "0.0000655071",
    "samples": "65536",
    "damp": "0.05000",
    "time": "0.536",
    "fwd_time": "4.208",
    "(v)ram": "n/a"
}
{
    "process": "gptq",
    "layer": 5,
    "module": "self_attn.k_proj",
    "feat: in, out": "576, 192",
    "dtype: size": "f32: 0.4MB",
    "loss": "0.0000289049",
    "samples": "65536",
    "damp": "0.05000",
    "time": "0.398",
    "fwd_time": "0.977",
    "(v)ram": "n/a"
}
{
    "process": "gptq",
    "layer": 5,
    "module": "self_attn.q_proj",
    "feat: in, out": "576, 576",
    "dtype: size": "f32: 1.3MB",
    "loss": "0.0000672686",
    "samples": "65536",
    "damp": "0.05000",
    "time": "0.447",
    "fwd_time": "0.977",
    "(v)ram": "n/a"
}
{
    "process": "gptq",
    "layer": 5,
    "module": "self_attn.v_proj",
    "feat: in, out": "576, 192",
    "dtype: size": "f32: 0.4MB",
    "loss": "0.0000112734",
    "samples": "65536",
    "damp": "0.05000",
    "time": "0.145",
    "fwd_time": "0.977",
    "(v)ram": "n/a"
}
{
    "process": "gptq",
    "layer": 5,
    "module": "self_attn.o_proj",
    "feat: in, out": "576, 576",
    "dtype: size": "f32: 1.3MB",
    "loss": "0.0000159891",
    "samples": "65536",
    "damp": "0.05000",
    "time": "0.161",
    "fwd_time": "1.789",
    "(v)ram": "n/a"
}
{
    "process": "gptq",
    "layer": 5,
    "module": "mlp.up_proj",
    "feat: in, out": "576, 1536",
    "dtype: size": "f32: 3.4MB",
    "loss": "0.0000551387",
    "samples": "65536",
    "damp": "0.05000",
    "time": "0.527",
    "fwd_time": "2.601",
    "(v)ram": "n/a"
}
{
    "process": "gptq",
    "layer": 5,
    "module": "mlp.gate_proj",
    "feat: in, out": "576, 1536",
    "dtype: size": "f32: 3.4MB",
    "loss": "0.0000605207",
    "samples": "65536",
    "damp": "0.05000",
    "time": "0.541",
    "fwd_time": "2.601",
    "(v)ram": "n/a"
}
{
    "process": "gptq",
    "layer": 5,
    "module": "mlp.down_proj",
    "feat: in, out": "1536, 576",
    "dtype: size": "f32: 3.4MB",
    "loss": "0.0000748945",
    "samples": "65536",
    "damp": "0.05000",
    "time": "0.590",
    "fwd_time": "3.913",
    "(v)ram": "n/a"
}
{
    "process": "gptq",
    "layer": 6,
    "module": "self_attn.k_proj",
    "feat: in, out": "576, 192",
    "dtype: size": "f32: 0.4MB",
    "loss": "0.0000228476",
    "samples": "65536",
    "damp": "0.05000",
    "time": "0.405",
    "fwd_time": "0.916",
    "(v)ram": "n/a"
}
{
    "process": "gptq",
    "layer": 6,
    "module": "self_attn.q_proj",
    "feat: in, out": "576, 576",
    "dtype: size": "f32: 1.3MB",
    "loss": "0.0000557335",
    "samples": "65536",
    "damp": "0.05000",
    "time": "0.448",
    "fwd_time": "0.916",
    "(v)ram": "n/a"
}
{
    "process": "gptq",
    "layer": 6,
    "module": "self_attn.v_proj",
    "feat: in, out": "576, 192",
    "dtype: size": "f32: 0.4MB",
    "loss": "0.0000097758",
    "samples": "65536",
    "damp": "0.05000",
    "time": "0.123",
    "fwd_time": "0.916",
    "(v)ram": "n/a"
}
{
    "process": "gptq",
    "layer": 6,
    "module": "self_attn.o_proj",
    "feat: in, out": "576, 576",
    "dtype: size": "f32: 1.3MB",
    "loss": "0.0000149264",
    "samples": "65536",
    "damp": "0.05000",
    "time": "0.321",
    "fwd_time": "2.630",
    "(v)ram": "n/a"
}
{
    "process": "gptq",
    "layer": 6,
    "module": "mlp.gate_proj",
    "feat: in, out": "576, 1536",
    "dtype: size": "f32: 3.4MB",
    "loss": "0.0000597298",
    "samples": "65536",
    "damp": "0.05000",
    "time": "0.604",
    "fwd_time": "2.661",
    "(v)ram": "n/a"
}
{
    "process": "gptq",
    "layer": 6,
    "module": "mlp.up_proj",
    "feat: in, out": "576, 1536",
    "dtype: size": "f32: 3.4MB",
    "loss": "0.0000587067",
    "samples": "65536",
    "damp": "0.05000",
    "time": "0.617",
    "fwd_time": "2.661",
    "(v)ram": "n/a"
}
{
    "process": "gptq",
    "layer": 6,
    "module": "mlp.down_proj",
    "feat: in, out": "1536, 576",
    "dtype: size": "f32: 3.4MB",
    "loss": "0.0000933259",
    "samples": "65536",
    "damp": "0.05000",
    "time": "0.438",
    "fwd_time": "3.655",
    "(v)ram": "n/a"
}
{
    "process": "gptq",
    "layer": 7,
    "module": "self_attn.k_proj",
    "feat: in, out": "576, 192",
    "dtype: size": "f32: 0.4MB",
    "loss": "0.0000357856",
    "samples": "65536",
    "damp": "0.05000",
    "time": "0.351",
    "fwd_time": "0.727",
    "(v)ram": "n/a"
}
{
    "process": "gptq",
    "layer": 7,
    "module": "self_attn.q_proj",
    "feat: in, out": "576, 576",
    "dtype: size": "f32: 1.3MB",
    "loss": "0.0000966889",
    "samples": "65536",
    "damp": "0.05000",
    "time": "0.390",
    "fwd_time": "0.727",
    "(v)ram": "n/a"
}
{
    "process": "gptq",
    "layer": 7,
    "module": "self_attn.v_proj",
    "feat: in, out": "576, 192",
    "dtype: size": "f32: 0.4MB",
    "loss": "0.0000223930",
    "samples": "65536",
    "damp": "0.05000",
    "time": "0.096",
    "fwd_time": "0.727",
    "(v)ram": "n/a"
}
{
    "process": "gptq",
    "layer": 7,
    "module": "self_attn.o_proj",
    "feat: in, out": "576, 576",
    "dtype: size": "f32: 1.3MB",
    "loss": "0.0000131048",
    "samples": "65536",
    "damp": "0.05000",
    "time": "0.186",
    "fwd_time": "1.599",
    "(v)ram": "n/a"
}
{
    "process": "gptq",
    "layer": 7,
    "module": "mlp.gate_proj",
    "feat: in, out": "576, 1536",
    "dtype: size": "f32: 3.4MB",
    "loss": "0.0000617934",
    "samples": "65536",
    "damp": "0.05000",
    "time": "0.513",
    "fwd_time": "2.756",
    "(v)ram": "n/a"
}
{
    "process": "gptq",
    "layer": 7,
    "module": "mlp.up_proj",
    "feat: in, out": "576, 1536",
    "dtype: size": "f32: 3.4MB",
    "loss": "0.0000625277",
    "samples": "65536",
    "damp": "0.05000",
    "time": "0.518",
    "fwd_time": "2.756",
    "(v)ram": "n/a"
}
{
    "process": "gptq",
    "layer": 7,
    "module": "mlp.down_proj",
    "feat: in, out": "1536, 576",
    "dtype: size": "f32: 3.4MB",
    "loss": "0.0001101330",
    "samples": "65536",
    "damp": "0.05000",
    "time": "0.560",
    "fwd_time": "3.170",
    "(v)ram": "n/a"
}
{
    "process": "gptq",
    "layer": 8,
    "module": "self_attn.k_proj",
    "feat: in, out": "576, 192",
    "dtype: size": "f32: 0.4MB",
    "loss": "0.0000320758",
    "samples": "65536",
    "damp": "0.05000",
    "time": "0.391",
    "fwd_time": "0.627",
    "(v)ram": "n/a"
}
{
    "process": "gptq",
    "layer": 8,
    "module": "self_attn.q_proj",
    "feat: in, out": "576, 576",
    "dtype: size": "f32: 1.3MB",
    "loss": "0.0000823207",
    "samples": "65536",
    "damp": "0.05000",
    "time": "0.433",
    "fwd_time": "0.627",
    "(v)ram": "n/a"
}
{
    "process": "gptq",
    "layer": 8,
    "module": "self_attn.v_proj",
    "feat: in, out": "576, 192",
    "dtype: size": "f32: 0.4MB",
    "loss": "0.0000167904",
    "samples": "65536",
    "damp": "0.05000",
    "time": "0.118",
    "fwd_time": "0.627",
    "(v)ram": "n/a"
}
{
    "process": "gptq",
    "layer": 8,
    "module": "self_attn.o_proj",
    "feat: in, out": "576, 576",
    "dtype: size": "f32: 1.3MB",
    "loss": "0.0000206052",
    "samples": "65536",
    "damp": "0.05000",
    "time": "0.146",
    "fwd_time": "1.892",
    "(v)ram": "n/a"
}
{
    "process": "gptq",
    "layer": 8,
    "module": "mlp.up_proj",
    "feat: in, out": "576, 1536",
    "dtype: size": "f32: 3.4MB",
    "loss": "0.0000688254",
    "samples": "65536",
    "damp": "0.05000",
    "time": "0.651",
    "fwd_time": "3.010",
    "(v)ram": "n/a"
}
{
    "process": "gptq",
    "layer": 8,
    "module": "mlp.gate_proj",
    "feat: in, out": "576, 1536",
    "dtype: size": "f32: 3.4MB",
    "loss": "0.0000627845",
    "samples": "65536",
    "damp": "0.05000",
    "time": "0.657",
    "fwd_time": "3.010",
    "(v)ram": "n/a"
}
{
    "process": "gptq",
    "layer": 8,
    "module": "mlp.down_proj",
    "feat: in, out": "1536, 576",
    "dtype: size": "f32: 3.4MB",
    "loss": "0.0001436879",
    "samples": "65536",
    "damp": "0.05000",
    "time": "0.451",
    "fwd_time": "4.085",
    "(v)ram": "n/a"
}
{
    "process": "gptq",
    "layer": 9,
    "module": "self_attn.k_proj",
    "feat: in, out": "576, 192",
    "dtype: size": "f32: 0.4MB",
    "loss": "0.0000220463",
    "samples": "65536",
    "damp": "0.05000",
    "time": "0.451",
    "fwd_time": "0.839",
    "(v)ram": "n/a"
}
{
    "process": "gptq",
    "layer": 9,
    "module": "self_attn.q_proj",
    "feat: in, out": "576, 576",
    "dtype: size": "f32: 1.3MB",
    "loss": "0.0000610518",
    "samples": "65536",
    "damp": "0.05000",
    "time": "0.503",
    "fwd_time": "0.839",
    "(v)ram": "n/a"
}
{
    "process": "gptq",
    "layer": 9,
    "module": "self_attn.v_proj",
    "feat: in, out": "576, 192",
    "dtype: size": "f32: 0.4MB",
    "loss": "0.0000093708",
    "samples": "65536",
    "damp": "0.05000",
    "time": "0.136",
    "fwd_time": "0.839",
    "(v)ram": "n/a"
}
{
    "process": "gptq",
    "layer": 9,
    "module": "self_attn.o_proj",
    "feat: in, out": "576, 576",
    "dtype: size": "f32: 1.3MB",
    "loss": "0.0000280762",
    "samples": "65536",
    "damp": "0.05000",
    "time": "0.147",
    "fwd_time": "2.165",
    "(v)ram": "n/a"
}
{
    "process": "gptq",
    "layer": 9,
    "module": "mlp.up_proj",
    "feat: in, out": "576, 1536",
    "dtype: size": "f32: 3.4MB",
    "loss": "0.0000743002",
    "samples": "65536",
    "damp": "0.05000",
    "time": "0.578",
    "fwd_time": "2.779",
    "(v)ram": "n/a"
}
{
    "process": "gptq",
    "layer": 9,
    "module": "mlp.gate_proj",
    "feat: in, out": "576, 1536",
    "dtype: size": "f32: 3.4MB",
    "loss": "0.0000607808",
    "samples": "65536",
    "damp": "0.05000",
    "time": "0.590",
    "fwd_time": "2.779",
    "(v)ram": "n/a"
}
{
    "process": "gptq",
    "layer": 9,
    "module": "mlp.down_proj",
    "feat: in, out": "1536, 576",
    "dtype: size": "f32: 3.4MB",
    "loss": "0.0001748156",
    "samples": "65536",
    "damp": "0.05000",
    "time": "0.473",
    "fwd_time": "3.640",
    "(v)ram": "n/a"
}
{
    "process": "gptq",
    "layer": 10,
    "module": "self_attn.k_proj",
    "feat: in, out": "576, 192",
    "dtype: size": "f32: 0.4MB",
    "loss": "0.0000191425",
    "samples": "65536",
    "damp": "0.05000",
    "time": "0.421",
    "fwd_time": "0.894",
    "(v)ram": "n/a"
}
{
    "process": "gptq",
    "layer": 10,
    "module": "self_attn.q_proj",
    "feat: in, out": "576, 576",
    "dtype: size": "f32: 1.3MB",
    "loss": "0.0000545588",
    "samples": "65536",
    "damp": "0.05000",
    "time": "0.478",
    "fwd_time": "0.894",
    "(v)ram": "n/a"
}
{
    "process": "gptq",
    "layer": 10,
    "module": "self_attn.v_proj",
    "feat: in, out": "576, 192",
    "dtype: size": "f32: 0.4MB",
    "loss": "0.0000096486",
    "samples": "65536",
    "damp": "0.05000",
    "time": "0.122",
    "fwd_time": "0.894",
    "(v)ram": "n/a"
}
{
    "process": "gptq",
    "layer": 10,
    "module": "self_attn.o_proj",
    "feat: in, out": "576, 576",
    "dtype: size": "f32: 1.3MB",
    "loss": "0.0000516966",
    "samples": "65536",
    "damp": "0.05000",
    "time": "0.171",
    "fwd_time": "2.360",
    "(v)ram": "n/a"
}
{
    "process": "gptq",
    "layer": 10,
    "module": "mlp.up_proj",
    "feat: in, out": "576, 1536",
    "dtype: size": "f32: 3.4MB",
    "loss": "0.0000746169",
    "samples": "65536",
    "damp": "0.05000",
    "time": "0.732",
    "fwd_time": "2.719",
    "(v)ram": "n/a"
}
{
    "process": "gptq",
    "layer": 10,
    "module": "mlp.gate_proj",
    "feat: in, out": "576, 1536",
    "dtype: size": "f32: 3.4MB",
    "loss": "0.0000579088",
    "samples": "65536",
    "damp": "0.05000",
    "time": "0.742",
    "fwd_time": "2.719",
    "(v)ram": "n/a"
}
{
    "process": "gptq",
    "layer": 10,
    "module": "mlp.down_proj",
    "feat: in, out": "1536, 576",
    "dtype: size": "f32: 3.4MB",
    "loss": "0.0001595725",
    "samples": "65536",
    "damp": "0.05000",
    "time": "0.597",
    "fwd_time": "3.793",
    "(v)ram": "n/a"
}
{
    "process": "gptq",
    "layer": 11,
    "module": "self_attn.k_proj",
    "feat: in, out": "576, 192",
    "dtype: size": "f32: 0.4MB",
    "loss": "0.0000162553",
    "samples": "65536",
    "damp": "0.05000",
    "time": "0.348",
    "fwd_time": "0.703",
    "(v)ram": "n/a"
}
{
    "process": "gptq",
    "layer": 11,
    "module": "self_attn.q_proj",
    "feat: in, out": "576, 576",
    "dtype: size": "f32: 1.3MB",
    "loss": "0.0000484654",
    "samples": "65536",
    "damp": "0.05000",
    "time": "0.385",
    "fwd_time": "0.703",
    "(v)ram": "n/a"
}
{
    "process": "gptq",
    "layer": 11,
    "module": "self_attn.v_proj",
    "feat: in, out": "576, 192",
    "dtype: size": "f32: 0.4MB",
    "loss": "0.0000088811",
    "samples": "65536",
    "damp": "0.05000",
    "time": "0.103",
    "fwd_time": "0.703",
    "(v)ram": "n/a"
}
{
    "process": "gptq",
    "layer": 11,
    "module": "self_attn.o_proj",
    "feat: in, out": "576, 576",
    "dtype: size": "f32: 1.3MB",
    "loss": "0.0000668990",
    "samples": "65536",
    "damp": "0.05000",
    "time": "0.189",
    "fwd_time": "1.607",
    "(v)ram": "n/a"
}
{
    "process": "gptq",
    "layer": 11,
    "module": "mlp.up_proj",
    "feat: in, out": "576, 1536",
    "dtype: size": "f32: 3.4MB",
    "loss": "0.0000719516",
    "samples": "65536",
    "damp": "0.05000",
    "time": "0.567",
    "fwd_time": "2.864",
    "(v)ram": "n/a"
}
{
    "process": "gptq",
    "layer": 11,
    "module": "mlp.gate_proj",
    "feat: in, out": "576, 1536",
    "dtype: size": "f32: 3.4MB",
    "loss": "0.0000528808",
    "samples": "65536",
    "damp": "0.05000",
    "time": "0.579",
    "fwd_time": "2.864",
    "(v)ram": "n/a"
}
{
    "process": "gptq",
    "layer": 11,
    "module": "mlp.down_proj",
    "feat: in, out": "1536, 576",
    "dtype: size": "f32: 3.4MB",
    "loss": "0.0096649863",
    "samples": "65536",
    "damp": "0.05000",
    "time": "0.388",
    "fwd_time": "3.634",
    "(v)ram": "n/a"
}
{
    "process": "gptq",
    "layer": 12,
    "module": "self_attn.k_proj",
    "feat: in, out": "576, 192",
    "dtype: size": "f32: 0.4MB",
    "loss": "0.0000247815",
    "samples": "65536",
    "damp": "0.05000",
    "time": "0.389",
    "fwd_time": "0.855",
    "(v)ram": "n/a"
}
{
    "process": "gptq",
    "layer": 12,
    "module": "self_attn.q_proj",
    "feat: in, out": "576, 576",
    "dtype: size": "f32: 1.3MB",
    "loss": "0.0000695389",
    "samples": "65536",
    "damp": "0.05000",
    "time": "0.449",
    "fwd_time": "0.855",
    "(v)ram": "n/a"
}
{
    "process": "gptq",
    "layer": 12,
    "module": "self_attn.v_proj",
    "feat: in, out": "576, 192",
    "dtype: size": "f32: 0.4MB",
    "loss": "0.0000137204",
    "samples": "65536",
    "damp": "0.05000",
    "time": "0.123",
    "fwd_time": "0.855",
    "(v)ram": "n/a"
}
{
    "process": "gptq",
    "layer": 12,
    "module": "self_attn.o_proj",
    "feat: in, out": "576, 576",
    "dtype: size": "f32: 1.3MB",
    "loss": "0.0000445129",
    "samples": "65536",
    "damp": "0.05000",
    "time": "0.173",
    "fwd_time": "2.076",
    "(v)ram": "n/a"
}
{
    "process": "gptq",
    "layer": 12,
    "module": "mlp.gate_proj",
    "feat: in, out": "576, 1536",
    "dtype: size": "f32: 3.4MB",
    "loss": "0.0000507482",
    "samples": "65536",
    "damp": "0.05000",
    "time": "0.549",
    "fwd_time": "3.199",
    "(v)ram": "n/a"
}
{
    "process": "gptq",
    "layer": 12,
    "module": "mlp.up_proj",
    "feat: in, out": "576, 1536",
    "dtype: size": "f32: 3.4MB",
    "loss": "0.0000640093",
    "samples": "65536",
    "damp": "0.05000",
    "time": "0.568",
    "fwd_time": "3.199",
    "(v)ram": "n/a"
}
{
    "process": "gptq",
    "layer": 12,
    "module": "mlp.down_proj",
    "feat: in, out": "1536, 576",
    "dtype: size": "f32: 3.4MB",
    "loss": "0.0001297614",
    "samples": "65536",
    "damp": "0.05000",
    "time": "0.594",
    "fwd_time": "4.053",
    "(v)ram": "n/a"
}
{
    "process": "gptq",
    "layer": 13,
    "module": "self_attn.k_proj",
    "feat: in, out": "576, 192",
    "dtype: size": "f32: 0.4MB",
    "loss": "0.0000251682",
    "samples": "65536",
    "damp": "0.05000",
    "time": "0.339",
    "fwd_time": "0.911",
    "(v)ram": "n/a"
}
{
    "process": "gptq",
    "layer": 13,
    "module": "self_attn.q_proj",
    "feat: in, out": "576, 576",
    "dtype: size": "f32: 1.3MB",
    "loss": "0.0000723155",
    "samples": "65536",
    "damp": "0.05000",
    "time": "0.392",
    "fwd_time": "0.911",
    "(v)ram": "n/a"
}
{
    "process": "gptq",
    "layer": 13,
    "module": "self_attn.v_proj",
    "feat: in, out": "576, 192",
    "dtype: size": "f32: 0.4MB",
    "loss": "0.0000114739",
    "samples": "65536",
    "damp": "0.05000",
    "time": "0.153",
    "fwd_time": "0.911",
    "(v)ram": "n/a"
}
{
    "process": "gptq",
    "layer": 13,
    "module": "self_attn.o_proj",
    "feat: in, out": "576, 576",
    "dtype: size": "f32: 1.3MB",
    "loss": "0.0000539560",
    "samples": "65536",
    "damp": "0.05000",
    "time": "0.153",
    "fwd_time": "1.572",
    "(v)ram": "n/a"
}
{
    "process": "gptq",
    "layer": 13,
    "module": "mlp.up_proj",
    "feat: in, out": "576, 1536",
    "dtype: size": "f32: 3.4MB",
    "loss": "0.0000642391",
    "samples": "65536",
    "damp": "0.05000",
    "time": "0.634",
    "fwd_time": "3.000",
    "(v)ram": "n/a"
}
{
    "process": "gptq",
    "layer": 13,
    "module": "mlp.gate_proj",
    "feat: in, out": "576, 1536",
    "dtype: size": "f32: 3.4MB",
    "loss": "0.0000598357",
    "samples": "65536",
    "damp": "0.05000",
    "time": "0.647",
    "fwd_time": "3.000",
    "(v)ram": "n/a"
}
{
    "process": "gptq",
    "layer": 13,
    "module": "mlp.down_proj",
    "feat: in, out": "1536, 576",
    "dtype: size": "f32: 3.4MB",
    "loss": "0.0001313014",
    "samples": "65536",
    "damp": "0.05000",
    "time": "0.427",
    "fwd_time": "3.654",
    "(v)ram": "n/a"
}
{
    "process": "gptq",
    "layer": 14,
    "module": "self_attn.k_proj",
    "feat: in, out": "576, 192",
    "dtype: size": "f32: 0.4MB",
    "loss": "0.0000280098",
    "samples": "65536",
    "damp": "0.05000",
    "time": "0.377",
    "fwd_time": "0.771",
    "(v)ram": "n/a"
}
{
    "process": "gptq",
    "layer": 14,
    "module": "self_attn.q_proj",
    "feat: in, out": "576, 576",
    "dtype: size": "f32: 1.3MB",
    "loss": "0.0000760310",
    "samples": "65536",
    "damp": "0.05000",
    "time": "0.420",
    "fwd_time": "0.771",
    "(v)ram": "n/a"
}
{
    "process": "gptq",
    "layer": 14,
    "module": "self_attn.v_proj",
    "feat: in, out": "576, 192",
    "dtype: size": "f32: 0.4MB",
    "loss": "0.0000207530",
    "samples": "65536",
    "damp": "0.05000",
    "time": "0.127",
    "fwd_time": "0.771",
    "(v)ram": "n/a"
}
{
    "process": "gptq",
    "layer": 14,
    "module": "self_attn.o_proj",
    "feat: in, out": "576, 576",
    "dtype: size": "f32: 1.3MB",
    "loss": "0.0000524079",
    "samples": "65536",
    "damp": "0.05000",
    "time": "0.211",
    "fwd_time": "2.254",
    "(v)ram": "n/a"
}
{
    "process": "gptq",
    "layer": 14,
    "module": "mlp.gate_proj",
    "feat: in, out": "576, 1536",
    "dtype: size": "f32: 3.4MB",
    "loss": "0.0000615656",
    "samples": "65536",
    "damp": "0.05000",
    "time": "0.507",
    "fwd_time": "2.696",
    "(v)ram": "n/a"
}
{
    "process": "gptq",
    "layer": 14,
    "module": "mlp.up_proj",
    "feat: in, out": "576, 1536",
    "dtype: size": "f32: 3.4MB",
    "loss": "0.0000649250",
    "samples": "65536",
    "damp": "0.05000",
    "time": "0.516",
    "fwd_time": "2.696",
    "(v)ram": "n/a"
}
{
    "process": "gptq",
    "layer": 14,
    "module": "mlp.down_proj",
    "feat: in, out": "1536, 576",
    "dtype: size": "f32: 3.4MB",
    "loss": "0.0001556222",
    "samples": "65536",
    "damp": "0.05000",
    "time": "0.737",
    "fwd_time": "4.475",
    "(v)ram": "n/a"
}
{
    "process": "gptq",
    "layer": 15,
    "module": "self_attn.k_proj",
    "feat: in, out": "576, 192",
    "dtype: size": "f32: 0.4MB",
    "loss": "0.0000246876",
    "samples": "65536",
    "damp": "0.05000",
    "time": "0.342",
    "fwd_time": "0.669",
    "(v)ram": "n/a"
}
{
    "process": "gptq",
    "layer": 15,
    "module": "self_attn.q_proj",
    "feat: in, out": "576, 576",
    "dtype: size": "f32: 1.3MB",
    "loss": "0.0000707834",
    "samples": "65536",
    "damp": "0.05000",
    "time": "0.383",
    "fwd_time": "0.669",
    "(v)ram": "n/a"
}
{
    "process": "gptq",
    "layer": 15,
    "module": "self_attn.v_proj",
    "feat: in, out": "576, 192",
    "dtype: size": "f32: 0.4MB",
    "loss": "0.0000187155",
    "samples": "65536",
    "damp": "0.05000",
    "time": "0.115",
    "fwd_time": "0.669",
    "(v)ram": "n/a"
}
{
    "process": "gptq",
    "layer": 15,
    "module": "self_attn.o_proj",
    "feat: in, out": "576, 576",
    "dtype: size": "f32: 1.3MB",
    "loss": "0.0000503500",
    "samples": "65536",
    "damp": "0.05000",
    "time": "0.233",
    "fwd_time": "2.422",
    "(v)ram": "n/a"
}
{
    "process": "gptq",
    "layer": 15,
    "module": "mlp.up_proj",
    "feat: in, out": "576, 1536",
    "dtype: size": "f32: 3.4MB",
    "loss": "0.0000649481",
    "samples": "65536",
    "damp": "0.05000",
    "time": "0.653",
    "fwd_time": "3.243",
    "(v)ram": "n/a"
}
{
    "process": "gptq",
    "layer": 15,
    "module": "mlp.gate_proj",
    "feat: in, out": "576, 1536",
    "dtype: size": "f32: 3.4MB",
    "loss": "0.0000652860",
    "samples": "65536",
    "damp": "0.05000",
    "time": "0.659",
    "fwd_time": "3.243",
    "(v)ram": "n/a"
}
{
    "process": "gptq",
    "layer": 15,
    "module": "mlp.down_proj",
    "feat: in, out": "1536, 576",
    "dtype: size": "f32: 3.4MB",
    "loss": "0.0001746176",
    "samples": "65536",
    "damp": "0.05000",
    "time": "0.706",
    "fwd_time": "4.772",
    "(v)ram": "n/a"
}
{
    "process": "gptq",
    "layer": 16,
    "module": "self_attn.k_proj",
    "feat: in, out": "576, 192",
    "dtype: size": "f32: 0.4MB",
    "loss": "0.0000227602",
    "samples": "65536",
    "damp": "0.05000",
    "time": "0.384",
    "fwd_time": "0.922",
    "(v)ram": "n/a"
}
{
    "process": "gptq",
    "layer": 16,
    "module": "self_attn.q_proj",
    "feat: in, out": "576, 576",
    "dtype: size": "f32: 1.3MB",
    "loss": "0.0000621349",
    "samples": "65536",
    "damp": "0.05000",
    "time": "0.425",
    "fwd_time": "0.922",
    "(v)ram": "n/a"
}
{
    "process": "gptq",
    "layer": 16,
    "module": "self_attn.v_proj",
    "feat: in, out": "576, 192",
    "dtype: size": "f32: 0.4MB",
    "loss": "0.0000158426",
    "samples": "65536",
    "damp": "0.05000",
    "time": "0.133",
    "fwd_time": "0.922",
    "(v)ram": "n/a"
}
{
    "process": "gptq",
    "layer": 16,
    "module": "self_attn.o_proj",
    "feat: in, out": "576, 576",
    "dtype: size": "f32: 1.3MB",
    "loss": "0.0001041144",
    "samples": "65536",
    "damp": "0.05000",
    "time": "0.232",
    "fwd_time": "2.300",
    "(v)ram": "n/a"
}
{
    "process": "gptq",
    "layer": 16,
    "module": "mlp.up_proj",
    "feat: in, out": "576, 1536",
    "dtype: size": "f32: 3.4MB",
    "loss": "0.0000638257",
    "samples": "65536",
    "damp": "0.05000",
    "time": "0.676",
    "fwd_time": "3.146",
    "(v)ram": "n/a"
}
{
    "process": "gptq",
    "layer": 16,
    "module": "mlp.gate_proj",
    "feat: in, out": "576, 1536",
    "dtype: size": "f32: 3.4MB",
    "loss": "0.0000610736",
    "samples": "65536",
    "damp": "0.05000",
    "time": "0.688",
    "fwd_time": "3.146",
    "(v)ram": "n/a"
}
{
    "process": "gptq",
    "layer": 16,
    "module": "mlp.down_proj",
    "feat: in, out": "1536, 576",
    "dtype: size": "f32: 3.4MB",
    "loss": "0.0001728912",
    "samples": "65536",
    "damp": "0.05000",
    "time": "0.652",
    "fwd_time": "4.321",
    "(v)ram": "n/a"
}
{
    "process": "gptq",
    "layer": 17,
    "module": "self_attn.k_proj",
    "feat: in, out": "576, 192",
    "dtype: size": "f32: 0.4MB",
    "loss": "0.0000330216",
    "samples": "65536",
    "damp": "0.05000",
    "time": "0.477",
    "fwd_time": "1.133",
    "(v)ram": "n/a"
}
{
    "process": "gptq",
    "layer": 17,
    "module": "self_attn.q_proj",
    "feat: in, out": "576, 576",
    "dtype: size": "f32: 1.3MB",
    "loss": "0.0001129509",
    "samples": "65536",
    "damp": "0.05000",
    "time": "0.557",
    "fwd_time": "1.133",
    "(v)ram": "n/a"
}
{
    "process": "gptq",
    "layer": 17,
    "module": "self_attn.v_proj",
    "feat: in, out": "576, 192",
    "dtype: size": "f32: 0.4MB",
    "loss": "0.0000276806",
    "samples": "65536",
    "damp": "0.05000",
    "time": "0.188",
    "fwd_time": "1.133",
    "(v)ram": "n/a"
}
{
    "process": "gptq",
    "layer": 17,
    "module": "self_attn.o_proj",
    "feat: in, out": "576, 576",
    "dtype: size": "f32: 1.3MB",
    "loss": "0.0000785524",
    "samples": "65536",
    "damp": "0.05000",
    "time": "0.191",
    "fwd_time": "2.633",
    "(v)ram": "n/a"
}
{
    "process": "gptq",
    "layer": 17,
    "module": "mlp.up_proj",
    "feat: in, out": "576, 1536",
    "dtype: size": "f32: 3.4MB",
    "loss": "0.0000643639",
    "samples": "65536",
    "damp": "0.05000",
    "time": "0.719",
    "fwd_time": "3.498",
    "(v)ram": "n/a"
}
{
    "process": "gptq",
    "layer": 17,
    "module": "mlp.gate_proj",
    "feat: in, out": "576, 1536",
    "dtype: size": "f32: 3.4MB",
    "loss": "0.0000578813",
    "samples": "65536",
    "damp": "0.05000",
    "time": "0.729",
    "fwd_time": "3.498",
    "(v)ram": "n/a"
}
{
    "process": "gptq",
    "layer": 17,
    "module": "mlp.down_proj",
    "feat: in, out": "1536, 576",
    "dtype: size": "f32: 3.4MB",
    "loss": "0.0001898811",
    "samples": "65536",
    "damp": "0.05000",
    "time": "0.691",
    "fwd_time": "4.266",
    "(v)ram": "n/a"
}
{
    "process": "gptq",
    "layer": 18,
    "module": "self_attn.k_proj",
    "feat: in, out": "576, 192",
    "dtype: size": "f32: 0.4MB",
    "loss": "0.0000356332",
    "samples": "65536",
    "damp": "0.05000",
    "time": "0.418",
    "fwd_time": "1.033",
    "(v)ram": "n/a"
}
{
    "process": "gptq",
    "layer": 18,
    "module": "self_attn.q_proj",
    "feat: in, out": "576, 576",
    "dtype: size": "f32: 1.3MB",
    "loss": "0.0001128374",
    "samples": "65536",
    "damp": "0.05000",
    "time": "0.506",
    "fwd_time": "1.033",
    "(v)ram": "n/a"
}
{
    "process": "gptq",
    "layer": 18,
    "module": "self_attn.v_proj",
    "feat: in, out": "576, 192",
    "dtype: size": "f32: 0.4MB",
    "loss": "0.0000434113",
    "samples": "65536",
    "damp": "0.05000",
    "time": "0.129",
    "fwd_time": "1.033",
    "(v)ram": "n/a"
}
{
    "process": "gptq",
    "layer": 18,
    "module": "self_attn.o_proj",
    "feat: in, out": "576, 576",
    "dtype: size": "f32: 1.3MB",
    "loss": "0.0000820926",
    "samples": "65536",
    "damp": "0.05000",
    "time": "0.282",
    "fwd_time": "2.060",
    "(v)ram": "n/a"
}
{
    "process": "gptq",
    "layer": 18,
    "module": "mlp.gate_proj",
    "feat: in, out": "576, 1536",
    "dtype: size": "f32: 3.4MB",
    "loss": "0.0000656052",
    "samples": "65536",
    "damp": "0.05000",
    "time": "0.676",
    "fwd_time": "4.099",
    "(v)ram": "n/a"
}
{
    "process": "gptq",
    "layer": 18,
    "module": "mlp.up_proj",
    "feat: in, out": "576, 1536",
    "dtype: size": "f32: 3.4MB",
    "loss": "0.0000698106",
    "samples": "65536",
    "damp": "0.05000",
    "time": "0.686",
    "fwd_time": "4.099",
    "(v)ram": "n/a"
}
{
    "process": "gptq",
    "layer": 18,
    "module": "mlp.down_proj",
    "feat: in, out": "1536, 576",
    "dtype: size": "f32: 3.4MB",
    "loss": "0.0003556145",
    "samples": "65536",
    "damp": "0.05000",
    "time": "0.735",
    "fwd_time": "3.639",
    "(v)ram": "n/a"
}
{
    "process": "gptq",
    "layer": 19,
    "module": "self_attn.k_proj",
    "feat: in, out": "576, 192",
    "dtype: size": "f32: 0.4MB",
    "loss": "0.0000186754",
    "samples": "65536",
    "damp": "0.05000",
    "time": "0.369",
    "fwd_time": "0.801",
    "(v)ram": "n/a"
}
{
    "process": "gptq",
    "layer": 19,
    "module": "self_attn.q_proj",
    "feat: in, out": "576, 576",
    "dtype: size": "f32: 1.3MB",
    "loss": "0.0000812027",
    "samples": "65536",
    "damp": "0.05000",
    "time": "0.414",
    "fwd_time": "0.801",
    "(v)ram": "n/a"
}
{
    "process": "gptq",
    "layer": 19,
    "module": "self_attn.v_proj",
    "feat: in, out": "576, 192",
    "dtype: size": "f32: 0.4MB",
    "loss": "0.0000304448",
    "samples": "65536",
    "damp": "0.05000",
    "time": "0.178",
    "fwd_time": "0.801",
    "(v)ram": "n/a"
}
{
    "process": "gptq",
    "layer": 19,
    "module": "self_attn.o_proj",
    "feat: in, out": "576, 576",
    "dtype: size": "f32: 1.3MB",
    "loss": "0.0001451005",
    "samples": "65536",
    "damp": "0.05000",
    "time": "0.159",
    "fwd_time": "2.295",
    "(v)ram": "n/a"
}
{
    "process": "gptq",
    "layer": 19,
    "module": "mlp.gate_proj",
    "feat: in, out": "576, 1536",
    "dtype: size": "f32: 3.4MB",
    "loss": "0.0000807589",
    "samples": "65536",
    "damp": "0.05000",
    "time": "0.482",
    "fwd_time": "2.663",
    "(v)ram": "n/a"
}
{
    "process": "gptq",
    "layer": 19,
    "module": "mlp.up_proj",
    "feat: in, out": "576, 1536",
    "dtype: size": "f32: 3.4MB",
    "loss": "0.0000848139",
    "samples": "65536",
    "damp": "0.05000",
    "time": "0.485",
    "fwd_time": "2.663",
    "(v)ram": "n/a"
}
{
    "process": "gptq",
    "layer": 19,
    "module": "mlp.down_proj",
    "feat: in, out": "1536, 576",
    "dtype: size": "f32: 3.4MB",
    "loss": "0.0003828540",
    "samples": "65536",
    "damp": "0.05000",
    "time": "0.564",
    "fwd_time": "3.977",
    "(v)ram": "n/a"
}
{
    "process": "gptq",
    "layer": 20,
    "module": "self_attn.k_proj",
    "feat: in, out": "576, 192",
    "dtype: size": "f32: 0.4MB",
    "loss": "0.0000234252",
    "samples": "65536",
    "damp": "0.05000",
    "time": "0.426",
    "fwd_time": "0.924",
    "(v)ram": "n/a"
}
{
    "process": "gptq",
    "layer": 20,
    "module": "self_attn.q_proj",
    "feat: in, out": "576, 576",
    "dtype: size": "f32: 1.3MB",
    "loss": "0.0000850756",
    "samples": "65536",
    "damp": "0.05000",
    "time": "0.466",
    "fwd_time": "0.924",
    "(v)ram": "n/a"
}
{
    "process": "gptq",
    "layer": 20,
    "module": "self_attn.v_proj",
    "feat: in, out": "576, 192",
    "dtype: size": "f32: 0.4MB",
    "loss": "0.0000490863",
    "samples": "65536",
    "damp": "0.05000",
    "time": "0.117",
    "fwd_time": "0.924",
    "(v)ram": "n/a"
}
{
    "process": "gptq",
    "layer": 20,
    "module": "self_attn.o_proj",
    "feat: in, out": "576, 576",
    "dtype: size": "f32: 1.3MB",
    "loss": "0.0001102366",
    "samples": "65536",
    "damp": "0.05000",
    "time": "0.202",
    "fwd_time": "2.306",
    "(v)ram": "n/a"
}
{
    "process": "gptq",
    "layer": 20,
    "module": "mlp.gate_proj",
    "feat: in, out": "576, 1536",
    "dtype: size": "f32: 3.4MB",
    "loss": "0.0000837846",
    "samples": "65536",
    "damp": "0.05000",
    "time": "0.684",
    "fwd_time": "3.524",
    "(v)ram": "n/a"
}
{
    "process": "gptq",
    "layer": 20,
    "module": "mlp.up_proj",
    "feat: in, out": "576, 1536",
    "dtype: size": "f32: 3.4MB",
    "loss": "0.0000955664",
    "samples": "65536",
    "damp": "0.05000",
    "time": "0.693",
    "fwd_time": "3.524",
    "(v)ram": "n/a"
}
{
    "process": "gptq",
    "layer": 20,
    "module": "mlp.down_proj",
    "feat: in, out": "1536, 576",
    "dtype: size": "f32: 3.4MB",
    "loss": "0.0007132353",
    "samples": "65536",
    "damp": "0.05000",
    "time": "0.587",
    "fwd_time": "4.255",
    "(v)ram": "n/a"
}
{
    "process": "gptq",
    "layer": 21,
    "module": "self_attn.k_proj",
    "feat: in, out": "576, 192",
    "dtype: size": "f32: 0.4MB",
    "loss": "0.0000224656",
    "samples": "65536",
    "damp": "0.05000",
    "time": "0.357",
    "fwd_time": "0.972",
    "(v)ram": "n/a"
}
{
    "process": "gptq",
    "layer": 21,
    "module": "self_attn.q_proj",
    "feat: in, out": "576, 576",
    "dtype: size": "f32: 1.3MB",
    "loss": "0.0000784418",
    "samples": "65536",
    "damp": "0.05000",
    "time": "0.399",
    "fwd_time": "0.972",
    "(v)ram": "n/a"
}
{
    "process": "gptq",
    "layer": 21,
    "module": "self_attn.v_proj",
    "feat: in, out": "576, 192",
    "dtype: size": "f32: 0.4MB",
    "loss": "0.0000358375",
    "samples": "65536",
    "damp": "0.05000",
    "time": "0.126",
    "fwd_time": "0.972",
    "(v)ram": "n/a"
}
{
    "process": "gptq",
    "layer": 21,
    "module": "self_attn.o_proj",
    "feat: in, out": "576, 576",
    "dtype: size": "f32: 1.3MB",
    "loss": "0.0001326409",
    "samples": "65536",
    "damp": "0.05000",
    "time": "0.176",
    "fwd_time": "1.725",
    "(v)ram": "n/a"
}
{
    "process": "gptq",
    "layer": 21,
    "module": "mlp.gate_proj",
    "feat: in, out": "576, 1536",
    "dtype: size": "f32: 3.4MB",
    "loss": "0.0000976766",
    "samples": "65536",
    "damp": "0.05000",
    "time": "0.561",
    "fwd_time": "3.132",
    "(v)ram": "n/a"
}
{
    "process": "gptq",
    "layer": 21,
    "module": "mlp.up_proj",
    "feat: in, out": "576, 1536",
    "dtype: size": "f32: 3.4MB",
    "loss": "0.0001073658",
    "samples": "65536",
    "damp": "0.05000",
    "time": "0.569",
    "fwd_time": "3.132",
    "(v)ram": "n/a"
}
{
    "process": "gptq",
    "layer": 21,
    "module": "mlp.down_proj",
    "feat: in, out": "1536, 576",
    "dtype: size": "f32: 3.4MB",
    "loss": "0.0006014777",
    "samples": "65536",
    "damp": "0.05000",
    "time": "0.597",
    "fwd_time": "3.897",
    "(v)ram": "n/a"
}
{
    "process": "gptq",
    "layer": 22,
    "module": "self_attn.k_proj",
    "feat: in, out": "576, 192",
    "dtype: size": "f32: 0.4MB",
    "loss": "0.0000224173",
    "samples": "65536",
    "damp": "0.05000",
    "time": "0.472",
    "fwd_time": "0.899",
    "(v)ram": "n/a"
}
{
    "process": "gptq",
    "layer": 22,
    "module": "self_attn.q_proj",
    "feat: in, out": "576, 576",
    "dtype: size": "f32: 1.3MB",
    "loss": "0.0000789176",
    "samples": "65536",
    "damp": "0.05000",
    "time": "0.542",
    "fwd_time": "0.899",
    "(v)ram": "n/a"
}
{
    "process": "gptq",
    "layer": 22,
    "module": "self_attn.v_proj",
    "feat: in, out": "576, 192",
    "dtype: size": "f32: 0.4MB",
    "loss": "0.0000384544",
    "samples": "65536",
    "damp": "0.05000",
    "time": "0.160",
    "fwd_time": "0.899",
    "(v)ram": "n/a"
}
{
    "process": "gptq",
    "layer": 22,
    "module": "self_attn.o_proj",
    "feat: in, out": "576, 576",
    "dtype: size": "f32: 1.3MB",
    "loss": "0.0001861816",
    "samples": "65536",
    "damp": "0.05000",
    "time": "0.157",
    "fwd_time": "1.878",
    "(v)ram": "n/a"
}
{
    "process": "gptq",
    "layer": 22,
    "module": "mlp.up_proj",
    "feat: in, out": "576, 1536",
    "dtype: size": "f32: 3.4MB",
    "loss": "0.0001236287",
    "samples": "65536",
    "damp": "0.05000",
    "time": "0.527",
    "fwd_time": "2.785",
    "(v)ram": "n/a"
}
{
    "process": "gptq",
    "layer": 22,
    "module": "mlp.gate_proj",
    "feat: in, out": "576, 1536",
    "dtype: size": "f32: 3.4MB",
    "loss": "0.0001076775",
    "samples": "65536",
    "damp": "0.05000",
    "time": "0.533",
    "fwd_time": "2.785",
    "(v)ram": "n/a"
}
{
    "process": "gptq",
    "layer": 22,
    "module": "mlp.down_proj",
    "feat: in, out": "1536, 576",
    "dtype: size": "f32: 3.4MB",
    "loss": "0.0010104333",
    "samples": "65536",
    "damp": "0.05000",
    "time": "0.459",
    "fwd_time": "3.198",
    "(v)ram": "n/a"
}
{
    "process": "gptq",
    "layer": 23,
    "module": "self_attn.k_proj",
    "feat: in, out": "576, 192",
    "dtype: size": "f32: 0.4MB",
    "loss": "0.0000348196",
    "samples": "65536",
    "damp": "0.05000",
    "time": "0.331",
    "fwd_time": "0.592",
    "(v)ram": "n/a"
}
{
    "process": "gptq",
    "layer": 23,
    "module": "self_attn.q_proj",
    "feat: in, out": "576, 576",
    "dtype: size": "f32: 1.3MB",
    "loss": "0.0001172702",
    "samples": "65536",
    "damp": "0.05000",
    "time": "0.396",
    "fwd_time": "0.592",
    "(v)ram": "n/a"
}
{
    "process": "gptq",
    "layer": 23,
    "module": "self_attn.v_proj",
    "feat: in, out": "576, 192",
    "dtype: size": "f32: 0.4MB",
    "loss": "0.0001216013",
    "samples": "65536",
    "damp": "0.05000",
    "time": "0.108",
    "fwd_time": "0.592",
    "(v)ram": "n/a"
}
{
    "process": "gptq",
    "layer": 23,
    "module": "self_attn.o_proj",
    "feat: in, out": "576, 576",
    "dtype: size": "f32: 1.3MB",
    "loss": "0.0003896523",
    "samples": "65536",
    "damp": "0.05000",
    "time": "0.204",
    "fwd_time": "1.774",
    "(v)ram": "n/a"
}
{
    "process": "gptq",
    "layer": 23,
    "module": "mlp.gate_proj",
    "feat: in, out": "576, 1536",
    "dtype: size": "f32: 3.4MB",
    "loss": "0.0001163299",
    "samples": "65536",
    "damp": "0.05000",
    "time": "0.578",
    "fwd_time": "3.013",
    "(v)ram": "n/a"
}
{
    "process": "gptq",
    "layer": 23,
    "module": "mlp.up_proj",
    "feat: in, out": "576, 1536",
    "dtype: size": "f32: 3.4MB",
    "loss": "0.0001507159",
    "samples": "65536",
    "damp": "0.05000",
    "time": "0.583",
    "fwd_time": "3.013",
    "(v)ram": "n/a"
}
{
    "process": "gptq",
    "layer": 23,
    "module": "mlp.down_proj",
    "feat: in, out": "1536, 576",
    "dtype: size": "f32: 3.4MB",
    "loss": "0.0013070346",
    "samples": "65536",
    "damp": "0.05000",
    "time": "0.441",
    "fwd_time": "3.874",
    "(v)ram": "n/a"
}
{
    "process": "gptq",
    "layer": 24,
    "module": "self_attn.k_proj",
    "feat: in, out": "576, 192",
    "dtype: size": "f32: 0.4MB",
    "loss": "0.0000279009",
    "samples": "65536",
    "damp": "0.05000",
    "time": "0.456",
    "fwd_time": "0.855",
    "(v)ram": "n/a"
}
{
    "process": "gptq",
    "layer": 24,
    "module": "self_attn.q_proj",
    "feat: in, out": "576, 576",
    "dtype: size": "f32: 1.3MB",
    "loss": "0.0001121806",
    "samples": "65536",
    "damp": "0.05000",
    "time": "0.510",
    "fwd_time": "0.855",
    "(v)ram": "n/a"
}
{
    "process": "gptq",
    "layer": 24,
    "module": "self_attn.v_proj",
    "feat: in, out": "576, 192",
    "dtype: size": "f32: 0.4MB",
    "loss": "0.0001199505",
    "samples": "65536",
    "damp": "0.05000",
    "time": "0.165",
    "fwd_time": "0.855",
    "(v)ram": "n/a"
}
{
    "process": "gptq",
    "layer": 24,
    "module": "self_attn.o_proj",
    "feat: in, out": "576, 576",
    "dtype: size": "f32: 1.3MB",
    "loss": "0.0002972379",
    "samples": "65536",
    "damp": "0.05000",
    "time": "0.248",
    "fwd_time": "2.345",
    "(v)ram": "n/a"
}
{
    "process": "gptq",
    "layer": 24,
    "module": "mlp.gate_proj",
    "feat: in, out": "576, 1536",
    "dtype: size": "f32: 3.4MB",
    "loss": "0.0001194392",
    "samples": "65536",
    "damp": "0.05000",
    "time": "0.591",
    "fwd_time": "3.551",
    "(v)ram": "n/a"
}
{
    "process": "gptq",
    "layer": 24,
    "module": "mlp.up_proj",
    "feat: in, out": "576, 1536",
    "dtype: size": "f32: 3.4MB",
    "loss": "0.0001563120",
    "samples": "65536",
    "damp": "0.05000",
    "time": "0.600",
    "fwd_time": "3.551",
    "(v)ram": "n/a"
}
{
    "process": "gptq",
    "layer": 24,
    "module": "mlp.down_proj",
    "feat: in, out": "1536, 576",
    "dtype: size": "f32: 3.4MB",
    "loss": "0.0017625848",
    "samples": "65536",
    "damp": "0.05000",
    "time": "0.705",
    "fwd_time": "4.794",
    "(v)ram": "n/a"
}
{
    "process": "gptq",
    "layer": 25,
    "module": "self_attn.k_proj",
    "feat: in, out": "576, 192",
    "dtype: size": "f32: 0.4MB",
    "loss": "0.0000257221",
    "samples": "65536",
    "damp": "0.05000",
    "time": "0.362",
    "fwd_time": "0.755",
    "(v)ram": "n/a"
}
{
    "process": "gptq",
    "layer": 25,
    "module": "self_attn.q_proj",
    "feat: in, out": "576, 576",
    "dtype: size": "f32: 1.3MB",
    "loss": "0.0000890226",
    "samples": "65536",
    "damp": "0.05000",
    "time": "0.421",
    "fwd_time": "0.755",
    "(v)ram": "n/a"
}
{
    "process": "gptq",
    "layer": 25,
    "module": "self_attn.v_proj",
    "feat: in, out": "576, 192",
    "dtype: size": "f32: 0.4MB",
    "loss": "0.0000545561",
    "samples": "65536",
    "damp": "0.05000",
    "time": "0.164",
    "fwd_time": "0.755",
    "(v)ram": "n/a"
}
{
    "process": "gptq",
    "layer": 25,
    "module": "self_attn.o_proj",
    "feat: in, out": "576, 576",
    "dtype: size": "f32: 1.3MB",
    "loss": "0.0002755589",
    "samples": "65536",
    "damp": "0.05000",
    "time": "0.252",
    "fwd_time": "2.527",
    "(v)ram": "n/a"
}
{
    "process": "gptq",
    "layer": 25,
    "module": "mlp.up_proj",
    "feat: in, out": "576, 1536",
    "dtype: size": "f32: 3.4MB",
    "loss": "0.0001646650",
    "samples": "65536",
    "damp": "0.05000",
    "time": "0.494",
    "fwd_time": "2.549",
    "(v)ram": "n/a"
}
{
    "process": "gptq",
    "layer": 25,
    "module": "mlp.gate_proj",
    "feat: in, out": "576, 1536",
    "dtype: size": "f32: 3.4MB",
    "loss": "0.0001296565",
    "samples": "65536",
    "damp": "0.05000",
    "time": "0.498",
    "fwd_time": "2.549",
    "(v)ram": "n/a"
}
{
    "process": "gptq",
    "layer": 25,
    "module": "mlp.down_proj",
    "feat: in, out": "1536, 576",
    "dtype: size": "f32: 3.4MB",
    "loss": "0.0016660851",
    "samples": "65536",
    "damp": "0.05000",
    "time": "0.565",
    "fwd_time": "3.454",
    "(v)ram": "n/a"
}
{
    "process": "gptq",
    "layer": 26,
    "module": "self_attn.k_proj",
    "feat: in, out": "576, 192",
    "dtype: size": "f32: 0.4MB",
    "loss": "0.0000248025",
    "samples": "65536",
    "damp": "0.05000",
    "time": "0.408",
    "fwd_time": "0.740",
    "(v)ram": "n/a"
}
{
    "process": "gptq",
    "layer": 26,
    "module": "self_attn.q_proj",
    "feat: in, out": "576, 576",
    "dtype: size": "f32: 1.3MB",
    "loss": "0.0000889574",
    "samples": "65536",
    "damp": "0.05000",
    "time": "0.461",
    "fwd_time": "0.740",
    "(v)ram": "n/a"
}
{
    "process": "gptq",
    "layer": 26,
    "module": "self_attn.v_proj",
    "feat: in, out": "576, 192",
    "dtype: size": "f32: 0.4MB",
    "loss": "0.0000776785",
    "samples": "65536",
    "damp": "0.05000",
    "time": "0.196",
    "fwd_time": "0.740",
    "(v)ram": "n/a"
}
{
    "process": "gptq",
    "layer": 26,
    "module": "self_attn.o_proj",
    "feat: in, out": "576, 576",
    "dtype: size": "f32: 1.3MB",
    "loss": "0.0003058971",
    "samples": "65536",
    "damp": "0.05000",
    "time": "0.261",
    "fwd_time": "2.808",
    "(v)ram": "n/a"
}
{
    "process": "gptq",
    "layer": 26,
    "module": "mlp.gate_proj",
    "feat: in, out": "576, 1536",
    "dtype: size": "f32: 3.4MB",
    "loss": "0.0001471517",
    "samples": "65536",
    "damp": "0.05000",
    "time": "0.591",
    "fwd_time": "3.774",
    "(v)ram": "n/a"
}
{
    "process": "gptq",
    "layer": 26,
    "module": "mlp.up_proj",
    "feat: in, out": "576, 1536",
    "dtype: size": "f32: 3.4MB",
    "loss": "0.0001876393",
    "samples": "65536",
    "damp": "0.05000",
    "time": "0.597",
    "fwd_time": "3.774",
    "(v)ram": "n/a"
}
{
    "process": "gptq",
    "layer": 26,
    "module": "mlp.down_proj",
    "feat: in, out": "1536, 576",
    "dtype: size": "f32: 3.4MB",
    "loss": "0.0022621427",
    "samples": "65536",
    "damp": "0.05000",
    "time": "1.067",
    "fwd_time": "5.389",
    "(v)ram": "n/a"
}
{
    "process": "gptq",
    "layer": 27,
    "module": "self_attn.k_proj",
    "feat: in, out": "576, 192",
    "dtype: size": "f32: 0.4MB",
    "loss": "0.0000252033",
    "samples": "65536",
    "damp": "0.05000",
    "time": "0.422",
    "fwd_time": "1.061",
    "(v)ram": "n/a"
}
{
    "process": "gptq",
    "layer": 27,
    "module": "self_attn.q_proj",
    "feat: in, out": "576, 576",
    "dtype: size": "f32: 1.3MB",
    "loss": "0.0000952134",
    "samples": "65536",
    "damp": "0.05000",
    "time": "0.498",
    "fwd_time": "1.061",
    "(v)ram": "n/a"
}
{
    "process": "gptq",
    "layer": 27,
    "module": "self_attn.v_proj",
    "feat: in, out": "576, 192",
    "dtype: size": "f32: 0.4MB",
    "loss": "0.0000651131",
    "samples": "65536",
    "damp": "0.05000",
    "time": "0.148",
    "fwd_time": "1.061",
    "(v)ram": "n/a"
}
{
    "process": "gptq",
    "layer": 27,
    "module": "self_attn.o_proj",
    "feat: in, out": "576, 576",
    "dtype: size": "f32: 1.3MB",
    "loss": "0.0004856324",
    "samples": "65536",
    "damp": "0.05000",
    "time": "0.179",
    "fwd_time": "2.131",
    "(v)ram": "n/a"
}
{
    "process": "gptq",
    "layer": 27,
    "module": "mlp.gate_proj",
    "feat: in, out": "576, 1536",
    "dtype: size": "f32: 3.4MB",
    "loss": "0.0001560702",
    "samples": "65536",
    "damp": "0.05000",
    "time": "0.644",
    "fwd_time": "2.723",
    "(v)ram": "n/a"
}
{
    "process": "gptq",
    "layer": 27,
    "module": "mlp.up_proj",
    "feat: in, out": "576, 1536",
    "dtype: size": "f32: 3.4MB",
    "loss": "0.0001926437",
    "samples": "65536",
    "damp": "0.05000",
    "time": "0.651",
    "fwd_time": "2.723",
    "(v)ram": "n/a"
}
{
    "process": "gptq",
    "layer": 27,
    "module": "mlp.down_proj",
    "feat: in, out": "1536, 576",
    "dtype: size": "f32: 3.4MB",
    "loss": "0.0029909823",
    "samples": "65536",
    "damp": "0.05000",
    "time": "0.687",
    "fwd_time": "4.570",
    "(v)ram": "n/a"
}
{
    "process": "gptq",
    "layer": 28,
    "module": "self_attn.k_proj",
    "feat: in, out": "576, 192",
    "dtype: size": "f32: 0.4MB",
    "loss": "0.0000222247",
    "samples": "65536",
    "damp": "0.05000",
    "time": "0.431",
    "fwd_time": "1.134",
    "(v)ram": "n/a"
}
{
    "process": "gptq",
    "layer": 28,
    "module": "self_attn.q_proj",
    "feat: in, out": "576, 576",
    "dtype: size": "f32: 1.3MB",
    "loss": "0.0000756540",
    "samples": "65536",
    "damp": "0.05000",
    "time": "0.507",
    "fwd_time": "1.134",
    "(v)ram": "n/a"
}
{
    "process": "gptq",
    "layer": 28,
    "module": "self_attn.v_proj",
    "feat: in, out": "576, 192",
    "dtype: size": "f32: 0.4MB",
    "loss": "0.0000809745",
    "samples": "65536",
    "damp": "0.05000",
    "time": "0.199",
    "fwd_time": "1.134",
    "(v)ram": "n/a"
}
{
    "process": "gptq",
    "layer": 28,
    "module": "self_attn.o_proj",
    "feat: in, out": "576, 576",
    "dtype: size": "f32: 1.3MB",
    "loss": "0.0003969574",
    "samples": "65536",
    "damp": "0.05000",
    "time": "0.203",
    "fwd_time": "2.416",
    "(v)ram": "n/a"
}
{
    "process": "gptq",
    "layer": 28,
    "module": "mlp.up_proj",
    "feat: in, out": "576, 1536",
    "dtype: size": "f32: 3.4MB",
    "loss": "0.0002146007",
    "samples": "65536",
    "damp": "0.05000",
    "time": "0.548",
    "fwd_time": "2.805",
    "(v)ram": "n/a"
}
{
    "process": "gptq",
    "layer": 28,
    "module": "mlp.gate_proj",
    "feat: in, out": "576, 1536",
    "dtype: size": "f32: 3.4MB",
    "loss": "0.0001535335",
    "samples": "65536",
    "damp": "0.05000",
    "time": "0.560",
    "fwd_time": "2.805",
    "(v)ram": "n/a"
}
{
    "process": "gptq",
    "layer": 28,
    "module": "mlp.down_proj",
    "feat: in, out": "1536, 576",
    "dtype: size": "f32: 3.4MB",
    "loss": "0.0239466839",
    "samples": "65536",
    "damp": "0.05000",
    "time": "0.509",
    "fwd_time": "4.694",
    "(v)ram": "n/a"
}
{
    "process": "gptq",
    "layer": 29,
    "module": "self_attn.k_proj",
    "feat: in, out": "576, 192",
    "dtype: size": "f32: 0.4MB",
    "loss": "0.0000208625",
    "samples": "65536",
    "damp": "0.05000",
    "time": "0.395",
    "fwd_time": "0.924",
    "(v)ram": "n/a"
}
{
    "process": "gptq",
    "layer": 29,
    "module": "self_attn.q_proj",
    "feat: in, out": "576, 576",
    "dtype: size": "f32: 1.3MB",
    "loss": "0.0000887392",
    "samples": "65536",
    "damp": "0.05000",
    "time": "0.454",
    "fwd_time": "0.924",
    "(v)ram": "n/a"
}
{
    "process": "gptq",
    "layer": 29,
    "module": "self_attn.v_proj",
    "feat: in, out": "576, 192",
    "dtype: size": "f32: 0.4MB",
    "loss": "0.0000940533",
    "samples": "65536",
    "damp": "0.05000",
    "time": "0.151",
    "fwd_time": "0.924",
    "(v)ram": "n/a"
}
{
    "process": "gptq",
    "layer": 29,
    "module": "self_attn.o_proj",
    "feat: in, out": "576, 576",
    "dtype: size": "f32: 1.3MB",
    "loss": "0.0008258373",
    "samples": "65536",
    "damp": "0.05000",
    "time": "0.326",
    "fwd_time": "2.281",
    "(v)ram": "n/a"
}
{
    "process": "gptq",
    "layer": 29,
    "module": "mlp.gate_proj",
    "feat: in, out": "576, 1536",
    "dtype: size": "f32: 3.4MB",
    "loss": "0.0002556143",
    "samples": "65536",
    "damp": "0.05000",
    "time": "0.723",
    "fwd_time": "3.812",
    "(v)ram": "n/a"
}
{
    "process": "gptq",
    "layer": 29,
    "module": "mlp.up_proj",
    "feat: in, out": "576, 1536",
    "dtype: size": "f32: 3.4MB",
    "loss": "0.0003489778",
    "samples": "65536",
    "damp": "0.05000",
    "time": "0.762",
    "fwd_time": "3.812",
    "(v)ram": "n/a"
}
{
    "process": "gptq",
    "layer": 29,
    "module": "mlp.down_proj",
    "feat: in, out": "1536, 576",
    "dtype: size": "f32: 3.4MB",
    "loss": "0.0220325682",
    "samples": "65536",
    "damp": "0.05000",
    "time": "0.484",
    "fwd_time": "5.354",
    "(v)ram": "n/a"
}
