{
    "process": "gptq",
    "layer": 0,
    "module": "self_attn.k_proj",
    "feat: in, out": "576, 192",
    "dtype: size": "f32: 0.4MB",
    "loss": "0.0000029675",
    "samples": "65536",
    "damp": "0.05000",
    "time": "0.284",
    "fwd_time": "0.452",
    "(v)ram": "n/a"
}
{
    "process": "gptq",
    "layer": 0,
    "module": "self_attn.q_proj",
    "feat: in, out": "576, 576",
    "dtype: size": "f32: 1.3MB",
    "loss": "0.0000047939",
    "samples": "65536",
    "damp": "0.05000",
    "time": "0.320",
    "fwd_time": "0.452",
    "(v)ram": "n/a"
}
{
    "process": "gptq",
    "layer": 0,
    "module": "self_attn.v_proj",
    "feat: in, out": "576, 192",
    "dtype: size": "f32: 0.4MB",
    "loss": "0.0000000354",
    "samples": "65536",
    "damp": "0.05000",
    "time": "0.096",
    "fwd_time": "0.452",
    "(v)ram": "n/a"
}
{
    "process": "gptq",
    "layer": 0,
    "module": "self_attn.o_proj",
    "feat: in, out": "576, 576",
    "dtype: size": "f32: 1.3MB",
    "loss": "0.0000000560",
    "samples": "65536",
    "damp": "0.05000",
    "time": "0.114",
    "fwd_time": "1.172",
    "(v)ram": "n/a"
}
{
    "process": "gptq",
    "layer": 0,
    "module": "mlp.gate_proj",
    "feat: in, out": "576, 1536",
    "dtype: size": "f32: 3.4MB",
    "loss": "0.0000225791",
    "samples": "65536",
    "damp": "0.05000",
    "time": "0.431",
    "fwd_time": "1.781",
    "(v)ram": "n/a"
}
{
    "process": "gptq",
    "layer": 0,
    "module": "mlp.up_proj",
    "feat: in, out": "576, 1536",
    "dtype: size": "f32: 3.4MB",
    "loss": "0.0000237584",
    "samples": "65536",
    "damp": "0.05000",
    "time": "0.436",
    "fwd_time": "1.781",
    "(v)ram": "n/a"
}
{
    "process": "gptq",
    "layer": 0,
    "module": "mlp.down_proj",
    "feat: in, out": "1536, 576",
    "dtype: size": "f32: 3.4MB",
    "loss": "0.0000943840",
    "samples": "65536",
    "damp": "0.05000",
    "time": "0.428",
    "fwd_time": "2.756",
    "(v)ram": "n/a"
}
{
    "process": "gptq",
    "layer": 1,
    "module": "self_attn.k_proj",
    "feat: in, out": "576, 192",
    "dtype: size": "f32: 0.4MB",
    "loss": "0.0000135073",
    "samples": "65536",
    "damp": "0.05000",
    "time": "0.300",
    "fwd_time": "0.534",
    "(v)ram": "n/a"
}
{
    "process": "gptq",
    "layer": 1,
    "module": "self_attn.q_proj",
    "feat: in, out": "576, 576",
    "dtype: size": "f32: 1.3MB",
    "loss": "0.0000307260",
    "samples": "65536",
    "damp": "0.05000",
    "time": "0.328",
    "fwd_time": "0.534",
    "(v)ram": "n/a"
}
{
    "process": "gptq",
    "layer": 1,
    "module": "self_attn.v_proj",
    "feat: in, out": "576, 192",
    "dtype: size": "f32: 0.4MB",
    "loss": "0.0000025624",
    "samples": "65536",
    "damp": "0.05000",
    "time": "0.092",
    "fwd_time": "0.534",
    "(v)ram": "n/a"
}
{
    "process": "gptq",
    "layer": 1,
    "module": "self_attn.o_proj",
    "feat: in, out": "576, 576",
    "dtype: size": "f32: 1.3MB",
    "loss": "0.0000152327",
    "samples": "65536",
    "damp": "0.05000",
    "time": "0.120",
    "fwd_time": "1.255",
    "(v)ram": "n/a"
}
{
    "process": "gptq",
    "layer": 1,
    "module": "mlp.up_proj",
    "feat: in, out": "576, 1536",
    "dtype: size": "f32: 3.4MB",
    "loss": "0.0000275621",
    "samples": "65536",
    "damp": "0.05000",
    "time": "0.411",
    "fwd_time": "1.851",
    "(v)ram": "n/a"
}
{
    "process": "gptq",
    "layer": 1,
    "module": "mlp.gate_proj",
    "feat: in, out": "576, 1536",
    "dtype: size": "f32: 3.4MB",
    "loss": "0.0000348845",
    "samples": "65536",
    "damp": "0.05000",
    "time": "0.420",
    "fwd_time": "1.851",
    "(v)ram": "n/a"
}
{
    "process": "gptq",
    "layer": 1,
    "module": "mlp.down_proj",
    "feat: in, out": "1536, 576",
    "dtype: size": "f32: 3.4MB",
    "loss": "0.0000345285",
    "samples": "65536",
    "damp": "0.05000",
    "time": "0.418",
    "fwd_time": "2.949",
    "(v)ram": "n/a"
}
{
    "process": "gptq",
    "layer": 2,
    "module": "self_attn.k_proj",
    "feat: in, out": "576, 192",
    "dtype: size": "f32: 0.4MB",
    "loss": "0.0000216509",
    "samples": "65536",
    "damp": "0.05000",
    "time": "0.303",
    "fwd_time": "0.591",
    "(v)ram": "n/a"
}
{
    "process": "gptq",
    "layer": 2,
    "module": "self_attn.q_proj",
    "feat: in, out": "576, 576",
    "dtype: size": "f32: 1.3MB",
    "loss": "0.0000502190",
    "samples": "65536",
    "damp": "0.05000",
    "time": "0.345",
    "fwd_time": "0.591",
    "(v)ram": "n/a"
}
{
    "process": "gptq",
    "layer": 2,
    "module": "self_attn.v_proj",
    "feat: in, out": "576, 192",
    "dtype: size": "f32: 0.4MB",
    "loss": "0.0000035140",
    "samples": "65536",
    "damp": "0.05000",
    "time": "0.105",
    "fwd_time": "0.591",
    "(v)ram": "n/a"
}
{
    "process": "gptq",
    "layer": 2,
    "module": "self_attn.o_proj",
    "feat: in, out": "576, 576",
    "dtype: size": "f32: 1.3MB",
    "loss": "0.0000092940",
    "samples": "65536",
    "damp": "0.05000",
    "time": "0.141",
    "fwd_time": "1.351",
    "(v)ram": "n/a"
}
{
    "process": "gptq",
    "layer": 2,
    "module": "mlp.up_proj",
    "feat: in, out": "576, 1536",
    "dtype: size": "f32: 3.4MB",
    "loss": "0.0000360246",
    "samples": "65536",
    "damp": "0.05000",
    "time": "0.417",
    "fwd_time": "1.780",
    "(v)ram": "n/a"
}
{
    "process": "gptq",
    "layer": 2,
    "module": "mlp.gate_proj",
    "feat: in, out": "576, 1536",
    "dtype: size": "f32: 3.4MB",
    "loss": "0.0000430345",
    "samples": "65536",
    "damp": "0.05000",
    "time": "0.421",
    "fwd_time": "1.780",
    "(v)ram": "n/a"
}
{
    "process": "gptq",
    "layer": 2,
    "module": "mlp.down_proj",
    "feat: in, out": "1536, 576",
    "dtype: size": "f32: 3.4MB",
    "loss": "0.0000721644",
    "samples": "65536",
    "damp": "0.05000",
    "time": "0.403",
    "fwd_time": "2.599",
    "(v)ram": "n/a"
}
{
    "process": "gptq",
    "layer": 3,
    "module": "self_attn.k_proj",
    "feat: in, out": "576, 192",
    "dtype: size": "f32: 0.4MB",
    "loss": "0.0000279286",
    "samples": "65536",
    "damp": "0.05000",
    "time": "0.305",
    "fwd_time": "0.550",
    "(v)ram": "n/a"
}
{
    "process": "gptq",
    "layer": 3,
    "module": "self_attn.q_proj",
    "feat: in, out": "576, 576",
    "dtype: size": "f32: 1.3MB",
    "loss": "0.0000702121",
    "samples": "65536",
    "damp": "0.05000",
    "time": "0.338",
    "fwd_time": "0.550",
    "(v)ram": "n/a"
}
{
    "process": "gptq",
    "layer": 3,
    "module": "self_attn.v_proj",
    "feat: in, out": "576, 192",
    "dtype: size": "f32: 0.4MB",
    "loss": "0.0000108907",
    "samples": "65536",
    "damp": "0.05000",
    "time": "0.089",
    "fwd_time": "0.550",
    "(v)ram": "n/a"
}
{
    "process": "gptq",
    "layer": 3,
    "module": "self_attn.o_proj",
    "feat: in, out": "576, 576",
    "dtype: size": "f32: 1.3MB",
    "loss": "0.0000142647",
    "samples": "65536",
    "damp": "0.05000",
    "time": "0.134",
    "fwd_time": "1.413",
    "(v)ram": "n/a"
}
{
    "process": "gptq",
    "layer": 3,
    "module": "mlp.gate_proj",
    "feat: in, out": "576, 1536",
    "dtype: size": "f32: 3.4MB",
    "loss": "0.0000449678",
    "samples": "65536",
    "damp": "0.05000",
    "time": "0.463",
    "fwd_time": "2.027",
    "(v)ram": "n/a"
}
{
    "process": "gptq",
    "layer": 3,
    "module": "mlp.up_proj",
    "feat: in, out": "576, 1536",
    "dtype: size": "f32: 3.4MB",
    "loss": "0.0000393206",
    "samples": "65536",
    "damp": "0.05000",
    "time": "0.471",
    "fwd_time": "2.027",
    "(v)ram": "n/a"
}
{
    "process": "gptq",
    "layer": 3,
    "module": "mlp.down_proj",
    "feat: in, out": "1536, 576",
    "dtype: size": "f32: 3.4MB",
    "loss": "0.0000499654",
    "samples": "65536",
    "damp": "0.05000",
    "time": "0.410",
    "fwd_time": "3.015",
    "(v)ram": "n/a"
}
{
    "process": "gptq",
    "layer": 4,
    "module": "self_attn.k_proj",
    "feat: in, out": "576, 192",
    "dtype: size": "f32: 0.4MB",
    "loss": "0.0000267241",
    "samples": "65536",
    "damp": "0.05000",
    "time": "0.303",
    "fwd_time": "0.637",
    "(v)ram": "n/a"
}
{
    "process": "gptq",
    "layer": 4,
    "module": "self_attn.q_proj",
    "feat: in, out": "576, 576",
    "dtype: size": "f32: 1.3MB",
    "loss": "0.0000640937",
    "samples": "65536",
    "damp": "0.05000",
    "time": "0.343",
    "fwd_time": "0.637",
    "(v)ram": "n/a"
}
{
    "process": "gptq",
    "layer": 4,
    "module": "self_attn.v_proj",
    "feat: in, out": "576, 192",
    "dtype: size": "f32: 0.4MB",
    "loss": "0.0000103553",
    "samples": "65536",
    "damp": "0.05000",
    "time": "0.102",
    "fwd_time": "0.637",
    "(v)ram": "n/a"
}
{
    "process": "gptq",
    "layer": 4,
    "module": "self_attn.o_proj",
    "feat: in, out": "576, 576",
    "dtype: size": "f32: 1.3MB",
    "loss": "0.0000162517",
    "samples": "65536",
    "damp": "0.05000",
    "time": "0.125",
    "fwd_time": "1.301",
    "(v)ram": "n/a"
}
{
    "process": "gptq",
    "layer": 4,
    "module": "mlp.up_proj",
    "feat: in, out": "576, 1536",
    "dtype: size": "f32: 3.4MB",
    "loss": "0.0000500317",
    "samples": "65536",
    "damp": "0.05000",
    "time": "0.457",
    "fwd_time": "2.024",
    "(v)ram": "n/a"
}
{
    "process": "gptq",
    "layer": 4,
    "module": "mlp.gate_proj",
    "feat: in, out": "576, 1536",
    "dtype: size": "f32: 3.4MB",
    "loss": "0.0000568824",
    "samples": "65536",
    "damp": "0.05000",
    "time": "0.466",
    "fwd_time": "2.024",
    "(v)ram": "n/a"
}
{
    "process": "gptq",
    "layer": 4,
    "module": "mlp.down_proj",
    "feat: in, out": "1536, 576",
    "dtype: size": "f32: 3.4MB",
    "loss": "0.0000655071",
    "samples": "65536",
    "damp": "0.05000",
    "time": "0.389",
    "fwd_time": "3.043",
    "(v)ram": "n/a"
}
{
    "process": "gptq",
    "layer": 5,
    "module": "self_attn.k_proj",
    "feat: in, out": "576, 192",
    "dtype: size": "f32: 0.4MB",
    "loss": "0.0000289049",
    "samples": "65536",
    "damp": "0.05000",
    "time": "0.331",
    "fwd_time": "0.640",
    "(v)ram": "n/a"
}
{
    "process": "gptq",
    "layer": 5,
    "module": "self_attn.q_proj",
    "feat: in, out": "576, 576",
    "dtype: size": "f32: 1.3MB",
    "loss": "0.0000672686",
    "samples": "65536",
    "damp": "0.05000",
    "time": "0.364",
    "fwd_time": "0.640",
    "(v)ram": "n/a"
}
{
    "process": "gptq",
    "layer": 5,
    "module": "self_attn.v_proj",
    "feat: in, out": "576, 192",
    "dtype: size": "f32: 0.4MB",
    "loss": "0.0000112734",
    "samples": "65536",
    "damp": "0.05000",
    "time": "0.111",
    "fwd_time": "0.640",
    "(v)ram": "n/a"
}
{
    "process": "gptq",
    "layer": 5,
    "module": "self_attn.o_proj",
    "feat: in, out": "576, 576",
    "dtype: size": "f32: 1.3MB",
    "loss": "0.0000159891",
    "samples": "65536",
    "damp": "0.05000",
    "time": "0.120",
    "fwd_time": "1.328",
    "(v)ram": "n/a"
}
{
    "process": "gptq",
    "layer": 5,
    "module": "mlp.up_proj",
    "feat: in, out": "576, 1536",
    "dtype: size": "f32: 3.4MB",
    "loss": "0.0000551387",
    "samples": "65536",
    "damp": "0.05000",
    "time": "0.415",
    "fwd_time": "2.007",
    "(v)ram": "n/a"
}
{
    "process": "gptq",
    "layer": 5,
    "module": "mlp.gate_proj",
    "feat: in, out": "576, 1536",
    "dtype: size": "f32: 3.4MB",
    "loss": "0.0000605207",
    "samples": "65536",
    "damp": "0.05000",
    "time": "0.419",
    "fwd_time": "2.007",
    "(v)ram": "n/a"
}
{
    "process": "gptq",
    "layer": 5,
    "module": "mlp.down_proj",
    "feat: in, out": "1536, 576",
    "dtype: size": "f32: 3.4MB",
    "loss": "0.0000748945",
    "samples": "65536",
    "damp": "0.05000",
    "time": "0.364",
    "fwd_time": "2.811",
    "(v)ram": "n/a"
}
{
    "process": "gptq",
    "layer": 6,
    "module": "self_attn.k_proj",
    "feat: in, out": "576, 192",
    "dtype: size": "f32: 0.4MB",
    "loss": "0.0000228476",
    "samples": "65536",
    "damp": "0.05000",
    "time": "0.314",
    "fwd_time": "0.574",
    "(v)ram": "n/a"
}
{
    "process": "gptq",
    "layer": 6,
    "module": "self_attn.q_proj",
    "feat: in, out": "576, 576",
    "dtype: size": "f32: 1.3MB",
    "loss": "0.0000557335",
    "samples": "65536",
    "damp": "0.05000",
    "time": "0.356",
    "fwd_time": "0.574",
    "(v)ram": "n/a"
}
{
    "process": "gptq",
    "layer": 6,
    "module": "self_attn.v_proj",
    "feat: in, out": "576, 192",
    "dtype: size": "f32: 0.4MB",
    "loss": "0.0000097758",
    "samples": "65536",
    "damp": "0.05000",
    "time": "0.122",
    "fwd_time": "0.574",
    "(v)ram": "n/a"
}
{
    "process": "gptq",
    "layer": 6,
    "module": "self_attn.o_proj",
    "feat: in, out": "576, 576",
    "dtype: size": "f32: 1.3MB",
    "loss": "0.0000149264",
    "samples": "65536",
    "damp": "0.05000",
    "time": "0.125",
    "fwd_time": "1.368",
    "(v)ram": "n/a"
}
{
    "process": "gptq",
    "layer": 6,
    "module": "mlp.gate_proj",
    "feat: in, out": "576, 1536",
    "dtype: size": "f32: 3.4MB",
    "loss": "0.0000597298",
    "samples": "65536",
    "damp": "0.05000",
    "time": "0.413",
    "fwd_time": "1.825",
    "(v)ram": "n/a"
}
{
    "process": "gptq",
    "layer": 6,
    "module": "mlp.up_proj",
    "feat: in, out": "576, 1536",
    "dtype: size": "f32: 3.4MB",
    "loss": "0.0000587067",
    "samples": "65536",
    "damp": "0.05000",
    "time": "0.416",
    "fwd_time": "1.825",
    "(v)ram": "n/a"
}
{
    "process": "gptq",
    "layer": 6,
    "module": "mlp.down_proj",
    "feat: in, out": "1536, 576",
    "dtype: size": "f32: 3.4MB",
    "loss": "0.0000933259",
    "samples": "65536",
    "damp": "0.05000",
    "time": "0.409",
    "fwd_time": "2.941",
    "(v)ram": "n/a"
}
{
    "process": "gptq",
    "layer": 7,
    "module": "self_attn.k_proj",
    "feat: in, out": "576, 192",
    "dtype: size": "f32: 0.4MB",
    "loss": "0.0000357856",
    "samples": "65536",
    "damp": "0.05000",
    "time": "0.305",
    "fwd_time": "0.589",
    "(v)ram": "n/a"
}
{
    "process": "gptq",
    "layer": 7,
    "module": "self_attn.q_proj",
    "feat: in, out": "576, 576",
    "dtype: size": "f32: 1.3MB",
    "loss": "0.0000966889",
    "samples": "65536",
    "damp": "0.05000",
    "time": "0.342",
    "fwd_time": "0.589",
    "(v)ram": "n/a"
}
{
    "process": "gptq",
    "layer": 7,
    "module": "self_attn.v_proj",
    "feat: in, out": "576, 192",
    "dtype: size": "f32: 0.4MB",
    "loss": "0.0000223930",
    "samples": "65536",
    "damp": "0.05000",
    "time": "0.098",
    "fwd_time": "0.589",
    "(v)ram": "n/a"
}
{
    "process": "gptq",
    "layer": 7,
    "module": "self_attn.o_proj",
    "feat: in, out": "576, 576",
    "dtype: size": "f32: 1.3MB",
    "loss": "0.0000131048",
    "samples": "65536",
    "damp": "0.05000",
    "time": "0.149",
    "fwd_time": "1.518",
    "(v)ram": "n/a"
}
{
    "process": "gptq",
    "layer": 7,
    "module": "mlp.up_proj",
    "feat: in, out": "576, 1536",
    "dtype: size": "f32: 3.4MB",
    "loss": "0.0000625277",
    "samples": "65536",
    "damp": "0.05000",
    "time": "0.430",
    "fwd_time": "2.256",
    "(v)ram": "n/a"
}
{
    "process": "gptq",
    "layer": 7,
    "module": "mlp.gate_proj",
    "feat: in, out": "576, 1536",
    "dtype: size": "f32: 3.4MB",
    "loss": "0.0000617934",
    "samples": "65536",
    "damp": "0.05000",
    "time": "0.440",
    "fwd_time": "2.256",
    "(v)ram": "n/a"
}
{
    "process": "gptq",
    "layer": 7,
    "module": "mlp.down_proj",
    "feat: in, out": "1536, 576",
    "dtype: size": "f32: 3.4MB",
    "loss": "0.0001101330",
    "samples": "65536",
    "damp": "0.05000",
    "time": "0.414",
    "fwd_time": "2.922",
    "(v)ram": "n/a"
}
{
    "process": "gptq",
    "layer": 8,
    "module": "self_attn.k_proj",
    "feat: in, out": "576, 192",
    "dtype: size": "f32: 0.4MB",
    "loss": "0.0000320758",
    "samples": "65536",
    "damp": "0.05000",
    "time": "0.282",
    "fwd_time": "0.495",
    "(v)ram": "n/a"
}
{
    "process": "gptq",
    "layer": 8,
    "module": "self_attn.q_proj",
    "feat: in, out": "576, 576",
    "dtype: size": "f32: 1.3MB",
    "loss": "0.0000823207",
    "samples": "65536",
    "damp": "0.05000",
    "time": "0.322",
    "fwd_time": "0.495",
    "(v)ram": "n/a"
}
{
    "process": "gptq",
    "layer": 8,
    "module": "self_attn.v_proj",
    "feat: in, out": "576, 192",
    "dtype: size": "f32: 0.4MB",
    "loss": "0.0000167904",
    "samples": "65536",
    "damp": "0.05000",
    "time": "0.091",
    "fwd_time": "0.495",
    "(v)ram": "n/a"
}
{
    "process": "gptq",
    "layer": 8,
    "module": "self_attn.o_proj",
    "feat: in, out": "576, 576",
    "dtype: size": "f32: 1.3MB",
    "loss": "0.0000206052",
    "samples": "65536",
    "damp": "0.05000",
    "time": "0.110",
    "fwd_time": "1.094",
    "(v)ram": "n/a"
}
{
    "process": "gptq",
    "layer": 8,
    "module": "mlp.gate_proj",
    "feat: in, out": "576, 1536",
    "dtype: size": "f32: 3.4MB",
    "loss": "0.0000627845",
    "samples": "65536",
    "damp": "0.05000",
    "time": "0.415",
    "fwd_time": "1.912",
    "(v)ram": "n/a"
}
{
    "process": "gptq",
    "layer": 8,
    "module": "mlp.up_proj",
    "feat: in, out": "576, 1536",
    "dtype: size": "f32: 3.4MB",
    "loss": "0.0000688254",
    "samples": "65536",
    "damp": "0.05000",
    "time": "0.417",
    "fwd_time": "1.912",
    "(v)ram": "n/a"
}
{
    "process": "gptq",
    "layer": 8,
    "module": "mlp.down_proj",
    "feat: in, out": "1536, 576",
    "dtype: size": "f32: 3.4MB",
    "loss": "0.0001436879",
    "samples": "65536",
    "damp": "0.05000",
    "time": "0.389",
    "fwd_time": "2.610",
    "(v)ram": "n/a"
}
{
    "process": "gptq",
    "layer": 9,
    "module": "self_attn.k_proj",
    "feat: in, out": "576, 192",
    "dtype: size": "f32: 0.4MB",
    "loss": "0.0000220463",
    "samples": "65536",
    "damp": "0.05000",
    "time": "0.321",
    "fwd_time": "0.536",
    "(v)ram": "n/a"
}
{
    "process": "gptq",
    "layer": 9,
    "module": "self_attn.q_proj",
    "feat: in, out": "576, 576",
    "dtype: size": "f32: 1.3MB",
    "loss": "0.0000610518",
    "samples": "65536",
    "damp": "0.05000",
    "time": "0.357",
    "fwd_time": "0.536",
    "(v)ram": "n/a"
}
{
    "process": "gptq",
    "layer": 9,
    "module": "self_attn.v_proj",
    "feat: in, out": "576, 192",
    "dtype: size": "f32: 0.4MB",
    "loss": "0.0000093708",
    "samples": "65536",
    "damp": "0.05000",
    "time": "0.098",
    "fwd_time": "0.536",
    "(v)ram": "n/a"
}
{
    "process": "gptq",
    "layer": 9,
    "module": "self_attn.o_proj",
    "feat: in, out": "576, 576",
    "dtype: size": "f32: 1.3MB",
    "loss": "0.0000280762",
    "samples": "65536",
    "damp": "0.05000",
    "time": "0.118",
    "fwd_time": "1.369",
    "(v)ram": "n/a"
}
{
    "process": "gptq",
    "layer": 9,
    "module": "mlp.up_proj",
    "feat: in, out": "576, 1536",
    "dtype: size": "f32: 3.4MB",
    "loss": "0.0000743002",
    "samples": "65536",
    "damp": "0.05000",
    "time": "0.407",
    "fwd_time": "1.838",
    "(v)ram": "n/a"
}
{
    "process": "gptq",
    "layer": 9,
    "module": "mlp.gate_proj",
    "feat: in, out": "576, 1536",
    "dtype: size": "f32: 3.4MB",
    "loss": "0.0000607808",
    "samples": "65536",
    "damp": "0.05000",
    "time": "0.412",
    "fwd_time": "1.838",
    "(v)ram": "n/a"
}
{
    "process": "gptq",
    "layer": 9,
    "module": "mlp.down_proj",
    "feat: in, out": "1536, 576",
    "dtype: size": "f32: 3.4MB",
    "loss": "0.0001748156",
    "samples": "65536",
    "damp": "0.05000",
    "time": "0.376",
    "fwd_time": "2.736",
    "(v)ram": "n/a"
}
{
    "process": "gptq",
    "layer": 10,
    "module": "self_attn.k_proj",
    "feat: in, out": "576, 192",
    "dtype: size": "f32: 0.4MB",
    "loss": "0.0000191425",
    "samples": "65536",
    "damp": "0.05000",
    "time": "0.278",
    "fwd_time": "0.556",
    "(v)ram": "n/a"
}
{
    "process": "gptq",
    "layer": 10,
    "module": "self_attn.q_proj",
    "feat: in, out": "576, 576",
    "dtype: size": "f32: 1.3MB",
    "loss": "0.0000545588",
    "samples": "65536",
    "damp": "0.05000",
    "time": "0.315",
    "fwd_time": "0.556",
    "(v)ram": "n/a"
}
{
    "process": "gptq",
    "layer": 10,
    "module": "self_attn.v_proj",
    "feat: in, out": "576, 192",
    "dtype: size": "f32: 0.4MB",
    "loss": "0.0000096486",
    "samples": "65536",
    "damp": "0.05000",
    "time": "0.091",
    "fwd_time": "0.556",
    "(v)ram": "n/a"
}
{
    "process": "gptq",
    "layer": 10,
    "module": "self_attn.o_proj",
    "feat: in, out": "576, 576",
    "dtype: size": "f32: 1.3MB",
    "loss": "0.0000516966",
    "samples": "65536",
    "damp": "0.05000",
    "time": "0.152",
    "fwd_time": "1.465",
    "(v)ram": "n/a"
}
{
    "process": "gptq",
    "layer": 10,
    "module": "mlp.up_proj",
    "feat: in, out": "576, 1536",
    "dtype: size": "f32: 3.4MB",
    "loss": "0.0000746169",
    "samples": "65536",
    "damp": "0.05000",
    "time": "0.423",
    "fwd_time": "2.056",
    "(v)ram": "n/a"
}
{
    "process": "gptq",
    "layer": 10,
    "module": "mlp.gate_proj",
    "feat: in, out": "576, 1536",
    "dtype: size": "f32: 3.4MB",
    "loss": "0.0000579088",
    "samples": "65536",
    "damp": "0.05000",
    "time": "0.439",
    "fwd_time": "2.056",
    "(v)ram": "n/a"
}
{
    "process": "gptq",
    "layer": 10,
    "module": "mlp.down_proj",
    "feat: in, out": "1536, 576",
    "dtype: size": "f32: 3.4MB",
    "loss": "0.0001595725",
    "samples": "65536",
    "damp": "0.05000",
    "time": "0.380",
    "fwd_time": "3.034",
    "(v)ram": "n/a"
}
{
    "process": "gptq",
    "layer": 11,
    "module": "self_attn.k_proj",
    "feat: in, out": "576, 192",
    "dtype: size": "f32: 0.4MB",
    "loss": "0.0000162553",
    "samples": "65536",
    "damp": "0.05000",
    "time": "0.295",
    "fwd_time": "0.542",
    "(v)ram": "n/a"
}
{
    "process": "gptq",
    "layer": 11,
    "module": "self_attn.q_proj",
    "feat: in, out": "576, 576",
    "dtype: size": "f32: 1.3MB",
    "loss": "0.0000484654",
    "samples": "65536",
    "damp": "0.05000",
    "time": "0.334",
    "fwd_time": "0.542",
    "(v)ram": "n/a"
}
{
    "process": "gptq",
    "layer": 11,
    "module": "self_attn.v_proj",
    "feat: in, out": "576, 192",
    "dtype: size": "f32: 0.4MB",
    "loss": "0.0000088811",
    "samples": "65536",
    "damp": "0.05000",
    "time": "0.101",
    "fwd_time": "0.542",
    "(v)ram": "n/a"
}
{
    "process": "gptq",
    "layer": 11,
    "module": "self_attn.o_proj",
    "feat: in, out": "576, 576",
    "dtype: size": "f32: 1.3MB",
    "loss": "0.0000668990",
    "samples": "65536",
    "damp": "0.05000",
    "time": "0.114",
    "fwd_time": "1.153",
    "(v)ram": "n/a"
}
{
    "process": "gptq",
    "layer": 11,
    "module": "mlp.gate_proj",
    "feat: in, out": "576, 1536",
    "dtype: size": "f32: 3.4MB",
    "loss": "0.0000528808",
    "samples": "65536",
    "damp": "0.05000",
    "time": "0.418",
    "fwd_time": "1.842",
    "(v)ram": "n/a"
}
{
    "process": "gptq",
    "layer": 11,
    "module": "mlp.up_proj",
    "feat: in, out": "576, 1536",
    "dtype: size": "f32: 3.4MB",
    "loss": "0.0000719516",
    "samples": "65536",
    "damp": "0.05000",
    "time": "0.424",
    "fwd_time": "1.842",
    "(v)ram": "n/a"
}
{
    "process": "gptq",
    "layer": 11,
    "module": "mlp.down_proj",
    "feat: in, out": "1536, 576",
    "dtype: size": "f32: 3.4MB",
    "loss": "0.0096649863",
    "samples": "65536",
    "damp": "0.05000",
    "time": "0.356",
    "fwd_time": "2.621",
    "(v)ram": "n/a"
}
{
    "process": "gptq",
    "layer": 12,
    "module": "self_attn.k_proj",
    "feat: in, out": "576, 192",
    "dtype: size": "f32: 0.4MB",
    "loss": "0.0000247815",
    "samples": "65536",
    "damp": "0.05000",
    "time": "0.253",
    "fwd_time": "0.515",
    "(v)ram": "n/a"
}
{
    "process": "gptq",
    "layer": 12,
    "module": "self_attn.q_proj",
    "feat: in, out": "576, 576",
    "dtype: size": "f32: 1.3MB",
    "loss": "0.0000695389",
    "samples": "65536",
    "damp": "0.05000",
    "time": "0.296",
    "fwd_time": "0.515",
    "(v)ram": "n/a"
}
{
    "process": "gptq",
    "layer": 12,
    "module": "self_attn.v_proj",
    "feat: in, out": "576, 192",
    "dtype: size": "f32: 0.4MB",
    "loss": "0.0000137204",
    "samples": "65536",
    "damp": "0.05000",
    "time": "0.087",
    "fwd_time": "0.515",
    "(v)ram": "n/a"
}
{
    "process": "gptq",
    "layer": 12,
    "module": "self_attn.o_proj",
    "feat: in, out": "576, 576",
    "dtype: size": "f32: 1.3MB",
    "loss": "0.0000445129",
    "samples": "65536",
    "damp": "0.05000",
    "time": "0.119",
    "fwd_time": "1.211",
    "(v)ram": "n/a"
}
{
    "process": "gptq",
    "layer": 12,
    "module": "mlp.up_proj",
    "feat: in, out": "576, 1536",
    "dtype: size": "f32: 3.4MB",
    "loss": "0.0000640093",
    "samples": "65536",
    "damp": "0.05000",
    "time": "0.475",
    "fwd_time": "1.739",
    "(v)ram": "n/a"
}
{
    "process": "gptq",
    "layer": 12,
    "module": "mlp.gate_proj",
    "feat: in, out": "576, 1536",
    "dtype: size": "f32: 3.4MB",
    "loss": "0.0000507482",
    "samples": "65536",
    "damp": "0.05000",
    "time": "0.481",
    "fwd_time": "1.739",
    "(v)ram": "n/a"
}
{
    "process": "gptq",
    "layer": 12,
    "module": "mlp.down_proj",
    "feat: in, out": "1536, 576",
    "dtype: size": "f32: 3.4MB",
    "loss": "0.0001297614",
    "samples": "65536",
    "damp": "0.05000",
    "time": "0.388",
    "fwd_time": "2.621",
    "(v)ram": "n/a"
}
{
    "process": "gptq",
    "layer": 13,
    "module": "self_attn.k_proj",
    "feat: in, out": "576, 192",
    "dtype: size": "f32: 0.4MB",
    "loss": "0.0000251682",
    "samples": "65536",
    "damp": "0.05000",
    "time": "0.339",
    "fwd_time": "0.603",
    "(v)ram": "n/a"
}
{
    "process": "gptq",
    "layer": 13,
    "module": "self_attn.q_proj",
    "feat: in, out": "576, 576",
    "dtype: size": "f32: 1.3MB",
    "loss": "0.0000723155",
    "samples": "65536",
    "damp": "0.05000",
    "time": "0.373",
    "fwd_time": "0.603",
    "(v)ram": "n/a"
}
{
    "process": "gptq",
    "layer": 13,
    "module": "self_attn.v_proj",
    "feat: in, out": "576, 192",
    "dtype: size": "f32: 0.4MB",
    "loss": "0.0000114739",
    "samples": "65536",
    "damp": "0.05000",
    "time": "0.099",
    "fwd_time": "0.603",
    "(v)ram": "n/a"
}
{
    "process": "gptq",
    "layer": 13,
    "module": "self_attn.o_proj",
    "feat: in, out": "576, 576",
    "dtype: size": "f32: 1.3MB",
    "loss": "0.0000539560",
    "samples": "65536",
    "damp": "0.05000",
    "time": "0.132",
    "fwd_time": "1.402",
    "(v)ram": "n/a"
}
{
    "process": "gptq",
    "layer": 13,
    "module": "mlp.up_proj",
    "feat: in, out": "576, 1536",
    "dtype: size": "f32: 3.4MB",
    "loss": "0.0000642391",
    "samples": "65536",
    "damp": "0.05000",
    "time": "0.428",
    "fwd_time": "2.020",
    "(v)ram": "n/a"
}
{
    "process": "gptq",
    "layer": 13,
    "module": "mlp.gate_proj",
    "feat: in, out": "576, 1536",
    "dtype: size": "f32: 3.4MB",
    "loss": "0.0000598357",
    "samples": "65536",
    "damp": "0.05000",
    "time": "0.436",
    "fwd_time": "2.020",
    "(v)ram": "n/a"
}
{
    "process": "gptq",
    "layer": 13,
    "module": "mlp.down_proj",
    "feat: in, out": "1536, 576",
    "dtype: size": "f32: 3.4MB",
    "loss": "0.0001313014",
    "samples": "65536",
    "damp": "0.05000",
    "time": "0.380",
    "fwd_time": "2.826",
    "(v)ram": "n/a"
}
{
    "process": "gptq",
    "layer": 14,
    "module": "self_attn.k_proj",
    "feat: in, out": "576, 192",
    "dtype: size": "f32: 0.4MB",
    "loss": "0.0000280098",
    "samples": "65536",
    "damp": "0.05000",
    "time": "0.284",
    "fwd_time": "0.508",
    "(v)ram": "n/a"
}
{
    "process": "gptq",
    "layer": 14,
    "module": "self_attn.q_proj",
    "feat: in, out": "576, 576",
    "dtype: size": "f32: 1.3MB",
    "loss": "0.0000760310",
    "samples": "65536",
    "damp": "0.05000",
    "time": "0.319",
    "fwd_time": "0.508",
    "(v)ram": "n/a"
}
{
    "process": "gptq",
    "layer": 14,
    "module": "self_attn.v_proj",
    "feat: in, out": "576, 192",
    "dtype: size": "f32: 0.4MB",
    "loss": "0.0000207530",
    "samples": "65536",
    "damp": "0.05000",
    "time": "0.089",
    "fwd_time": "0.508",
    "(v)ram": "n/a"
}
{
    "process": "gptq",
    "layer": 14,
    "module": "self_attn.o_proj",
    "feat: in, out": "576, 576",
    "dtype: size": "f32: 1.3MB",
    "loss": "0.0000524079",
    "samples": "65536",
    "damp": "0.05000",
    "time": "0.121",
    "fwd_time": "1.270",
    "(v)ram": "n/a"
}
{
    "process": "gptq",
    "layer": 14,
    "module": "mlp.gate_proj",
    "feat: in, out": "576, 1536",
    "dtype: size": "f32: 3.4MB",
    "loss": "0.0000615656",
    "samples": "65536",
    "damp": "0.05000",
    "time": "0.418",
    "fwd_time": "1.743",
    "(v)ram": "n/a"
}
{
    "process": "gptq",
    "layer": 14,
    "module": "mlp.up_proj",
    "feat: in, out": "576, 1536",
    "dtype: size": "f32: 3.4MB",
    "loss": "0.0000649250",
    "samples": "65536",
    "damp": "0.05000",
    "time": "0.428",
    "fwd_time": "1.743",
    "(v)ram": "n/a"
}
{
    "process": "gptq",
    "layer": 14,
    "module": "mlp.down_proj",
    "feat: in, out": "1536, 576",
    "dtype: size": "f32: 3.4MB",
    "loss": "0.0001556222",
    "samples": "65536",
    "damp": "0.05000",
    "time": "0.363",
    "fwd_time": "2.703",
    "(v)ram": "n/a"
}
{
    "process": "gptq",
    "layer": 15,
    "module": "self_attn.k_proj",
    "feat: in, out": "576, 192",
    "dtype: size": "f32: 0.4MB",
    "loss": "0.0000246876",
    "samples": "65536",
    "damp": "0.05000",
    "time": "0.290",
    "fwd_time": "0.635",
    "(v)ram": "n/a"
}
{
    "process": "gptq",
    "layer": 15,
    "module": "self_attn.q_proj",
    "feat: in, out": "576, 576",
    "dtype: size": "f32: 1.3MB",
    "loss": "0.0000707834",
    "samples": "65536",
    "damp": "0.05000",
    "time": "0.321",
    "fwd_time": "0.635",
    "(v)ram": "n/a"
}
{
    "process": "gptq",
    "layer": 15,
    "module": "self_attn.v_proj",
    "feat: in, out": "576, 192",
    "dtype: size": "f32: 0.4MB",
    "loss": "0.0000187155",
    "samples": "65536",
    "damp": "0.05000",
    "time": "0.086",
    "fwd_time": "0.635",
    "(v)ram": "n/a"
}
{
    "process": "gptq",
    "layer": 15,
    "module": "self_attn.o_proj",
    "feat: in, out": "576, 576",
    "dtype: size": "f32: 1.3MB",
    "loss": "0.0000503500",
    "samples": "65536",
    "damp": "0.05000",
    "time": "0.143",
    "fwd_time": "1.291",
    "(v)ram": "n/a"
}
{
    "process": "gptq",
    "layer": 15,
    "module": "mlp.up_proj",
    "feat: in, out": "576, 1536",
    "dtype: size": "f32: 3.4MB",
    "loss": "0.0000649481",
    "samples": "65536",
    "damp": "0.05000",
    "time": "0.412",
    "fwd_time": "1.852",
    "(v)ram": "n/a"
}
{
    "process": "gptq",
    "layer": 15,
    "module": "mlp.gate_proj",
    "feat: in, out": "576, 1536",
    "dtype: size": "f32: 3.4MB",
    "loss": "0.0000652860",
    "samples": "65536",
    "damp": "0.05000",
    "time": "0.414",
    "fwd_time": "1.852",
    "(v)ram": "n/a"
}
{
    "process": "gptq",
    "layer": 15,
    "module": "mlp.down_proj",
    "feat: in, out": "1536, 576",
    "dtype: size": "f32: 3.4MB",
    "loss": "0.0001746176",
    "samples": "65536",
    "damp": "0.05000",
    "time": "0.353",
    "fwd_time": "2.647",
    "(v)ram": "n/a"
}
{
    "process": "gptq",
    "layer": 16,
    "module": "self_attn.k_proj",
    "feat: in, out": "576, 192",
    "dtype: size": "f32: 0.4MB",
    "loss": "0.0000227602",
    "samples": "65536",
    "damp": "0.05000",
    "time": "0.320",
    "fwd_time": "0.491",
    "(v)ram": "n/a"
}
{
    "process": "gptq",
    "layer": 16,
    "module": "self_attn.q_proj",
    "feat: in, out": "576, 576",
    "dtype: size": "f32: 1.3MB",
    "loss": "0.0000621349",
    "samples": "65536",
    "damp": "0.05000",
    "time": "0.355",
    "fwd_time": "0.491",
    "(v)ram": "n/a"
}
{
    "process": "gptq",
    "layer": 16,
    "module": "self_attn.v_proj",
    "feat: in, out": "576, 192",
    "dtype: size": "f32: 0.4MB",
    "loss": "0.0000158426",
    "samples": "65536",
    "damp": "0.05000",
    "time": "0.103",
    "fwd_time": "0.491",
    "(v)ram": "n/a"
}
{
    "process": "gptq",
    "layer": 16,
    "module": "self_attn.o_proj",
    "feat: in, out": "576, 576",
    "dtype: size": "f32: 1.3MB",
    "loss": "0.0001041144",
    "samples": "65536",
    "damp": "0.05000",
    "time": "0.129",
    "fwd_time": "1.277",
    "(v)ram": "n/a"
}
{
    "process": "gptq",
    "layer": 16,
    "module": "mlp.up_proj",
    "feat: in, out": "576, 1536",
    "dtype: size": "f32: 3.4MB",
    "loss": "0.0000638257",
    "samples": "65536",
    "damp": "0.05000",
    "time": "0.462",
    "fwd_time": "1.991",
    "(v)ram": "n/a"
}
{
    "process": "gptq",
    "layer": 16,
    "module": "mlp.gate_proj",
    "feat: in, out": "576, 1536",
    "dtype: size": "f32: 3.4MB",
    "loss": "0.0000610736",
    "samples": "65536",
    "damp": "0.05000",
    "time": "0.466",
    "fwd_time": "1.991",
    "(v)ram": "n/a"
}
{
    "process": "gptq",
    "layer": 16,
    "module": "mlp.down_proj",
    "feat: in, out": "1536, 576",
    "dtype: size": "f32: 3.4MB",
    "loss": "0.0001728912",
    "samples": "65536",
    "damp": "0.05000",
    "time": "0.409",
    "fwd_time": "2.537",
    "(v)ram": "n/a"
}
{
    "process": "gptq",
    "layer": 17,
    "module": "self_attn.k_proj",
    "feat: in, out": "576, 192",
    "dtype: size": "f32: 0.4MB",
    "loss": "0.0000330216",
    "samples": "65536",
    "damp": "0.05000",
    "time": "0.286",
    "fwd_time": "0.614",
    "(v)ram": "n/a"
}
{
    "process": "gptq",
    "layer": 17,
    "module": "self_attn.q_proj",
    "feat: in, out": "576, 576",
    "dtype: size": "f32: 1.3MB",
    "loss": "0.0001129509",
    "samples": "65536",
    "damp": "0.05000",
    "time": "0.315",
    "fwd_time": "0.614",
    "(v)ram": "n/a"
}
{
    "process": "gptq",
    "layer": 17,
    "module": "self_attn.v_proj",
    "feat: in, out": "576, 192",
    "dtype: size": "f32: 0.4MB",
    "loss": "0.0000276806",
    "samples": "65536",
    "damp": "0.05000",
    "time": "0.088",
    "fwd_time": "0.614",
    "(v)ram": "n/a"
}
{
    "process": "gptq",
    "layer": 17,
    "module": "self_attn.o_proj",
    "feat: in, out": "576, 576",
    "dtype: size": "f32: 1.3MB",
    "loss": "0.0000785524",
    "samples": "65536",
    "damp": "0.05000",
    "time": "0.177",
    "fwd_time": "1.302",
    "(v)ram": "n/a"
}
{
    "process": "gptq",
    "layer": 17,
    "module": "mlp.up_proj",
    "feat: in, out": "576, 1536",
    "dtype: size": "f32: 3.4MB",
    "loss": "0.0000643639",
    "samples": "65536",
    "damp": "0.05000",
    "time": "0.418",
    "fwd_time": "1.897",
    "(v)ram": "n/a"
}
{
    "process": "gptq",
    "layer": 17,
    "module": "mlp.gate_proj",
    "feat: in, out": "576, 1536",
    "dtype: size": "f32: 3.4MB",
    "loss": "0.0000578813",
    "samples": "65536",
    "damp": "0.05000",
    "time": "0.425",
    "fwd_time": "1.897",
    "(v)ram": "n/a"
}
{
    "process": "gptq",
    "layer": 17,
    "module": "mlp.down_proj",
    "feat: in, out": "1536, 576",
    "dtype: size": "f32: 3.4MB",
    "loss": "0.0001898811",
    "samples": "65536",
    "damp": "0.05000",
    "time": "0.425",
    "fwd_time": "3.156",
    "(v)ram": "n/a"
}
{
    "process": "gptq",
    "layer": 18,
    "module": "self_attn.k_proj",
    "feat: in, out": "576, 192",
    "dtype: size": "f32: 0.4MB",
    "loss": "0.0000356332",
    "samples": "65536",
    "damp": "0.05000",
    "time": "0.290",
    "fwd_time": "0.515",
    "(v)ram": "n/a"
}
{
    "process": "gptq",
    "layer": 18,
    "module": "self_attn.q_proj",
    "feat: in, out": "576, 576",
    "dtype: size": "f32: 1.3MB",
    "loss": "0.0001128374",
    "samples": "65536",
    "damp": "0.05000",
    "time": "0.329",
    "fwd_time": "0.515",
    "(v)ram": "n/a"
}
{
    "process": "gptq",
    "layer": 18,
    "module": "self_attn.v_proj",
    "feat: in, out": "576, 192",
    "dtype: size": "f32: 0.4MB",
    "loss": "0.0000434113",
    "samples": "65536",
    "damp": "0.05000",
    "time": "0.111",
    "fwd_time": "0.515",
    "(v)ram": "n/a"
}
{
    "process": "gptq",
    "layer": 18,
    "module": "self_attn.o_proj",
    "feat: in, out": "576, 576",
    "dtype: size": "f32: 1.3MB",
    "loss": "0.0000820926",
    "samples": "65536",
    "damp": "0.05000",
    "time": "0.125",
    "fwd_time": "1.318",
    "(v)ram": "n/a"
}
{
    "process": "gptq",
    "layer": 18,
    "module": "mlp.up_proj",
    "feat: in, out": "576, 1536",
    "dtype: size": "f32: 3.4MB",
    "loss": "0.0000698106",
    "samples": "65536",
    "damp": "0.05000",
    "time": "0.415",
    "fwd_time": "1.853",
    "(v)ram": "n/a"
}
{
    "process": "gptq",
    "layer": 18,
    "module": "mlp.gate_proj",
    "feat: in, out": "576, 1536",
    "dtype: size": "f32: 3.4MB",
    "loss": "0.0000656052",
    "samples": "65536",
    "damp": "0.05000",
    "time": "0.420",
    "fwd_time": "1.853",
    "(v)ram": "n/a"
}
{
    "process": "gptq",
    "layer": 18,
    "module": "mlp.down_proj",
    "feat: in, out": "1536, 576",
    "dtype: size": "f32: 3.4MB",
    "loss": "0.0003556145",
    "samples": "65536",
    "damp": "0.05000",
    "time": "0.342",
    "fwd_time": "2.775",
    "(v)ram": "n/a"
}
{
    "process": "gptq",
    "layer": 19,
    "module": "self_attn.k_proj",
    "feat: in, out": "576, 192",
    "dtype: size": "f32: 0.4MB",
    "loss": "0.0000186754",
    "samples": "65536",
    "damp": "0.05000",
    "time": "0.283",
    "fwd_time": "0.583",
    "(v)ram": "n/a"
}
{
    "process": "gptq",
    "layer": 19,
    "module": "self_attn.q_proj",
    "feat: in, out": "576, 576",
    "dtype: size": "f32: 1.3MB",
    "loss": "0.0000812027",
    "samples": "65536",
    "damp": "0.05000",
    "time": "0.324",
    "fwd_time": "0.583",
    "(v)ram": "n/a"
}
{
    "process": "gptq",
    "layer": 19,
    "module": "self_attn.v_proj",
    "feat: in, out": "576, 192",
    "dtype: size": "f32: 0.4MB",
    "loss": "0.0000304448",
    "samples": "65536",
    "damp": "0.05000",
    "time": "0.088",
    "fwd_time": "0.583",
    "(v)ram": "n/a"
}
{
    "process": "gptq",
    "layer": 19,
    "module": "self_attn.o_proj",
    "feat: in, out": "576, 576",
    "dtype: size": "f32: 1.3MB",
    "loss": "0.0001451005",
    "samples": "65536",
    "damp": "0.05000",
    "time": "0.130",
    "fwd_time": "1.203",
    "(v)ram": "n/a"
}
{
    "process": "gptq",
    "layer": 19,
    "module": "mlp.up_proj",
    "feat: in, out": "576, 1536",
    "dtype: size": "f32: 3.4MB",
    "loss": "0.0000848139",
    "samples": "65536",
    "damp": "0.05000",
    "time": "0.393",
    "fwd_time": "1.865",
    "(v)ram": "n/a"
}
{
    "process": "gptq",
    "layer": 19,
    "module": "mlp.gate_proj",
    "feat: in, out": "576, 1536",
    "dtype: size": "f32: 3.4MB",
    "loss": "0.0000807589",
    "samples": "65536",
    "damp": "0.05000",
    "time": "0.400",
    "fwd_time": "1.865",
    "(v)ram": "n/a"
}
{
    "process": "gptq",
    "layer": 19,
    "module": "mlp.down_proj",
    "feat: in, out": "1536, 576",
    "dtype: size": "f32: 3.4MB",
    "loss": "0.0003828540",
    "samples": "65536",
    "damp": "0.05000",
    "time": "0.404",
    "fwd_time": "2.469",
    "(v)ram": "n/a"
}
{
    "process": "gptq",
    "layer": 20,
    "module": "self_attn.k_proj",
    "feat: in, out": "576, 192",
    "dtype: size": "f32: 0.4MB",
    "loss": "0.0000234252",
    "samples": "65536",
    "damp": "0.05000",
    "time": "0.295",
    "fwd_time": "0.484",
    "(v)ram": "n/a"
}
{
    "process": "gptq",
    "layer": 20,
    "module": "self_attn.q_proj",
    "feat: in, out": "576, 576",
    "dtype: size": "f32: 1.3MB",
    "loss": "0.0000850756",
    "samples": "65536",
    "damp": "0.05000",
    "time": "0.323",
    "fwd_time": "0.484",
    "(v)ram": "n/a"
}
{
    "process": "gptq",
    "layer": 20,
    "module": "self_attn.v_proj",
    "feat: in, out": "576, 192",
    "dtype: size": "f32: 0.4MB",
    "loss": "0.0000490863",
    "samples": "65536",
    "damp": "0.05000",
    "time": "0.096",
    "fwd_time": "0.484",
    "(v)ram": "n/a"
}
{
    "process": "gptq",
    "layer": 20,
    "module": "self_attn.o_proj",
    "feat: in, out": "576, 576",
    "dtype: size": "f32: 1.3MB",
    "loss": "0.0001102366",
    "samples": "65536",
    "damp": "0.05000",
    "time": "0.129",
    "fwd_time": "1.054",
    "(v)ram": "n/a"
}
{
    "process": "gptq",
    "layer": 20,
    "module": "mlp.gate_proj",
    "feat: in, out": "576, 1536",
    "dtype: size": "f32: 3.4MB",
    "loss": "0.0000837846",
    "samples": "65536",
    "damp": "0.05000",
    "time": "0.392",
    "fwd_time": "1.868",
    "(v)ram": "n/a"
}
{
    "process": "gptq",
    "layer": 20,
    "module": "mlp.up_proj",
    "feat: in, out": "576, 1536",
    "dtype: size": "f32: 3.4MB",
    "loss": "0.0000955664",
    "samples": "65536",
    "damp": "0.05000",
    "time": "0.400",
    "fwd_time": "1.868",
    "(v)ram": "n/a"
}
{
    "process": "gptq",
    "layer": 20,
    "module": "mlp.down_proj",
    "feat: in, out": "1536, 576",
    "dtype: size": "f32: 3.4MB",
    "loss": "0.0007132353",
    "samples": "65536",
    "damp": "0.05000",
    "time": "0.347",
    "fwd_time": "2.479",
    "(v)ram": "n/a"
}
{
    "process": "gptq",
    "layer": 21,
    "module": "self_attn.k_proj",
    "feat: in, out": "576, 192",
    "dtype: size": "f32: 0.4MB",
    "loss": "0.0000224656",
    "samples": "65536",
    "damp": "0.05000",
    "time": "0.276",
    "fwd_time": "0.487",
    "(v)ram": "n/a"
}
{
    "process": "gptq",
    "layer": 21,
    "module": "self_attn.q_proj",
    "feat: in, out": "576, 576",
    "dtype: size": "f32: 1.3MB",
    "loss": "0.0000784418",
    "samples": "65536",
    "damp": "0.05000",
    "time": "0.306",
    "fwd_time": "0.487",
    "(v)ram": "n/a"
}
{
    "process": "gptq",
    "layer": 21,
    "module": "self_attn.v_proj",
    "feat: in, out": "576, 192",
    "dtype: size": "f32: 0.4MB",
    "loss": "0.0000358375",
    "samples": "65536",
    "damp": "0.05000",
    "time": "0.090",
    "fwd_time": "0.487",
    "(v)ram": "n/a"
}
{
    "process": "gptq",
    "layer": 21,
    "module": "self_attn.o_proj",
    "feat: in, out": "576, 576",
    "dtype: size": "f32: 1.3MB",
    "loss": "0.0001326409",
    "samples": "65536",
    "damp": "0.05000",
    "time": "0.130",
    "fwd_time": "1.221",
    "(v)ram": "n/a"
}
{
    "process": "gptq",
    "layer": 21,
    "module": "mlp.gate_proj",
    "feat: in, out": "576, 1536",
    "dtype: size": "f32: 3.4MB",
    "loss": "0.0000976766",
    "samples": "65536",
    "damp": "0.05000",
    "time": "0.412",
    "fwd_time": "1.855",
    "(v)ram": "n/a"
}
{
    "process": "gptq",
    "layer": 21,
    "module": "mlp.up_proj",
    "feat: in, out": "576, 1536",
    "dtype: size": "f32: 3.4MB",
    "loss": "0.0001073658",
    "samples": "65536",
    "damp": "0.05000",
    "time": "0.420",
    "fwd_time": "1.855",
    "(v)ram": "n/a"
}
{
    "process": "gptq",
    "layer": 21,
    "module": "mlp.down_proj",
    "feat: in, out": "1536, 576",
    "dtype: size": "f32: 3.4MB",
    "loss": "0.0006014777",
    "samples": "65536",
    "damp": "0.05000",
    "time": "0.402",
    "fwd_time": "2.476",
    "(v)ram": "n/a"
}
{
    "process": "gptq",
    "layer": 22,
    "module": "self_attn.k_proj",
    "feat: in, out": "576, 192",
    "dtype: size": "f32: 0.4MB",
    "loss": "0.0000224173",
    "samples": "65536",
    "damp": "0.05000",
    "time": "0.308",
    "fwd_time": "0.568",
    "(v)ram": "n/a"
}
{
    "process": "gptq",
    "layer": 22,
    "module": "self_attn.q_proj",
    "feat: in, out": "576, 576",
    "dtype: size": "f32: 1.3MB",
    "loss": "0.0000789176",
    "samples": "65536",
    "damp": "0.05000",
    "time": "0.343",
    "fwd_time": "0.568",
    "(v)ram": "n/a"
}
{
    "process": "gptq",
    "layer": 22,
    "module": "self_attn.v_proj",
    "feat: in, out": "576, 192",
    "dtype: size": "f32: 0.4MB",
    "loss": "0.0000384544",
    "samples": "65536",
    "damp": "0.05000",
    "time": "0.092",
    "fwd_time": "0.568",
    "(v)ram": "n/a"
}
{
    "process": "gptq",
    "layer": 22,
    "module": "self_attn.o_proj",
    "feat: in, out": "576, 576",
    "dtype: size": "f32: 1.3MB",
    "loss": "0.0001861816",
    "samples": "65536",
    "damp": "0.05000",
    "time": "0.135",
    "fwd_time": "1.286",
    "(v)ram": "n/a"
}
{
    "process": "gptq",
    "layer": 22,
    "module": "mlp.up_proj",
    "feat: in, out": "576, 1536",
    "dtype: size": "f32: 3.4MB",
    "loss": "0.0001236287",
    "samples": "65536",
    "damp": "0.05000",
    "time": "0.459",
    "fwd_time": "2.083",
    "(v)ram": "n/a"
}
{
    "process": "gptq",
    "layer": 22,
    "module": "mlp.gate_proj",
    "feat: in, out": "576, 1536",
    "dtype: size": "f32: 3.4MB",
    "loss": "0.0001076775",
    "samples": "65536",
    "damp": "0.05000",
    "time": "0.471",
    "fwd_time": "2.083",
    "(v)ram": "n/a"
}
{
    "process": "gptq",
    "layer": 22,
    "module": "mlp.down_proj",
    "feat: in, out": "1536, 576",
    "dtype: size": "f32: 3.4MB",
    "loss": "0.0010104333",
    "samples": "65536",
    "damp": "0.05000",
    "time": "0.348",
    "fwd_time": "2.845",
    "(v)ram": "n/a"
}
{
    "process": "gptq",
    "layer": 23,
    "module": "self_attn.k_proj",
    "feat: in, out": "576, 192",
    "dtype: size": "f32: 0.4MB",
    "loss": "0.0000348196",
    "samples": "65536",
    "damp": "0.05000",
    "time": "0.270",
    "fwd_time": "0.509",
    "(v)ram": "n/a"
}
{
    "process": "gptq",
    "layer": 23,
    "module": "self_attn.q_proj",
    "feat: in, out": "576, 576",
    "dtype: size": "f32: 1.3MB",
    "loss": "0.0001172702",
    "samples": "65536",
    "damp": "0.05000",
    "time": "0.307",
    "fwd_time": "0.509",
    "(v)ram": "n/a"
}
{
    "process": "gptq",
    "layer": 23,
    "module": "self_attn.v_proj",
    "feat: in, out": "576, 192",
    "dtype: size": "f32: 0.4MB",
    "loss": "0.0001216013",
    "samples": "65536",
    "damp": "0.05000",
    "time": "0.085",
    "fwd_time": "0.509",
    "(v)ram": "n/a"
}
{
    "process": "gptq",
    "layer": 23,
    "module": "self_attn.o_proj",
    "feat: in, out": "576, 576",
    "dtype: size": "f32: 1.3MB",
    "loss": "0.0003896523",
    "samples": "65536",
    "damp": "0.05000",
    "time": "0.129",
    "fwd_time": "1.241",
    "(v)ram": "n/a"
}
{
    "process": "gptq",
    "layer": 23,
    "module": "mlp.up_proj",
    "feat: in, out": "576, 1536",
    "dtype: size": "f32: 3.4MB",
    "loss": "0.0001507159",
    "samples": "65536",
    "damp": "0.05000",
    "time": "0.407",
    "fwd_time": "1.964",
    "(v)ram": "n/a"
}
{
    "process": "gptq",
    "layer": 23,
    "module": "mlp.gate_proj",
    "feat: in, out": "576, 1536",
    "dtype: size": "f32: 3.4MB",
    "loss": "0.0001163299",
    "samples": "65536",
    "damp": "0.05000",
    "time": "0.409",
    "fwd_time": "1.964",
    "(v)ram": "n/a"
}
{
    "process": "gptq",
    "layer": 23,
    "module": "mlp.down_proj",
    "feat: in, out": "1536, 576",
    "dtype: size": "f32: 3.4MB",
    "loss": "0.0013070346",
    "samples": "65536",
    "damp": "0.05000",
    "time": "0.387",
    "fwd_time": "2.514",
    "(v)ram": "n/a"
}
{
    "process": "gptq",
    "layer": 24,
    "module": "self_attn.k_proj",
    "feat: in, out": "576, 192",
    "dtype: size": "f32: 0.4MB",
    "loss": "0.0000279009",
    "samples": "65536",
    "damp": "0.05000",
    "time": "0.285",
    "fwd_time": "0.482",
    "(v)ram": "n/a"
}
{
    "process": "gptq",
    "layer": 24,
    "module": "self_attn.q_proj",
    "feat: in, out": "576, 576",
    "dtype: size": "f32: 1.3MB",
    "loss": "0.0001121806",
    "samples": "65536",
    "damp": "0.05000",
    "time": "0.311",
    "fwd_time": "0.482",
    "(v)ram": "n/a"
}
{
    "process": "gptq",
    "layer": 24,
    "module": "self_attn.v_proj",
    "feat: in, out": "576, 192",
    "dtype: size": "f32: 0.4MB",
    "loss": "0.0001199505",
    "samples": "65536",
    "damp": "0.05000",
    "time": "0.094",
    "fwd_time": "0.482",
    "(v)ram": "n/a"
}
{
    "process": "gptq",
    "layer": 24,
    "module": "self_attn.o_proj",
    "feat: in, out": "576, 576",
    "dtype: size": "f32: 1.3MB",
    "loss": "0.0002972379",
    "samples": "65536",
    "damp": "0.05000",
    "time": "0.136",
    "fwd_time": "1.276",
    "(v)ram": "n/a"
}
{
    "process": "gptq",
    "layer": 24,
    "module": "mlp.up_proj",
    "feat: in, out": "576, 1536",
    "dtype: size": "f32: 3.4MB",
    "loss": "0.0001563120",
    "samples": "65536",
    "damp": "0.05000",
    "time": "0.421",
    "fwd_time": "1.937",
    "(v)ram": "n/a"
}
{
    "process": "gptq",
    "layer": 24,
    "module": "mlp.gate_proj",
    "feat: in, out": "576, 1536",
    "dtype: size": "f32: 3.4MB",
    "loss": "0.0001194392",
    "samples": "65536",
    "damp": "0.05000",
    "time": "0.427",
    "fwd_time": "1.937",
    "(v)ram": "n/a"
}
{
    "process": "gptq",
    "layer": 24,
    "module": "mlp.down_proj",
    "feat: in, out": "1536, 576",
    "dtype: size": "f32: 3.4MB",
    "loss": "0.0017625848",
    "samples": "65536",
    "damp": "0.05000",
    "time": "0.373",
    "fwd_time": "2.808",
    "(v)ram": "n/a"
}
{
    "process": "gptq",
    "layer": 25,
    "module": "self_attn.k_proj",
    "feat: in, out": "576, 192",
    "dtype: size": "f32: 0.4MB",
    "loss": "0.0000257221",
    "samples": "65536",
    "damp": "0.05000",
    "time": "0.284",
    "fwd_time": "0.518",
    "(v)ram": "n/a"
}
{
    "process": "gptq",
    "layer": 25,
    "module": "self_attn.q_proj",
    "feat: in, out": "576, 576",
    "dtype: size": "f32: 1.3MB",
    "loss": "0.0000890226",
    "samples": "65536",
    "damp": "0.05000",
    "time": "0.323",
    "fwd_time": "0.518",
    "(v)ram": "n/a"
}
{
    "process": "gptq",
    "layer": 25,
    "module": "self_attn.v_proj",
    "feat: in, out": "576, 192",
    "dtype: size": "f32: 0.4MB",
    "loss": "0.0000545561",
    "samples": "65536",
    "damp": "0.05000",
    "time": "0.097",
    "fwd_time": "0.518",
    "(v)ram": "n/a"
}
{
    "process": "gptq",
    "layer": 25,
    "module": "self_attn.o_proj",
    "feat: in, out": "576, 576",
    "dtype: size": "f32: 1.3MB",
    "loss": "0.0002755589",
    "samples": "65536",
    "damp": "0.05000",
    "time": "0.124",
    "fwd_time": "1.373",
    "(v)ram": "n/a"
}
{
    "process": "gptq",
    "layer": 25,
    "module": "mlp.gate_proj",
    "feat: in, out": "576, 1536",
    "dtype: size": "f32: 3.4MB",
    "loss": "0.0001296565",
    "samples": "65536",
    "damp": "0.05000",
    "time": "0.449",
    "fwd_time": "1.938",
    "(v)ram": "n/a"
}
{
    "process": "gptq",
    "layer": 25,
    "module": "mlp.up_proj",
    "feat: in, out": "576, 1536",
    "dtype: size": "f32: 3.4MB",
    "loss": "0.0001646650",
    "samples": "65536",
    "damp": "0.05000",
    "time": "0.454",
    "fwd_time": "1.938",
    "(v)ram": "n/a"
}
{
    "process": "gptq",
    "layer": 25,
    "module": "mlp.down_proj",
    "feat: in, out": "1536, 576",
    "dtype: size": "f32: 3.4MB",
    "loss": "0.0016660851",
    "samples": "65536",
    "damp": "0.05000",
    "time": "0.377",
    "fwd_time": "2.861",
    "(v)ram": "n/a"
}
{
    "process": "gptq",
    "layer": 26,
    "module": "self_attn.k_proj",
    "feat: in, out": "576, 192",
    "dtype: size": "f32: 0.4MB",
    "loss": "0.0000248025",
    "samples": "65536",
    "damp": "0.05000",
    "time": "0.271",
    "fwd_time": "0.507",
    "(v)ram": "n/a"
}
{
    "process": "gptq",
    "layer": 26,
    "module": "self_attn.q_proj",
    "feat: in, out": "576, 576",
    "dtype: size": "f32: 1.3MB",
    "loss": "0.0000889574",
    "samples": "65536",
    "damp": "0.05000",
    "time": "0.306",
    "fwd_time": "0.507",
    "(v)ram": "n/a"
}
{
    "process": "gptq",
    "layer": 26,
    "module": "self_attn.v_proj",
    "feat: in, out": "576, 192",
    "dtype: size": "f32: 0.4MB",
    "loss": "0.0000776785",
    "samples": "65536",
    "damp": "0.05000",
    "time": "0.100",
    "fwd_time": "0.507",
    "(v)ram": "n/a"
}
{
    "process": "gptq",
    "layer": 26,
    "module": "self_attn.o_proj",
    "feat: in, out": "576, 576",
    "dtype: size": "f32: 1.3MB",
    "loss": "0.0003058971",
    "samples": "65536",
    "damp": "0.05000",
    "time": "0.109",
    "fwd_time": "1.201",
    "(v)ram": "n/a"
}
{
    "process": "gptq",
    "layer": 26,
    "module": "mlp.gate_proj",
    "feat: in, out": "576, 1536",
    "dtype: size": "f32: 3.4MB",
    "loss": "0.0001471517",
    "samples": "65536",
    "damp": "0.05000",
    "time": "0.420",
    "fwd_time": "1.712",
    "(v)ram": "n/a"
}
{
    "process": "gptq",
    "layer": 26,
    "module": "mlp.up_proj",
    "feat: in, out": "576, 1536",
    "dtype: size": "f32: 3.4MB",
    "loss": "0.0001876393",
    "samples": "65536",
    "damp": "0.05000",
    "time": "0.425",
    "fwd_time": "1.712",
    "(v)ram": "n/a"
}
{
    "process": "gptq",
    "layer": 26,
    "module": "mlp.down_proj",
    "feat: in, out": "1536, 576",
    "dtype: size": "f32: 3.4MB",
    "loss": "0.0022621427",
    "samples": "65536",
    "damp": "0.05000",
    "time": "0.417",
    "fwd_time": "2.878",
    "(v)ram": "n/a"
}
{
    "process": "gptq",
    "layer": 27,
    "module": "self_attn.k_proj",
    "feat: in, out": "576, 192",
    "dtype: size": "f32: 0.4MB",
    "loss": "0.0000252033",
    "samples": "65536",
    "damp": "0.05000",
    "time": "0.264",
    "fwd_time": "0.507",
    "(v)ram": "n/a"
}
{
    "process": "gptq",
    "layer": 27,
    "module": "self_attn.q_proj",
    "feat: in, out": "576, 576",
    "dtype: size": "f32: 1.3MB",
    "loss": "0.0000952134",
    "samples": "65536",
    "damp": "0.05000",
    "time": "0.300",
    "fwd_time": "0.507",
    "(v)ram": "n/a"
}
{
    "process": "gptq",
    "layer": 27,
    "module": "self_attn.v_proj",
    "feat: in, out": "576, 192",
    "dtype: size": "f32: 0.4MB",
    "loss": "0.0000651131",
    "samples": "65536",
    "damp": "0.05000",
    "time": "0.080",
    "fwd_time": "0.507",
    "(v)ram": "n/a"
}
{
    "process": "gptq",
    "layer": 27,
    "module": "self_attn.o_proj",
    "feat: in, out": "576, 576",
    "dtype: size": "f32: 1.3MB",
    "loss": "0.0004856324",
    "samples": "65536",
    "damp": "0.05000",
    "time": "0.142",
    "fwd_time": "1.186",
    "(v)ram": "n/a"
}
{
    "process": "gptq",
    "layer": 27,
    "module": "mlp.gate_proj",
    "feat: in, out": "576, 1536",
    "dtype: size": "f32: 3.4MB",
    "loss": "0.0001560702",
    "samples": "65536",
    "damp": "0.05000",
    "time": "0.405",
    "fwd_time": "1.880",
    "(v)ram": "n/a"
}
{
    "process": "gptq",
    "layer": 27,
    "module": "mlp.up_proj",
    "feat: in, out": "576, 1536",
    "dtype: size": "f32: 3.4MB",
    "loss": "0.0001926437",
    "samples": "65536",
    "damp": "0.05000",
    "time": "0.407",
    "fwd_time": "1.880",
    "(v)ram": "n/a"
}
{
    "process": "gptq",
    "layer": 27,
    "module": "mlp.down_proj",
    "feat: in, out": "1536, 576",
    "dtype: size": "f32: 3.4MB",
    "loss": "0.0029909823",
    "samples": "65536",
    "damp": "0.05000",
    "time": "0.381",
    "fwd_time": "2.806",
    "(v)ram": "n/a"
}
{
    "process": "gptq",
    "layer": 28,
    "module": "self_attn.k_proj",
    "feat: in, out": "576, 192",
    "dtype: size": "f32: 0.4MB",
    "loss": "0.0000222247",
    "samples": "65536",
    "damp": "0.05000",
    "time": "0.278",
    "fwd_time": "0.568",
    "(v)ram": "n/a"
}
{
    "process": "gptq",
    "layer": 28,
    "module": "self_attn.q_proj",
    "feat: in, out": "576, 576",
    "dtype: size": "f32: 1.3MB",
    "loss": "0.0000756540",
    "samples": "65536",
    "damp": "0.05000",
    "time": "0.310",
    "fwd_time": "0.568",
    "(v)ram": "n/a"
}
{
    "process": "gptq",
    "layer": 28,
    "module": "self_attn.v_proj",
    "feat: in, out": "576, 192",
    "dtype: size": "f32: 0.4MB",
    "loss": "0.0000809745",
    "samples": "65536",
    "damp": "0.05000",
    "time": "0.086",
    "fwd_time": "0.568",
    "(v)ram": "n/a"
}
{
    "process": "gptq",
    "layer": 28,
    "module": "self_attn.o_proj",
    "feat: in, out": "576, 576",
    "dtype: size": "f32: 1.3MB",
    "loss": "0.0003969574",
    "samples": "65536",
    "damp": "0.05000",
    "time": "0.117",
    "fwd_time": "1.199",
    "(v)ram": "n/a"
}
{
    "process": "gptq",
    "layer": 28,
    "module": "mlp.up_proj",
    "feat: in, out": "576, 1536",
    "dtype: size": "f32: 3.4MB",
    "loss": "0.0002146007",
    "samples": "65536",
    "damp": "0.05000",
    "time": "0.475",
    "fwd_time": "1.765",
    "(v)ram": "n/a"
}
{
    "process": "gptq",
    "layer": 28,
    "module": "mlp.gate_proj",
    "feat: in, out": "576, 1536",
    "dtype: size": "f32: 3.4MB",
    "loss": "0.0001535335",
    "samples": "65536",
    "damp": "0.05000",
    "time": "0.482",
    "fwd_time": "1.765",
    "(v)ram": "n/a"
}
{
    "process": "gptq",
    "layer": 28,
    "module": "mlp.down_proj",
    "feat: in, out": "1536, 576",
    "dtype: size": "f32: 3.4MB",
    "loss": "0.0239466839",
    "samples": "65536",
    "damp": "0.05000",
    "time": "0.333",
    "fwd_time": "2.824",
    "(v)ram": "n/a"
}
{
    "process": "gptq",
    "layer": 29,
    "module": "self_attn.k_proj",
    "feat: in, out": "576, 192",
    "dtype: size": "f32: 0.4MB",
    "loss": "0.0000208625",
    "samples": "65536",
    "damp": "0.05000",
    "time": "0.286",
    "fwd_time": "0.644",
    "(v)ram": "n/a"
}
{
    "process": "gptq",
    "layer": 29,
    "module": "self_attn.q_proj",
    "feat: in, out": "576, 576",
    "dtype: size": "f32: 1.3MB",
    "loss": "0.0000887392",
    "samples": "65536",
    "damp": "0.05000",
    "time": "0.324",
    "fwd_time": "0.644",
    "(v)ram": "n/a"
}
{
    "process": "gptq",
    "layer": 29,
    "module": "self_attn.v_proj",
    "feat: in, out": "576, 192",
    "dtype: size": "f32: 0.4MB",
    "loss": "0.0000940533",
    "samples": "65536",
    "damp": "0.05000",
    "time": "0.099",
    "fwd_time": "0.644",
    "(v)ram": "n/a"
}
{
    "process": "gptq",
    "layer": 29,
    "module": "self_attn.o_proj",
    "feat: in, out": "576, 576",
    "dtype: size": "f32: 1.3MB",
    "loss": "0.0008258373",
    "samples": "65536",
    "damp": "0.05000",
    "time": "0.124",
    "fwd_time": "1.266",
    "(v)ram": "n/a"
}
{
    "process": "gptq",
    "layer": 29,
    "module": "mlp.up_proj",
    "feat: in, out": "576, 1536",
    "dtype: size": "f32: 3.4MB",
    "loss": "0.0003489778",
    "samples": "65536",
    "damp": "0.05000",
    "time": "0.424",
    "fwd_time": "1.778",
    "(v)ram": "n/a"
}
{
    "process": "gptq",
    "layer": 29,
    "module": "mlp.gate_proj",
    "feat: in, out": "576, 1536",
    "dtype: size": "f32: 3.4MB",
    "loss": "0.0002556143",
    "samples": "65536",
    "damp": "0.05000",
    "time": "0.432",
    "fwd_time": "1.778",
    "(v)ram": "n/a"
}
{
    "process": "gptq",
    "layer": 29,
    "module": "mlp.down_proj",
    "feat: in, out": "1536, 576",
    "dtype: size": "f32: 3.4MB",
    "loss": "0.0220325682",
    "samples": "65536",
    "damp": "0.05000",
    "time": "0.352",
    "fwd_time": "2.457",
    "(v)ram": "n/a"
}
