{
    "process": "gptq",
    "layer": 0,
    "module": "self_attn.k_proj",
    "feat: in, out": "576, 192",
    "dtype: size": "f32: 0.4MB",
    "loss": "0.0000007425",
    "samples": "262144",
    "damp": "0.05000",
    "time": "0.348",
    "fwd_time": "1.474",
    "(v)ram": "n/a"
}
{
    "process": "gptq",
    "layer": 0,
    "module": "self_attn.q_proj",
    "feat: in, out": "576, 576",
    "dtype: size": "f32: 1.3MB",
    "loss": "0.0000012028",
    "samples": "262144",
    "damp": "0.05000",
    "time": "0.404",
    "fwd_time": "1.474",
    "(v)ram": "n/a"
}
{
    "process": "gptq",
    "layer": 0,
    "module": "self_attn.v_proj",
    "feat: in, out": "576, 192",
    "dtype: size": "f32: 0.4MB",
    "loss": "0.0000000089",
    "samples": "262144",
    "damp": "0.05000",
    "time": "0.112",
    "fwd_time": "1.474",
    "(v)ram": "n/a"
}
{
    "process": "gptq",
    "layer": 0,
    "module": "self_attn.o_proj",
    "feat: in, out": "576, 576",
    "dtype: size": "f32: 1.3MB",
    "loss": "0.0000000123",
    "samples": "262144",
    "damp": "0.05000",
    "time": "0.166",
    "fwd_time": "5.410",
    "(v)ram": "n/a"
}
{
    "process": "gptq",
    "layer": 0,
    "module": "mlp.gate_proj",
    "feat: in, out": "576, 1536",
    "dtype: size": "f32: 3.4MB",
    "loss": "0.0000056124",
    "samples": "262144",
    "damp": "0.05000",
    "time": "0.484",
    "fwd_time": "7.463",
    "(v)ram": "n/a"
}
{
    "process": "gptq",
    "layer": 0,
    "module": "mlp.up_proj",
    "feat: in, out": "576, 1536",
    "dtype: size": "f32: 3.4MB",
    "loss": "0.0000059201",
    "samples": "262144",
    "damp": "0.05000",
    "time": "0.495",
    "fwd_time": "7.463",
    "(v)ram": "n/a"
}
{
    "process": "gptq",
    "layer": 0,
    "module": "mlp.down_proj",
    "feat: in, out": "1536, 576",
    "dtype: size": "f32: 3.4MB",
    "loss": "0.0000236482",
    "samples": "262144",
    "damp": "0.05000",
    "time": "0.486",
    "fwd_time": "10.745",
    "(v)ram": "n/a"
}
{
    "process": "gptq",
    "layer": 1,
    "module": "self_attn.k_proj",
    "feat: in, out": "576, 192",
    "dtype: size": "f32: 0.4MB",
    "loss": "0.0000033811",
    "samples": "262144",
    "damp": "0.05000",
    "time": "0.321",
    "fwd_time": "1.440",
    "(v)ram": "n/a"
}
{
    "process": "gptq",
    "layer": 1,
    "module": "self_attn.q_proj",
    "feat: in, out": "576, 576",
    "dtype: size": "f32: 1.3MB",
    "loss": "0.0000076739",
    "samples": "262144",
    "damp": "0.05000",
    "time": "0.356",
    "fwd_time": "1.440",
    "(v)ram": "n/a"
}
{
    "process": "gptq",
    "layer": 1,
    "module": "self_attn.v_proj",
    "feat: in, out": "576, 192",
    "dtype: size": "f32: 0.4MB",
    "loss": "0.0000006422",
    "samples": "262144",
    "damp": "0.05000",
    "time": "0.102",
    "fwd_time": "1.440",
    "(v)ram": "n/a"
}
{
    "process": "gptq",
    "layer": 1,
    "module": "self_attn.o_proj",
    "feat: in, out": "576, 576",
    "dtype: size": "f32: 1.3MB",
    "loss": "0.0000035916",
    "samples": "262144",
    "damp": "0.05000",
    "time": "0.162",
    "fwd_time": "4.941",
    "(v)ram": "n/a"
}
{
    "process": "gptq",
    "layer": 1,
    "module": "mlp.up_proj",
    "feat: in, out": "576, 1536",
    "dtype: size": "f32: 3.4MB",
    "loss": "0.0000068109",
    "samples": "262144",
    "damp": "0.05000",
    "time": "0.479",
    "fwd_time": "6.705",
    "(v)ram": "n/a"
}
{
    "process": "gptq",
    "layer": 1,
    "module": "mlp.gate_proj",
    "feat: in, out": "576, 1536",
    "dtype: size": "f32: 3.4MB",
    "loss": "0.0000086261",
    "samples": "262144",
    "damp": "0.05000",
    "time": "0.485",
    "fwd_time": "6.705",
    "(v)ram": "n/a"
}
{
    "process": "gptq",
    "layer": 1,
    "module": "mlp.down_proj",
    "feat: in, out": "1536, 576",
    "dtype: size": "f32: 3.4MB",
    "loss": "0.0000085101",
    "samples": "262144",
    "damp": "0.05000",
    "time": "0.727",
    "fwd_time": "10.541",
    "(v)ram": "n/a"
}
{
    "process": "gptq",
    "layer": 2,
    "module": "self_attn.k_proj",
    "feat: in, out": "576, 192",
    "dtype: size": "f32: 0.4MB",
    "loss": "0.0000054312",
    "samples": "262144",
    "damp": "0.05000",
    "time": "0.381",
    "fwd_time": "2.360",
    "(v)ram": "n/a"
}
{
    "process": "gptq",
    "layer": 2,
    "module": "self_attn.q_proj",
    "feat: in, out": "576, 576",
    "dtype: size": "f32: 1.3MB",
    "loss": "0.0000125541",
    "samples": "262144",
    "damp": "0.05000",
    "time": "0.453",
    "fwd_time": "2.360",
    "(v)ram": "n/a"
}
{
    "process": "gptq",
    "layer": 2,
    "module": "self_attn.v_proj",
    "feat: in, out": "576, 192",
    "dtype: size": "f32: 0.4MB",
    "loss": "0.0000008770",
    "samples": "262144",
    "damp": "0.05000",
    "time": "0.120",
    "fwd_time": "2.360",
    "(v)ram": "n/a"
}
{
    "process": "gptq",
    "layer": 2,
    "module": "self_attn.o_proj",
    "feat: in, out": "576, 576",
    "dtype: size": "f32: 1.3MB",
    "loss": "0.0000022648",
    "samples": "262144",
    "damp": "0.05000",
    "time": "0.138",
    "fwd_time": "5.085",
    "(v)ram": "n/a"
}
{
    "process": "gptq",
    "layer": 2,
    "module": "mlp.up_proj",
    "feat: in, out": "576, 1536",
    "dtype: size": "f32: 3.4MB",
    "loss": "0.0000089307",
    "samples": "262144",
    "damp": "0.05000",
    "time": "0.494",
    "fwd_time": "7.093",
    "(v)ram": "n/a"
}
{
    "process": "gptq",
    "layer": 2,
    "module": "mlp.gate_proj",
    "feat: in, out": "576, 1536",
    "dtype: size": "f32: 3.4MB",
    "loss": "0.0000106515",
    "samples": "262144",
    "damp": "0.05000",
    "time": "0.500",
    "fwd_time": "7.093",
    "(v)ram": "n/a"
}
{
    "process": "gptq",
    "layer": 2,
    "module": "mlp.down_proj",
    "feat: in, out": "1536, 576",
    "dtype: size": "f32: 3.4MB",
    "loss": "0.0000141509",
    "samples": "262144",
    "damp": "0.05000",
    "time": "0.447",
    "fwd_time": "10.755",
    "(v)ram": "n/a"
}
{
    "process": "gptq",
    "layer": 3,
    "module": "self_attn.k_proj",
    "feat: in, out": "576, 192",
    "dtype: size": "f32: 0.4MB",
    "loss": "0.0000069365",
    "samples": "262144",
    "damp": "0.05000",
    "time": "0.352",
    "fwd_time": "1.472",
    "(v)ram": "n/a"
}
{
    "process": "gptq",
    "layer": 3,
    "module": "self_attn.q_proj",
    "feat: in, out": "576, 576",
    "dtype: size": "f32: 1.3MB",
    "loss": "0.0000173651",
    "samples": "262144",
    "damp": "0.05000",
    "time": "0.396",
    "fwd_time": "1.472",
    "(v)ram": "n/a"
}
{
    "process": "gptq",
    "layer": 3,
    "module": "self_attn.v_proj",
    "feat: in, out": "576, 192",
    "dtype: size": "f32: 0.4MB",
    "loss": "0.0000027163",
    "samples": "262144",
    "damp": "0.05000",
    "time": "0.124",
    "fwd_time": "1.472",
    "(v)ram": "n/a"
}
{
    "process": "gptq",
    "layer": 3,
    "module": "self_attn.o_proj",
    "feat: in, out": "576, 576",
    "dtype: size": "f32: 1.3MB",
    "loss": "0.0000037042",
    "samples": "262144",
    "damp": "0.05000",
    "time": "0.123",
    "fwd_time": "4.778",
    "(v)ram": "n/a"
}
{
    "process": "gptq",
    "layer": 3,
    "module": "mlp.gate_proj",
    "feat: in, out": "576, 1536",
    "dtype: size": "f32: 3.4MB",
    "loss": "0.0000110923",
    "samples": "262144",
    "damp": "0.05000",
    "time": "0.605",
    "fwd_time": "7.074",
    "(v)ram": "n/a"
}
{
    "process": "gptq",
    "layer": 3,
    "module": "mlp.up_proj",
    "feat: in, out": "576, 1536",
    "dtype: size": "f32: 3.4MB",
    "loss": "0.0000097111",
    "samples": "262144",
    "damp": "0.05000",
    "time": "0.607",
    "fwd_time": "7.074",
    "(v)ram": "n/a"
}
{
    "process": "gptq",
    "layer": 3,
    "module": "mlp.down_proj",
    "feat: in, out": "1536, 576",
    "dtype: size": "f32: 3.4MB",
    "loss": "0.0000126126",
    "samples": "262144",
    "damp": "0.05000",
    "time": "0.602",
    "fwd_time": "10.566",
    "(v)ram": "n/a"
}
{
    "process": "gptq",
    "layer": 4,
    "module": "self_attn.k_proj",
    "feat: in, out": "576, 192",
    "dtype: size": "f32: 0.4MB",
    "loss": "0.0000066571",
    "samples": "262144",
    "damp": "0.05000",
    "time": "0.355",
    "fwd_time": "1.634",
    "(v)ram": "n/a"
}
{
    "process": "gptq",
    "layer": 4,
    "module": "self_attn.q_proj",
    "feat: in, out": "576, 576",
    "dtype: size": "f32: 1.3MB",
    "loss": "0.0000159630",
    "samples": "262144",
    "damp": "0.05000",
    "time": "0.408",
    "fwd_time": "1.634",
    "(v)ram": "n/a"
}
{
    "process": "gptq",
    "layer": 4,
    "module": "self_attn.v_proj",
    "feat: in, out": "576, 192",
    "dtype: size": "f32: 0.4MB",
    "loss": "0.0000025940",
    "samples": "262144",
    "damp": "0.05000",
    "time": "0.123",
    "fwd_time": "1.634",
    "(v)ram": "n/a"
}
{
    "process": "gptq",
    "layer": 4,
    "module": "self_attn.o_proj",
    "feat: in, out": "576, 576",
    "dtype: size": "f32: 1.3MB",
    "loss": "0.0000039021",
    "samples": "262144",
    "damp": "0.05000",
    "time": "0.166",
    "fwd_time": "4.690",
    "(v)ram": "n/a"
}
{
    "process": "gptq",
    "layer": 4,
    "module": "mlp.up_proj",
    "feat: in, out": "576, 1536",
    "dtype: size": "f32: 3.4MB",
    "loss": "0.0000124048",
    "samples": "262144",
    "damp": "0.05000",
    "time": "0.542",
    "fwd_time": "6.784",
    "(v)ram": "n/a"
}
{
    "process": "gptq",
    "layer": 4,
    "module": "mlp.gate_proj",
    "feat: in, out": "576, 1536",
    "dtype: size": "f32: 3.4MB",
    "loss": "0.0000141061",
    "samples": "262144",
    "damp": "0.05000",
    "time": "0.553",
    "fwd_time": "6.784",
    "(v)ram": "n/a"
}
{
    "process": "gptq",
    "layer": 4,
    "module": "mlp.down_proj",
    "feat: in, out": "1536, 576",
    "dtype: size": "f32: 3.4MB",
    "loss": "0.0000163740",
    "samples": "262144",
    "damp": "0.05000",
    "time": "0.548",
    "fwd_time": "10.651",
    "(v)ram": "n/a"
}
{
    "process": "gptq",
    "layer": 5,
    "module": "self_attn.k_proj",
    "feat: in, out": "576, 192",
    "dtype: size": "f32: 0.4MB",
    "loss": "0.0000072549",
    "samples": "262144",
    "damp": "0.05000",
    "time": "0.325",
    "fwd_time": "1.551",
    "(v)ram": "n/a"
}
{
    "process": "gptq",
    "layer": 5,
    "module": "self_attn.q_proj",
    "feat: in, out": "576, 576",
    "dtype: size": "f32: 1.3MB",
    "loss": "0.0000169020",
    "samples": "262144",
    "damp": "0.05000",
    "time": "0.355",
    "fwd_time": "1.551",
    "(v)ram": "n/a"
}
{
    "process": "gptq",
    "layer": 5,
    "module": "self_attn.v_proj",
    "feat: in, out": "576, 192",
    "dtype: size": "f32: 0.4MB",
    "loss": "0.0000028590",
    "samples": "262144",
    "damp": "0.05000",
    "time": "0.096",
    "fwd_time": "1.551",
    "(v)ram": "n/a"
}
{
    "process": "gptq",
    "layer": 5,
    "module": "self_attn.o_proj",
    "feat: in, out": "576, 576",
    "dtype: size": "f32: 1.3MB",
    "loss": "0.0000039178",
    "samples": "262144",
    "damp": "0.05000",
    "time": "0.154",
    "fwd_time": "4.888",
    "(v)ram": "n/a"
}
{
    "process": "gptq",
    "layer": 5,
    "module": "mlp.up_proj",
    "feat: in, out": "576, 1536",
    "dtype: size": "f32: 3.4MB",
    "loss": "0.0000136382",
    "samples": "262144",
    "damp": "0.05000",
    "time": "0.443",
    "fwd_time": "6.548",
    "(v)ram": "n/a"
}
{
    "process": "gptq",
    "layer": 5,
    "module": "mlp.gate_proj",
    "feat: in, out": "576, 1536",
    "dtype: size": "f32: 3.4MB",
    "loss": "0.0000149907",
    "samples": "262144",
    "damp": "0.05000",
    "time": "0.448",
    "fwd_time": "6.548",
    "(v)ram": "n/a"
}
{
    "process": "gptq",
    "layer": 5,
    "module": "mlp.down_proj",
    "feat: in, out": "1536, 576",
    "dtype: size": "f32: 3.4MB",
    "loss": "0.0000181811",
    "samples": "262144",
    "damp": "0.05000",
    "time": "0.405",
    "fwd_time": "10.170",
    "(v)ram": "n/a"
}
{
    "process": "gptq",
    "layer": 6,
    "module": "self_attn.k_proj",
    "feat: in, out": "576, 192",
    "dtype: size": "f32: 0.4MB",
    "loss": "0.0000056740",
    "samples": "262144",
    "damp": "0.05000",
    "time": "0.315",
    "fwd_time": "1.463",
    "(v)ram": "n/a"
}
{
    "process": "gptq",
    "layer": 6,
    "module": "self_attn.q_proj",
    "feat: in, out": "576, 576",
    "dtype: size": "f32: 1.3MB",
    "loss": "0.0000138765",
    "samples": "262144",
    "damp": "0.05000",
    "time": "0.338",
    "fwd_time": "1.463",
    "(v)ram": "n/a"
}
{
    "process": "gptq",
    "layer": 6,
    "module": "self_attn.v_proj",
    "feat: in, out": "576, 192",
    "dtype: size": "f32: 0.4MB",
    "loss": "0.0000024401",
    "samples": "262144",
    "damp": "0.05000",
    "time": "0.105",
    "fwd_time": "1.463",
    "(v)ram": "n/a"
}
{
    "process": "gptq",
    "layer": 6,
    "module": "self_attn.o_proj",
    "feat: in, out": "576, 576",
    "dtype: size": "f32: 1.3MB",
    "loss": "0.0000032349",
    "samples": "262144",
    "damp": "0.05000",
    "time": "0.220",
    "fwd_time": "4.528",
    "(v)ram": "n/a"
}
{
    "process": "gptq",
    "layer": 6,
    "module": "mlp.up_proj",
    "feat: in, out": "576, 1536",
    "dtype: size": "f32: 3.4MB",
    "loss": "0.0000146543",
    "samples": "262144",
    "damp": "0.05000",
    "time": "0.522",
    "fwd_time": "6.853",
    "(v)ram": "n/a"
}
{
    "process": "gptq",
    "layer": 6,
    "module": "mlp.gate_proj",
    "feat: in, out": "576, 1536",
    "dtype: size": "f32: 3.4MB",
    "loss": "0.0000149220",
    "samples": "262144",
    "damp": "0.05000",
    "time": "0.526",
    "fwd_time": "6.853",
    "(v)ram": "n/a"
}
{
    "process": "gptq",
    "layer": 6,
    "module": "mlp.down_proj",
    "feat: in, out": "1536, 576",
    "dtype: size": "f32: 3.4MB",
    "loss": "0.0000227718",
    "samples": "262144",
    "damp": "0.05000",
    "time": "0.486",
    "fwd_time": "10.967",
    "(v)ram": "n/a"
}
{
    "process": "gptq",
    "layer": 7,
    "module": "self_attn.k_proj",
    "feat: in, out": "576, 192",
    "dtype: size": "f32: 0.4MB",
    "loss": "0.0000090764",
    "samples": "262144",
    "damp": "0.05000",
    "time": "0.373",
    "fwd_time": "1.638",
    "(v)ram": "n/a"
}
{
    "process": "gptq",
    "layer": 7,
    "module": "self_attn.q_proj",
    "feat: in, out": "576, 576",
    "dtype: size": "f32: 1.3MB",
    "loss": "0.0000244770",
    "samples": "262144",
    "damp": "0.05000",
    "time": "0.426",
    "fwd_time": "1.638",
    "(v)ram": "n/a"
}
{
    "process": "gptq",
    "layer": 7,
    "module": "self_attn.v_proj",
    "feat: in, out": "576, 192",
    "dtype: size": "f32: 0.4MB",
    "loss": "0.0000056581",
    "samples": "262144",
    "damp": "0.05000",
    "time": "0.104",
    "fwd_time": "1.638",
    "(v)ram": "n/a"
}
{
    "process": "gptq",
    "layer": 7,
    "module": "self_attn.o_proj",
    "feat: in, out": "576, 576",
    "dtype: size": "f32: 1.3MB",
    "loss": "0.0000039195",
    "samples": "262144",
    "damp": "0.05000",
    "time": "0.131",
    "fwd_time": "4.787",
    "(v)ram": "n/a"
}
{
    "process": "gptq",
    "layer": 7,
    "module": "mlp.up_proj",
    "feat: in, out": "576, 1536",
    "dtype: size": "f32: 3.4MB",
    "loss": "0.0000156278",
    "samples": "262144",
    "damp": "0.05000",
    "time": "0.494",
    "fwd_time": "7.574",
    "(v)ram": "n/a"
}
{
    "process": "gptq",
    "layer": 7,
    "module": "mlp.gate_proj",
    "feat: in, out": "576, 1536",
    "dtype: size": "f32: 3.4MB",
    "loss": "0.0000154050",
    "samples": "262144",
    "damp": "0.05000",
    "time": "0.497",
    "fwd_time": "7.574",
    "(v)ram": "n/a"
}
{
    "process": "gptq",
    "layer": 7,
    "module": "mlp.down_proj",
    "feat: in, out": "1536, 576",
    "dtype: size": "f32: 3.4MB",
    "loss": "0.0000274244",
    "samples": "262144",
    "damp": "0.05000",
    "time": "0.403",
    "fwd_time": "10.257",
    "(v)ram": "n/a"
}
{
    "process": "gptq",
    "layer": 8,
    "module": "self_attn.k_proj",
    "feat: in, out": "576, 192",
    "dtype: size": "f32: 0.4MB",
    "loss": "0.0000081020",
    "samples": "262144",
    "damp": "0.05000",
    "time": "0.349",
    "fwd_time": "1.270",
    "(v)ram": "n/a"
}
{
    "process": "gptq",
    "layer": 8,
    "module": "self_attn.q_proj",
    "feat: in, out": "576, 576",
    "dtype: size": "f32: 1.3MB",
    "loss": "0.0000207923",
    "samples": "262144",
    "damp": "0.05000",
    "time": "0.386",
    "fwd_time": "1.270",
    "(v)ram": "n/a"
}
{
    "process": "gptq",
    "layer": 8,
    "module": "self_attn.v_proj",
    "feat: in, out": "576, 192",
    "dtype: size": "f32: 0.4MB",
    "loss": "0.0000042584",
    "samples": "262144",
    "damp": "0.05000",
    "time": "0.114",
    "fwd_time": "1.270",
    "(v)ram": "n/a"
}
{
    "process": "gptq",
    "layer": 8,
    "module": "self_attn.o_proj",
    "feat: in, out": "576, 576",
    "dtype: size": "f32: 1.3MB",
    "loss": "0.0000057341",
    "samples": "262144",
    "damp": "0.05000",
    "time": "0.200",
    "fwd_time": "5.017",
    "(v)ram": "n/a"
}
{
    "process": "gptq",
    "layer": 8,
    "module": "mlp.gate_proj",
    "feat: in, out": "576, 1536",
    "dtype: size": "f32: 3.4MB",
    "loss": "0.0000156655",
    "samples": "262144",
    "damp": "0.05000",
    "time": "0.481",
    "fwd_time": "8.134",
    "(v)ram": "n/a"
}
{
    "process": "gptq",
    "layer": 8,
    "module": "mlp.up_proj",
    "feat: in, out": "576, 1536",
    "dtype: size": "f32: 3.4MB",
    "loss": "0.0000171666",
    "samples": "262144",
    "damp": "0.05000",
    "time": "0.493",
    "fwd_time": "8.134",
    "(v)ram": "n/a"
}
{
    "process": "gptq",
    "layer": 8,
    "module": "mlp.down_proj",
    "feat: in, out": "1536, 576",
    "dtype: size": "f32: 3.4MB",
    "loss": "0.0000364534",
    "samples": "262144",
    "damp": "0.05000",
    "time": "0.407",
    "fwd_time": "10.529",
    "(v)ram": "n/a"
}
{
    "process": "gptq",
    "layer": 9,
    "module": "self_attn.k_proj",
    "feat: in, out": "576, 192",
    "dtype: size": "f32: 0.4MB",
    "loss": "0.0000055114",
    "samples": "262144",
    "damp": "0.05000",
    "time": "0.331",
    "fwd_time": "1.399",
    "(v)ram": "n/a"
}
{
    "process": "gptq",
    "layer": 9,
    "module": "self_attn.q_proj",
    "feat: in, out": "576, 576",
    "dtype: size": "f32: 1.3MB",
    "loss": "0.0000153004",
    "samples": "262144",
    "damp": "0.05000",
    "time": "0.369",
    "fwd_time": "1.399",
    "(v)ram": "n/a"
}
{
    "process": "gptq",
    "layer": 9,
    "module": "self_attn.v_proj",
    "feat: in, out": "576, 192",
    "dtype: size": "f32: 0.4MB",
    "loss": "0.0000023532",
    "samples": "262144",
    "damp": "0.05000",
    "time": "0.107",
    "fwd_time": "1.399",
    "(v)ram": "n/a"
}
{
    "process": "gptq",
    "layer": 9,
    "module": "self_attn.o_proj",
    "feat: in, out": "576, 576",
    "dtype: size": "f32: 1.3MB",
    "loss": "0.0000072210",
    "samples": "262144",
    "damp": "0.05000",
    "time": "0.147",
    "fwd_time": "4.877",
    "(v)ram": "n/a"
}
{
    "process": "gptq",
    "layer": 9,
    "module": "mlp.gate_proj",
    "feat: in, out": "576, 1536",
    "dtype: size": "f32: 3.4MB",
    "loss": "0.0000150592",
    "samples": "262144",
    "damp": "0.05000",
    "time": "0.484",
    "fwd_time": "6.834",
    "(v)ram": "n/a"
}
{
    "process": "gptq",
    "layer": 9,
    "module": "mlp.up_proj",
    "feat: in, out": "576, 1536",
    "dtype: size": "f32: 3.4MB",
    "loss": "0.0000183728",
    "samples": "262144",
    "damp": "0.05000",
    "time": "0.489",
    "fwd_time": "6.834",
    "(v)ram": "n/a"
}
{
    "process": "gptq",
    "layer": 9,
    "module": "mlp.down_proj",
    "feat: in, out": "1536, 576",
    "dtype: size": "f32: 3.4MB",
    "loss": "0.0000415401",
    "samples": "262144",
    "damp": "0.05000",
    "time": "0.454",
    "fwd_time": "10.134",
    "(v)ram": "n/a"
}
{
    "process": "gptq",
    "layer": 10,
    "module": "self_attn.k_proj",
    "feat: in, out": "576, 192",
    "dtype: size": "f32: 0.4MB",
    "loss": "0.0000047878",
    "samples": "262144",
    "damp": "0.05000",
    "time": "0.402",
    "fwd_time": "1.808",
    "(v)ram": "n/a"
}
{
    "process": "gptq",
    "layer": 10,
    "module": "self_attn.q_proj",
    "feat: in, out": "576, 576",
    "dtype: size": "f32: 1.3MB",
    "loss": "0.0000135872",
    "samples": "262144",
    "damp": "0.05000",
    "time": "0.512",
    "fwd_time": "1.808",
    "(v)ram": "n/a"
}
{
    "process": "gptq",
    "layer": 10,
    "module": "self_attn.v_proj",
    "feat: in, out": "576, 192",
    "dtype: size": "f32: 0.4MB",
    "loss": "0.0000024121",
    "samples": "262144",
    "damp": "0.05000",
    "time": "0.224",
    "fwd_time": "1.808",
    "(v)ram": "n/a"
}
{
    "process": "gptq",
    "layer": 10,
    "module": "self_attn.o_proj",
    "feat: in, out": "576, 576",
    "dtype: size": "f32: 1.3MB",
    "loss": "0.0000133442",
    "samples": "262144",
    "damp": "0.05000",
    "time": "0.146",
    "fwd_time": "5.175",
    "(v)ram": "n/a"
}
{
    "process": "gptq",
    "layer": 10,
    "module": "mlp.up_proj",
    "feat: in, out": "576, 1536",
    "dtype: size": "f32: 3.4MB",
    "loss": "0.0000184195",
    "samples": "262144",
    "damp": "0.05000",
    "time": "0.498",
    "fwd_time": "6.609",
    "(v)ram": "n/a"
}
{
    "process": "gptq",
    "layer": 10,
    "module": "mlp.gate_proj",
    "feat: in, out": "576, 1536",
    "dtype: size": "f32: 3.4MB",
    "loss": "0.0000143055",
    "samples": "262144",
    "damp": "0.05000",
    "time": "0.500",
    "fwd_time": "6.609",
    "(v)ram": "n/a"
}
{
    "process": "gptq",
    "layer": 10,
    "module": "mlp.down_proj",
    "feat: in, out": "1536, 576",
    "dtype: size": "f32: 3.4MB",
    "loss": "0.0000386762",
    "samples": "262144",
    "damp": "0.05000",
    "time": "0.489",
    "fwd_time": "10.479",
    "(v)ram": "n/a"
}
{
    "process": "gptq",
    "layer": 11,
    "module": "self_attn.k_proj",
    "feat: in, out": "576, 192",
    "dtype: size": "f32: 0.4MB",
    "loss": "0.0000040933",
    "samples": "262144",
    "damp": "0.05000",
    "time": "0.357",
    "fwd_time": "1.479",
    "(v)ram": "n/a"
}
{
    "process": "gptq",
    "layer": 11,
    "module": "self_attn.q_proj",
    "feat: in, out": "576, 576",
    "dtype: size": "f32: 1.3MB",
    "loss": "0.0000121211",
    "samples": "262144",
    "damp": "0.05000",
    "time": "0.433",
    "fwd_time": "1.479",
    "(v)ram": "n/a"
}
{
    "process": "gptq",
    "layer": 11,
    "module": "self_attn.v_proj",
    "feat: in, out": "576, 192",
    "dtype: size": "f32: 0.4MB",
    "loss": "0.0000022213",
    "samples": "262144",
    "damp": "0.05000",
    "time": "0.140",
    "fwd_time": "1.479",
    "(v)ram": "n/a"
}
{
    "process": "gptq",
    "layer": 11,
    "module": "self_attn.o_proj",
    "feat: in, out": "576, 576",
    "dtype: size": "f32: 1.3MB",
    "loss": "0.0000161638",
    "samples": "262144",
    "damp": "0.05000",
    "time": "0.174",
    "fwd_time": "5.801",
    "(v)ram": "n/a"
}
{
    "process": "gptq",
    "layer": 11,
    "module": "mlp.gate_proj",
    "feat: in, out": "576, 1536",
    "dtype: size": "f32: 3.4MB",
    "loss": "0.0000130899",
    "samples": "262144",
    "damp": "0.05000",
    "time": "0.494",
    "fwd_time": "7.087",
    "(v)ram": "n/a"
}
{
    "process": "gptq",
    "layer": 11,
    "module": "mlp.up_proj",
    "feat: in, out": "576, 1536",
    "dtype: size": "f32: 3.4MB",
    "loss": "0.0000178196",
    "samples": "262144",
    "damp": "0.05000",
    "time": "0.501",
    "fwd_time": "7.087",
    "(v)ram": "n/a"
}
{
    "process": "gptq",
    "layer": 11,
    "module": "mlp.down_proj",
    "feat: in, out": "1536, 576",
    "dtype: size": "f32: 3.4MB",
    "loss": "0.0006285324",
    "samples": "262144",
    "damp": "0.05000",
    "time": "0.676",
    "fwd_time": "10.107",
    "(v)ram": "n/a"
}
{
    "process": "gptq",
    "layer": 12,
    "module": "self_attn.k_proj",
    "feat: in, out": "576, 192",
    "dtype: size": "f32: 0.4MB",
    "loss": "0.0000060807",
    "samples": "262144",
    "damp": "0.05000",
    "time": "0.336",
    "fwd_time": "1.283",
    "(v)ram": "n/a"
}
{
    "process": "gptq",
    "layer": 12,
    "module": "self_attn.q_proj",
    "feat: in, out": "576, 576",
    "dtype: size": "f32: 1.3MB",
    "loss": "0.0000171652",
    "samples": "262144",
    "damp": "0.05000",
    "time": "0.369",
    "fwd_time": "1.283",
    "(v)ram": "n/a"
}
{
    "process": "gptq",
    "layer": 12,
    "module": "self_attn.v_proj",
    "feat: in, out": "576, 192",
    "dtype: size": "f32: 0.4MB",
    "loss": "0.0000034235",
    "samples": "262144",
    "damp": "0.05000",
    "time": "0.113",
    "fwd_time": "1.283",
    "(v)ram": "n/a"
}
{
    "process": "gptq",
    "layer": 12,
    "module": "self_attn.o_proj",
    "feat: in, out": "576, 576",
    "dtype: size": "f32: 1.3MB",
    "loss": "0.0000105423",
    "samples": "262144",
    "damp": "0.05000",
    "time": "0.154",
    "fwd_time": "4.704",
    "(v)ram": "n/a"
}
{
    "process": "gptq",
    "layer": 12,
    "module": "mlp.up_proj",
    "feat: in, out": "576, 1536",
    "dtype: size": "f32: 3.4MB",
    "loss": "0.0000160131",
    "samples": "262144",
    "damp": "0.05000",
    "time": "0.601",
    "fwd_time": "7.181",
    "(v)ram": "n/a"
}
{
    "process": "gptq",
    "layer": 12,
    "module": "mlp.gate_proj",
    "feat: in, out": "576, 1536",
    "dtype: size": "f32: 3.4MB",
    "loss": "0.0000126915",
    "samples": "262144",
    "damp": "0.05000",
    "time": "0.610",
    "fwd_time": "7.181",
    "(v)ram": "n/a"
}
{
    "process": "gptq",
    "layer": 12,
    "module": "mlp.down_proj",
    "feat: in, out": "1536, 576",
    "dtype: size": "f32: 3.4MB",
    "loss": "0.0000322646",
    "samples": "262144",
    "damp": "0.05000",
    "time": "0.452",
    "fwd_time": "10.581",
    "(v)ram": "n/a"
}
{
    "process": "gptq",
    "layer": 13,
    "module": "self_attn.k_proj",
    "feat: in, out": "576, 192",
    "dtype: size": "f32: 0.4MB",
    "loss": "0.0000062263",
    "samples": "262144",
    "damp": "0.05000",
    "time": "0.345",
    "fwd_time": "1.404",
    "(v)ram": "n/a"
}
{
    "process": "gptq",
    "layer": 13,
    "module": "self_attn.q_proj",
    "feat: in, out": "576, 576",
    "dtype: size": "f32: 1.3MB",
    "loss": "0.0000180120",
    "samples": "262144",
    "damp": "0.05000",
    "time": "0.397",
    "fwd_time": "1.404",
    "(v)ram": "n/a"
}
{
    "process": "gptq",
    "layer": 13,
    "module": "self_attn.v_proj",
    "feat: in, out": "576, 192",
    "dtype: size": "f32: 0.4MB",
    "loss": "0.0000028755",
    "samples": "262144",
    "damp": "0.05000",
    "time": "0.114",
    "fwd_time": "1.404",
    "(v)ram": "n/a"
}
{
    "process": "gptq",
    "layer": 13,
    "module": "self_attn.o_proj",
    "feat: in, out": "576, 576",
    "dtype: size": "f32: 1.3MB",
    "loss": "0.0000155816",
    "samples": "262144",
    "damp": "0.05000",
    "time": "0.151",
    "fwd_time": "4.782",
    "(v)ram": "n/a"
}
{
    "process": "gptq",
    "layer": 13,
    "module": "mlp.up_proj",
    "feat: in, out": "576, 1536",
    "dtype: size": "f32: 3.4MB",
    "loss": "0.0000159557",
    "samples": "262144",
    "damp": "0.05000",
    "time": "0.462",
    "fwd_time": "6.876",
    "(v)ram": "n/a"
}
{
    "process": "gptq",
    "layer": 13,
    "module": "mlp.gate_proj",
    "feat: in, out": "576, 1536",
    "dtype: size": "f32: 3.4MB",
    "loss": "0.0000148753",
    "samples": "262144",
    "damp": "0.05000",
    "time": "0.470",
    "fwd_time": "6.876",
    "(v)ram": "n/a"
}
{
    "process": "gptq",
    "layer": 13,
    "module": "mlp.down_proj",
    "feat: in, out": "1536, 576",
    "dtype: size": "f32: 3.4MB",
    "loss": "0.0000328433",
    "samples": "262144",
    "damp": "0.05000",
    "time": "0.429",
    "fwd_time": "10.922",
    "(v)ram": "n/a"
}
{
    "process": "gptq",
    "layer": 14,
    "module": "self_attn.k_proj",
    "feat: in, out": "576, 192",
    "dtype: size": "f32: 0.4MB",
    "loss": "0.0000070822",
    "samples": "262144",
    "damp": "0.05000",
    "time": "0.366",
    "fwd_time": "1.324",
    "(v)ram": "n/a"
}
{
    "process": "gptq",
    "layer": 14,
    "module": "self_attn.q_proj",
    "feat: in, out": "576, 576",
    "dtype: size": "f32: 1.3MB",
    "loss": "0.0000194702",
    "samples": "262144",
    "damp": "0.05000",
    "time": "0.404",
    "fwd_time": "1.324",
    "(v)ram": "n/a"
}
{
    "process": "gptq",
    "layer": 14,
    "module": "self_attn.v_proj",
    "feat: in, out": "576, 192",
    "dtype: size": "f32: 0.4MB",
    "loss": "0.0000053356",
    "samples": "262144",
    "damp": "0.05000",
    "time": "0.104",
    "fwd_time": "1.324",
    "(v)ram": "n/a"
}
{
    "process": "gptq",
    "layer": 14,
    "module": "self_attn.o_proj",
    "feat: in, out": "576, 576",
    "dtype: size": "f32: 1.3MB",
    "loss": "0.0000156849",
    "samples": "262144",
    "damp": "0.05000",
    "time": "0.182",
    "fwd_time": "5.234",
    "(v)ram": "n/a"
}
{
    "process": "gptq",
    "layer": 14,
    "module": "mlp.up_proj",
    "feat: in, out": "576, 1536",
    "dtype: size": "f32: 3.4MB",
    "loss": "0.0000161765",
    "samples": "262144",
    "damp": "0.05000",
    "time": "0.472",
    "fwd_time": "6.735",
    "(v)ram": "n/a"
}
{
    "process": "gptq",
    "layer": 14,
    "module": "mlp.gate_proj",
    "feat: in, out": "576, 1536",
    "dtype: size": "f32: 3.4MB",
    "loss": "0.0000153345",
    "samples": "262144",
    "damp": "0.05000",
    "time": "0.480",
    "fwd_time": "6.735",
    "(v)ram": "n/a"
}
{
    "process": "gptq",
    "layer": 14,
    "module": "mlp.down_proj",
    "feat: in, out": "1536, 576",
    "dtype: size": "f32: 3.4MB",
    "loss": "0.0000384892",
    "samples": "262144",
    "damp": "0.05000",
    "time": "0.629",
    "fwd_time": "10.158",
    "(v)ram": "n/a"
}
{
    "process": "gptq",
    "layer": 15,
    "module": "self_attn.k_proj",
    "feat: in, out": "576, 192",
    "dtype: size": "f32: 0.4MB",
    "loss": "0.0000062990",
    "samples": "262144",
    "damp": "0.05000",
    "time": "0.349",
    "fwd_time": "1.496",
    "(v)ram": "n/a"
}
{
    "process": "gptq",
    "layer": 15,
    "module": "self_attn.q_proj",
    "feat: in, out": "576, 576",
    "dtype: size": "f32: 1.3MB",
    "loss": "0.0000179838",
    "samples": "262144",
    "damp": "0.05000",
    "time": "0.369",
    "fwd_time": "1.496",
    "(v)ram": "n/a"
}
{
    "process": "gptq",
    "layer": 15,
    "module": "self_attn.v_proj",
    "feat: in, out": "576, 192",
    "dtype: size": "f32: 0.4MB",
    "loss": "0.0000048132",
    "samples": "262144",
    "damp": "0.05000",
    "time": "0.102",
    "fwd_time": "1.496",
    "(v)ram": "n/a"
}
{
    "process": "gptq",
    "layer": 15,
    "module": "self_attn.o_proj",
    "feat: in, out": "576, 576",
    "dtype: size": "f32: 1.3MB",
    "loss": "0.0000138407",
    "samples": "262144",
    "damp": "0.05000",
    "time": "0.144",
    "fwd_time": "4.617",
    "(v)ram": "n/a"
}
{
    "process": "gptq",
    "layer": 15,
    "module": "mlp.up_proj",
    "feat: in, out": "576, 1536",
    "dtype: size": "f32: 3.4MB",
    "loss": "0.0000158884",
    "samples": "262144",
    "damp": "0.05000",
    "time": "0.534",
    "fwd_time": "6.926",
    "(v)ram": "n/a"
}
{
    "process": "gptq",
    "layer": 15,
    "module": "mlp.gate_proj",
    "feat: in, out": "576, 1536",
    "dtype: size": "f32: 3.4MB",
    "loss": "0.0000159305",
    "samples": "262144",
    "damp": "0.05000",
    "time": "0.541",
    "fwd_time": "6.926",
    "(v)ram": "n/a"
}
{
    "process": "gptq",
    "layer": 15,
    "module": "mlp.down_proj",
    "feat: in, out": "1536, 576",
    "dtype: size": "f32: 3.4MB",
    "loss": "0.0000422262",
    "samples": "262144",
    "damp": "0.05000",
    "time": "0.409",
    "fwd_time": "10.160",
    "(v)ram": "n/a"
}
{
    "process": "gptq",
    "layer": 16,
    "module": "self_attn.k_proj",
    "feat: in, out": "576, 192",
    "dtype: size": "f32: 0.4MB",
    "loss": "0.0000056456",
    "samples": "262144",
    "damp": "0.05000",
    "time": "0.396",
    "fwd_time": "1.445",
    "(v)ram": "n/a"
}
{
    "process": "gptq",
    "layer": 16,
    "module": "self_attn.q_proj",
    "feat: in, out": "576, 576",
    "dtype: size": "f32: 1.3MB",
    "loss": "0.0000154863",
    "samples": "262144",
    "damp": "0.05000",
    "time": "0.444",
    "fwd_time": "1.445",
    "(v)ram": "n/a"
}
{
    "process": "gptq",
    "layer": 16,
    "module": "self_attn.v_proj",
    "feat: in, out": "576, 192",
    "dtype: size": "f32: 0.4MB",
    "loss": "0.0000039532",
    "samples": "262144",
    "damp": "0.05000",
    "time": "0.109",
    "fwd_time": "1.445",
    "(v)ram": "n/a"
}
{
    "process": "gptq",
    "layer": 16,
    "module": "self_attn.o_proj",
    "feat: in, out": "576, 576",
    "dtype: size": "f32: 1.3MB",
    "loss": "0.0000271260",
    "samples": "262144",
    "damp": "0.05000",
    "time": "0.236",
    "fwd_time": "5.410",
    "(v)ram": "n/a"
}
{
    "process": "gptq",
    "layer": 16,
    "module": "mlp.gate_proj",
    "feat: in, out": "576, 1536",
    "dtype: size": "f32: 3.4MB",
    "loss": "0.0000151377",
    "samples": "262144",
    "damp": "0.05000",
    "time": "0.553",
    "fwd_time": "8.126",
    "(v)ram": "n/a"
}
{
    "process": "gptq",
    "layer": 16,
    "module": "mlp.up_proj",
    "feat: in, out": "576, 1536",
    "dtype: size": "f32: 3.4MB",
    "loss": "0.0000158486",
    "samples": "262144",
    "damp": "0.05000",
    "time": "0.560",
    "fwd_time": "8.126",
    "(v)ram": "n/a"
}
{
    "process": "gptq",
    "layer": 16,
    "module": "mlp.down_proj",
    "feat: in, out": "1536, 576",
    "dtype: size": "f32: 3.4MB",
    "loss": "0.0000422236",
    "samples": "262144",
    "damp": "0.05000",
    "time": "0.501",
    "fwd_time": "11.514",
    "(v)ram": "n/a"
}
{
    "process": "gptq",
    "layer": 17,
    "module": "self_attn.k_proj",
    "feat: in, out": "576, 192",
    "dtype: size": "f32: 0.4MB",
    "loss": "0.0000085412",
    "samples": "262144",
    "damp": "0.05000",
    "time": "0.352",
    "fwd_time": "1.653",
    "(v)ram": "n/a"
}
{
    "process": "gptq",
    "layer": 17,
    "module": "self_attn.q_proj",
    "feat: in, out": "576, 576",
    "dtype: size": "f32: 1.3MB",
    "loss": "0.0000287880",
    "samples": "262144",
    "damp": "0.05000",
    "time": "0.397",
    "fwd_time": "1.653",
    "(v)ram": "n/a"
}
{
    "process": "gptq",
    "layer": 17,
    "module": "self_attn.v_proj",
    "feat: in, out": "576, 192",
    "dtype: size": "f32: 0.4MB",
    "loss": "0.0000071319",
    "samples": "262144",
    "damp": "0.05000",
    "time": "0.120",
    "fwd_time": "1.653",
    "(v)ram": "n/a"
}
{
    "process": "gptq",
    "layer": 17,
    "module": "self_attn.o_proj",
    "feat: in, out": "576, 576",
    "dtype: size": "f32: 1.3MB",
    "loss": "0.0000263562",
    "samples": "262144",
    "damp": "0.05000",
    "time": "0.141",
    "fwd_time": "5.091",
    "(v)ram": "n/a"
}
{
    "process": "gptq",
    "layer": 17,
    "module": "mlp.gate_proj",
    "feat: in, out": "576, 1536",
    "dtype: size": "f32: 3.4MB",
    "loss": "0.0000144366",
    "samples": "262144",
    "damp": "0.05000",
    "time": "0.552",
    "fwd_time": "7.279",
    "(v)ram": "n/a"
}
{
    "process": "gptq",
    "layer": 17,
    "module": "mlp.up_proj",
    "feat: in, out": "576, 1536",
    "dtype: size": "f32: 3.4MB",
    "loss": "0.0000160438",
    "samples": "262144",
    "damp": "0.05000",
    "time": "0.562",
    "fwd_time": "7.279",
    "(v)ram": "n/a"
}
{
    "process": "gptq",
    "layer": 17,
    "module": "mlp.down_proj",
    "feat: in, out": "1536, 576",
    "dtype: size": "f32: 3.4MB",
    "loss": "0.0000487252",
    "samples": "262144",
    "damp": "0.05000",
    "time": "0.452",
    "fwd_time": "10.930",
    "(v)ram": "n/a"
}
{
    "process": "gptq",
    "layer": 18,
    "module": "self_attn.k_proj",
    "feat: in, out": "576, 192",
    "dtype: size": "f32: 0.4MB",
    "loss": "0.0000090968",
    "samples": "262144",
    "damp": "0.05000",
    "time": "0.324",
    "fwd_time": "1.624",
    "(v)ram": "n/a"
}
{
    "process": "gptq",
    "layer": 18,
    "module": "self_attn.q_proj",
    "feat: in, out": "576, 576",
    "dtype: size": "f32: 1.3MB",
    "loss": "0.0000288352",
    "samples": "262144",
    "damp": "0.05000",
    "time": "0.359",
    "fwd_time": "1.624",
    "(v)ram": "n/a"
}
{
    "process": "gptq",
    "layer": 18,
    "module": "self_attn.v_proj",
    "feat: in, out": "576, 192",
    "dtype: size": "f32: 0.4MB",
    "loss": "0.0000111733",
    "samples": "262144",
    "damp": "0.05000",
    "time": "0.111",
    "fwd_time": "1.624",
    "(v)ram": "n/a"
}
{
    "process": "gptq",
    "layer": 18,
    "module": "self_attn.o_proj",
    "feat: in, out": "576, 576",
    "dtype: size": "f32: 1.3MB",
    "loss": "0.0000238634",
    "samples": "262144",
    "damp": "0.05000",
    "time": "0.133",
    "fwd_time": "4.671",
    "(v)ram": "n/a"
}
{
    "process": "gptq",
    "layer": 18,
    "module": "mlp.gate_proj",
    "feat: in, out": "576, 1536",
    "dtype: size": "f32: 3.4MB",
    "loss": "0.0000163639",
    "samples": "262144",
    "damp": "0.05000",
    "time": "0.512",
    "fwd_time": "6.738",
    "(v)ram": "n/a"
}
{
    "process": "gptq",
    "layer": 18,
    "module": "mlp.up_proj",
    "feat: in, out": "576, 1536",
    "dtype: size": "f32: 3.4MB",
    "loss": "0.0000174755",
    "samples": "262144",
    "damp": "0.05000",
    "time": "0.517",
    "fwd_time": "6.738",
    "(v)ram": "n/a"
}
{
    "process": "gptq",
    "layer": 18,
    "module": "mlp.down_proj",
    "feat: in, out": "1536, 576",
    "dtype: size": "f32: 3.4MB",
    "loss": "0.0000917402",
    "samples": "262144",
    "damp": "0.05000",
    "time": "0.518",
    "fwd_time": "10.509",
    "(v)ram": "n/a"
}
{
    "process": "gptq",
    "layer": 19,
    "module": "self_attn.k_proj",
    "feat: in, out": "576, 192",
    "dtype: size": "f32: 0.4MB",
    "loss": "0.0000047135",
    "samples": "262144",
    "damp": "0.05000",
    "time": "0.318",
    "fwd_time": "1.457",
    "(v)ram": "n/a"
}
{
    "process": "gptq",
    "layer": 19,
    "module": "self_attn.q_proj",
    "feat: in, out": "576, 576",
    "dtype: size": "f32: 1.3MB",
    "loss": "0.0000205826",
    "samples": "262144",
    "damp": "0.05000",
    "time": "0.351",
    "fwd_time": "1.457",
    "(v)ram": "n/a"
}
{
    "process": "gptq",
    "layer": 19,
    "module": "self_attn.v_proj",
    "feat: in, out": "576, 192",
    "dtype: size": "f32: 0.4MB",
    "loss": "0.0000076963",
    "samples": "262144",
    "damp": "0.05000",
    "time": "0.114",
    "fwd_time": "1.457",
    "(v)ram": "n/a"
}
{
    "process": "gptq",
    "layer": 19,
    "module": "self_attn.o_proj",
    "feat: in, out": "576, 576",
    "dtype: size": "f32: 1.3MB",
    "loss": "0.0000424448",
    "samples": "262144",
    "damp": "0.05000",
    "time": "0.128",
    "fwd_time": "4.972",
    "(v)ram": "n/a"
}
{
    "process": "gptq",
    "layer": 19,
    "module": "mlp.gate_proj",
    "feat: in, out": "576, 1536",
    "dtype: size": "f32: 3.4MB",
    "loss": "0.0000201372",
    "samples": "262144",
    "damp": "0.05000",
    "time": "0.493",
    "fwd_time": "7.401",
    "(v)ram": "n/a"
}
{
    "process": "gptq",
    "layer": 19,
    "module": "mlp.up_proj",
    "feat: in, out": "576, 1536",
    "dtype: size": "f32: 3.4MB",
    "loss": "0.0000212009",
    "samples": "262144",
    "damp": "0.05000",
    "time": "0.502",
    "fwd_time": "7.401",
    "(v)ram": "n/a"
}
{
    "process": "gptq",
    "layer": 19,
    "module": "mlp.down_proj",
    "feat: in, out": "1536, 576",
    "dtype: size": "f32: 3.4MB",
    "loss": "0.0000958487",
    "samples": "262144",
    "damp": "0.05000",
    "time": "0.530",
    "fwd_time": "10.188",
    "(v)ram": "n/a"
}
{
    "process": "gptq",
    "layer": 20,
    "module": "self_attn.k_proj",
    "feat: in, out": "576, 192",
    "dtype: size": "f32: 0.4MB",
    "loss": "0.0000061080",
    "samples": "262144",
    "damp": "0.05000",
    "time": "0.346",
    "fwd_time": "1.603",
    "(v)ram": "n/a"
}
{
    "process": "gptq",
    "layer": 20,
    "module": "self_attn.q_proj",
    "feat: in, out": "576, 576",
    "dtype: size": "f32: 1.3MB",
    "loss": "0.0000221993",
    "samples": "262144",
    "damp": "0.05000",
    "time": "0.385",
    "fwd_time": "1.603",
    "(v)ram": "n/a"
}
{
    "process": "gptq",
    "layer": 20,
    "module": "self_attn.v_proj",
    "feat: in, out": "576, 192",
    "dtype: size": "f32: 0.4MB",
    "loss": "0.0000127751",
    "samples": "262144",
    "damp": "0.05000",
    "time": "0.111",
    "fwd_time": "1.603",
    "(v)ram": "n/a"
}
{
    "process": "gptq",
    "layer": 20,
    "module": "self_attn.o_proj",
    "feat: in, out": "576, 576",
    "dtype: size": "f32: 1.3MB",
    "loss": "0.0000357025",
    "samples": "262144",
    "damp": "0.05000",
    "time": "0.215",
    "fwd_time": "5.310",
    "(v)ram": "n/a"
}
{
    "process": "gptq",
    "layer": 20,
    "module": "mlp.gate_proj",
    "feat: in, out": "576, 1536",
    "dtype: size": "f32: 3.4MB",
    "loss": "0.0000210665",
    "samples": "262144",
    "damp": "0.05000",
    "time": "0.490",
    "fwd_time": "7.218",
    "(v)ram": "n/a"
}
{
    "process": "gptq",
    "layer": 20,
    "module": "mlp.up_proj",
    "feat: in, out": "576, 1536",
    "dtype: size": "f32: 3.4MB",
    "loss": "0.0000240127",
    "samples": "262144",
    "damp": "0.05000",
    "time": "0.495",
    "fwd_time": "7.218",
    "(v)ram": "n/a"
}
{
    "process": "gptq",
    "layer": 20,
    "module": "mlp.down_proj",
    "feat: in, out": "1536, 576",
    "dtype: size": "f32: 3.4MB",
    "loss": "0.0001822710",
    "samples": "262144",
    "damp": "0.05000",
    "time": "0.461",
    "fwd_time": "11.114",
    "(v)ram": "n/a"
}
{
    "process": "gptq",
    "layer": 21,
    "module": "self_attn.k_proj",
    "feat: in, out": "576, 192",
    "dtype: size": "f32: 0.4MB",
    "loss": "0.0000057241",
    "samples": "262144",
    "damp": "0.05000",
    "time": "0.370",
    "fwd_time": "2.063",
    "(v)ram": "n/a"
}
{
    "process": "gptq",
    "layer": 21,
    "module": "self_attn.q_proj",
    "feat: in, out": "576, 576",
    "dtype: size": "f32: 1.3MB",
    "loss": "0.0000199497",
    "samples": "262144",
    "damp": "0.05000",
    "time": "0.406",
    "fwd_time": "2.063",
    "(v)ram": "n/a"
}
{
    "process": "gptq",
    "layer": 21,
    "module": "self_attn.v_proj",
    "feat: in, out": "576, 192",
    "dtype: size": "f32: 0.4MB",
    "loss": "0.0000091058",
    "samples": "262144",
    "damp": "0.05000",
    "time": "0.113",
    "fwd_time": "2.063",
    "(v)ram": "n/a"
}
{
    "process": "gptq",
    "layer": 21,
    "module": "self_attn.o_proj",
    "feat: in, out": "576, 576",
    "dtype: size": "f32: 1.3MB",
    "loss": "0.0000365677",
    "samples": "262144",
    "damp": "0.05000",
    "time": "0.143",
    "fwd_time": "4.850",
    "(v)ram": "n/a"
}
{
    "process": "gptq",
    "layer": 21,
    "module": "mlp.up_proj",
    "feat: in, out": "576, 1536",
    "dtype: size": "f32: 3.4MB",
    "loss": "0.0000267773",
    "samples": "262144",
    "damp": "0.05000",
    "time": "0.626",
    "fwd_time": "7.782",
    "(v)ram": "n/a"
}
{
    "process": "gptq",
    "layer": 21,
    "module": "mlp.gate_proj",
    "feat: in, out": "576, 1536",
    "dtype: size": "f32: 3.4MB",
    "loss": "0.0000243561",
    "samples": "262144",
    "damp": "0.05000",
    "time": "0.630",
    "fwd_time": "7.782",
    "(v)ram": "n/a"
}
{
    "process": "gptq",
    "layer": 21,
    "module": "mlp.down_proj",
    "feat: in, out": "1536, 576",
    "dtype: size": "f32: 3.4MB",
    "loss": "0.0001471222",
    "samples": "262144",
    "damp": "0.05000",
    "time": "0.529",
    "fwd_time": "10.782",
    "(v)ram": "n/a"
}
{
    "process": "gptq",
    "layer": 22,
    "module": "self_attn.k_proj",
    "feat: in, out": "576, 192",
    "dtype: size": "f32: 0.4MB",
    "loss": "0.0000056209",
    "samples": "262144",
    "damp": "0.05000",
    "time": "0.336",
    "fwd_time": "1.313",
    "(v)ram": "n/a"
}
{
    "process": "gptq",
    "layer": 22,
    "module": "self_attn.q_proj",
    "feat: in, out": "576, 576",
    "dtype: size": "f32: 1.3MB",
    "loss": "0.0000198230",
    "samples": "262144",
    "damp": "0.05000",
    "time": "0.380",
    "fwd_time": "1.313",
    "(v)ram": "n/a"
}
{
    "process": "gptq",
    "layer": 22,
    "module": "self_attn.v_proj",
    "feat: in, out": "576, 192",
    "dtype: size": "f32: 0.4MB",
    "loss": "0.0000096587",
    "samples": "262144",
    "damp": "0.05000",
    "time": "0.106",
    "fwd_time": "1.313",
    "(v)ram": "n/a"
}
{
    "process": "gptq",
    "layer": 22,
    "module": "self_attn.o_proj",
    "feat: in, out": "576, 576",
    "dtype: size": "f32: 1.3MB",
    "loss": "0.0000493348",
    "samples": "262144",
    "damp": "0.05000",
    "time": "0.148",
    "fwd_time": "4.623",
    "(v)ram": "n/a"
}
{
    "process": "gptq",
    "layer": 22,
    "module": "mlp.gate_proj",
    "feat: in, out": "576, 1536",
    "dtype: size": "f32: 3.4MB",
    "loss": "0.0000267594",
    "samples": "262144",
    "damp": "0.05000",
    "time": "0.517",
    "fwd_time": "7.638",
    "(v)ram": "n/a"
}
{
    "process": "gptq",
    "layer": 22,
    "module": "mlp.up_proj",
    "feat: in, out": "576, 1536",
    "dtype: size": "f32: 3.4MB",
    "loss": "0.0000307100",
    "samples": "262144",
    "damp": "0.05000",
    "time": "0.523",
    "fwd_time": "7.638",
    "(v)ram": "n/a"
}
{
    "process": "gptq",
    "layer": 22,
    "module": "mlp.down_proj",
    "feat: in, out": "1536, 576",
    "dtype: size": "f32: 3.4MB",
    "loss": "0.0002524243",
    "samples": "262144",
    "damp": "0.05000",
    "time": "0.597",
    "fwd_time": "11.043",
    "(v)ram": "n/a"
}
{
    "process": "gptq",
    "layer": 23,
    "module": "self_attn.k_proj",
    "feat: in, out": "576, 192",
    "dtype: size": "f32: 0.4MB",
    "loss": "0.0000088168",
    "samples": "262144",
    "damp": "0.05000",
    "time": "0.308",
    "fwd_time": "1.303",
    "(v)ram": "n/a"
}
{
    "process": "gptq",
    "layer": 23,
    "module": "self_attn.q_proj",
    "feat: in, out": "576, 576",
    "dtype: size": "f32: 1.3MB",
    "loss": "0.0000296741",
    "samples": "262144",
    "damp": "0.05000",
    "time": "0.345",
    "fwd_time": "1.303",
    "(v)ram": "n/a"
}
{
    "process": "gptq",
    "layer": 23,
    "module": "self_attn.v_proj",
    "feat: in, out": "576, 192",
    "dtype: size": "f32: 0.4MB",
    "loss": "0.0000307111",
    "samples": "262144",
    "damp": "0.05000",
    "time": "0.098",
    "fwd_time": "1.303",
    "(v)ram": "n/a"
}
{
    "process": "gptq",
    "layer": 23,
    "module": "self_attn.o_proj",
    "feat: in, out": "576, 576",
    "dtype: size": "f32: 1.3MB",
    "loss": "0.0001071744",
    "samples": "262144",
    "damp": "0.05000",
    "time": "0.155",
    "fwd_time": "4.595",
    "(v)ram": "n/a"
}
{
    "process": "gptq",
    "layer": 23,
    "module": "mlp.gate_proj",
    "feat: in, out": "576, 1536",
    "dtype: size": "f32: 3.4MB",
    "loss": "0.0000288628",
    "samples": "262144",
    "damp": "0.05000",
    "time": "0.475",
    "fwd_time": "7.011",
    "(v)ram": "n/a"
}
{
    "process": "gptq",
    "layer": 23,
    "module": "mlp.up_proj",
    "feat: in, out": "576, 1536",
    "dtype: size": "f32: 3.4MB",
    "loss": "0.0000373530",
    "samples": "262144",
    "damp": "0.05000",
    "time": "0.483",
    "fwd_time": "7.011",
    "(v)ram": "n/a"
}
{
    "process": "gptq",
    "layer": 23,
    "module": "mlp.down_proj",
    "feat: in, out": "1536, 576",
    "dtype: size": "f32: 3.4MB",
    "loss": "0.0003148066",
    "samples": "262144",
    "damp": "0.05000",
    "time": "0.675",
    "fwd_time": "11.566",
    "(v)ram": "n/a"
}
{
    "process": "gptq",
    "layer": 24,
    "module": "self_attn.k_proj",
    "feat: in, out": "576, 192",
    "dtype: size": "f32: 0.4MB",
    "loss": "0.0000070283",
    "samples": "262144",
    "damp": "0.05000",
    "time": "0.391",
    "fwd_time": "1.823",
    "(v)ram": "n/a"
}
{
    "process": "gptq",
    "layer": 24,
    "module": "self_attn.q_proj",
    "feat: in, out": "576, 576",
    "dtype: size": "f32: 1.3MB",
    "loss": "0.0000284962",
    "samples": "262144",
    "damp": "0.05000",
    "time": "0.534",
    "fwd_time": "1.823",
    "(v)ram": "n/a"
}
{
    "process": "gptq",
    "layer": 24,
    "module": "self_attn.v_proj",
    "feat: in, out": "576, 192",
    "dtype: size": "f32: 0.4MB",
    "loss": "0.0000305229",
    "samples": "262144",
    "damp": "0.05000",
    "time": "0.178",
    "fwd_time": "1.823",
    "(v)ram": "n/a"
}
{
    "process": "gptq",
    "layer": 24,
    "module": "self_attn.o_proj",
    "feat: in, out": "576, 576",
    "dtype: size": "f32: 1.3MB",
    "loss": "0.0000813213",
    "samples": "262144",
    "damp": "0.05000",
    "time": "0.160",
    "fwd_time": "5.311",
    "(v)ram": "n/a"
}
{
    "process": "gptq",
    "layer": 24,
    "module": "mlp.gate_proj",
    "feat: in, out": "576, 1536",
    "dtype: size": "f32: 3.4MB",
    "loss": "0.0000294597",
    "samples": "262144",
    "damp": "0.05000",
    "time": "0.505",
    "fwd_time": "7.851",
    "(v)ram": "n/a"
}
{
    "process": "gptq",
    "layer": 24,
    "module": "mlp.up_proj",
    "feat: in, out": "576, 1536",
    "dtype: size": "f32: 3.4MB",
    "loss": "0.0000385908",
    "samples": "262144",
    "damp": "0.05000",
    "time": "0.518",
    "fwd_time": "7.851",
    "(v)ram": "n/a"
}
{
    "process": "gptq",
    "layer": 24,
    "module": "mlp.down_proj",
    "feat: in, out": "1536, 576",
    "dtype: size": "f32: 3.4MB",
    "loss": "0.0004265690",
    "samples": "262144",
    "damp": "0.05000",
    "time": "0.464",
    "fwd_time": "12.823",
    "(v)ram": "n/a"
}
{
    "process": "gptq",
    "layer": 25,
    "module": "self_attn.k_proj",
    "feat: in, out": "576, 192",
    "dtype: size": "f32: 0.4MB",
    "loss": "0.0000063175",
    "samples": "262144",
    "damp": "0.05000",
    "time": "0.316",
    "fwd_time": "1.417",
    "(v)ram": "n/a"
}
{
    "process": "gptq",
    "layer": 25,
    "module": "self_attn.q_proj",
    "feat: in, out": "576, 576",
    "dtype: size": "f32: 1.3MB",
    "loss": "0.0000218687",
    "samples": "262144",
    "damp": "0.05000",
    "time": "0.350",
    "fwd_time": "1.417",
    "(v)ram": "n/a"
}
{
    "process": "gptq",
    "layer": 25,
    "module": "self_attn.v_proj",
    "feat: in, out": "576, 192",
    "dtype: size": "f32: 0.4MB",
    "loss": "0.0000133085",
    "samples": "262144",
    "damp": "0.05000",
    "time": "0.098",
    "fwd_time": "1.417",
    "(v)ram": "n/a"
}
{
    "process": "gptq",
    "layer": 25,
    "module": "self_attn.o_proj",
    "feat: in, out": "576, 576",
    "dtype: size": "f32: 1.3MB",
    "loss": "0.0000656192",
    "samples": "262144",
    "damp": "0.05000",
    "time": "0.164",
    "fwd_time": "5.324",
    "(v)ram": "n/a"
}
{
    "process": "gptq",
    "layer": 25,
    "module": "mlp.gate_proj",
    "feat: in, out": "576, 1536",
    "dtype: size": "f32: 3.4MB",
    "loss": "0.0000312001",
    "samples": "262144",
    "damp": "0.05000",
    "time": "0.528",
    "fwd_time": "7.048",
    "(v)ram": "n/a"
}
{
    "process": "gptq",
    "layer": 25,
    "module": "mlp.up_proj",
    "feat: in, out": "576, 1536",
    "dtype: size": "f32: 3.4MB",
    "loss": "0.0000396284",
    "samples": "262144",
    "damp": "0.05000",
    "time": "0.534",
    "fwd_time": "7.048",
    "(v)ram": "n/a"
}
{
    "process": "gptq",
    "layer": 25,
    "module": "mlp.down_proj",
    "feat: in, out": "1536, 576",
    "dtype: size": "f32: 3.4MB",
    "loss": "0.0003822448",
    "samples": "262144",
    "damp": "0.05000",
    "time": "0.487",
    "fwd_time": "11.119",
    "(v)ram": "n/a"
}
{
    "process": "gptq",
    "layer": 26,
    "module": "self_attn.k_proj",
    "feat: in, out": "576, 192",
    "dtype: size": "f32: 0.4MB",
    "loss": "0.0000059919",
    "samples": "262144",
    "damp": "0.05000",
    "time": "0.341",
    "fwd_time": "1.873",
    "(v)ram": "n/a"
}
{
    "process": "gptq",
    "layer": 26,
    "module": "self_attn.q_proj",
    "feat: in, out": "576, 576",
    "dtype: size": "f32: 1.3MB",
    "loss": "0.0000215923",
    "samples": "262144",
    "damp": "0.05000",
    "time": "0.403",
    "fwd_time": "1.873",
    "(v)ram": "n/a"
}
{
    "process": "gptq",
    "layer": 26,
    "module": "self_attn.v_proj",
    "feat: in, out": "576, 192",
    "dtype: size": "f32: 0.4MB",
    "loss": "0.0000188629",
    "samples": "262144",
    "damp": "0.05000",
    "time": "0.133",
    "fwd_time": "1.873",
    "(v)ram": "n/a"
}
{
    "process": "gptq",
    "layer": 26,
    "module": "self_attn.o_proj",
    "feat: in, out": "576, 576",
    "dtype: size": "f32: 1.3MB",
    "loss": "0.0000705726",
    "samples": "262144",
    "damp": "0.05000",
    "time": "0.189",
    "fwd_time": "5.637",
    "(v)ram": "n/a"
}
{
    "process": "gptq",
    "layer": 26,
    "module": "mlp.gate_proj",
    "feat: in, out": "576, 1536",
    "dtype: size": "f32: 3.4MB",
    "loss": "0.0000350423",
    "samples": "262144",
    "damp": "0.05000",
    "time": "0.560",
    "fwd_time": "8.337",
    "(v)ram": "n/a"
}
{
    "process": "gptq",
    "layer": 26,
    "module": "mlp.up_proj",
    "feat: in, out": "576, 1536",
    "dtype: size": "f32: 3.4MB",
    "loss": "0.0000446786",
    "samples": "262144",
    "damp": "0.05000",
    "time": "0.563",
    "fwd_time": "8.337",
    "(v)ram": "n/a"
}
{
    "process": "gptq",
    "layer": 26,
    "module": "mlp.down_proj",
    "feat: in, out": "1536, 576",
    "dtype: size": "f32: 3.4MB",
    "loss": "0.0005088697",
    "samples": "262144",
    "damp": "0.05000",
    "time": "0.439",
    "fwd_time": "11.711",
    "(v)ram": "n/a"
}
{
    "process": "gptq",
    "layer": 27,
    "module": "self_attn.k_proj",
    "feat: in, out": "576, 192",
    "dtype: size": "f32: 0.4MB",
    "loss": "0.0000060130",
    "samples": "262144",
    "damp": "0.05000",
    "time": "0.326",
    "fwd_time": "1.394",
    "(v)ram": "n/a"
}
{
    "process": "gptq",
    "layer": 27,
    "module": "self_attn.q_proj",
    "feat: in, out": "576, 576",
    "dtype: size": "f32: 1.3MB",
    "loss": "0.0000227179",
    "samples": "262144",
    "damp": "0.05000",
    "time": "0.371",
    "fwd_time": "1.394",
    "(v)ram": "n/a"
}
{
    "process": "gptq",
    "layer": 27,
    "module": "self_attn.v_proj",
    "feat: in, out": "576, 192",
    "dtype: size": "f32: 0.4MB",
    "loss": "0.0000155786",
    "samples": "262144",
    "damp": "0.05000",
    "time": "0.121",
    "fwd_time": "1.394",
    "(v)ram": "n/a"
}
{
    "process": "gptq",
    "layer": 27,
    "module": "self_attn.o_proj",
    "feat: in, out": "576, 576",
    "dtype: size": "f32: 1.3MB",
    "loss": "0.0001054241",
    "samples": "262144",
    "damp": "0.05000",
    "time": "0.175",
    "fwd_time": "4.915",
    "(v)ram": "n/a"
}
{
    "process": "gptq",
    "layer": 27,
    "module": "mlp.up_proj",
    "feat: in, out": "576, 1536",
    "dtype: size": "f32: 3.4MB",
    "loss": "0.0000459297",
    "samples": "262144",
    "damp": "0.05000",
    "time": "0.537",
    "fwd_time": "7.850",
    "(v)ram": "n/a"
}
{
    "process": "gptq",
    "layer": 27,
    "module": "mlp.gate_proj",
    "feat: in, out": "576, 1536",
    "dtype: size": "f32: 3.4MB",
    "loss": "0.0000370501",
    "samples": "262144",
    "damp": "0.05000",
    "time": "0.544",
    "fwd_time": "7.850",
    "(v)ram": "n/a"
}
{
    "process": "gptq",
    "layer": 27,
    "module": "mlp.down_proj",
    "feat: in, out": "1536, 576",
    "dtype: size": "f32: 3.4MB",
    "loss": "0.0006756022",
    "samples": "262144",
    "damp": "0.05000",
    "time": "0.708",
    "fwd_time": "13.365",
    "(v)ram": "n/a"
}
{
    "process": "gptq",
    "layer": 28,
    "module": "self_attn.k_proj",
    "feat: in, out": "576, 192",
    "dtype: size": "f32: 0.4MB",
    "loss": "0.0000053283",
    "samples": "262144",
    "damp": "0.05000",
    "time": "0.326",
    "fwd_time": "1.356",
    "(v)ram": "n/a"
}
{
    "process": "gptq",
    "layer": 28,
    "module": "self_attn.q_proj",
    "feat: in, out": "576, 576",
    "dtype: size": "f32: 1.3MB",
    "loss": "0.0000182611",
    "samples": "262144",
    "damp": "0.05000",
    "time": "0.374",
    "fwd_time": "1.356",
    "(v)ram": "n/a"
}
{
    "process": "gptq",
    "layer": 28,
    "module": "self_attn.v_proj",
    "feat: in, out": "576, 192",
    "dtype: size": "f32: 0.4MB",
    "loss": "0.0000196538",
    "samples": "262144",
    "damp": "0.05000",
    "time": "0.130",
    "fwd_time": "1.356",
    "(v)ram": "n/a"
}
{
    "process": "gptq",
    "layer": 28,
    "module": "self_attn.o_proj",
    "feat: in, out": "576, 576",
    "dtype: size": "f32: 1.3MB",
    "loss": "0.0000934353",
    "samples": "262144",
    "damp": "0.05000",
    "time": "0.195",
    "fwd_time": "5.731",
    "(v)ram": "n/a"
}
{
    "process": "gptq",
    "layer": 28,
    "module": "mlp.gate_proj",
    "feat: in, out": "576, 1536",
    "dtype: size": "f32: 3.4MB",
    "loss": "0.0000361682",
    "samples": "262144",
    "damp": "0.05000",
    "time": "0.534",
    "fwd_time": "8.651",
    "(v)ram": "n/a"
}
{
    "process": "gptq",
    "layer": 28,
    "module": "mlp.up_proj",
    "feat: in, out": "576, 1536",
    "dtype: size": "f32: 3.4MB",
    "loss": "0.0000505366",
    "samples": "262144",
    "damp": "0.05000",
    "time": "0.545",
    "fwd_time": "8.651",
    "(v)ram": "n/a"
}
{
    "process": "gptq",
    "layer": 28,
    "module": "mlp.down_proj",
    "feat: in, out": "1536, 576",
    "dtype: size": "f32: 3.4MB",
    "loss": "0.0027107554",
    "samples": "262144",
    "damp": "0.05000",
    "time": "0.391",
    "fwd_time": "11.588",
    "(v)ram": "n/a"
}
{
    "process": "gptq",
    "layer": 29,
    "module": "self_attn.k_proj",
    "feat: in, out": "576, 192",
    "dtype: size": "f32: 0.4MB",
    "loss": "0.0000050242",
    "samples": "262144",
    "damp": "0.05000",
    "time": "0.427",
    "fwd_time": "1.275",
    "(v)ram": "n/a"
}
{
    "process": "gptq",
    "layer": 29,
    "module": "self_attn.q_proj",
    "feat: in, out": "576, 576",
    "dtype: size": "f32: 1.3MB",
    "loss": "0.0000212933",
    "samples": "262144",
    "damp": "0.05000",
    "time": "0.470",
    "fwd_time": "1.275",
    "(v)ram": "n/a"
}
{
    "process": "gptq",
    "layer": 29,
    "module": "self_attn.v_proj",
    "feat: in, out": "576, 192",
    "dtype: size": "f32: 0.4MB",
    "loss": "0.0000227618",
    "samples": "262144",
    "damp": "0.05000",
    "time": "0.132",
    "fwd_time": "1.275",
    "(v)ram": "n/a"
}
{
    "process": "gptq",
    "layer": 29,
    "module": "self_attn.o_proj",
    "feat: in, out": "576, 576",
    "dtype: size": "f32: 1.3MB",
    "loss": "0.0002109627",
    "samples": "262144",
    "damp": "0.05000",
    "time": "0.220",
    "fwd_time": "5.538",
    "(v)ram": "n/a"
}
{
    "process": "gptq",
    "layer": 29,
    "module": "mlp.gate_proj",
    "feat: in, out": "576, 1536",
    "dtype: size": "f32: 3.4MB",
    "loss": "0.0000554994",
    "samples": "262144",
    "damp": "0.05000",
    "time": "0.430",
    "fwd_time": "6.941",
    "(v)ram": "n/a"
}
{
    "process": "gptq",
    "layer": 29,
    "module": "mlp.up_proj",
    "feat: in, out": "576, 1536",
    "dtype: size": "f32: 3.4MB",
    "loss": "0.0000771743",
    "samples": "262144",
    "damp": "0.05000",
    "time": "0.441",
    "fwd_time": "6.941",
    "(v)ram": "n/a"
}
{
    "process": "gptq",
    "layer": 29,
    "module": "mlp.down_proj",
    "feat: in, out": "1536, 576",
    "dtype: size": "f32: 3.4MB",
    "loss": "0.0049403589",
    "samples": "262144",
    "damp": "0.05000",
    "time": "0.528",
    "fwd_time": "12.620",
    "(v)ram": "n/a"
}
