{
    "process": "gptq",
    "layer": 0,
    "module": "self_attn.k_proj",
    "feat: in, out": "896, 128",
    "dtype: size": "f32: 0.4MB",
    "loss": "0.0000025176",
    "samples": "65536",
    "damp": "0.05000",
    "time": "0.504",
    "fwd_time": "0.716",
    "(v)ram": "n/a"
}
{
    "process": "gptq",
    "layer": 0,
    "module": "self_attn.q_proj",
    "feat: in, out": "896, 896",
    "dtype: size": "f32: 3.1MB",
    "loss": "0.0000166938",
    "samples": "65536",
    "damp": "0.05000",
    "time": "0.599",
    "fwd_time": "0.716",
    "(v)ram": "n/a"
}
{
    "process": "gptq",
    "layer": 0,
    "module": "self_attn.v_proj",
    "feat: in, out": "896, 128",
    "dtype: size": "f32: 0.4MB",
    "loss": "0.0000000581",
    "samples": "65536",
    "damp": "0.05000",
    "time": "0.160",
    "fwd_time": "0.716",
    "(v)ram": "n/a"
}
{
    "process": "gptq",
    "layer": 0,
    "module": "self_attn.o_proj",
    "feat: in, out": "896, 896",
    "dtype: size": "f32: 3.1MB",
    "loss": "0.0000000124",
    "samples": "65536",
    "damp": "0.05000",
    "time": "0.244",
    "fwd_time": "2.369",
    "(v)ram": "n/a"
}
{
    "process": "gptq",
    "layer": 0,
    "module": "mlp.up_proj",
    "feat: in, out": "896, 4864",
    "dtype: size": "f32: 16.9MB",
    "loss": "0.0002740540",
    "samples": "65536",
    "damp": "0.05000",
    "time": "1.209",
    "fwd_time": "5.012",
    "(v)ram": "n/a"
}
{
    "process": "gptq",
    "layer": 0,
    "module": "mlp.gate_proj",
    "feat: in, out": "896, 4864",
    "dtype: size": "f32: 16.9MB",
    "loss": "0.0004299867",
    "samples": "65536",
    "damp": "0.05000",
    "time": "1.220",
    "fwd_time": "5.012",
    "(v)ram": "n/a"
}
{
    "process": "gptq",
    "layer": 0,
    "module": "mlp.down_proj",
    "feat: in, out": "4864, 896",
    "dtype: size": "f32: 16.9MB",
    "loss": "0.0000073383",
    "samples": "65536",
    "damp": "0.05000",
    "time": "2.120",
    "fwd_time": "14.745",
    "(v)ram": "n/a"
}
{
    "process": "gptq",
    "layer": 1,
    "module": "self_attn.k_proj",
    "feat: in, out": "896, 128",
    "dtype: size": "f32: 0.4MB",
    "loss": "0.0000294198",
    "samples": "65536",
    "damp": "0.05000",
    "time": "0.530",
    "fwd_time": "1.100",
    "(v)ram": "n/a"
}
{
    "process": "gptq",
    "layer": 1,
    "module": "self_attn.q_proj",
    "feat: in, out": "896, 896",
    "dtype: size": "f32: 3.1MB",
    "loss": "0.0001052353",
    "samples": "65536",
    "damp": "0.05000",
    "time": "0.625",
    "fwd_time": "1.100",
    "(v)ram": "n/a"
}
{
    "process": "gptq",
    "layer": 1,
    "module": "self_attn.v_proj",
    "feat: in, out": "896, 128",
    "dtype: size": "f32: 0.4MB",
    "loss": "0.0000033278",
    "samples": "65536",
    "damp": "0.05000",
    "time": "0.155",
    "fwd_time": "1.100",
    "(v)ram": "n/a"
}
{
    "process": "gptq",
    "layer": 1,
    "module": "self_attn.o_proj",
    "feat: in, out": "896, 896",
    "dtype: size": "f32: 3.1MB",
    "loss": "0.0000015167",
    "samples": "65536",
    "damp": "0.05000",
    "time": "0.240",
    "fwd_time": "2.109",
    "(v)ram": "n/a"
}
{
    "process": "gptq",
    "layer": 1,
    "module": "mlp.up_proj",
    "feat: in, out": "896, 4864",
    "dtype: size": "f32: 16.9MB",
    "loss": "0.0003904914",
    "samples": "65536",
    "damp": "0.05000",
    "time": "1.180",
    "fwd_time": "4.996",
    "(v)ram": "n/a"
}
{
    "process": "gptq",
    "layer": 1,
    "module": "mlp.gate_proj",
    "feat: in, out": "896, 4864",
    "dtype: size": "f32: 16.9MB",
    "loss": "0.0007428528",
    "samples": "65536",
    "damp": "0.05000",
    "time": "1.195",
    "fwd_time": "4.996",
    "(v)ram": "n/a"
}
{
    "process": "gptq",
    "layer": 1,
    "module": "mlp.down_proj",
    "feat: in, out": "4864, 896",
    "dtype: size": "f32: 16.9MB",
    "loss": "0.0000067728",
    "samples": "65536",
    "damp": "0.05000",
    "time": "2.091",
    "fwd_time": "14.674",
    "(v)ram": "n/a"
}
{
    "process": "gptq",
    "layer": 2,
    "module": "self_attn.k_proj",
    "feat: in, out": "896, 128",
    "dtype: size": "f32: 0.4MB",
    "loss": "0.0000639703",
    "samples": "65536",
    "damp": "0.05000",
    "time": "0.477",
    "fwd_time": "1.167",
    "(v)ram": "n/a"
}
{
    "process": "gptq",
    "layer": 2,
    "module": "self_attn.q_proj",
    "feat: in, out": "896, 896",
    "dtype: size": "f32: 3.1MB",
    "loss": "0.0002287424",
    "samples": "65536",
    "damp": "0.05000",
    "time": "0.549",
    "fwd_time": "1.167",
    "(v)ram": "n/a"
}
{
    "process": "gptq",
    "layer": 2,
    "module": "self_attn.v_proj",
    "feat: in, out": "896, 128",
    "dtype: size": "f32: 0.4MB",
    "loss": "0.0000084187",
    "samples": "65536",
    "damp": "0.05000",
    "time": "0.150",
    "fwd_time": "1.167",
    "(v)ram": "n/a"
}
{
    "process": "gptq",
    "layer": 2,
    "module": "self_attn.o_proj",
    "feat: in, out": "896, 896",
    "dtype: size": "f32: 3.1MB",
    "loss": "0.0000020268",
    "samples": "65536",
    "damp": "0.05000",
    "time": "0.244",
    "fwd_time": "2.072",
    "(v)ram": "n/a"
}
{
    "process": "gptq",
    "layer": 2,
    "module": "mlp.up_proj",
    "feat: in, out": "896, 4864",
    "dtype: size": "f32: 16.9MB",
    "loss": "0.0005638844",
    "samples": "65536",
    "damp": "0.05000",
    "time": "1.079",
    "fwd_time": "4.744",
    "(v)ram": "n/a"
}
{
    "process": "gptq",
    "layer": 2,
    "module": "mlp.gate_proj",
    "feat: in, out": "896, 4864",
    "dtype: size": "f32: 16.9MB",
    "loss": "0.0010358714",
    "samples": "65536",
    "damp": "0.05000",
    "time": "1.089",
    "fwd_time": "4.744",
    "(v)ram": "n/a"
}
{
    "process": "gptq",
    "layer": 2,
    "module": "mlp.down_proj",
    "feat: in, out": "4864, 896",
    "dtype: size": "f32: 16.9MB",
    "loss": "0.0001147717",
    "samples": "65536",
    "damp": "0.05000",
    "time": "1.907",
    "fwd_time": "12.556",
    "(v)ram": "n/a"
}
{
    "process": "gptq",
    "layer": 3,
    "module": "self_attn.k_proj",
    "feat: in, out": "896, 128",
    "dtype: size": "f32: 0.4MB",
    "loss": "0.0000677303",
    "samples": "65536",
    "damp": "0.05000",
    "time": "0.463",
    "fwd_time": "1.126",
    "(v)ram": "n/a"
}
{
    "process": "gptq",
    "layer": 3,
    "module": "self_attn.q_proj",
    "feat: in, out": "896, 896",
    "dtype: size": "f32: 3.1MB",
    "loss": "0.0002835610",
    "samples": "65536",
    "damp": "0.05000",
    "time": "0.549",
    "fwd_time": "1.126",
    "(v)ram": "n/a"
}
{
    "process": "gptq",
    "layer": 3,
    "module": "self_attn.v_proj",
    "feat: in, out": "896, 128",
    "dtype: size": "f32: 0.4MB",
    "loss": "0.0000150984",
    "samples": "65536",
    "damp": "0.05000",
    "time": "0.156",
    "fwd_time": "1.126",
    "(v)ram": "n/a"
}
{
    "process": "gptq",
    "layer": 3,
    "module": "self_attn.o_proj",
    "feat: in, out": "896, 896",
    "dtype: size": "f32: 3.1MB",
    "loss": "0.0000032842",
    "samples": "65536",
    "damp": "0.05000",
    "time": "0.234",
    "fwd_time": "1.883",
    "(v)ram": "n/a"
}
{
    "process": "gptq",
    "layer": 3,
    "module": "mlp.gate_proj",
    "feat: in, out": "896, 4864",
    "dtype: size": "f32: 16.9MB",
    "loss": "0.0018498357",
    "samples": "65536",
    "damp": "0.05000",
    "time": "1.069",
    "fwd_time": "4.647",
    "(v)ram": "n/a"
}
{
    "process": "gptq",
    "layer": 3,
    "module": "mlp.up_proj",
    "feat: in, out": "896, 4864",
    "dtype: size": "f32: 16.9MB",
    "loss": "0.0009677002",
    "samples": "65536",
    "damp": "0.05000",
    "time": "1.085",
    "fwd_time": "4.647",
    "(v)ram": "n/a"
}
{
    "process": "gptq",
    "layer": 3,
    "module": "mlp.down_proj",
    "feat: in, out": "4864, 896",
    "dtype: size": "f32: 16.9MB",
    "loss": "0.0001298179",
    "samples": "65536",
    "damp": "0.05000",
    "time": "1.934",
    "fwd_time": "14.740",
    "(v)ram": "n/a"
}
{
    "process": "gptq",
    "layer": 4,
    "module": "self_attn.k_proj",
    "feat: in, out": "896, 128",
    "dtype: size": "f32: 0.4MB",
    "loss": "0.0000446109",
    "samples": "65536",
    "damp": "0.05000",
    "time": "0.471",
    "fwd_time": "1.141",
    "(v)ram": "n/a"
}
{
    "process": "gptq",
    "layer": 4,
    "module": "self_attn.q_proj",
    "feat: in, out": "896, 896",
    "dtype: size": "f32: 3.1MB",
    "loss": "0.0002255818",
    "samples": "65536",
    "damp": "0.05000",
    "time": "0.565",
    "fwd_time": "1.141",
    "(v)ram": "n/a"
}
{
    "process": "gptq",
    "layer": 4,
    "module": "self_attn.v_proj",
    "feat: in, out": "896, 128",
    "dtype: size": "f32: 0.4MB",
    "loss": "0.0000204895",
    "samples": "65536",
    "damp": "0.05000",
    "time": "0.155",
    "fwd_time": "1.141",
    "(v)ram": "n/a"
}
{
    "process": "gptq",
    "layer": 4,
    "module": "self_attn.o_proj",
    "feat: in, out": "896, 896",
    "dtype: size": "f32: 3.1MB",
    "loss": "0.0000063566",
    "samples": "65536",
    "damp": "0.05000",
    "time": "0.247",
    "fwd_time": "2.279",
    "(v)ram": "n/a"
}
{
    "process": "gptq",
    "layer": 4,
    "module": "mlp.up_proj",
    "feat: in, out": "896, 4864",
    "dtype: size": "f32: 16.9MB",
    "loss": "0.0008286430",
    "samples": "65536",
    "damp": "0.05000",
    "time": "1.117",
    "fwd_time": "4.682",
    "(v)ram": "n/a"
}
{
    "process": "gptq",
    "layer": 4,
    "module": "mlp.gate_proj",
    "feat: in, out": "896, 4864",
    "dtype: size": "f32: 16.9MB",
    "loss": "0.0012725426",
    "samples": "65536",
    "damp": "0.05000",
    "time": "1.126",
    "fwd_time": "4.682",
    "(v)ram": "n/a"
}
{
    "process": "gptq",
    "layer": 4,
    "module": "mlp.down_proj",
    "feat: in, out": "4864, 896",
    "dtype: size": "f32: 16.9MB",
    "loss": "0.0000186894",
    "samples": "65536",
    "damp": "0.05000",
    "time": "2.081",
    "fwd_time": "14.838",
    "(v)ram": "n/a"
}
{
    "process": "gptq",
    "layer": 5,
    "module": "self_attn.k_proj",
    "feat: in, out": "896, 128",
    "dtype: size": "f32: 0.4MB",
    "loss": "0.0000539815",
    "samples": "65536",
    "damp": "0.05000",
    "time": "0.452",
    "fwd_time": "1.084",
    "(v)ram": "n/a"
}
{
    "process": "gptq",
    "layer": 5,
    "module": "self_attn.q_proj",
    "feat: in, out": "896, 896",
    "dtype: size": "f32: 3.1MB",
    "loss": "0.0002718354",
    "samples": "65536",
    "damp": "0.05000",
    "time": "0.548",
    "fwd_time": "1.084",
    "(v)ram": "n/a"
}
{
    "process": "gptq",
    "layer": 5,
    "module": "self_attn.v_proj",
    "feat: in, out": "896, 128",
    "dtype: size": "f32: 0.4MB",
    "loss": "0.0000252963",
    "samples": "65536",
    "damp": "0.05000",
    "time": "0.160",
    "fwd_time": "1.084",
    "(v)ram": "n/a"
}
{
    "process": "gptq",
    "layer": 5,
    "module": "self_attn.o_proj",
    "feat: in, out": "896, 896",
    "dtype: size": "f32: 3.1MB",
    "loss": "0.0000046819",
    "samples": "65536",
    "damp": "0.05000",
    "time": "0.257",
    "fwd_time": "2.197",
    "(v)ram": "n/a"
}
{
    "process": "gptq",
    "layer": 5,
    "module": "mlp.up_proj",
    "feat: in, out": "896, 4864",
    "dtype: size": "f32: 16.9MB",
    "loss": "0.0009978103",
    "samples": "65536",
    "damp": "0.05000",
    "time": "1.143",
    "fwd_time": "4.919",
    "(v)ram": "n/a"
}
{
    "process": "gptq",
    "layer": 5,
    "module": "mlp.gate_proj",
    "feat: in, out": "896, 4864",
    "dtype: size": "f32: 16.9MB",
    "loss": "0.0019642971",
    "samples": "65536",
    "damp": "0.05000",
    "time": "1.149",
    "fwd_time": "4.919",
    "(v)ram": "n/a"
}
{
    "process": "gptq",
    "layer": 5,
    "module": "mlp.down_proj",
    "feat: in, out": "4864, 896",
    "dtype: size": "f32: 16.9MB",
    "loss": "0.0000172070",
    "samples": "65536",
    "damp": "0.05000",
    "time": "2.087",
    "fwd_time": "15.041",
    "(v)ram": "n/a"
}
{
    "process": "gptq",
    "layer": 6,
    "module": "self_attn.k_proj",
    "feat: in, out": "896, 128",
    "dtype: size": "f32: 0.4MB",
    "loss": "0.0000497978",
    "samples": "65536",
    "damp": "0.05000",
    "time": "0.468",
    "fwd_time": "1.073",
    "(v)ram": "n/a"
}
{
    "process": "gptq",
    "layer": 6,
    "module": "self_attn.q_proj",
    "feat: in, out": "896, 896",
    "dtype: size": "f32: 3.1MB",
    "loss": "0.0002258211",
    "samples": "65536",
    "damp": "0.05000",
    "time": "0.581",
    "fwd_time": "1.073",
    "(v)ram": "n/a"
}
{
    "process": "gptq",
    "layer": 6,
    "module": "self_attn.v_proj",
    "feat: in, out": "896, 128",
    "dtype: size": "f32: 0.4MB",
    "loss": "0.0000147294",
    "samples": "65536",
    "damp": "0.05000",
    "time": "0.164",
    "fwd_time": "1.073",
    "(v)ram": "n/a"
}
{
    "process": "gptq",
    "layer": 6,
    "module": "self_attn.o_proj",
    "feat: in, out": "896, 896",
    "dtype: size": "f32: 3.1MB",
    "loss": "0.0000031836",
    "samples": "65536",
    "damp": "0.05000",
    "time": "0.246",
    "fwd_time": "1.935",
    "(v)ram": "n/a"
}
{
    "process": "gptq",
    "layer": 6,
    "module": "mlp.gate_proj",
    "feat: in, out": "896, 4864",
    "dtype: size": "f32: 16.9MB",
    "loss": "0.0011749914",
    "samples": "65536",
    "damp": "0.05000",
    "time": "1.142",
    "fwd_time": "4.874",
    "(v)ram": "n/a"
}
{
    "process": "gptq",
    "layer": 6,
    "module": "mlp.up_proj",
    "feat: in, out": "896, 4864",
    "dtype: size": "f32: 16.9MB",
    "loss": "0.0008287713",
    "samples": "65536",
    "damp": "0.05000",
    "time": "1.161",
    "fwd_time": "4.874",
    "(v)ram": "n/a"
}
{
    "process": "gptq",
    "layer": 6,
    "module": "mlp.down_proj",
    "feat: in, out": "4864, 896",
    "dtype: size": "f32: 16.9MB",
    "loss": "0.0000190733",
    "samples": "65536",
    "damp": "0.05000",
    "time": "2.139",
    "fwd_time": "14.845",
    "(v)ram": "n/a"
}
{
    "process": "gptq",
    "layer": 7,
    "module": "self_attn.k_proj",
    "feat: in, out": "896, 128",
    "dtype: size": "f32: 0.4MB",
    "loss": "0.0000716713",
    "samples": "65536",
    "damp": "0.05000",
    "time": "0.469",
    "fwd_time": "0.997",
    "(v)ram": "n/a"
}
{
    "process": "gptq",
    "layer": 7,
    "module": "self_attn.q_proj",
    "feat: in, out": "896, 896",
    "dtype: size": "f32: 3.1MB",
    "loss": "0.0002968255",
    "samples": "65536",
    "damp": "0.05000",
    "time": "0.572",
    "fwd_time": "0.997",
    "(v)ram": "n/a"
}
{
    "process": "gptq",
    "layer": 7,
    "module": "self_attn.v_proj",
    "feat: in, out": "896, 128",
    "dtype: size": "f32: 0.4MB",
    "loss": "0.0000230741",
    "samples": "65536",
    "damp": "0.05000",
    "time": "0.191",
    "fwd_time": "0.997",
    "(v)ram": "n/a"
}
{
    "process": "gptq",
    "layer": 7,
    "module": "self_attn.o_proj",
    "feat: in, out": "896, 896",
    "dtype: size": "f32: 3.1MB",
    "loss": "0.0000083915",
    "samples": "65536",
    "damp": "0.05000",
    "time": "0.278",
    "fwd_time": "2.301",
    "(v)ram": "n/a"
}
{
    "process": "gptq",
    "layer": 7,
    "module": "mlp.gate_proj",
    "feat: in, out": "896, 4864",
    "dtype: size": "f32: 16.9MB",
    "loss": "0.0010999277",
    "samples": "65536",
    "damp": "0.05000",
    "time": "1.129",
    "fwd_time": "5.224",
    "(v)ram": "n/a"
}
{
    "process": "gptq",
    "layer": 7,
    "module": "mlp.up_proj",
    "feat: in, out": "896, 4864",
    "dtype: size": "f32: 16.9MB",
    "loss": "0.0008693697",
    "samples": "65536",
    "damp": "0.05000",
    "time": "1.152",
    "fwd_time": "5.224",
    "(v)ram": "n/a"
}
{
    "process": "gptq",
    "layer": 7,
    "module": "mlp.down_proj",
    "feat: in, out": "4864, 896",
    "dtype: size": "f32: 16.9MB",
    "loss": "0.0000218946",
    "samples": "65536",
    "damp": "0.05000",
    "time": "2.232",
    "fwd_time": "15.709",
    "(v)ram": "n/a"
}
{
    "process": "gptq",
    "layer": 8,
    "module": "self_attn.k_proj",
    "feat: in, out": "896, 128",
    "dtype: size": "f32: 0.4MB",
    "loss": "0.0000521235",
    "samples": "65536",
    "damp": "0.05000",
    "time": "0.469",
    "fwd_time": "1.088",
    "(v)ram": "n/a"
}
{
    "process": "gptq",
    "layer": 8,
    "module": "self_attn.q_proj",
    "feat: in, out": "896, 896",
    "dtype: size": "f32: 3.1MB",
    "loss": "0.0002843933",
    "samples": "65536",
    "damp": "0.05000",
    "time": "0.553",
    "fwd_time": "1.088",
    "(v)ram": "n/a"
}
{
    "process": "gptq",
    "layer": 8,
    "module": "self_attn.v_proj",
    "feat: in, out": "896, 128",
    "dtype: size": "f32: 0.4MB",
    "loss": "0.0000193112",
    "samples": "65536",
    "damp": "0.05000",
    "time": "0.159",
    "fwd_time": "1.088",
    "(v)ram": "n/a"
}
{
    "process": "gptq",
    "layer": 8,
    "module": "self_attn.o_proj",
    "feat: in, out": "896, 896",
    "dtype: size": "f32: 3.1MB",
    "loss": "0.0000097757",
    "samples": "65536",
    "damp": "0.05000",
    "time": "0.372",
    "fwd_time": "2.444",
    "(v)ram": "n/a"
}
{
    "process": "gptq",
    "layer": 8,
    "module": "mlp.gate_proj",
    "feat: in, out": "896, 4864",
    "dtype: size": "f32: 16.9MB",
    "loss": "0.0009500633",
    "samples": "65536",
    "damp": "0.05000",
    "time": "1.112",
    "fwd_time": "5.109",
    "(v)ram": "n/a"
}
{
    "process": "gptq",
    "layer": 8,
    "module": "mlp.up_proj",
    "feat: in, out": "896, 4864",
    "dtype: size": "f32: 16.9MB",
    "loss": "0.0007315971",
    "samples": "65536",
    "damp": "0.05000",
    "time": "1.129",
    "fwd_time": "5.109",
    "(v)ram": "n/a"
}
{
    "process": "gptq",
    "layer": 8,
    "module": "mlp.down_proj",
    "feat: in, out": "4864, 896",
    "dtype: size": "f32: 16.9MB",
    "loss": "0.0000148676",
    "samples": "65536",
    "damp": "0.05000",
    "time": "2.298",
    "fwd_time": "15.073",
    "(v)ram": "n/a"
}
{
    "process": "gptq",
    "layer": 9,
    "module": "self_attn.k_proj",
    "feat: in, out": "896, 128",
    "dtype: size": "f32: 0.4MB",
    "loss": "0.0001347597",
    "samples": "65536",
    "damp": "0.05000",
    "time": "0.496",
    "fwd_time": "1.229",
    "(v)ram": "n/a"
}
{
    "process": "gptq",
    "layer": 9,
    "module": "self_attn.q_proj",
    "feat: in, out": "896, 896",
    "dtype: size": "f32: 3.1MB",
    "loss": "0.0005094909",
    "samples": "65536",
    "damp": "0.05000",
    "time": "0.574",
    "fwd_time": "1.229",
    "(v)ram": "n/a"
}
{
    "process": "gptq",
    "layer": 9,
    "module": "self_attn.v_proj",
    "feat: in, out": "896, 128",
    "dtype: size": "f32: 0.4MB",
    "loss": "0.0000346889",
    "samples": "65536",
    "damp": "0.05000",
    "time": "0.156",
    "fwd_time": "1.229",
    "(v)ram": "n/a"
}
{
    "process": "gptq",
    "layer": 9,
    "module": "self_attn.o_proj",
    "feat: in, out": "896, 896",
    "dtype: size": "f32: 3.1MB",
    "loss": "0.0000061919",
    "samples": "65536",
    "damp": "0.05000",
    "time": "0.243",
    "fwd_time": "2.149",
    "(v)ram": "n/a"
}
{
    "process": "gptq",
    "layer": 9,
    "module": "mlp.gate_proj",
    "feat: in, out": "896, 4864",
    "dtype: size": "f32: 16.9MB",
    "loss": "0.0008652786",
    "samples": "65536",
    "damp": "0.05000",
    "time": "1.095",
    "fwd_time": "5.021",
    "(v)ram": "n/a"
}
{
    "process": "gptq",
    "layer": 9,
    "module": "mlp.up_proj",
    "feat: in, out": "896, 4864",
    "dtype: size": "f32: 16.9MB",
    "loss": "0.0007434396",
    "samples": "65536",
    "damp": "0.05000",
    "time": "1.112",
    "fwd_time": "5.021",
    "(v)ram": "n/a"
}
{
    "process": "gptq",
    "layer": 9,
    "module": "mlp.down_proj",
    "feat: in, out": "4864, 896",
    "dtype: size": "f32: 16.9MB",
    "loss": "0.0000159486",
    "samples": "65536",
    "damp": "0.05000",
    "time": "2.091",
    "fwd_time": "14.560",
    "(v)ram": "n/a"
}
{
    "process": "gptq",
    "layer": 10,
    "module": "self_attn.k_proj",
    "feat: in, out": "896, 128",
    "dtype: size": "f32: 0.4MB",
    "loss": "0.0000436215",
    "samples": "65536",
    "damp": "0.05000",
    "time": "0.520",
    "fwd_time": "1.209",
    "(v)ram": "n/a"
}
{
    "process": "gptq",
    "layer": 10,
    "module": "self_attn.q_proj",
    "feat: in, out": "896, 896",
    "dtype: size": "f32: 3.1MB",
    "loss": "0.0002338167",
    "samples": "65536",
    "damp": "0.05000",
    "time": "0.612",
    "fwd_time": "1.209",
    "(v)ram": "n/a"
}
{
    "process": "gptq",
    "layer": 10,
    "module": "self_attn.v_proj",
    "feat: in, out": "896, 128",
    "dtype: size": "f32: 0.4MB",
    "loss": "0.0000311031",
    "samples": "65536",
    "damp": "0.05000",
    "time": "0.185",
    "fwd_time": "1.209",
    "(v)ram": "n/a"
}
{
    "process": "gptq",
    "layer": 10,
    "module": "self_attn.o_proj",
    "feat: in, out": "896, 896",
    "dtype: size": "f32: 3.1MB",
    "loss": "0.0000095980",
    "samples": "65536",
    "damp": "0.05000",
    "time": "0.257",
    "fwd_time": "2.393",
    "(v)ram": "n/a"
}
{
    "process": "gptq",
    "layer": 10,
    "module": "mlp.gate_proj",
    "feat: in, out": "896, 4864",
    "dtype: size": "f32: 16.9MB",
    "loss": "0.0008117097",
    "samples": "65536",
    "damp": "0.05000",
    "time": "1.160",
    "fwd_time": "4.944",
    "(v)ram": "n/a"
}
{
    "process": "gptq",
    "layer": 10,
    "module": "mlp.up_proj",
    "feat: in, out": "896, 4864",
    "dtype: size": "f32: 16.9MB",
    "loss": "0.0006300720",
    "samples": "65536",
    "damp": "0.05000",
    "time": "1.171",
    "fwd_time": "4.944",
    "(v)ram": "n/a"
}
{
    "process": "gptq",
    "layer": 10,
    "module": "mlp.down_proj",
    "feat: in, out": "4864, 896",
    "dtype: size": "f32: 16.9MB",
    "loss": "0.0000118936",
    "samples": "65536",
    "damp": "0.05000",
    "time": "2.126",
    "fwd_time": "15.784",
    "(v)ram": "n/a"
}
{
    "process": "gptq",
    "layer": 11,
    "module": "self_attn.k_proj",
    "feat: in, out": "896, 128",
    "dtype: size": "f32: 0.4MB",
    "loss": "0.0001494194",
    "samples": "65536",
    "damp": "0.05000",
    "time": "0.517",
    "fwd_time": "1.160",
    "(v)ram": "n/a"
}
{
    "process": "gptq",
    "layer": 11,
    "module": "self_attn.q_proj",
    "feat: in, out": "896, 896",
    "dtype: size": "f32: 3.1MB",
    "loss": "0.0005406591",
    "samples": "65536",
    "damp": "0.05000",
    "time": "0.608",
    "fwd_time": "1.160",
    "(v)ram": "n/a"
}
{
    "process": "gptq",
    "layer": 11,
    "module": "self_attn.v_proj",
    "feat: in, out": "896, 128",
    "dtype: size": "f32: 0.4MB",
    "loss": "0.0000365539",
    "samples": "65536",
    "damp": "0.05000",
    "time": "0.193",
    "fwd_time": "1.160",
    "(v)ram": "n/a"
}
{
    "process": "gptq",
    "layer": 11,
    "module": "self_attn.o_proj",
    "feat: in, out": "896, 896",
    "dtype: size": "f32: 3.1MB",
    "loss": "0.0000049707",
    "samples": "65536",
    "damp": "0.05000",
    "time": "0.243",
    "fwd_time": "2.074",
    "(v)ram": "n/a"
}
{
    "process": "gptq",
    "layer": 11,
    "module": "mlp.up_proj",
    "feat: in, out": "896, 4864",
    "dtype: size": "f32: 16.9MB",
    "loss": "0.0006981144",
    "samples": "65536",
    "damp": "0.05000",
    "time": "1.135",
    "fwd_time": "5.136",
    "(v)ram": "n/a"
}
{
    "process": "gptq",
    "layer": 11,
    "module": "mlp.gate_proj",
    "feat: in, out": "896, 4864",
    "dtype: size": "f32: 16.9MB",
    "loss": "0.0007620634",
    "samples": "65536",
    "damp": "0.05000",
    "time": "1.139",
    "fwd_time": "5.136",
    "(v)ram": "n/a"
}
{
    "process": "gptq",
    "layer": 11,
    "module": "mlp.down_proj",
    "feat: in, out": "4864, 896",
    "dtype: size": "f32: 16.9MB",
    "loss": "0.0000164092",
    "samples": "65536",
    "damp": "0.05000",
    "time": "2.273",
    "fwd_time": "15.608",
    "(v)ram": "n/a"
}
{
    "process": "gptq",
    "layer": 12,
    "module": "self_attn.k_proj",
    "feat: in, out": "896, 128",
    "dtype: size": "f32: 0.4MB",
    "loss": "0.0000424540",
    "samples": "65536",
    "damp": "0.05000",
    "time": "0.487",
    "fwd_time": "1.064",
    "(v)ram": "n/a"
}
{
    "process": "gptq",
    "layer": 12,
    "module": "self_attn.q_proj",
    "feat: in, out": "896, 896",
    "dtype: size": "f32: 3.1MB",
    "loss": "0.0002400657",
    "samples": "65536",
    "damp": "0.05000",
    "time": "0.570",
    "fwd_time": "1.064",
    "(v)ram": "n/a"
}
{
    "process": "gptq",
    "layer": 12,
    "module": "self_attn.v_proj",
    "feat: in, out": "896, 128",
    "dtype: size": "f32: 0.4MB",
    "loss": "0.0000276202",
    "samples": "65536",
    "damp": "0.05000",
    "time": "0.181",
    "fwd_time": "1.064",
    "(v)ram": "n/a"
}
{
    "process": "gptq",
    "layer": 12,
    "module": "self_attn.o_proj",
    "feat: in, out": "896, 896",
    "dtype: size": "f32: 3.1MB",
    "loss": "0.0000126610",
    "samples": "65536",
    "damp": "0.05000",
    "time": "0.247",
    "fwd_time": "2.031",
    "(v)ram": "n/a"
}
{
    "process": "gptq",
    "layer": 12,
    "module": "mlp.gate_proj",
    "feat: in, out": "896, 4864",
    "dtype: size": "f32: 16.9MB",
    "loss": "0.0007389348",
    "samples": "65536",
    "damp": "0.05000",
    "time": "1.095",
    "fwd_time": "4.899",
    "(v)ram": "n/a"
}
{
    "process": "gptq",
    "layer": 12,
    "module": "mlp.up_proj",
    "feat: in, out": "896, 4864",
    "dtype: size": "f32: 16.9MB",
    "loss": "0.0006658590",
    "samples": "65536",
    "damp": "0.05000",
    "time": "1.126",
    "fwd_time": "4.899",
    "(v)ram": "n/a"
}
{
    "process": "gptq",
    "layer": 12,
    "module": "mlp.down_proj",
    "feat: in, out": "4864, 896",
    "dtype: size": "f32: 16.9MB",
    "loss": "0.0000142382",
    "samples": "65536",
    "damp": "0.05000",
    "time": "2.223",
    "fwd_time": "15.269",
    "(v)ram": "n/a"
}
{
    "process": "gptq",
    "layer": 13,
    "module": "self_attn.k_proj",
    "feat: in, out": "896, 128",
    "dtype: size": "f32: 0.4MB",
    "loss": "0.0000738486",
    "samples": "65536",
    "damp": "0.05000",
    "time": "0.459",
    "fwd_time": "1.100",
    "(v)ram": "n/a"
}
{
    "process": "gptq",
    "layer": 13,
    "module": "self_attn.q_proj",
    "feat: in, out": "896, 896",
    "dtype: size": "f32: 3.1MB",
    "loss": "0.0003785612",
    "samples": "65536",
    "damp": "0.05000",
    "time": "0.569",
    "fwd_time": "1.100",
    "(v)ram": "n/a"
}
{
    "process": "gptq",
    "layer": 13,
    "module": "self_attn.v_proj",
    "feat: in, out": "896, 128",
    "dtype: size": "f32: 0.4MB",
    "loss": "0.0000320691",
    "samples": "65536",
    "damp": "0.05000",
    "time": "0.177",
    "fwd_time": "1.100",
    "(v)ram": "n/a"
}
{
    "process": "gptq",
    "layer": 13,
    "module": "self_attn.o_proj",
    "feat: in, out": "896, 896",
    "dtype: size": "f32: 3.1MB",
    "loss": "0.0000078224",
    "samples": "65536",
    "damp": "0.05000",
    "time": "0.281",
    "fwd_time": "2.315",
    "(v)ram": "n/a"
}
{
    "process": "gptq",
    "layer": 13,
    "module": "mlp.gate_proj",
    "feat: in, out": "896, 4864",
    "dtype: size": "f32: 16.9MB",
    "loss": "0.0007530972",
    "samples": "65536",
    "damp": "0.05000",
    "time": "1.190",
    "fwd_time": "5.209",
    "(v)ram": "n/a"
}
{
    "process": "gptq",
    "layer": 13,
    "module": "mlp.up_proj",
    "feat: in, out": "896, 4864",
    "dtype: size": "f32: 16.9MB",
    "loss": "0.0007462555",
    "samples": "65536",
    "damp": "0.05000",
    "time": "1.197",
    "fwd_time": "5.209",
    "(v)ram": "n/a"
}
{
    "process": "gptq",
    "layer": 13,
    "module": "mlp.down_proj",
    "feat: in, out": "4864, 896",
    "dtype: size": "f32: 16.9MB",
    "loss": "0.0000181509",
    "samples": "65536",
    "damp": "0.05000",
    "time": "2.128",
    "fwd_time": "15.466",
    "(v)ram": "n/a"
}
{
    "process": "gptq",
    "layer": 14,
    "module": "self_attn.k_proj",
    "feat: in, out": "896, 128",
    "dtype: size": "f32: 0.4MB",
    "loss": "0.0000536839",
    "samples": "65536",
    "damp": "0.05000",
    "time": "0.464",
    "fwd_time": "1.064",
    "(v)ram": "n/a"
}
{
    "process": "gptq",
    "layer": 14,
    "module": "self_attn.q_proj",
    "feat: in, out": "896, 896",
    "dtype: size": "f32: 3.1MB",
    "loss": "0.0003422060",
    "samples": "65536",
    "damp": "0.05000",
    "time": "0.549",
    "fwd_time": "1.064",
    "(v)ram": "n/a"
}
{
    "process": "gptq",
    "layer": 14,
    "module": "self_attn.v_proj",
    "feat: in, out": "896, 128",
    "dtype: size": "f32: 0.4MB",
    "loss": "0.0000462790",
    "samples": "65536",
    "damp": "0.05000",
    "time": "0.184",
    "fwd_time": "1.064",
    "(v)ram": "n/a"
}
{
    "process": "gptq",
    "layer": 14,
    "module": "self_attn.o_proj",
    "feat: in, out": "896, 896",
    "dtype: size": "f32: 3.1MB",
    "loss": "0.0000172881",
    "samples": "65536",
    "damp": "0.05000",
    "time": "0.261",
    "fwd_time": "2.373",
    "(v)ram": "n/a"
}
{
    "process": "gptq",
    "layer": 14,
    "module": "mlp.gate_proj",
    "feat: in, out": "896, 4864",
    "dtype: size": "f32: 16.9MB",
    "loss": "0.0008093985",
    "samples": "65536",
    "damp": "0.05000",
    "time": "1.086",
    "fwd_time": "5.039",
    "(v)ram": "n/a"
}
{
    "process": "gptq",
    "layer": 14,
    "module": "mlp.up_proj",
    "feat: in, out": "896, 4864",
    "dtype: size": "f32: 16.9MB",
    "loss": "0.0007200713",
    "samples": "65536",
    "damp": "0.05000",
    "time": "1.093",
    "fwd_time": "5.039",
    "(v)ram": "n/a"
}
{
    "process": "gptq",
    "layer": 14,
    "module": "mlp.down_proj",
    "feat: in, out": "4864, 896",
    "dtype: size": "f32: 16.9MB",
    "loss": "0.0000209158",
    "samples": "65536",
    "damp": "0.05000",
    "time": "1.991",
    "fwd_time": "14.797",
    "(v)ram": "n/a"
}
{
    "process": "gptq",
    "layer": 15,
    "module": "self_attn.k_proj",
    "feat: in, out": "896, 128",
    "dtype: size": "f32: 0.4MB",
    "loss": "0.0000558520",
    "samples": "65536",
    "damp": "0.05000",
    "time": "0.523",
    "fwd_time": "1.022",
    "(v)ram": "n/a"
}
{
    "process": "gptq",
    "layer": 15,
    "module": "self_attn.q_proj",
    "feat: in, out": "896, 896",
    "dtype: size": "f32: 3.1MB",
    "loss": "0.0002916869",
    "samples": "65536",
    "damp": "0.05000",
    "time": "0.615",
    "fwd_time": "1.022",
    "(v)ram": "n/a"
}
{
    "process": "gptq",
    "layer": 15,
    "module": "self_attn.v_proj",
    "feat: in, out": "896, 128",
    "dtype: size": "f32: 0.4MB",
    "loss": "0.0000398502",
    "samples": "65536",
    "damp": "0.05000",
    "time": "0.162",
    "fwd_time": "1.022",
    "(v)ram": "n/a"
}
{
    "process": "gptq",
    "layer": 15,
    "module": "self_attn.o_proj",
    "feat: in, out": "896, 896",
    "dtype: size": "f32: 3.1MB",
    "loss": "0.0000120304",
    "samples": "65536",
    "damp": "0.05000",
    "time": "0.269",
    "fwd_time": "2.290",
    "(v)ram": "n/a"
}
{
    "process": "gptq",
    "layer": 15,
    "module": "mlp.up_proj",
    "feat: in, out": "896, 4864",
    "dtype: size": "f32: 16.9MB",
    "loss": "0.0009301986",
    "samples": "65536",
    "damp": "0.05000",
    "time": "1.137",
    "fwd_time": "5.122",
    "(v)ram": "n/a"
}
{
    "process": "gptq",
    "layer": 15,
    "module": "mlp.gate_proj",
    "feat: in, out": "896, 4864",
    "dtype: size": "f32: 16.9MB",
    "loss": "0.0009647215",
    "samples": "65536",
    "damp": "0.05000",
    "time": "1.143",
    "fwd_time": "5.122",
    "(v)ram": "n/a"
}
{
    "process": "gptq",
    "layer": 15,
    "module": "mlp.down_proj",
    "feat: in, out": "4864, 896",
    "dtype: size": "f32: 16.9MB",
    "loss": "0.0000304303",
    "samples": "65536",
    "damp": "0.05000",
    "time": "2.018",
    "fwd_time": "15.214",
    "(v)ram": "n/a"
}
{
    "process": "gptq",
    "layer": 16,
    "module": "self_attn.k_proj",
    "feat: in, out": "896, 128",
    "dtype: size": "f32: 0.4MB",
    "loss": "0.0001114508",
    "samples": "65536",
    "damp": "0.05000",
    "time": "0.517",
    "fwd_time": "1.178",
    "(v)ram": "n/a"
}
{
    "process": "gptq",
    "layer": 16,
    "module": "self_attn.q_proj",
    "feat: in, out": "896, 896",
    "dtype: size": "f32: 3.1MB",
    "loss": "0.0006064560",
    "samples": "65536",
    "damp": "0.05000",
    "time": "0.607",
    "fwd_time": "1.178",
    "(v)ram": "n/a"
}
{
    "process": "gptq",
    "layer": 16,
    "module": "self_attn.v_proj",
    "feat: in, out": "896, 128",
    "dtype: size": "f32: 0.4MB",
    "loss": "0.0000865276",
    "samples": "65536",
    "damp": "0.05000",
    "time": "0.152",
    "fwd_time": "1.178",
    "(v)ram": "n/a"
}
{
    "process": "gptq",
    "layer": 16,
    "module": "self_attn.o_proj",
    "feat: in, out": "896, 896",
    "dtype: size": "f32: 3.1MB",
    "loss": "0.0000155118",
    "samples": "65536",
    "damp": "0.05000",
    "time": "0.244",
    "fwd_time": "2.151",
    "(v)ram": "n/a"
}
{
    "process": "gptq",
    "layer": 16,
    "module": "mlp.up_proj",
    "feat: in, out": "896, 4864",
    "dtype: size": "f32: 16.9MB",
    "loss": "0.0011476700",
    "samples": "65536",
    "damp": "0.05000",
    "time": "1.142",
    "fwd_time": "5.108",
    "(v)ram": "n/a"
}
{
    "process": "gptq",
    "layer": 16,
    "module": "mlp.gate_proj",
    "feat: in, out": "896, 4864",
    "dtype: size": "f32: 16.9MB",
    "loss": "0.0014738200",
    "samples": "65536",
    "damp": "0.05000",
    "time": "1.155",
    "fwd_time": "5.108",
    "(v)ram": "n/a"
}
{
    "process": "gptq",
    "layer": 16,
    "module": "mlp.down_proj",
    "feat: in, out": "4864, 896",
    "dtype: size": "f32: 16.9MB",
    "loss": "0.0000623721",
    "samples": "65536",
    "damp": "0.05000",
    "time": "2.142",
    "fwd_time": "14.632",
    "(v)ram": "n/a"
}
{
    "process": "gptq",
    "layer": 17,
    "module": "self_attn.k_proj",
    "feat: in, out": "896, 128",
    "dtype: size": "f32: 0.4MB",
    "loss": "0.0000610973",
    "samples": "65536",
    "damp": "0.05000",
    "time": "0.472",
    "fwd_time": "1.227",
    "(v)ram": "n/a"
}
{
    "process": "gptq",
    "layer": 17,
    "module": "self_attn.q_proj",
    "feat: in, out": "896, 896",
    "dtype: size": "f32: 3.1MB",
    "loss": "0.0004148080",
    "samples": "65536",
    "damp": "0.05000",
    "time": "0.560",
    "fwd_time": "1.227",
    "(v)ram": "n/a"
}
{
    "process": "gptq",
    "layer": 17,
    "module": "self_attn.v_proj",
    "feat: in, out": "896, 128",
    "dtype: size": "f32: 0.4MB",
    "loss": "0.0000609814",
    "samples": "65536",
    "damp": "0.05000",
    "time": "0.153",
    "fwd_time": "1.227",
    "(v)ram": "n/a"
}
{
    "process": "gptq",
    "layer": 17,
    "module": "self_attn.o_proj",
    "feat: in, out": "896, 896",
    "dtype: size": "f32: 3.1MB",
    "loss": "0.0000098240",
    "samples": "65536",
    "damp": "0.05000",
    "time": "0.253",
    "fwd_time": "2.080",
    "(v)ram": "n/a"
}
{
    "process": "gptq",
    "layer": 17,
    "module": "mlp.gate_proj",
    "feat: in, out": "896, 4864",
    "dtype: size": "f32: 16.9MB",
    "loss": "0.0020315219",
    "samples": "65536",
    "damp": "0.05000",
    "time": "1.165",
    "fwd_time": "4.815",
    "(v)ram": "n/a"
}
{
    "process": "gptq",
    "layer": 17,
    "module": "mlp.up_proj",
    "feat: in, out": "896, 4864",
    "dtype: size": "f32: 16.9MB",
    "loss": "0.0013155730",
    "samples": "65536",
    "damp": "0.05000",
    "time": "1.179",
    "fwd_time": "4.815",
    "(v)ram": "n/a"
}
{
    "process": "gptq",
    "layer": 17,
    "module": "mlp.down_proj",
    "feat: in, out": "4864, 896",
    "dtype: size": "f32: 16.9MB",
    "loss": "0.0000496789",
    "samples": "65536",
    "damp": "0.05000",
    "time": "2.273",
    "fwd_time": "15.614",
    "(v)ram": "n/a"
}
{
    "process": "gptq",
    "layer": 18,
    "module": "self_attn.k_proj",
    "feat: in, out": "896, 128",
    "dtype: size": "f32: 0.4MB",
    "loss": "0.0000732801",
    "samples": "65536",
    "damp": "0.05000",
    "time": "0.466",
    "fwd_time": "1.096",
    "(v)ram": "n/a"
}
{
    "process": "gptq",
    "layer": 18,
    "module": "self_attn.q_proj",
    "feat: in, out": "896, 896",
    "dtype: size": "f32: 3.1MB",
    "loss": "0.0003951027",
    "samples": "65536",
    "damp": "0.05000",
    "time": "0.567",
    "fwd_time": "1.096",
    "(v)ram": "n/a"
}
{
    "process": "gptq",
    "layer": 18,
    "module": "self_attn.v_proj",
    "feat: in, out": "896, 128",
    "dtype: size": "f32: 0.4MB",
    "loss": "0.0000555130",
    "samples": "65536",
    "damp": "0.05000",
    "time": "0.175",
    "fwd_time": "1.096",
    "(v)ram": "n/a"
}
{
    "process": "gptq",
    "layer": 18,
    "module": "self_attn.o_proj",
    "feat: in, out": "896, 896",
    "dtype: size": "f32: 3.1MB",
    "loss": "0.0000140334",
    "samples": "65536",
    "damp": "0.05000",
    "time": "0.267",
    "fwd_time": "2.112",
    "(v)ram": "n/a"
}
{
    "process": "gptq",
    "layer": 18,
    "module": "mlp.gate_proj",
    "feat: in, out": "896, 4864",
    "dtype: size": "f32: 16.9MB",
    "loss": "0.0015934171",
    "samples": "65536",
    "damp": "0.05000",
    "time": "1.145",
    "fwd_time": "5.034",
    "(v)ram": "n/a"
}
{
    "process": "gptq",
    "layer": 18,
    "module": "mlp.up_proj",
    "feat: in, out": "896, 4864",
    "dtype: size": "f32: 16.9MB",
    "loss": "0.0012829533",
    "samples": "65536",
    "damp": "0.05000",
    "time": "1.152",
    "fwd_time": "5.034",
    "(v)ram": "n/a"
}
{
    "process": "gptq",
    "layer": 18,
    "module": "mlp.down_proj",
    "feat: in, out": "4864, 896",
    "dtype: size": "f32: 16.9MB",
    "loss": "0.0000506030",
    "samples": "65536",
    "damp": "0.05000",
    "time": "2.216",
    "fwd_time": "15.131",
    "(v)ram": "n/a"
}
{
    "process": "gptq",
    "layer": 19,
    "module": "self_attn.k_proj",
    "feat: in, out": "896, 128",
    "dtype: size": "f32: 0.4MB",
    "loss": "0.0000613449",
    "samples": "65536",
    "damp": "0.05000",
    "time": "0.487",
    "fwd_time": "1.248",
    "(v)ram": "n/a"
}
{
    "process": "gptq",
    "layer": 19,
    "module": "self_attn.q_proj",
    "feat: in, out": "896, 896",
    "dtype: size": "f32: 3.1MB",
    "loss": "0.0003717426",
    "samples": "65536",
    "damp": "0.05000",
    "time": "0.624",
    "fwd_time": "1.248",
    "(v)ram": "n/a"
}
{
    "process": "gptq",
    "layer": 19,
    "module": "self_attn.v_proj",
    "feat: in, out": "896, 128",
    "dtype: size": "f32: 0.4MB",
    "loss": "0.0000554469",
    "samples": "65536",
    "damp": "0.05000",
    "time": "0.177",
    "fwd_time": "1.248",
    "(v)ram": "n/a"
}
{
    "process": "gptq",
    "layer": 19,
    "module": "self_attn.o_proj",
    "feat: in, out": "896, 896",
    "dtype: size": "f32: 3.1MB",
    "loss": "0.0000153617",
    "samples": "65536",
    "damp": "0.05000",
    "time": "0.247",
    "fwd_time": "2.216",
    "(v)ram": "n/a"
}
{
    "process": "gptq",
    "layer": 19,
    "module": "mlp.gate_proj",
    "feat: in, out": "896, 4864",
    "dtype: size": "f32: 16.9MB",
    "loss": "0.0021796760",
    "samples": "65536",
    "damp": "0.05000",
    "time": "1.189",
    "fwd_time": "4.955",
    "(v)ram": "n/a"
}
{
    "process": "gptq",
    "layer": 19,
    "module": "mlp.up_proj",
    "feat: in, out": "896, 4864",
    "dtype: size": "f32: 16.9MB",
    "loss": "0.0018468911",
    "samples": "65536",
    "damp": "0.05000",
    "time": "1.209",
    "fwd_time": "4.955",
    "(v)ram": "n/a"
}
{
    "process": "gptq",
    "layer": 19,
    "module": "mlp.down_proj",
    "feat: in, out": "4864, 896",
    "dtype: size": "f32: 16.9MB",
    "loss": "0.0001053221",
    "samples": "65536",
    "damp": "0.05000",
    "time": "2.223",
    "fwd_time": "15.098",
    "(v)ram": "n/a"
}
{
    "process": "gptq",
    "layer": 20,
    "module": "self_attn.k_proj",
    "feat: in, out": "896, 128",
    "dtype: size": "f32: 0.4MB",
    "loss": "0.0000757779",
    "samples": "65536",
    "damp": "0.05000",
    "time": "0.513",
    "fwd_time": "1.103",
    "(v)ram": "n/a"
}
{
    "process": "gptq",
    "layer": 20,
    "module": "self_attn.q_proj",
    "feat: in, out": "896, 896",
    "dtype: size": "f32: 3.1MB",
    "loss": "0.0005155132",
    "samples": "65536",
    "damp": "0.05000",
    "time": "0.628",
    "fwd_time": "1.103",
    "(v)ram": "n/a"
}
{
    "process": "gptq",
    "layer": 20,
    "module": "self_attn.v_proj",
    "feat: in, out": "896, 128",
    "dtype: size": "f32: 0.4MB",
    "loss": "0.0001783422",
    "samples": "65536",
    "damp": "0.05000",
    "time": "0.190",
    "fwd_time": "1.103",
    "(v)ram": "n/a"
}
{
    "process": "gptq",
    "layer": 20,
    "module": "self_attn.o_proj",
    "feat: in, out": "896, 896",
    "dtype: size": "f32: 3.1MB",
    "loss": "0.0000272019",
    "samples": "65536",
    "damp": "0.05000",
    "time": "0.238",
    "fwd_time": "2.046",
    "(v)ram": "n/a"
}
{
    "process": "gptq",
    "layer": 20,
    "module": "mlp.gate_proj",
    "feat: in, out": "896, 4864",
    "dtype: size": "f32: 16.9MB",
    "loss": "0.0022372864",
    "samples": "65536",
    "damp": "0.05000",
    "time": "1.100",
    "fwd_time": "5.081",
    "(v)ram": "n/a"
}
{
    "process": "gptq",
    "layer": 20,
    "module": "mlp.up_proj",
    "feat: in, out": "896, 4864",
    "dtype: size": "f32: 16.9MB",
    "loss": "0.0020461930",
    "samples": "65536",
    "damp": "0.05000",
    "time": "1.118",
    "fwd_time": "5.081",
    "(v)ram": "n/a"
}
{
    "process": "gptq",
    "layer": 20,
    "module": "mlp.down_proj",
    "feat: in, out": "4864, 896",
    "dtype: size": "f32: 16.9MB",
    "loss": "0.0001513360",
    "samples": "65536",
    "damp": "0.05000",
    "time": "2.320",
    "fwd_time": "15.254",
    "(v)ram": "n/a"
}
{
    "process": "gptq",
    "layer": 21,
    "module": "self_attn.k_proj",
    "feat: in, out": "896, 128",
    "dtype: size": "f32: 0.4MB",
    "loss": "0.0000793433",
    "samples": "65536",
    "damp": "0.05000",
    "time": "0.501",
    "fwd_time": "1.067",
    "(v)ram": "n/a"
}
{
    "process": "gptq",
    "layer": 21,
    "module": "self_attn.q_proj",
    "feat: in, out": "896, 896",
    "dtype: size": "f32: 3.1MB",
    "loss": "0.0005518547",
    "samples": "65536",
    "damp": "0.05000",
    "time": "0.602",
    "fwd_time": "1.067",
    "(v)ram": "n/a"
}
{
    "process": "gptq",
    "layer": 21,
    "module": "self_attn.v_proj",
    "feat: in, out": "896, 128",
    "dtype: size": "f32: 0.4MB",
    "loss": "0.0002662264",
    "samples": "65536",
    "damp": "0.05000",
    "time": "0.164",
    "fwd_time": "1.067",
    "(v)ram": "n/a"
}
{
    "process": "gptq",
    "layer": 21,
    "module": "self_attn.o_proj",
    "feat: in, out": "896, 896",
    "dtype: size": "f32: 3.1MB",
    "loss": "0.0000730483",
    "samples": "65536",
    "damp": "0.05000",
    "time": "0.274",
    "fwd_time": "2.616",
    "(v)ram": "n/a"
}
{
    "process": "gptq",
    "layer": 21,
    "module": "mlp.up_proj",
    "feat: in, out": "896, 4864",
    "dtype: size": "f32: 16.9MB",
    "loss": "0.0021127178",
    "samples": "65536",
    "damp": "0.05000",
    "time": "1.112",
    "fwd_time": "5.335",
    "(v)ram": "n/a"
}
{
    "process": "gptq",
    "layer": 21,
    "module": "mlp.gate_proj",
    "feat: in, out": "896, 4864",
    "dtype: size": "f32: 16.9MB",
    "loss": "0.0021786778",
    "samples": "65536",
    "damp": "0.05000",
    "time": "1.118",
    "fwd_time": "5.335",
    "(v)ram": "n/a"
}
{
    "process": "gptq",
    "layer": 21,
    "module": "mlp.down_proj",
    "feat: in, out": "4864, 896",
    "dtype: size": "f32: 16.9MB",
    "loss": "0.0006882875",
    "samples": "65536",
    "damp": "0.05000",
    "time": "2.242",
    "fwd_time": "15.631",
    "(v)ram": "n/a"
}
{
    "process": "gptq",
    "layer": 22,
    "module": "self_attn.k_proj",
    "feat: in, out": "896, 128",
    "dtype: size": "f32: 0.4MB",
    "loss": "0.0000769612",
    "samples": "65536",
    "damp": "0.05000",
    "time": "0.521",
    "fwd_time": "1.002",
    "(v)ram": "n/a"
}
{
    "process": "gptq",
    "layer": 22,
    "module": "self_attn.q_proj",
    "feat: in, out": "896, 896",
    "dtype: size": "f32: 3.1MB",
    "loss": "0.0005173939",
    "samples": "65536",
    "damp": "0.05000",
    "time": "0.657",
    "fwd_time": "1.002",
    "(v)ram": "n/a"
}
{
    "process": "gptq",
    "layer": 22,
    "module": "self_attn.v_proj",
    "feat: in, out": "896, 128",
    "dtype: size": "f32: 0.4MB",
    "loss": "0.0002463673",
    "samples": "65536",
    "damp": "0.05000",
    "time": "0.176",
    "fwd_time": "1.002",
    "(v)ram": "n/a"
}
{
    "process": "gptq",
    "layer": 22,
    "module": "self_attn.o_proj",
    "feat: in, out": "896, 896",
    "dtype: size": "f32: 3.1MB",
    "loss": "0.0000426207",
    "samples": "65536",
    "damp": "0.05000",
    "time": "0.271",
    "fwd_time": "2.689",
    "(v)ram": "n/a"
}
{
    "process": "gptq",
    "layer": 22,
    "module": "mlp.gate_proj",
    "feat: in, out": "896, 4864",
    "dtype: size": "f32: 16.9MB",
    "loss": "0.0017536193",
    "samples": "65536",
    "damp": "0.05000",
    "time": "1.171",
    "fwd_time": "5.296",
    "(v)ram": "n/a"
}
{
    "process": "gptq",
    "layer": 22,
    "module": "mlp.up_proj",
    "feat: in, out": "896, 4864",
    "dtype: size": "f32: 16.9MB",
    "loss": "0.0018642073",
    "samples": "65536",
    "damp": "0.05000",
    "time": "1.193",
    "fwd_time": "5.296",
    "(v)ram": "n/a"
}
{
    "process": "gptq",
    "layer": 22,
    "module": "mlp.down_proj",
    "feat: in, out": "4864, 896",
    "dtype: size": "f32: 16.9MB",
    "loss": "0.0002481462",
    "samples": "65536",
    "damp": "0.05000",
    "time": "2.250",
    "fwd_time": "15.609",
    "(v)ram": "n/a"
}
{
    "process": "gptq",
    "layer": 23,
    "module": "self_attn.k_proj",
    "feat: in, out": "896, 128",
    "dtype: size": "f32: 0.4MB",
    "loss": "0.0000933403",
    "samples": "65536",
    "damp": "0.05000",
    "time": "0.481",
    "fwd_time": "1.021",
    "(v)ram": "n/a"
}
{
    "process": "gptq",
    "layer": 23,
    "module": "self_attn.q_proj",
    "feat: in, out": "896, 896",
    "dtype: size": "f32: 3.1MB",
    "loss": "0.0006576767",
    "samples": "65536",
    "damp": "0.05000",
    "time": "0.572",
    "fwd_time": "1.021",
    "(v)ram": "n/a"
}
{
    "process": "gptq",
    "layer": 23,
    "module": "self_attn.v_proj",
    "feat: in, out": "896, 128",
    "dtype: size": "f32: 0.4MB",
    "loss": "0.0002078378",
    "samples": "65536",
    "damp": "0.05000",
    "time": "0.177",
    "fwd_time": "1.021",
    "(v)ram": "n/a"
}
{
    "process": "gptq",
    "layer": 23,
    "module": "self_attn.o_proj",
    "feat: in, out": "896, 896",
    "dtype: size": "f32: 3.1MB",
    "loss": "0.0001157560",
    "samples": "65536",
    "damp": "0.05000",
    "time": "0.292",
    "fwd_time": "2.244",
    "(v)ram": "n/a"
}
{
    "process": "gptq",
    "layer": 23,
    "module": "mlp.gate_proj",
    "feat: in, out": "896, 4864",
    "dtype: size": "f32: 16.9MB",
    "loss": "0.0022148702",
    "samples": "65536",
    "damp": "0.05000",
    "time": "1.259",
    "fwd_time": "5.163",
    "(v)ram": "n/a"
}
{
    "process": "gptq",
    "layer": 23,
    "module": "mlp.up_proj",
    "feat: in, out": "896, 4864",
    "dtype: size": "f32: 16.9MB",
    "loss": "0.0021499977",
    "samples": "65536",
    "damp": "0.05000",
    "time": "1.261",
    "fwd_time": "5.163",
    "(v)ram": "n/a"
}
{
    "process": "gptq",
    "layer": 23,
    "module": "mlp.down_proj",
    "feat: in, out": "4864, 896",
    "dtype: size": "f32: 16.9MB",
    "loss": "0.0006145190",
    "samples": "65536",
    "damp": "0.05000",
    "time": "2.418",
    "fwd_time": "15.595",
    "(v)ram": "n/a"
}
