{
    "process": "gptq",
    "layer": 0,
    "module": "self_attn.k_proj",
    "feat: in, out": "576, 192",
    "dtype: size": "f32: 0.4MB",
    "loss": "0.0000138275",
    "samples": "65536",
    "damp": "0.05000",
    "time": "0.290",
    "fwd_time": "0.335",
    "(v)ram": "n/a"
}
{
    "process": "gptq",
    "layer": 0,
    "module": "self_attn.q_proj",
    "feat: in, out": "576, 576",
    "dtype: size": "f32: 1.3MB",
    "loss": "0.0000222203",
    "samples": "65536",
    "damp": "0.05000",
    "time": "0.331",
    "fwd_time": "0.335",
    "(v)ram": "n/a"
}
{
    "process": "gptq",
    "layer": 0,
    "module": "self_attn.v_proj",
    "feat: in, out": "576, 192",
    "dtype: size": "f32: 0.4MB",
    "loss": "0.0000001536",
    "samples": "65536",
    "damp": "0.05000",
    "time": "0.097",
    "fwd_time": "0.335",
    "(v)ram": "n/a"
}
{
    "process": "gptq",
    "layer": 0,
    "module": "self_attn.o_proj",
    "feat: in, out": "576, 576",
    "dtype: size": "f32: 1.3MB",
    "loss": "0.0000002514",
    "samples": "65536",
    "damp": "0.05000",
    "time": "0.147",
    "fwd_time": "1.080",
    "(v)ram": "n/a"
}
{
    "process": "gptq",
    "layer": 0,
    "module": "mlp.gate_proj",
    "feat: in, out": "576, 1536",
    "dtype: size": "f32: 3.4MB",
    "loss": "0.0001016596",
    "samples": "65536",
    "damp": "0.05000",
    "time": "0.442",
    "fwd_time": "1.918",
    "(v)ram": "n/a"
}
{
    "process": "gptq",
    "layer": 0,
    "module": "mlp.up_proj",
    "feat: in, out": "576, 1536",
    "dtype: size": "f32: 3.4MB",
    "loss": "0.0001052637",
    "samples": "65536",
    "damp": "0.05000",
    "time": "0.457",
    "fwd_time": "1.918",
    "(v)ram": "n/a"
}
{
    "process": "gptq",
    "layer": 0,
    "module": "mlp.down_proj",
    "feat: in, out": "1536, 576",
    "dtype: size": "f32: 3.4MB",
    "loss": "0.0004323206",
    "samples": "65536",
    "damp": "0.05000",
    "time": "0.417",
    "fwd_time": "2.668",
    "(v)ram": "n/a"
}
{
    "process": "gptq",
    "layer": 1,
    "module": "self_attn.k_proj",
    "feat: in, out": "576, 192",
    "dtype: size": "f32: 0.4MB",
    "loss": "0.0000653310",
    "samples": "65536",
    "damp": "0.05000",
    "time": "0.332",
    "fwd_time": "0.514",
    "(v)ram": "n/a"
}
{
    "process": "gptq",
    "layer": 1,
    "module": "self_attn.q_proj",
    "feat: in, out": "576, 576",
    "dtype: size": "f32: 1.3MB",
    "loss": "0.0001434674",
    "samples": "65536",
    "damp": "0.05000",
    "time": "0.365",
    "fwd_time": "0.514",
    "(v)ram": "n/a"
}
{
    "process": "gptq",
    "layer": 1,
    "module": "self_attn.v_proj",
    "feat: in, out": "576, 192",
    "dtype: size": "f32: 0.4MB",
    "loss": "0.0000117894",
    "samples": "65536",
    "damp": "0.05000",
    "time": "0.100",
    "fwd_time": "0.514",
    "(v)ram": "n/a"
}
{
    "process": "gptq",
    "layer": 1,
    "module": "self_attn.o_proj",
    "feat: in, out": "576, 576",
    "dtype: size": "f32: 1.3MB",
    "loss": "0.0000702777",
    "samples": "65536",
    "damp": "0.05000",
    "time": "0.134",
    "fwd_time": "1.074",
    "(v)ram": "n/a"
}
{
    "process": "gptq",
    "layer": 1,
    "module": "mlp.up_proj",
    "feat: in, out": "576, 1536",
    "dtype: size": "f32: 3.4MB",
    "loss": "0.0001280758",
    "samples": "65536",
    "damp": "0.05000",
    "time": "0.432",
    "fwd_time": "1.748",
    "(v)ram": "n/a"
}
{
    "process": "gptq",
    "layer": 1,
    "module": "mlp.gate_proj",
    "feat: in, out": "576, 1536",
    "dtype: size": "f32: 3.4MB",
    "loss": "0.0001629015",
    "samples": "65536",
    "damp": "0.05000",
    "time": "0.434",
    "fwd_time": "1.748",
    "(v)ram": "n/a"
}
{
    "process": "gptq",
    "layer": 1,
    "module": "mlp.down_proj",
    "feat: in, out": "1536, 576",
    "dtype: size": "f32: 3.4MB",
    "loss": "0.0001663282",
    "samples": "65536",
    "damp": "0.05000",
    "time": "0.393",
    "fwd_time": "2.608",
    "(v)ram": "n/a"
}
{
    "process": "gptq",
    "layer": 2,
    "module": "self_attn.k_proj",
    "feat: in, out": "576, 192",
    "dtype: size": "f32: 0.4MB",
    "loss": "0.0001012048",
    "samples": "65536",
    "damp": "0.05000",
    "time": "0.292",
    "fwd_time": "0.463",
    "(v)ram": "n/a"
}
{
    "process": "gptq",
    "layer": 2,
    "module": "self_attn.q_proj",
    "feat: in, out": "576, 576",
    "dtype: size": "f32: 1.3MB",
    "loss": "0.0002357622",
    "samples": "65536",
    "damp": "0.05000",
    "time": "0.335",
    "fwd_time": "0.463",
    "(v)ram": "n/a"
}
{
    "process": "gptq",
    "layer": 2,
    "module": "self_attn.v_proj",
    "feat: in, out": "576, 192",
    "dtype: size": "f32: 0.4MB",
    "loss": "0.0000161148",
    "samples": "65536",
    "damp": "0.05000",
    "time": "0.113",
    "fwd_time": "0.463",
    "(v)ram": "n/a"
}
{
    "process": "gptq",
    "layer": 2,
    "module": "self_attn.o_proj",
    "feat: in, out": "576, 576",
    "dtype: size": "f32: 1.3MB",
    "loss": "0.0000436753",
    "samples": "65536",
    "damp": "0.05000",
    "time": "0.124",
    "fwd_time": "0.984",
    "(v)ram": "n/a"
}
{
    "process": "gptq",
    "layer": 2,
    "module": "mlp.up_proj",
    "feat: in, out": "576, 1536",
    "dtype: size": "f32: 3.4MB",
    "loss": "0.0001690764",
    "samples": "65536",
    "damp": "0.05000",
    "time": "0.495",
    "fwd_time": "1.690",
    "(v)ram": "n/a"
}
{
    "process": "gptq",
    "layer": 2,
    "module": "mlp.gate_proj",
    "feat: in, out": "576, 1536",
    "dtype: size": "f32: 3.4MB",
    "loss": "0.0002009872",
    "samples": "65536",
    "damp": "0.05000",
    "time": "0.503",
    "fwd_time": "1.690",
    "(v)ram": "n/a"
}
{
    "process": "gptq",
    "layer": 2,
    "module": "mlp.down_proj",
    "feat: in, out": "1536, 576",
    "dtype: size": "f32: 3.4MB",
    "loss": "0.0003198040",
    "samples": "65536",
    "damp": "0.05000",
    "time": "0.441",
    "fwd_time": "2.408",
    "(v)ram": "n/a"
}
{
    "process": "gptq",
    "layer": 3,
    "module": "self_attn.k_proj",
    "feat: in, out": "576, 192",
    "dtype: size": "f32: 0.4MB",
    "loss": "0.0001339412",
    "samples": "65536",
    "damp": "0.05000",
    "time": "0.291",
    "fwd_time": "0.468",
    "(v)ram": "n/a"
}
{
    "process": "gptq",
    "layer": 3,
    "module": "self_attn.q_proj",
    "feat: in, out": "576, 576",
    "dtype: size": "f32: 1.3MB",
    "loss": "0.0003310228",
    "samples": "65536",
    "damp": "0.05000",
    "time": "0.325",
    "fwd_time": "0.468",
    "(v)ram": "n/a"
}
{
    "process": "gptq",
    "layer": 3,
    "module": "self_attn.v_proj",
    "feat: in, out": "576, 192",
    "dtype: size": "f32: 0.4MB",
    "loss": "0.0000501188",
    "samples": "65536",
    "damp": "0.05000",
    "time": "0.098",
    "fwd_time": "0.468",
    "(v)ram": "n/a"
}
{
    "process": "gptq",
    "layer": 3,
    "module": "self_attn.o_proj",
    "feat: in, out": "576, 576",
    "dtype: size": "f32: 1.3MB",
    "loss": "0.0000673476",
    "samples": "65536",
    "damp": "0.05000",
    "time": "0.123",
    "fwd_time": "1.023",
    "(v)ram": "n/a"
}
{
    "process": "gptq",
    "layer": 3,
    "module": "mlp.up_proj",
    "feat: in, out": "576, 1536",
    "dtype: size": "f32: 3.4MB",
    "loss": "0.0001834902",
    "samples": "65536",
    "damp": "0.05000",
    "time": "0.408",
    "fwd_time": "1.598",
    "(v)ram": "n/a"
}
{
    "process": "gptq",
    "layer": 3,
    "module": "mlp.gate_proj",
    "feat: in, out": "576, 1536",
    "dtype: size": "f32: 3.4MB",
    "loss": "0.0002105881",
    "samples": "65536",
    "damp": "0.05000",
    "time": "0.415",
    "fwd_time": "1.598",
    "(v)ram": "n/a"
}
{
    "process": "gptq",
    "layer": 3,
    "module": "mlp.down_proj",
    "feat: in, out": "1536, 576",
    "dtype: size": "f32: 3.4MB",
    "loss": "0.0002397113",
    "samples": "65536",
    "damp": "0.05000",
    "time": "0.461",
    "fwd_time": "2.953",
    "(v)ram": "n/a"
}
{
    "process": "gptq",
    "layer": 4,
    "module": "self_attn.k_proj",
    "feat: in, out": "576, 192",
    "dtype: size": "f32: 0.4MB",
    "loss": "0.0001238536",
    "samples": "65536",
    "damp": "0.05000",
    "time": "0.335",
    "fwd_time": "0.538",
    "(v)ram": "n/a"
}
{
    "process": "gptq",
    "layer": 4,
    "module": "self_attn.q_proj",
    "feat: in, out": "576, 576",
    "dtype: size": "f32: 1.3MB",
    "loss": "0.0002998213",
    "samples": "65536",
    "damp": "0.05000",
    "time": "0.367",
    "fwd_time": "0.538",
    "(v)ram": "n/a"
}
{
    "process": "gptq",
    "layer": 4,
    "module": "self_attn.v_proj",
    "feat: in, out": "576, 192",
    "dtype: size": "f32: 0.4MB",
    "loss": "0.0000470098",
    "samples": "65536",
    "damp": "0.05000",
    "time": "0.098",
    "fwd_time": "0.538",
    "(v)ram": "n/a"
}
{
    "process": "gptq",
    "layer": 4,
    "module": "self_attn.o_proj",
    "feat: in, out": "576, 576",
    "dtype: size": "f32: 1.3MB",
    "loss": "0.0000679504",
    "samples": "65536",
    "damp": "0.05000",
    "time": "0.122",
    "fwd_time": "1.009",
    "(v)ram": "n/a"
}
{
    "process": "gptq",
    "layer": 4,
    "module": "mlp.gate_proj",
    "feat: in, out": "576, 1536",
    "dtype: size": "f32: 3.4MB",
    "loss": "0.0002630819",
    "samples": "65536",
    "damp": "0.05000",
    "time": "0.438",
    "fwd_time": "1.530",
    "(v)ram": "n/a"
}
{
    "process": "gptq",
    "layer": 4,
    "module": "mlp.up_proj",
    "feat: in, out": "576, 1536",
    "dtype: size": "f32: 3.4MB",
    "loss": "0.0002307465",
    "samples": "65536",
    "damp": "0.05000",
    "time": "0.440",
    "fwd_time": "1.530",
    "(v)ram": "n/a"
}
{
    "process": "gptq",
    "layer": 4,
    "module": "mlp.down_proj",
    "feat: in, out": "1536, 576",
    "dtype: size": "f32: 3.4MB",
    "loss": "0.0003018343",
    "samples": "65536",
    "damp": "0.05000",
    "time": "0.388",
    "fwd_time": "2.587",
    "(v)ram": "n/a"
}
{
    "process": "gptq",
    "layer": 5,
    "module": "self_attn.k_proj",
    "feat: in, out": "576, 192",
    "dtype: size": "f32: 0.4MB",
    "loss": "0.0001331262",
    "samples": "65536",
    "damp": "0.05000",
    "time": "0.347",
    "fwd_time": "0.598",
    "(v)ram": "n/a"
}
{
    "process": "gptq",
    "layer": 5,
    "module": "self_attn.q_proj",
    "feat: in, out": "576, 576",
    "dtype: size": "f32: 1.3MB",
    "loss": "0.0003108393",
    "samples": "65536",
    "damp": "0.05000",
    "time": "0.386",
    "fwd_time": "0.598",
    "(v)ram": "n/a"
}
{
    "process": "gptq",
    "layer": 5,
    "module": "self_attn.v_proj",
    "feat: in, out": "576, 192",
    "dtype: size": "f32: 0.4MB",
    "loss": "0.0000503986",
    "samples": "65536",
    "damp": "0.05000",
    "time": "0.119",
    "fwd_time": "0.598",
    "(v)ram": "n/a"
}
{
    "process": "gptq",
    "layer": 5,
    "module": "self_attn.o_proj",
    "feat: in, out": "576, 576",
    "dtype: size": "f32: 1.3MB",
    "loss": "0.0000806848",
    "samples": "65536",
    "damp": "0.05000",
    "time": "0.124",
    "fwd_time": "1.091",
    "(v)ram": "n/a"
}
{
    "process": "gptq",
    "layer": 5,
    "module": "mlp.gate_proj",
    "feat: in, out": "576, 1536",
    "dtype: size": "f32: 3.4MB",
    "loss": "0.0002809525",
    "samples": "65536",
    "damp": "0.05000",
    "time": "0.429",
    "fwd_time": "1.737",
    "(v)ram": "n/a"
}
{
    "process": "gptq",
    "layer": 5,
    "module": "mlp.up_proj",
    "feat: in, out": "576, 1536",
    "dtype: size": "f32: 3.4MB",
    "loss": "0.0002543677",
    "samples": "65536",
    "damp": "0.05000",
    "time": "0.433",
    "fwd_time": "1.737",
    "(v)ram": "n/a"
}
{
    "process": "gptq",
    "layer": 5,
    "module": "mlp.down_proj",
    "feat: in, out": "1536, 576",
    "dtype: size": "f32: 3.4MB",
    "loss": "0.0003397189",
    "samples": "65536",
    "damp": "0.05000",
    "time": "0.387",
    "fwd_time": "2.674",
    "(v)ram": "n/a"
}
{
    "process": "gptq",
    "layer": 6,
    "module": "self_attn.k_proj",
    "feat: in, out": "576, 192",
    "dtype: size": "f32: 0.4MB",
    "loss": "0.0001070768",
    "samples": "65536",
    "damp": "0.05000",
    "time": "0.299",
    "fwd_time": "0.535",
    "(v)ram": "n/a"
}
{
    "process": "gptq",
    "layer": 6,
    "module": "self_attn.q_proj",
    "feat: in, out": "576, 576",
    "dtype: size": "f32: 1.3MB",
    "loss": "0.0002589640",
    "samples": "65536",
    "damp": "0.05000",
    "time": "0.336",
    "fwd_time": "0.535",
    "(v)ram": "n/a"
}
{
    "process": "gptq",
    "layer": 6,
    "module": "self_attn.v_proj",
    "feat: in, out": "576, 192",
    "dtype: size": "f32: 0.4MB",
    "loss": "0.0000444461",
    "samples": "65536",
    "damp": "0.05000",
    "time": "0.103",
    "fwd_time": "0.535",
    "(v)ram": "n/a"
}
{
    "process": "gptq",
    "layer": 6,
    "module": "self_attn.o_proj",
    "feat: in, out": "576, 576",
    "dtype: size": "f32: 1.3MB",
    "loss": "0.0000526818",
    "samples": "65536",
    "damp": "0.05000",
    "time": "0.122",
    "fwd_time": "1.010",
    "(v)ram": "n/a"
}
{
    "process": "gptq",
    "layer": 6,
    "module": "mlp.gate_proj",
    "feat: in, out": "576, 1536",
    "dtype: size": "f32: 3.4MB",
    "loss": "0.0002804804",
    "samples": "65536",
    "damp": "0.05000",
    "time": "0.481",
    "fwd_time": "1.627",
    "(v)ram": "n/a"
}
{
    "process": "gptq",
    "layer": 6,
    "module": "mlp.up_proj",
    "feat: in, out": "576, 1536",
    "dtype: size": "f32: 3.4MB",
    "loss": "0.0002742975",
    "samples": "65536",
    "damp": "0.05000",
    "time": "0.489",
    "fwd_time": "1.627",
    "(v)ram": "n/a"
}
{
    "process": "gptq",
    "layer": 6,
    "module": "mlp.down_proj",
    "feat: in, out": "1536, 576",
    "dtype: size": "f32: 3.4MB",
    "loss": "0.0004283066",
    "samples": "65536",
    "damp": "0.05000",
    "time": "0.452",
    "fwd_time": "2.471",
    "(v)ram": "n/a"
}
{
    "process": "gptq",
    "layer": 7,
    "module": "self_attn.k_proj",
    "feat: in, out": "576, 192",
    "dtype: size": "f32: 0.4MB",
    "loss": "0.0001642484",
    "samples": "65536",
    "damp": "0.05000",
    "time": "0.346",
    "fwd_time": "0.593",
    "(v)ram": "n/a"
}
{
    "process": "gptq",
    "layer": 7,
    "module": "self_attn.q_proj",
    "feat: in, out": "576, 576",
    "dtype: size": "f32: 1.3MB",
    "loss": "0.0004481309",
    "samples": "65536",
    "damp": "0.05000",
    "time": "0.393",
    "fwd_time": "0.593",
    "(v)ram": "n/a"
}
{
    "process": "gptq",
    "layer": 7,
    "module": "self_attn.v_proj",
    "feat: in, out": "576, 192",
    "dtype: size": "f32: 0.4MB",
    "loss": "0.0001015931",
    "samples": "65536",
    "damp": "0.05000",
    "time": "0.096",
    "fwd_time": "0.593",
    "(v)ram": "n/a"
}
{
    "process": "gptq",
    "layer": 7,
    "module": "self_attn.o_proj",
    "feat: in, out": "576, 576",
    "dtype: size": "f32: 1.3MB",
    "loss": "0.0000831138",
    "samples": "65536",
    "damp": "0.05000",
    "time": "0.130",
    "fwd_time": "1.055",
    "(v)ram": "n/a"
}
{
    "process": "gptq",
    "layer": 7,
    "module": "mlp.gate_proj",
    "feat: in, out": "576, 1536",
    "dtype: size": "f32: 3.4MB",
    "loss": "0.0002884067",
    "samples": "65536",
    "damp": "0.05000",
    "time": "0.434",
    "fwd_time": "1.642",
    "(v)ram": "n/a"
}
{
    "process": "gptq",
    "layer": 7,
    "module": "mlp.up_proj",
    "feat: in, out": "576, 1536",
    "dtype: size": "f32: 3.4MB",
    "loss": "0.0002910673",
    "samples": "65536",
    "damp": "0.05000",
    "time": "0.442",
    "fwd_time": "1.642",
    "(v)ram": "n/a"
}
{
    "process": "gptq",
    "layer": 7,
    "module": "mlp.down_proj",
    "feat: in, out": "1536, 576",
    "dtype: size": "f32: 3.4MB",
    "loss": "0.0004937699",
    "samples": "65536",
    "damp": "0.05000",
    "time": "0.464",
    "fwd_time": "2.846",
    "(v)ram": "n/a"
}
{
    "process": "gptq",
    "layer": 8,
    "module": "self_attn.k_proj",
    "feat: in, out": "576, 192",
    "dtype: size": "f32: 0.4MB",
    "loss": "0.0001473153",
    "samples": "65536",
    "damp": "0.05000",
    "time": "0.314",
    "fwd_time": "0.487",
    "(v)ram": "n/a"
}
{
    "process": "gptq",
    "layer": 8,
    "module": "self_attn.q_proj",
    "feat: in, out": "576, 576",
    "dtype: size": "f32: 1.3MB",
    "loss": "0.0003768799",
    "samples": "65536",
    "damp": "0.05000",
    "time": "0.364",
    "fwd_time": "0.487",
    "(v)ram": "n/a"
}
{
    "process": "gptq",
    "layer": 8,
    "module": "self_attn.v_proj",
    "feat: in, out": "576, 192",
    "dtype: size": "f32: 0.4MB",
    "loss": "0.0000731096",
    "samples": "65536",
    "damp": "0.05000",
    "time": "0.106",
    "fwd_time": "0.487",
    "(v)ram": "n/a"
}
{
    "process": "gptq",
    "layer": 8,
    "module": "self_attn.o_proj",
    "feat: in, out": "576, 576",
    "dtype: size": "f32: 1.3MB",
    "loss": "0.0000828166",
    "samples": "65536",
    "damp": "0.05000",
    "time": "0.130",
    "fwd_time": "1.131",
    "(v)ram": "n/a"
}
{
    "process": "gptq",
    "layer": 8,
    "module": "mlp.gate_proj",
    "feat: in, out": "576, 1536",
    "dtype: size": "f32: 3.4MB",
    "loss": "0.0002950862",
    "samples": "65536",
    "damp": "0.05000",
    "time": "0.447",
    "fwd_time": "1.712",
    "(v)ram": "n/a"
}
{
    "process": "gptq",
    "layer": 8,
    "module": "mlp.up_proj",
    "feat: in, out": "576, 1536",
    "dtype: size": "f32: 3.4MB",
    "loss": "0.0003227706",
    "samples": "65536",
    "damp": "0.05000",
    "time": "0.450",
    "fwd_time": "1.712",
    "(v)ram": "n/a"
}
{
    "process": "gptq",
    "layer": 8,
    "module": "mlp.down_proj",
    "feat: in, out": "1536, 576",
    "dtype: size": "f32: 3.4MB",
    "loss": "0.0006840470",
    "samples": "65536",
    "damp": "0.05000",
    "time": "0.400",
    "fwd_time": "2.552",
    "(v)ram": "n/a"
}
{
    "process": "gptq",
    "layer": 9,
    "module": "self_attn.k_proj",
    "feat: in, out": "576, 192",
    "dtype: size": "f32: 0.4MB",
    "loss": "0.0001021108",
    "samples": "65536",
    "damp": "0.05000",
    "time": "0.323",
    "fwd_time": "0.613",
    "(v)ram": "n/a"
}
{
    "process": "gptq",
    "layer": 9,
    "module": "self_attn.q_proj",
    "feat: in, out": "576, 576",
    "dtype: size": "f32: 1.3MB",
    "loss": "0.0002830433",
    "samples": "65536",
    "damp": "0.05000",
    "time": "0.363",
    "fwd_time": "0.613",
    "(v)ram": "n/a"
}
{
    "process": "gptq",
    "layer": 9,
    "module": "self_attn.v_proj",
    "feat: in, out": "576, 192",
    "dtype: size": "f32: 0.4MB",
    "loss": "0.0000425379",
    "samples": "65536",
    "damp": "0.05000",
    "time": "0.096",
    "fwd_time": "0.613",
    "(v)ram": "n/a"
}
{
    "process": "gptq",
    "layer": 9,
    "module": "self_attn.o_proj",
    "feat: in, out": "576, 576",
    "dtype: size": "f32: 1.3MB",
    "loss": "0.0001381222",
    "samples": "65536",
    "damp": "0.05000",
    "time": "0.228",
    "fwd_time": "1.350",
    "(v)ram": "n/a"
}
{
    "process": "gptq",
    "layer": 9,
    "module": "mlp.up_proj",
    "feat: in, out": "576, 1536",
    "dtype: size": "f32: 3.4MB",
    "loss": "0.0003524284",
    "samples": "65536",
    "damp": "0.05000",
    "time": "0.492",
    "fwd_time": "2.015",
    "(v)ram": "n/a"
}
{
    "process": "gptq",
    "layer": 9,
    "module": "mlp.gate_proj",
    "feat: in, out": "576, 1536",
    "dtype: size": "f32: 3.4MB",
    "loss": "0.0002881359",
    "samples": "65536",
    "damp": "0.05000",
    "time": "0.511",
    "fwd_time": "2.015",
    "(v)ram": "n/a"
}
{
    "process": "gptq",
    "layer": 9,
    "module": "mlp.down_proj",
    "feat: in, out": "1536, 576",
    "dtype: size": "f32: 3.4MB",
    "loss": "0.0008073964",
    "samples": "65536",
    "damp": "0.05000",
    "time": "0.423",
    "fwd_time": "2.633",
    "(v)ram": "n/a"
}
{
    "process": "gptq",
    "layer": 10,
    "module": "self_attn.k_proj",
    "feat: in, out": "576, 192",
    "dtype: size": "f32: 0.4MB",
    "loss": "0.0000893778",
    "samples": "65536",
    "damp": "0.05000",
    "time": "0.317",
    "fwd_time": "0.588",
    "(v)ram": "n/a"
}
{
    "process": "gptq",
    "layer": 10,
    "module": "self_attn.q_proj",
    "feat: in, out": "576, 576",
    "dtype: size": "f32: 1.3MB",
    "loss": "0.0002546012",
    "samples": "65536",
    "damp": "0.05000",
    "time": "0.352",
    "fwd_time": "0.588",
    "(v)ram": "n/a"
}
{
    "process": "gptq",
    "layer": 10,
    "module": "self_attn.v_proj",
    "feat: in, out": "576, 192",
    "dtype: size": "f32: 0.4MB",
    "loss": "0.0000431024",
    "samples": "65536",
    "damp": "0.05000",
    "time": "0.095",
    "fwd_time": "0.588",
    "(v)ram": "n/a"
}
{
    "process": "gptq",
    "layer": 10,
    "module": "self_attn.o_proj",
    "feat: in, out": "576, 576",
    "dtype: size": "f32: 1.3MB",
    "loss": "0.0002610967",
    "samples": "65536",
    "damp": "0.05000",
    "time": "0.137",
    "fwd_time": "1.029",
    "(v)ram": "n/a"
}
{
    "process": "gptq",
    "layer": 10,
    "module": "mlp.up_proj",
    "feat: in, out": "576, 1536",
    "dtype: size": "f32: 3.4MB",
    "loss": "0.0003510810",
    "samples": "65536",
    "damp": "0.05000",
    "time": "0.505",
    "fwd_time": "1.850",
    "(v)ram": "n/a"
}
{
    "process": "gptq",
    "layer": 10,
    "module": "mlp.gate_proj",
    "feat: in, out": "576, 1536",
    "dtype: size": "f32: 3.4MB",
    "loss": "0.0002740700",
    "samples": "65536",
    "damp": "0.05000",
    "time": "0.508",
    "fwd_time": "1.850",
    "(v)ram": "n/a"
}
{
    "process": "gptq",
    "layer": 10,
    "module": "mlp.down_proj",
    "feat: in, out": "1536, 576",
    "dtype: size": "f32: 3.4MB",
    "loss": "0.0007485797",
    "samples": "65536",
    "damp": "0.05000",
    "time": "0.409",
    "fwd_time": "2.617",
    "(v)ram": "n/a"
}
{
    "process": "gptq",
    "layer": 11,
    "module": "self_attn.k_proj",
    "feat: in, out": "576, 192",
    "dtype: size": "f32: 0.4MB",
    "loss": "0.0000798155",
    "samples": "65536",
    "damp": "0.05000",
    "time": "0.311",
    "fwd_time": "0.483",
    "(v)ram": "n/a"
}
{
    "process": "gptq",
    "layer": 11,
    "module": "self_attn.q_proj",
    "feat: in, out": "576, 576",
    "dtype: size": "f32: 1.3MB",
    "loss": "0.0002291217",
    "samples": "65536",
    "damp": "0.05000",
    "time": "0.345",
    "fwd_time": "0.483",
    "(v)ram": "n/a"
}
{
    "process": "gptq",
    "layer": 11,
    "module": "self_attn.v_proj",
    "feat: in, out": "576, 192",
    "dtype: size": "f32: 0.4MB",
    "loss": "0.0000403858",
    "samples": "65536",
    "damp": "0.05000",
    "time": "0.105",
    "fwd_time": "0.483",
    "(v)ram": "n/a"
}
{
    "process": "gptq",
    "layer": 11,
    "module": "self_attn.o_proj",
    "feat: in, out": "576, 576",
    "dtype: size": "f32: 1.3MB",
    "loss": "0.0003109638",
    "samples": "65536",
    "damp": "0.05000",
    "time": "0.134",
    "fwd_time": "1.139",
    "(v)ram": "n/a"
}
{
    "process": "gptq",
    "layer": 11,
    "module": "mlp.up_proj",
    "feat: in, out": "576, 1536",
    "dtype: size": "f32: 3.4MB",
    "loss": "0.0003437770",
    "samples": "65536",
    "damp": "0.05000",
    "time": "0.460",
    "fwd_time": "1.798",
    "(v)ram": "n/a"
}
{
    "process": "gptq",
    "layer": 11,
    "module": "mlp.gate_proj",
    "feat: in, out": "576, 1536",
    "dtype: size": "f32: 3.4MB",
    "loss": "0.0002544906",
    "samples": "65536",
    "damp": "0.05000",
    "time": "0.463",
    "fwd_time": "1.798",
    "(v)ram": "n/a"
}
{
    "process": "gptq",
    "layer": 11,
    "module": "mlp.down_proj",
    "feat: in, out": "1536, 576",
    "dtype: size": "f32: 3.4MB",
    "loss": "0.0346616246",
    "samples": "65536",
    "damp": "0.05000",
    "time": "0.388",
    "fwd_time": "2.610",
    "(v)ram": "n/a"
}
{
    "process": "gptq",
    "layer": 12,
    "module": "self_attn.k_proj",
    "feat: in, out": "576, 192",
    "dtype: size": "f32: 0.4MB",
    "loss": "0.0001163274",
    "samples": "65536",
    "damp": "0.05000",
    "time": "0.324",
    "fwd_time": "0.509",
    "(v)ram": "n/a"
}
{
    "process": "gptq",
    "layer": 12,
    "module": "self_attn.q_proj",
    "feat: in, out": "576, 576",
    "dtype: size": "f32: 1.3MB",
    "loss": "0.0003300183",
    "samples": "65536",
    "damp": "0.05000",
    "time": "0.362",
    "fwd_time": "0.509",
    "(v)ram": "n/a"
}
{
    "process": "gptq",
    "layer": 12,
    "module": "self_attn.v_proj",
    "feat: in, out": "576, 192",
    "dtype: size": "f32: 0.4MB",
    "loss": "0.0000625441",
    "samples": "65536",
    "damp": "0.05000",
    "time": "0.109",
    "fwd_time": "0.509",
    "(v)ram": "n/a"
}
{
    "process": "gptq",
    "layer": 12,
    "module": "self_attn.o_proj",
    "feat: in, out": "576, 576",
    "dtype: size": "f32: 1.3MB",
    "loss": "0.0002338579",
    "samples": "65536",
    "damp": "0.05000",
    "time": "0.135",
    "fwd_time": "1.101",
    "(v)ram": "n/a"
}
{
    "process": "gptq",
    "layer": 12,
    "module": "mlp.gate_proj",
    "feat: in, out": "576, 1536",
    "dtype: size": "f32: 3.4MB",
    "loss": "0.0002490900",
    "samples": "65536",
    "damp": "0.05000",
    "time": "0.440",
    "fwd_time": "1.731",
    "(v)ram": "n/a"
}
{
    "process": "gptq",
    "layer": 12,
    "module": "mlp.up_proj",
    "feat: in, out": "576, 1536",
    "dtype: size": "f32: 3.4MB",
    "loss": "0.0003135625",
    "samples": "65536",
    "damp": "0.05000",
    "time": "0.442",
    "fwd_time": "1.731",
    "(v)ram": "n/a"
}
{
    "process": "gptq",
    "layer": 12,
    "module": "mlp.down_proj",
    "feat: in, out": "1536, 576",
    "dtype: size": "f32: 3.4MB",
    "loss": "0.0006561289",
    "samples": "65536",
    "damp": "0.05000",
    "time": "0.408",
    "fwd_time": "2.801",
    "(v)ram": "n/a"
}
{
    "process": "gptq",
    "layer": 13,
    "module": "self_attn.k_proj",
    "feat: in, out": "576, 192",
    "dtype: size": "f32: 0.4MB",
    "loss": "0.0001225113",
    "samples": "65536",
    "damp": "0.05000",
    "time": "0.324",
    "fwd_time": "0.532",
    "(v)ram": "n/a"
}
{
    "process": "gptq",
    "layer": 13,
    "module": "self_attn.q_proj",
    "feat: in, out": "576, 576",
    "dtype: size": "f32: 1.3MB",
    "loss": "0.0003566187",
    "samples": "65536",
    "damp": "0.05000",
    "time": "0.369",
    "fwd_time": "0.532",
    "(v)ram": "n/a"
}
{
    "process": "gptq",
    "layer": 13,
    "module": "self_attn.v_proj",
    "feat: in, out": "576, 192",
    "dtype: size": "f32: 0.4MB",
    "loss": "0.0000533184",
    "samples": "65536",
    "damp": "0.05000",
    "time": "0.125",
    "fwd_time": "0.532",
    "(v)ram": "n/a"
}
{
    "process": "gptq",
    "layer": 13,
    "module": "self_attn.o_proj",
    "feat: in, out": "576, 576",
    "dtype: size": "f32: 1.3MB",
    "loss": "0.0002610472",
    "samples": "65536",
    "damp": "0.05000",
    "time": "0.136",
    "fwd_time": "1.257",
    "(v)ram": "n/a"
}
{
    "process": "gptq",
    "layer": 13,
    "module": "mlp.gate_proj",
    "feat: in, out": "576, 1536",
    "dtype: size": "f32: 3.4MB",
    "loss": "0.0002944904",
    "samples": "65536",
    "damp": "0.05000",
    "time": "0.465",
    "fwd_time": "1.916",
    "(v)ram": "n/a"
}
{
    "process": "gptq",
    "layer": 13,
    "module": "mlp.up_proj",
    "feat: in, out": "576, 1536",
    "dtype: size": "f32: 3.4MB",
    "loss": "0.0003148355",
    "samples": "65536",
    "damp": "0.05000",
    "time": "0.470",
    "fwd_time": "1.916",
    "(v)ram": "n/a"
}
{
    "process": "gptq",
    "layer": 13,
    "module": "mlp.down_proj",
    "feat: in, out": "1536, 576",
    "dtype: size": "f32: 3.4MB",
    "loss": "0.0006364681",
    "samples": "65536",
    "damp": "0.05000",
    "time": "0.404",
    "fwd_time": "2.581",
    "(v)ram": "n/a"
}
{
    "process": "gptq",
    "layer": 14,
    "module": "self_attn.k_proj",
    "feat: in, out": "576, 192",
    "dtype: size": "f32: 0.4MB",
    "loss": "0.0001342462",
    "samples": "65536",
    "damp": "0.05000",
    "time": "0.316",
    "fwd_time": "0.529",
    "(v)ram": "n/a"
}
{
    "process": "gptq",
    "layer": 14,
    "module": "self_attn.q_proj",
    "feat: in, out": "576, 576",
    "dtype: size": "f32: 1.3MB",
    "loss": "0.0003727428",
    "samples": "65536",
    "damp": "0.05000",
    "time": "0.356",
    "fwd_time": "0.529",
    "(v)ram": "n/a"
}
{
    "process": "gptq",
    "layer": 14,
    "module": "self_attn.v_proj",
    "feat: in, out": "576, 192",
    "dtype: size": "f32: 0.4MB",
    "loss": "0.0000966133",
    "samples": "65536",
    "damp": "0.05000",
    "time": "0.102",
    "fwd_time": "0.529",
    "(v)ram": "n/a"
}
{
    "process": "gptq",
    "layer": 14,
    "module": "self_attn.o_proj",
    "feat: in, out": "576, 576",
    "dtype: size": "f32: 1.3MB",
    "loss": "0.0002651154",
    "samples": "65536",
    "damp": "0.05000",
    "time": "0.134",
    "fwd_time": "1.130",
    "(v)ram": "n/a"
}
{
    "process": "gptq",
    "layer": 14,
    "module": "mlp.gate_proj",
    "feat: in, out": "576, 1536",
    "dtype: size": "f32: 3.4MB",
    "loss": "0.0002898338",
    "samples": "65536",
    "damp": "0.05000",
    "time": "0.451",
    "fwd_time": "1.846",
    "(v)ram": "n/a"
}
{
    "process": "gptq",
    "layer": 14,
    "module": "mlp.up_proj",
    "feat: in, out": "576, 1536",
    "dtype: size": "f32: 3.4MB",
    "loss": "0.0003048313",
    "samples": "65536",
    "damp": "0.05000",
    "time": "0.459",
    "fwd_time": "1.846",
    "(v)ram": "n/a"
}
{
    "process": "gptq",
    "layer": 14,
    "module": "mlp.down_proj",
    "feat: in, out": "1536, 576",
    "dtype: size": "f32: 3.4MB",
    "loss": "0.0007159691",
    "samples": "65536",
    "damp": "0.05000",
    "time": "0.489",
    "fwd_time": "2.820",
    "(v)ram": "n/a"
}
{
    "process": "gptq",
    "layer": 15,
    "module": "self_attn.k_proj",
    "feat: in, out": "576, 192",
    "dtype: size": "f32: 0.4MB",
    "loss": "0.0001220896",
    "samples": "65536",
    "damp": "0.05000",
    "time": "0.310",
    "fwd_time": "0.500",
    "(v)ram": "n/a"
}
{
    "process": "gptq",
    "layer": 15,
    "module": "self_attn.q_proj",
    "feat: in, out": "576, 576",
    "dtype: size": "f32: 1.3MB",
    "loss": "0.0003411441",
    "samples": "65536",
    "damp": "0.05000",
    "time": "0.346",
    "fwd_time": "0.500",
    "(v)ram": "n/a"
}
{
    "process": "gptq",
    "layer": 15,
    "module": "self_attn.v_proj",
    "feat: in, out": "576, 192",
    "dtype: size": "f32: 0.4MB",
    "loss": "0.0000885118",
    "samples": "65536",
    "damp": "0.05000",
    "time": "0.094",
    "fwd_time": "0.500",
    "(v)ram": "n/a"
}
{
    "process": "gptq",
    "layer": 15,
    "module": "self_attn.o_proj",
    "feat: in, out": "576, 576",
    "dtype: size": "f32: 1.3MB",
    "loss": "0.0002187712",
    "samples": "65536",
    "damp": "0.05000",
    "time": "0.143",
    "fwd_time": "1.027",
    "(v)ram": "n/a"
}
{
    "process": "gptq",
    "layer": 15,
    "module": "mlp.up_proj",
    "feat: in, out": "576, 1536",
    "dtype: size": "f32: 3.4MB",
    "loss": "0.0003119036",
    "samples": "65536",
    "damp": "0.05000",
    "time": "0.448",
    "fwd_time": "1.663",
    "(v)ram": "n/a"
}
{
    "process": "gptq",
    "layer": 15,
    "module": "mlp.gate_proj",
    "feat: in, out": "576, 1536",
    "dtype: size": "f32: 3.4MB",
    "loss": "0.0003112857",
    "samples": "65536",
    "damp": "0.05000",
    "time": "0.454",
    "fwd_time": "1.663",
    "(v)ram": "n/a"
}
{
    "process": "gptq",
    "layer": 15,
    "module": "mlp.down_proj",
    "feat: in, out": "1536, 576",
    "dtype: size": "f32: 3.4MB",
    "loss": "0.0008069701",
    "samples": "65536",
    "damp": "0.05000",
    "time": "0.376",
    "fwd_time": "2.532",
    "(v)ram": "n/a"
}
{
    "process": "gptq",
    "layer": 16,
    "module": "self_attn.k_proj",
    "feat: in, out": "576, 192",
    "dtype: size": "f32: 0.4MB",
    "loss": "0.0001086607",
    "samples": "65536",
    "damp": "0.05000",
    "time": "0.382",
    "fwd_time": "0.577",
    "(v)ram": "n/a"
}
{
    "process": "gptq",
    "layer": 16,
    "module": "self_attn.q_proj",
    "feat: in, out": "576, 576",
    "dtype: size": "f32: 1.3MB",
    "loss": "0.0002955440",
    "samples": "65536",
    "damp": "0.05000",
    "time": "0.424",
    "fwd_time": "0.577",
    "(v)ram": "n/a"
}
{
    "process": "gptq",
    "layer": 16,
    "module": "self_attn.v_proj",
    "feat: in, out": "576, 192",
    "dtype: size": "f32: 0.4MB",
    "loss": "0.0000714690",
    "samples": "65536",
    "damp": "0.05000",
    "time": "0.120",
    "fwd_time": "0.577",
    "(v)ram": "n/a"
}
{
    "process": "gptq",
    "layer": 16,
    "module": "self_attn.o_proj",
    "feat: in, out": "576, 576",
    "dtype: size": "f32: 1.3MB",
    "loss": "0.0004392795",
    "samples": "65536",
    "damp": "0.05000",
    "time": "0.130",
    "fwd_time": "1.128",
    "(v)ram": "n/a"
}
{
    "process": "gptq",
    "layer": 16,
    "module": "mlp.gate_proj",
    "feat: in, out": "576, 1536",
    "dtype: size": "f32: 3.4MB",
    "loss": "0.0002870482",
    "samples": "65536",
    "damp": "0.05000",
    "time": "0.448",
    "fwd_time": "1.639",
    "(v)ram": "n/a"
}
{
    "process": "gptq",
    "layer": 16,
    "module": "mlp.up_proj",
    "feat: in, out": "576, 1536",
    "dtype: size": "f32: 3.4MB",
    "loss": "0.0002992529",
    "samples": "65536",
    "damp": "0.05000",
    "time": "0.455",
    "fwd_time": "1.639",
    "(v)ram": "n/a"
}
{
    "process": "gptq",
    "layer": 16,
    "module": "mlp.down_proj",
    "feat: in, out": "1536, 576",
    "dtype: size": "f32: 3.4MB",
    "loss": "0.0007665943",
    "samples": "65536",
    "damp": "0.05000",
    "time": "0.409",
    "fwd_time": "2.647",
    "(v)ram": "n/a"
}
{
    "process": "gptq",
    "layer": 17,
    "module": "self_attn.k_proj",
    "feat: in, out": "576, 192",
    "dtype: size": "f32: 0.4MB",
    "loss": "0.0001539951",
    "samples": "65536",
    "damp": "0.05000",
    "time": "0.316",
    "fwd_time": "0.531",
    "(v)ram": "n/a"
}
{
    "process": "gptq",
    "layer": 17,
    "module": "self_attn.q_proj",
    "feat: in, out": "576, 576",
    "dtype: size": "f32: 1.3MB",
    "loss": "0.0005139727",
    "samples": "65536",
    "damp": "0.05000",
    "time": "0.362",
    "fwd_time": "0.531",
    "(v)ram": "n/a"
}
{
    "process": "gptq",
    "layer": 17,
    "module": "self_attn.v_proj",
    "feat: in, out": "576, 192",
    "dtype: size": "f32: 0.4MB",
    "loss": "0.0001254431",
    "samples": "65536",
    "damp": "0.05000",
    "time": "0.102",
    "fwd_time": "0.531",
    "(v)ram": "n/a"
}
{
    "process": "gptq",
    "layer": 17,
    "module": "self_attn.o_proj",
    "feat: in, out": "576, 576",
    "dtype: size": "f32: 1.3MB",
    "loss": "0.0003426760",
    "samples": "65536",
    "damp": "0.05000",
    "time": "0.136",
    "fwd_time": "1.027",
    "(v)ram": "n/a"
}
{
    "process": "gptq",
    "layer": 17,
    "module": "mlp.up_proj",
    "feat: in, out": "576, 1536",
    "dtype: size": "f32: 3.4MB",
    "loss": "0.0003034194",
    "samples": "65536",
    "damp": "0.05000",
    "time": "0.472",
    "fwd_time": "1.701",
    "(v)ram": "n/a"
}
{
    "process": "gptq",
    "layer": 17,
    "module": "mlp.gate_proj",
    "feat: in, out": "576, 1536",
    "dtype: size": "f32: 3.4MB",
    "loss": "0.0002728812",
    "samples": "65536",
    "damp": "0.05000",
    "time": "0.477",
    "fwd_time": "1.701",
    "(v)ram": "n/a"
}
{
    "process": "gptq",
    "layer": 17,
    "module": "mlp.down_proj",
    "feat: in, out": "1536, 576",
    "dtype: size": "f32: 3.4MB",
    "loss": "0.0008635584",
    "samples": "65536",
    "damp": "0.05000",
    "time": "0.392",
    "fwd_time": "2.610",
    "(v)ram": "n/a"
}
{
    "process": "gptq",
    "layer": 18,
    "module": "self_attn.k_proj",
    "feat: in, out": "576, 192",
    "dtype: size": "f32: 0.4MB",
    "loss": "0.0001638363",
    "samples": "65536",
    "damp": "0.05000",
    "time": "0.317",
    "fwd_time": "0.483",
    "(v)ram": "n/a"
}
{
    "process": "gptq",
    "layer": 18,
    "module": "self_attn.q_proj",
    "feat: in, out": "576, 576",
    "dtype: size": "f32: 1.3MB",
    "loss": "0.0005203190",
    "samples": "65536",
    "damp": "0.05000",
    "time": "0.353",
    "fwd_time": "0.483",
    "(v)ram": "n/a"
}
{
    "process": "gptq",
    "layer": 18,
    "module": "self_attn.v_proj",
    "feat: in, out": "576, 192",
    "dtype: size": "f32: 0.4MB",
    "loss": "0.0001922785",
    "samples": "65536",
    "damp": "0.05000",
    "time": "0.102",
    "fwd_time": "0.483",
    "(v)ram": "n/a"
}
{
    "process": "gptq",
    "layer": 18,
    "module": "self_attn.o_proj",
    "feat: in, out": "576, 576",
    "dtype: size": "f32: 1.3MB",
    "loss": "0.0005004575",
    "samples": "65536",
    "damp": "0.05000",
    "time": "0.152",
    "fwd_time": "1.067",
    "(v)ram": "n/a"
}
{
    "process": "gptq",
    "layer": 18,
    "module": "mlp.up_proj",
    "feat: in, out": "576, 1536",
    "dtype: size": "f32: 3.4MB",
    "loss": "0.0003206980",
    "samples": "65536",
    "damp": "0.05000",
    "time": "0.522",
    "fwd_time": "1.859",
    "(v)ram": "n/a"
}
{
    "process": "gptq",
    "layer": 18,
    "module": "mlp.gate_proj",
    "feat: in, out": "576, 1536",
    "dtype: size": "f32: 3.4MB",
    "loss": "0.0002994770",
    "samples": "65536",
    "damp": "0.05000",
    "time": "0.525",
    "fwd_time": "1.859",
    "(v)ram": "n/a"
}
{
    "process": "gptq",
    "layer": 18,
    "module": "mlp.down_proj",
    "feat: in, out": "1536, 576",
    "dtype: size": "f32: 3.4MB",
    "loss": "0.0016611272",
    "samples": "65536",
    "damp": "0.05000",
    "time": "0.395",
    "fwd_time": "2.669",
    "(v)ram": "n/a"
}
{
    "process": "gptq",
    "layer": 19,
    "module": "self_attn.k_proj",
    "feat: in, out": "576, 192",
    "dtype: size": "f32: 0.4MB",
    "loss": "0.0000853098",
    "samples": "65536",
    "damp": "0.05000",
    "time": "0.294",
    "fwd_time": "0.479",
    "(v)ram": "n/a"
}
{
    "process": "gptq",
    "layer": 19,
    "module": "self_attn.q_proj",
    "feat: in, out": "576, 576",
    "dtype: size": "f32: 1.3MB",
    "loss": "0.0003564018",
    "samples": "65536",
    "damp": "0.05000",
    "time": "0.331",
    "fwd_time": "0.479",
    "(v)ram": "n/a"
}
{
    "process": "gptq",
    "layer": 19,
    "module": "self_attn.v_proj",
    "feat: in, out": "576, 192",
    "dtype: size": "f32: 0.4MB",
    "loss": "0.0001368845",
    "samples": "65536",
    "damp": "0.05000",
    "time": "0.103",
    "fwd_time": "0.479",
    "(v)ram": "n/a"
}
{
    "process": "gptq",
    "layer": 19,
    "module": "self_attn.o_proj",
    "feat: in, out": "576, 576",
    "dtype: size": "f32: 1.3MB",
    "loss": "0.0008487469",
    "samples": "65536",
    "damp": "0.05000",
    "time": "0.123",
    "fwd_time": "1.005",
    "(v)ram": "n/a"
}
{
    "process": "gptq",
    "layer": 19,
    "module": "mlp.gate_proj",
    "feat: in, out": "576, 1536",
    "dtype: size": "f32: 3.4MB",
    "loss": "0.0003694546",
    "samples": "65536",
    "damp": "0.05000",
    "time": "0.446",
    "fwd_time": "2.015",
    "(v)ram": "n/a"
}
{
    "process": "gptq",
    "layer": 19,
    "module": "mlp.up_proj",
    "feat: in, out": "576, 1536",
    "dtype: size": "f32: 3.4MB",
    "loss": "0.0003902589",
    "samples": "65536",
    "damp": "0.05000",
    "time": "0.455",
    "fwd_time": "2.015",
    "(v)ram": "n/a"
}
{
    "process": "gptq",
    "layer": 19,
    "module": "mlp.down_proj",
    "feat: in, out": "1536, 576",
    "dtype: size": "f32: 3.4MB",
    "loss": "0.0017945224",
    "samples": "65536",
    "damp": "0.05000",
    "time": "0.382",
    "fwd_time": "2.574",
    "(v)ram": "n/a"
}
{
    "process": "gptq",
    "layer": 20,
    "module": "self_attn.k_proj",
    "feat: in, out": "576, 192",
    "dtype: size": "f32: 0.4MB",
    "loss": "0.0001180845",
    "samples": "65536",
    "damp": "0.05000",
    "time": "0.333",
    "fwd_time": "0.482",
    "(v)ram": "n/a"
}
{
    "process": "gptq",
    "layer": 20,
    "module": "self_attn.q_proj",
    "feat: in, out": "576, 576",
    "dtype: size": "f32: 1.3MB",
    "loss": "0.0004235572",
    "samples": "65536",
    "damp": "0.05000",
    "time": "0.382",
    "fwd_time": "0.482",
    "(v)ram": "n/a"
}
{
    "process": "gptq",
    "layer": 20,
    "module": "self_attn.v_proj",
    "feat: in, out": "576, 192",
    "dtype: size": "f32: 0.4MB",
    "loss": "0.0002308063",
    "samples": "65536",
    "damp": "0.05000",
    "time": "0.110",
    "fwd_time": "0.482",
    "(v)ram": "n/a"
}
{
    "process": "gptq",
    "layer": 20,
    "module": "self_attn.o_proj",
    "feat: in, out": "576, 576",
    "dtype: size": "f32: 1.3MB",
    "loss": "0.0007972770",
    "samples": "65536",
    "damp": "0.05000",
    "time": "0.171",
    "fwd_time": "1.048",
    "(v)ram": "n/a"
}
{
    "process": "gptq",
    "layer": 20,
    "module": "mlp.up_proj",
    "feat: in, out": "576, 1536",
    "dtype: size": "f32: 3.4MB",
    "loss": "0.0004515705",
    "samples": "65536",
    "damp": "0.05000",
    "time": "0.465",
    "fwd_time": "1.844",
    "(v)ram": "n/a"
}
{
    "process": "gptq",
    "layer": 20,
    "module": "mlp.gate_proj",
    "feat: in, out": "576, 1536",
    "dtype: size": "f32: 3.4MB",
    "loss": "0.0003951535",
    "samples": "65536",
    "damp": "0.05000",
    "time": "0.471",
    "fwd_time": "1.844",
    "(v)ram": "n/a"
}
{
    "process": "gptq",
    "layer": 20,
    "module": "mlp.down_proj",
    "feat: in, out": "1536, 576",
    "dtype: size": "f32: 3.4MB",
    "loss": "0.0033834649",
    "samples": "65536",
    "damp": "0.05000",
    "time": "0.452",
    "fwd_time": "2.775",
    "(v)ram": "n/a"
}
{
    "process": "gptq",
    "layer": 21,
    "module": "self_attn.k_proj",
    "feat: in, out": "576, 192",
    "dtype: size": "f32: 0.4MB",
    "loss": "0.0001071370",
    "samples": "65536",
    "damp": "0.05000",
    "time": "0.315",
    "fwd_time": "0.515",
    "(v)ram": "n/a"
}
{
    "process": "gptq",
    "layer": 21,
    "module": "self_attn.q_proj",
    "feat: in, out": "576, 576",
    "dtype: size": "f32: 1.3MB",
    "loss": "0.0003726113",
    "samples": "65536",
    "damp": "0.05000",
    "time": "0.351",
    "fwd_time": "0.515",
    "(v)ram": "n/a"
}
{
    "process": "gptq",
    "layer": 21,
    "module": "self_attn.v_proj",
    "feat: in, out": "576, 192",
    "dtype: size": "f32: 0.4MB",
    "loss": "0.0001672202",
    "samples": "65536",
    "damp": "0.05000",
    "time": "0.106",
    "fwd_time": "0.515",
    "(v)ram": "n/a"
}
{
    "process": "gptq",
    "layer": 21,
    "module": "self_attn.o_proj",
    "feat: in, out": "576, 576",
    "dtype: size": "f32: 1.3MB",
    "loss": "0.0007509254",
    "samples": "65536",
    "damp": "0.05000",
    "time": "0.143",
    "fwd_time": "1.043",
    "(v)ram": "n/a"
}
{
    "process": "gptq",
    "layer": 21,
    "module": "mlp.up_proj",
    "feat: in, out": "576, 1536",
    "dtype: size": "f32: 3.4MB",
    "loss": "0.0005073508",
    "samples": "65536",
    "damp": "0.05000",
    "time": "0.498",
    "fwd_time": "1.952",
    "(v)ram": "n/a"
}
{
    "process": "gptq",
    "layer": 21,
    "module": "mlp.gate_proj",
    "feat: in, out": "576, 1536",
    "dtype: size": "f32: 3.4MB",
    "loss": "0.0004578433",
    "samples": "65536",
    "damp": "0.05000",
    "time": "0.504",
    "fwd_time": "1.952",
    "(v)ram": "n/a"
}
{
    "process": "gptq",
    "layer": 21,
    "module": "mlp.down_proj",
    "feat: in, out": "1536, 576",
    "dtype: size": "f32: 3.4MB",
    "loss": "0.0026725223",
    "samples": "65536",
    "damp": "0.05000",
    "time": "0.435",
    "fwd_time": "2.544",
    "(v)ram": "n/a"
}
{
    "process": "gptq",
    "layer": 22,
    "module": "self_attn.k_proj",
    "feat: in, out": "576, 192",
    "dtype: size": "f32: 0.4MB",
    "loss": "0.0001066645",
    "samples": "65536",
    "damp": "0.05000",
    "time": "0.306",
    "fwd_time": "0.559",
    "(v)ram": "n/a"
}
{
    "process": "gptq",
    "layer": 22,
    "module": "self_attn.q_proj",
    "feat: in, out": "576, 576",
    "dtype: size": "f32: 1.3MB",
    "loss": "0.0003681783",
    "samples": "65536",
    "damp": "0.05000",
    "time": "0.347",
    "fwd_time": "0.559",
    "(v)ram": "n/a"
}
{
    "process": "gptq",
    "layer": 22,
    "module": "self_attn.v_proj",
    "feat: in, out": "576, 192",
    "dtype: size": "f32: 0.4MB",
    "loss": "0.0001756970",
    "samples": "65536",
    "damp": "0.05000",
    "time": "0.100",
    "fwd_time": "0.559",
    "(v)ram": "n/a"
}
{
    "process": "gptq",
    "layer": 22,
    "module": "self_attn.o_proj",
    "feat: in, out": "576, 576",
    "dtype: size": "f32: 1.3MB",
    "loss": "0.0009551329",
    "samples": "65536",
    "damp": "0.05000",
    "time": "0.164",
    "fwd_time": "1.103",
    "(v)ram": "n/a"
}
{
    "process": "gptq",
    "layer": 22,
    "module": "mlp.up_proj",
    "feat: in, out": "576, 1536",
    "dtype: size": "f32: 3.4MB",
    "loss": "0.0005687701",
    "samples": "65536",
    "damp": "0.05000",
    "time": "0.481",
    "fwd_time": "1.792",
    "(v)ram": "n/a"
}
{
    "process": "gptq",
    "layer": 22,
    "module": "mlp.gate_proj",
    "feat: in, out": "576, 1536",
    "dtype: size": "f32: 3.4MB",
    "loss": "0.0004915130",
    "samples": "65536",
    "damp": "0.05000",
    "time": "0.484",
    "fwd_time": "1.792",
    "(v)ram": "n/a"
}
{
    "process": "gptq",
    "layer": 22,
    "module": "mlp.down_proj",
    "feat: in, out": "1536, 576",
    "dtype: size": "f32: 3.4MB",
    "loss": "0.0045304908",
    "samples": "65536",
    "damp": "0.05000",
    "time": "0.505",
    "fwd_time": "2.845",
    "(v)ram": "n/a"
}
{
    "process": "gptq",
    "layer": 23,
    "module": "self_attn.k_proj",
    "feat: in, out": "576, 192",
    "dtype: size": "f32: 0.4MB",
    "loss": "0.0001555216",
    "samples": "65536",
    "damp": "0.05000",
    "time": "0.323",
    "fwd_time": "0.534",
    "(v)ram": "n/a"
}
{
    "process": "gptq",
    "layer": 23,
    "module": "self_attn.q_proj",
    "feat: in, out": "576, 576",
    "dtype: size": "f32: 1.3MB",
    "loss": "0.0005158681",
    "samples": "65536",
    "damp": "0.05000",
    "time": "0.357",
    "fwd_time": "0.534",
    "(v)ram": "n/a"
}
{
    "process": "gptq",
    "layer": 23,
    "module": "self_attn.v_proj",
    "feat: in, out": "576, 192",
    "dtype: size": "f32: 0.4MB",
    "loss": "0.0005603218",
    "samples": "65536",
    "damp": "0.05000",
    "time": "0.098",
    "fwd_time": "0.534",
    "(v)ram": "n/a"
}
{
    "process": "gptq",
    "layer": 23,
    "module": "self_attn.o_proj",
    "feat: in, out": "576, 576",
    "dtype: size": "f32: 1.3MB",
    "loss": "0.0024100861",
    "samples": "65536",
    "damp": "0.05000",
    "time": "0.128",
    "fwd_time": "0.989",
    "(v)ram": "n/a"
}
{
    "process": "gptq",
    "layer": 23,
    "module": "mlp.gate_proj",
    "feat: in, out": "576, 1536",
    "dtype: size": "f32: 3.4MB",
    "loss": "0.0005294280",
    "samples": "65536",
    "damp": "0.05000",
    "time": "0.472",
    "fwd_time": "1.954",
    "(v)ram": "n/a"
}
{
    "process": "gptq",
    "layer": 23,
    "module": "mlp.up_proj",
    "feat: in, out": "576, 1536",
    "dtype: size": "f32: 3.4MB",
    "loss": "0.0006864780",
    "samples": "65536",
    "damp": "0.05000",
    "time": "0.473",
    "fwd_time": "1.954",
    "(v)ram": "n/a"
}
{
    "process": "gptq",
    "layer": 23,
    "module": "mlp.down_proj",
    "feat: in, out": "1536, 576",
    "dtype: size": "f32: 3.4MB",
    "loss": "0.0055628610",
    "samples": "65536",
    "damp": "0.05000",
    "time": "0.406",
    "fwd_time": "2.692",
    "(v)ram": "n/a"
}
{
    "process": "gptq",
    "layer": 24,
    "module": "self_attn.k_proj",
    "feat: in, out": "576, 192",
    "dtype: size": "f32: 0.4MB",
    "loss": "0.0001282459",
    "samples": "65536",
    "damp": "0.05000",
    "time": "0.351",
    "fwd_time": "0.660",
    "(v)ram": "n/a"
}
{
    "process": "gptq",
    "layer": 24,
    "module": "self_attn.q_proj",
    "feat: in, out": "576, 576",
    "dtype: size": "f32: 1.3MB",
    "loss": "0.0005008704",
    "samples": "65536",
    "damp": "0.05000",
    "time": "0.392",
    "fwd_time": "0.660",
    "(v)ram": "n/a"
}
{
    "process": "gptq",
    "layer": 24,
    "module": "self_attn.v_proj",
    "feat: in, out": "576, 192",
    "dtype: size": "f32: 0.4MB",
    "loss": "0.0005480348",
    "samples": "65536",
    "damp": "0.05000",
    "time": "0.097",
    "fwd_time": "0.660",
    "(v)ram": "n/a"
}
{
    "process": "gptq",
    "layer": 24,
    "module": "self_attn.o_proj",
    "feat: in, out": "576, 576",
    "dtype: size": "f32: 1.3MB",
    "loss": "0.0018995004",
    "samples": "65536",
    "damp": "0.05000",
    "time": "0.145",
    "fwd_time": "1.078",
    "(v)ram": "n/a"
}
{
    "process": "gptq",
    "layer": 24,
    "module": "mlp.up_proj",
    "feat: in, out": "576, 1536",
    "dtype: size": "f32: 3.4MB",
    "loss": "0.0006841124",
    "samples": "65536",
    "damp": "0.05000",
    "time": "0.487",
    "fwd_time": "2.140",
    "(v)ram": "n/a"
}
{
    "process": "gptq",
    "layer": 24,
    "module": "mlp.gate_proj",
    "feat: in, out": "576, 1536",
    "dtype: size": "f32: 3.4MB",
    "loss": "0.0005240223",
    "samples": "65536",
    "damp": "0.05000",
    "time": "0.492",
    "fwd_time": "2.140",
    "(v)ram": "n/a"
}
{
    "process": "gptq",
    "layer": 24,
    "module": "mlp.down_proj",
    "feat: in, out": "1536, 576",
    "dtype: size": "f32: 3.4MB",
    "loss": "0.0072147087",
    "samples": "65536",
    "damp": "0.05000",
    "time": "0.428",
    "fwd_time": "2.621",
    "(v)ram": "n/a"
}
{
    "process": "gptq",
    "layer": 25,
    "module": "self_attn.k_proj",
    "feat: in, out": "576, 192",
    "dtype: size": "f32: 0.4MB",
    "loss": "0.0001118436",
    "samples": "65536",
    "damp": "0.05000",
    "time": "0.322",
    "fwd_time": "0.554",
    "(v)ram": "n/a"
}
{
    "process": "gptq",
    "layer": 25,
    "module": "self_attn.q_proj",
    "feat: in, out": "576, 576",
    "dtype: size": "f32: 1.3MB",
    "loss": "0.0003869187",
    "samples": "65536",
    "damp": "0.05000",
    "time": "0.364",
    "fwd_time": "0.554",
    "(v)ram": "n/a"
}
{
    "process": "gptq",
    "layer": 25,
    "module": "self_attn.v_proj",
    "feat: in, out": "576, 192",
    "dtype: size": "f32: 0.4MB",
    "loss": "0.0002291257",
    "samples": "65536",
    "damp": "0.05000",
    "time": "0.113",
    "fwd_time": "0.554",
    "(v)ram": "n/a"
}
{
    "process": "gptq",
    "layer": 25,
    "module": "self_attn.o_proj",
    "feat: in, out": "576, 576",
    "dtype: size": "f32: 1.3MB",
    "loss": "0.0010518063",
    "samples": "65536",
    "damp": "0.05000",
    "time": "0.141",
    "fwd_time": "1.130",
    "(v)ram": "n/a"
}
{
    "process": "gptq",
    "layer": 25,
    "module": "mlp.up_proj",
    "feat: in, out": "576, 1536",
    "dtype: size": "f32: 3.4MB",
    "loss": "0.0007072202",
    "samples": "65536",
    "damp": "0.05000",
    "time": "0.459",
    "fwd_time": "1.773",
    "(v)ram": "n/a"
}
{
    "process": "gptq",
    "layer": 25,
    "module": "mlp.gate_proj",
    "feat: in, out": "576, 1536",
    "dtype: size": "f32: 3.4MB",
    "loss": "0.0005572406",
    "samples": "65536",
    "damp": "0.05000",
    "time": "0.469",
    "fwd_time": "1.773",
    "(v)ram": "n/a"
}
{
    "process": "gptq",
    "layer": 25,
    "module": "mlp.down_proj",
    "feat: in, out": "1536, 576",
    "dtype: size": "f32: 3.4MB",
    "loss": "0.0060446430",
    "samples": "65536",
    "damp": "0.05000",
    "time": "0.461",
    "fwd_time": "3.208",
    "(v)ram": "n/a"
}
{
    "process": "gptq",
    "layer": 26,
    "module": "self_attn.k_proj",
    "feat: in, out": "576, 192",
    "dtype: size": "f32: 0.4MB",
    "loss": "0.0001070385",
    "samples": "65536",
    "damp": "0.05000",
    "time": "0.327",
    "fwd_time": "0.498",
    "(v)ram": "n/a"
}
{
    "process": "gptq",
    "layer": 26,
    "module": "self_attn.q_proj",
    "feat: in, out": "576, 576",
    "dtype: size": "f32: 1.3MB",
    "loss": "0.0003894542",
    "samples": "65536",
    "damp": "0.05000",
    "time": "0.363",
    "fwd_time": "0.498",
    "(v)ram": "n/a"
}
{
    "process": "gptq",
    "layer": 26,
    "module": "self_attn.v_proj",
    "feat: in, out": "576, 192",
    "dtype: size": "f32: 0.4MB",
    "loss": "0.0003306822",
    "samples": "65536",
    "damp": "0.05000",
    "time": "0.121",
    "fwd_time": "0.498",
    "(v)ram": "n/a"
}
{
    "process": "gptq",
    "layer": 26,
    "module": "self_attn.o_proj",
    "feat: in, out": "576, 576",
    "dtype: size": "f32: 1.3MB",
    "loss": "0.0017111895",
    "samples": "65536",
    "damp": "0.05000",
    "time": "0.174",
    "fwd_time": "1.029",
    "(v)ram": "n/a"
}
{
    "process": "gptq",
    "layer": 26,
    "module": "mlp.up_proj",
    "feat: in, out": "576, 1536",
    "dtype: size": "f32: 3.4MB",
    "loss": "0.0007970113",
    "samples": "65536",
    "damp": "0.05000",
    "time": "0.467",
    "fwd_time": "2.003",
    "(v)ram": "n/a"
}
{
    "process": "gptq",
    "layer": 26,
    "module": "mlp.gate_proj",
    "feat: in, out": "576, 1536",
    "dtype: size": "f32: 3.4MB",
    "loss": "0.0006245244",
    "samples": "65536",
    "damp": "0.05000",
    "time": "0.474",
    "fwd_time": "2.003",
    "(v)ram": "n/a"
}
{
    "process": "gptq",
    "layer": 26,
    "module": "mlp.down_proj",
    "feat: in, out": "1536, 576",
    "dtype: size": "f32: 3.4MB",
    "loss": "0.0082129892",
    "samples": "65536",
    "damp": "0.05000",
    "time": "0.538",
    "fwd_time": "3.306",
    "(v)ram": "n/a"
}
{
    "process": "gptq",
    "layer": 27,
    "module": "self_attn.k_proj",
    "feat: in, out": "576, 192",
    "dtype: size": "f32: 0.4MB",
    "loss": "0.0001066086",
    "samples": "65536",
    "damp": "0.05000",
    "time": "0.305",
    "fwd_time": "0.515",
    "(v)ram": "n/a"
}
{
    "process": "gptq",
    "layer": 27,
    "module": "self_attn.q_proj",
    "feat: in, out": "576, 576",
    "dtype: size": "f32: 1.3MB",
    "loss": "0.0004043863",
    "samples": "65536",
    "damp": "0.05000",
    "time": "0.344",
    "fwd_time": "0.515",
    "(v)ram": "n/a"
}
{
    "process": "gptq",
    "layer": 27,
    "module": "self_attn.v_proj",
    "feat: in, out": "576, 192",
    "dtype: size": "f32: 0.4MB",
    "loss": "0.0002689461",
    "samples": "65536",
    "damp": "0.05000",
    "time": "0.101",
    "fwd_time": "0.515",
    "(v)ram": "n/a"
}
{
    "process": "gptq",
    "layer": 27,
    "module": "self_attn.o_proj",
    "feat: in, out": "576, 576",
    "dtype: size": "f32: 1.3MB",
    "loss": "0.0020153634",
    "samples": "65536",
    "damp": "0.05000",
    "time": "0.135",
    "fwd_time": "1.045",
    "(v)ram": "n/a"
}
{
    "process": "gptq",
    "layer": 27,
    "module": "mlp.gate_proj",
    "feat: in, out": "576, 1536",
    "dtype: size": "f32: 3.4MB",
    "loss": "0.0006290105",
    "samples": "65536",
    "damp": "0.05000",
    "time": "0.556",
    "fwd_time": "2.143",
    "(v)ram": "n/a"
}
{
    "process": "gptq",
    "layer": 27,
    "module": "mlp.up_proj",
    "feat: in, out": "576, 1536",
    "dtype: size": "f32: 3.4MB",
    "loss": "0.0008145539",
    "samples": "65536",
    "damp": "0.05000",
    "time": "0.564",
    "fwd_time": "2.143",
    "(v)ram": "n/a"
}
{
    "process": "gptq",
    "layer": 27,
    "module": "mlp.down_proj",
    "feat: in, out": "1536, 576",
    "dtype: size": "f32: 3.4MB",
    "loss": "0.0114598703",
    "samples": "65536",
    "damp": "0.05000",
    "time": "0.417",
    "fwd_time": "3.094",
    "(v)ram": "n/a"
}
{
    "process": "gptq",
    "layer": 28,
    "module": "self_attn.k_proj",
    "feat: in, out": "576, 192",
    "dtype: size": "f32: 0.4MB",
    "loss": "0.0000955655",
    "samples": "65536",
    "damp": "0.05000",
    "time": "0.307",
    "fwd_time": "0.571",
    "(v)ram": "n/a"
}
{
    "process": "gptq",
    "layer": 28,
    "module": "self_attn.q_proj",
    "feat: in, out": "576, 576",
    "dtype: size": "f32: 1.3MB",
    "loss": "0.0003230351",
    "samples": "65536",
    "damp": "0.05000",
    "time": "0.381",
    "fwd_time": "0.571",
    "(v)ram": "n/a"
}
{
    "process": "gptq",
    "layer": 28,
    "module": "self_attn.v_proj",
    "feat: in, out": "576, 192",
    "dtype: size": "f32: 0.4MB",
    "loss": "0.0003437508",
    "samples": "65536",
    "damp": "0.05000",
    "time": "0.105",
    "fwd_time": "0.571",
    "(v)ram": "n/a"
}
{
    "process": "gptq",
    "layer": 28,
    "module": "self_attn.o_proj",
    "feat: in, out": "576, 576",
    "dtype: size": "f32: 1.3MB",
    "loss": "0.0022981698",
    "samples": "65536",
    "damp": "0.05000",
    "time": "0.163",
    "fwd_time": "1.707",
    "(v)ram": "n/a"
}
{
    "process": "gptq",
    "layer": 28,
    "module": "mlp.up_proj",
    "feat: in, out": "576, 1536",
    "dtype: size": "f32: 3.4MB",
    "loss": "0.0009062226",
    "samples": "65536",
    "damp": "0.05000",
    "time": "0.483",
    "fwd_time": "2.874",
    "(v)ram": "n/a"
}
{
    "process": "gptq",
    "layer": 28,
    "module": "mlp.gate_proj",
    "feat: in, out": "576, 1536",
    "dtype: size": "f32: 3.4MB",
    "loss": "0.0006493262",
    "samples": "65536",
    "damp": "0.05000",
    "time": "0.488",
    "fwd_time": "2.874",
    "(v)ram": "n/a"
}
{
    "process": "gptq",
    "layer": 28,
    "module": "mlp.down_proj",
    "feat: in, out": "1536, 576",
    "dtype: size": "f32: 3.4MB",
    "loss": "0.1211546734",
    "samples": "65536",
    "damp": "0.05000",
    "time": "0.447",
    "fwd_time": "3.088",
    "(v)ram": "n/a"
}
{
    "process": "gptq",
    "layer": 29,
    "module": "self_attn.k_proj",
    "feat: in, out": "576, 192",
    "dtype: size": "f32: 0.4MB",
    "loss": "0.0000894503",
    "samples": "65536",
    "damp": "0.05000",
    "time": "0.385",
    "fwd_time": "0.628",
    "(v)ram": "n/a"
}
{
    "process": "gptq",
    "layer": 29,
    "module": "self_attn.q_proj",
    "feat: in, out": "576, 576",
    "dtype: size": "f32: 1.3MB",
    "loss": "0.0003821237",
    "samples": "65536",
    "damp": "0.05000",
    "time": "0.427",
    "fwd_time": "0.628",
    "(v)ram": "n/a"
}
{
    "process": "gptq",
    "layer": 29,
    "module": "self_attn.v_proj",
    "feat: in, out": "576, 192",
    "dtype: size": "f32: 0.4MB",
    "loss": "0.0003990409",
    "samples": "65536",
    "damp": "0.05000",
    "time": "0.105",
    "fwd_time": "0.628",
    "(v)ram": "n/a"
}
{
    "process": "gptq",
    "layer": 29,
    "module": "self_attn.o_proj",
    "feat: in, out": "576, 576",
    "dtype: size": "f32: 1.3MB",
    "loss": "0.0054479977",
    "samples": "65536",
    "damp": "0.05000",
    "time": "0.154",
    "fwd_time": "1.176",
    "(v)ram": "n/a"
}
{
    "process": "gptq",
    "layer": 29,
    "module": "mlp.up_proj",
    "feat: in, out": "576, 1536",
    "dtype: size": "f32: 3.4MB",
    "loss": "0.0014861424",
    "samples": "65536",
    "damp": "0.05000",
    "time": "0.473",
    "fwd_time": "2.161",
    "(v)ram": "n/a"
}
{
    "process": "gptq",
    "layer": 29,
    "module": "mlp.gate_proj",
    "feat: in, out": "576, 1536",
    "dtype: size": "f32: 3.4MB",
    "loss": "0.0011027362",
    "samples": "65536",
    "damp": "0.05000",
    "time": "0.486",
    "fwd_time": "2.161",
    "(v)ram": "n/a"
}
{
    "process": "gptq",
    "layer": 29,
    "module": "mlp.down_proj",
    "feat: in, out": "1536, 576",
    "dtype: size": "f32: 3.4MB",
    "loss": "0.1058244705",
    "samples": "65536",
    "damp": "0.05000",
    "time": "0.411",
    "fwd_time": "2.619",
    "(v)ram": "n/a"
}
