{
    "process": "gptq",
    "layer": 0,
    "module": "self_attn.k_proj",
    "feat: in, out": "576, 192",
    "dtype: size": "f32: 0.4MB",
    "loss": "0.0000029675",
    "samples": "65536",
    "damp": "0.05000",
    "time": "0.285",
    "fwd_time": "0.387",
    "(v)ram": "n/a"
}
{
    "process": "gptq",
    "layer": 0,
    "module": "self_attn.q_proj",
    "feat: in, out": "576, 576",
    "dtype: size": "f32: 1.3MB",
    "loss": "0.0000047939",
    "samples": "65536",
    "damp": "0.05000",
    "time": "0.313",
    "fwd_time": "0.387",
    "(v)ram": "n/a"
}
{
    "process": "gptq",
    "layer": 0,
    "module": "self_attn.v_proj",
    "feat: in, out": "576, 192",
    "dtype: size": "f32: 0.4MB",
    "loss": "0.0000000354",
    "samples": "65536",
    "damp": "0.05000",
    "time": "0.083",
    "fwd_time": "0.387",
    "(v)ram": "n/a"
}
{
    "process": "gptq",
    "layer": 0,
    "module": "self_attn.o_proj",
    "feat: in, out": "576, 576",
    "dtype: size": "f32: 1.3MB",
    "loss": "0.0000000560",
    "samples": "65536",
    "damp": "0.05000",
    "time": "0.122",
    "fwd_time": "1.330",
    "(v)ram": "n/a"
}
{
    "process": "gptq",
    "layer": 0,
    "module": "mlp.gate_proj",
    "feat: in, out": "576, 1536",
    "dtype: size": "f32: 3.4MB",
    "loss": "0.0000225791",
    "samples": "65536",
    "damp": "0.05000",
    "time": "0.462",
    "fwd_time": "2.126",
    "(v)ram": "n/a"
}
{
    "process": "gptq",
    "layer": 0,
    "module": "mlp.up_proj",
    "feat: in, out": "576, 1536",
    "dtype: size": "f32: 3.4MB",
    "loss": "0.0000237584",
    "samples": "65536",
    "damp": "0.05000",
    "time": "0.468",
    "fwd_time": "2.126",
    "(v)ram": "n/a"
}
{
    "process": "gptq",
    "layer": 0,
    "module": "mlp.down_proj",
    "feat: in, out": "1536, 576",
    "dtype: size": "f32: 3.4MB",
    "loss": "0.0000943840",
    "samples": "65536",
    "damp": "0.05000",
    "time": "0.450",
    "fwd_time": "2.696",
    "(v)ram": "n/a"
}
{
    "process": "gptq",
    "layer": 1,
    "module": "self_attn.k_proj",
    "feat: in, out": "576, 192",
    "dtype: size": "f32: 0.4MB",
    "loss": "0.0000135073",
    "samples": "65536",
    "damp": "0.05000",
    "time": "0.268",
    "fwd_time": "0.586",
    "(v)ram": "n/a"
}
{
    "process": "gptq",
    "layer": 1,
    "module": "self_attn.q_proj",
    "feat: in, out": "576, 576",
    "dtype: size": "f32: 1.3MB",
    "loss": "0.0000307260",
    "samples": "65536",
    "damp": "0.05000",
    "time": "0.320",
    "fwd_time": "0.586",
    "(v)ram": "n/a"
}
{
    "process": "gptq",
    "layer": 1,
    "module": "self_attn.v_proj",
    "feat: in, out": "576, 192",
    "dtype: size": "f32: 0.4MB",
    "loss": "0.0000025624",
    "samples": "65536",
    "damp": "0.05000",
    "time": "0.128",
    "fwd_time": "0.586",
    "(v)ram": "n/a"
}
{
    "process": "gptq",
    "layer": 1,
    "module": "self_attn.o_proj",
    "feat: in, out": "576, 576",
    "dtype: size": "f32: 1.3MB",
    "loss": "0.0000152327",
    "samples": "65536",
    "damp": "0.05000",
    "time": "0.136",
    "fwd_time": "1.294",
    "(v)ram": "n/a"
}
{
    "process": "gptq",
    "layer": 1,
    "module": "mlp.gate_proj",
    "feat: in, out": "576, 1536",
    "dtype: size": "f32: 3.4MB",
    "loss": "0.0000348845",
    "samples": "65536",
    "damp": "0.05000",
    "time": "0.450",
    "fwd_time": "2.127",
    "(v)ram": "n/a"
}
{
    "process": "gptq",
    "layer": 1,
    "module": "mlp.up_proj",
    "feat: in, out": "576, 1536",
    "dtype: size": "f32: 3.4MB",
    "loss": "0.0000275621",
    "samples": "65536",
    "damp": "0.05000",
    "time": "0.455",
    "fwd_time": "2.127",
    "(v)ram": "n/a"
}
{
    "process": "gptq",
    "layer": 1,
    "module": "mlp.down_proj",
    "feat: in, out": "1536, 576",
    "dtype: size": "f32: 3.4MB",
    "loss": "0.0000345285",
    "samples": "65536",
    "damp": "0.05000",
    "time": "0.414",
    "fwd_time": "3.005",
    "(v)ram": "n/a"
}
{
    "process": "gptq",
    "layer": 2,
    "module": "self_attn.k_proj",
    "feat: in, out": "576, 192",
    "dtype: size": "f32: 0.4MB",
    "loss": "0.0000216509",
    "samples": "65536",
    "damp": "0.05000",
    "time": "0.307",
    "fwd_time": "0.515",
    "(v)ram": "n/a"
}
{
    "process": "gptq",
    "layer": 2,
    "module": "self_attn.q_proj",
    "feat: in, out": "576, 576",
    "dtype: size": "f32: 1.3MB",
    "loss": "0.0000502190",
    "samples": "65536",
    "damp": "0.05000",
    "time": "0.353",
    "fwd_time": "0.515",
    "(v)ram": "n/a"
}
{
    "process": "gptq",
    "layer": 2,
    "module": "self_attn.v_proj",
    "feat: in, out": "576, 192",
    "dtype: size": "f32: 0.4MB",
    "loss": "0.0000035140",
    "samples": "65536",
    "damp": "0.05000",
    "time": "0.101",
    "fwd_time": "0.515",
    "(v)ram": "n/a"
}
{
    "process": "gptq",
    "layer": 2,
    "module": "self_attn.o_proj",
    "feat: in, out": "576, 576",
    "dtype: size": "f32: 1.3MB",
    "loss": "0.0000092940",
    "samples": "65536",
    "damp": "0.05000",
    "time": "0.115",
    "fwd_time": "1.381",
    "(v)ram": "n/a"
}
{
    "process": "gptq",
    "layer": 2,
    "module": "mlp.up_proj",
    "feat: in, out": "576, 1536",
    "dtype: size": "f32: 3.4MB",
    "loss": "0.0000360246",
    "samples": "65536",
    "damp": "0.05000",
    "time": "0.453",
    "fwd_time": "1.902",
    "(v)ram": "n/a"
}
{
    "process": "gptq",
    "layer": 2,
    "module": "mlp.gate_proj",
    "feat: in, out": "576, 1536",
    "dtype: size": "f32: 3.4MB",
    "loss": "0.0000430345",
    "samples": "65536",
    "damp": "0.05000",
    "time": "0.458",
    "fwd_time": "1.902",
    "(v)ram": "n/a"
}
{
    "process": "gptq",
    "layer": 2,
    "module": "mlp.down_proj",
    "feat: in, out": "1536, 576",
    "dtype: size": "f32: 3.4MB",
    "loss": "0.0000721644",
    "samples": "65536",
    "damp": "0.05000",
    "time": "0.385",
    "fwd_time": "2.653",
    "(v)ram": "n/a"
}
{
    "process": "gptq",
    "layer": 3,
    "module": "self_attn.k_proj",
    "feat: in, out": "576, 192",
    "dtype: size": "f32: 0.4MB",
    "loss": "0.0000279286",
    "samples": "65536",
    "damp": "0.05000",
    "time": "0.333",
    "fwd_time": "0.695",
    "(v)ram": "n/a"
}
{
    "process": "gptq",
    "layer": 3,
    "module": "self_attn.q_proj",
    "feat: in, out": "576, 576",
    "dtype: size": "f32: 1.3MB",
    "loss": "0.0000702121",
    "samples": "65536",
    "damp": "0.05000",
    "time": "0.370",
    "fwd_time": "0.695",
    "(v)ram": "n/a"
}
{
    "process": "gptq",
    "layer": 3,
    "module": "self_attn.v_proj",
    "feat: in, out": "576, 192",
    "dtype: size": "f32: 0.4MB",
    "loss": "0.0000108907",
    "samples": "65536",
    "damp": "0.05000",
    "time": "0.095",
    "fwd_time": "0.695",
    "(v)ram": "n/a"
}
{
    "process": "gptq",
    "layer": 3,
    "module": "self_attn.o_proj",
    "feat: in, out": "576, 576",
    "dtype: size": "f32: 1.3MB",
    "loss": "0.0000142647",
    "samples": "65536",
    "damp": "0.05000",
    "time": "0.127",
    "fwd_time": "1.234",
    "(v)ram": "n/a"
}
{
    "process": "gptq",
    "layer": 3,
    "module": "mlp.gate_proj",
    "feat: in, out": "576, 1536",
    "dtype: size": "f32: 3.4MB",
    "loss": "0.0000449678",
    "samples": "65536",
    "damp": "0.05000",
    "time": "0.422",
    "fwd_time": "1.959",
    "(v)ram": "n/a"
}
{
    "process": "gptq",
    "layer": 3,
    "module": "mlp.up_proj",
    "feat: in, out": "576, 1536",
    "dtype: size": "f32: 3.4MB",
    "loss": "0.0000393206",
    "samples": "65536",
    "damp": "0.05000",
    "time": "0.427",
    "fwd_time": "1.959",
    "(v)ram": "n/a"
}
{
    "process": "gptq",
    "layer": 3,
    "module": "mlp.down_proj",
    "feat: in, out": "1536, 576",
    "dtype: size": "f32: 3.4MB",
    "loss": "0.0000499654",
    "samples": "65536",
    "damp": "0.05000",
    "time": "0.456",
    "fwd_time": "3.337",
    "(v)ram": "n/a"
}
{
    "process": "gptq",
    "layer": 4,
    "module": "self_attn.k_proj",
    "feat: in, out": "576, 192",
    "dtype: size": "f32: 0.4MB",
    "loss": "0.0000267241",
    "samples": "65536",
    "damp": "0.05000",
    "time": "0.308",
    "fwd_time": "0.554",
    "(v)ram": "n/a"
}
{
    "process": "gptq",
    "layer": 4,
    "module": "self_attn.q_proj",
    "feat: in, out": "576, 576",
    "dtype: size": "f32: 1.3MB",
    "loss": "0.0000640937",
    "samples": "65536",
    "damp": "0.05000",
    "time": "0.341",
    "fwd_time": "0.554",
    "(v)ram": "n/a"
}
{
    "process": "gptq",
    "layer": 4,
    "module": "self_attn.v_proj",
    "feat: in, out": "576, 192",
    "dtype: size": "f32: 0.4MB",
    "loss": "0.0000103553",
    "samples": "65536",
    "damp": "0.05000",
    "time": "0.087",
    "fwd_time": "0.554",
    "(v)ram": "n/a"
}
{
    "process": "gptq",
    "layer": 4,
    "module": "self_attn.o_proj",
    "feat: in, out": "576, 576",
    "dtype: size": "f32: 1.3MB",
    "loss": "0.0000162517",
    "samples": "65536",
    "damp": "0.05000",
    "time": "0.136",
    "fwd_time": "1.265",
    "(v)ram": "n/a"
}
{
    "process": "gptq",
    "layer": 4,
    "module": "mlp.gate_proj",
    "feat: in, out": "576, 1536",
    "dtype: size": "f32: 3.4MB",
    "loss": "0.0000568824",
    "samples": "65536",
    "damp": "0.05000",
    "time": "0.473",
    "fwd_time": "2.035",
    "(v)ram": "n/a"
}
{
    "process": "gptq",
    "layer": 4,
    "module": "mlp.up_proj",
    "feat: in, out": "576, 1536",
    "dtype: size": "f32: 3.4MB",
    "loss": "0.0000500317",
    "samples": "65536",
    "damp": "0.05000",
    "time": "0.478",
    "fwd_time": "2.035",
    "(v)ram": "n/a"
}
{
    "process": "gptq",
    "layer": 4,
    "module": "mlp.down_proj",
    "feat: in, out": "1536, 576",
    "dtype: size": "f32: 3.4MB",
    "loss": "0.0000655071",
    "samples": "65536",
    "damp": "0.05000",
    "time": "0.360",
    "fwd_time": "2.788",
    "(v)ram": "n/a"
}
{
    "process": "gptq",
    "layer": 5,
    "module": "self_attn.k_proj",
    "feat: in, out": "576, 192",
    "dtype: size": "f32: 0.4MB",
    "loss": "0.0000289049",
    "samples": "65536",
    "damp": "0.05000",
    "time": "0.295",
    "fwd_time": "0.536",
    "(v)ram": "n/a"
}
{
    "process": "gptq",
    "layer": 5,
    "module": "self_attn.q_proj",
    "feat: in, out": "576, 576",
    "dtype: size": "f32: 1.3MB",
    "loss": "0.0000672686",
    "samples": "65536",
    "damp": "0.05000",
    "time": "0.323",
    "fwd_time": "0.536",
    "(v)ram": "n/a"
}
{
    "process": "gptq",
    "layer": 5,
    "module": "self_attn.v_proj",
    "feat: in, out": "576, 192",
    "dtype: size": "f32: 0.4MB",
    "loss": "0.0000112734",
    "samples": "65536",
    "damp": "0.05000",
    "time": "0.088",
    "fwd_time": "0.536",
    "(v)ram": "n/a"
}
{
    "process": "gptq",
    "layer": 5,
    "module": "self_attn.o_proj",
    "feat: in, out": "576, 576",
    "dtype: size": "f32: 1.3MB",
    "loss": "0.0000159891",
    "samples": "65536",
    "damp": "0.05000",
    "time": "0.200",
    "fwd_time": "1.278",
    "(v)ram": "n/a"
}
{
    "process": "gptq",
    "layer": 5,
    "module": "mlp.gate_proj",
    "feat: in, out": "576, 1536",
    "dtype: size": "f32: 3.4MB",
    "loss": "0.0000605207",
    "samples": "65536",
    "damp": "0.05000",
    "time": "0.443",
    "fwd_time": "2.024",
    "(v)ram": "n/a"
}
{
    "process": "gptq",
    "layer": 5,
    "module": "mlp.up_proj",
    "feat: in, out": "576, 1536",
    "dtype: size": "f32: 3.4MB",
    "loss": "0.0000551387",
    "samples": "65536",
    "damp": "0.05000",
    "time": "0.453",
    "fwd_time": "2.024",
    "(v)ram": "n/a"
}
{
    "process": "gptq",
    "layer": 5,
    "module": "mlp.down_proj",
    "feat: in, out": "1536, 576",
    "dtype: size": "f32: 3.4MB",
    "loss": "0.0000748945",
    "samples": "65536",
    "damp": "0.05000",
    "time": "0.342",
    "fwd_time": "2.702",
    "(v)ram": "n/a"
}
{
    "process": "gptq",
    "layer": 6,
    "module": "self_attn.k_proj",
    "feat: in, out": "576, 192",
    "dtype: size": "f32: 0.4MB",
    "loss": "0.0000228476",
    "samples": "65536",
    "damp": "0.05000",
    "time": "0.295",
    "fwd_time": "0.522",
    "(v)ram": "n/a"
}
{
    "process": "gptq",
    "layer": 6,
    "module": "self_attn.q_proj",
    "feat: in, out": "576, 576",
    "dtype: size": "f32: 1.3MB",
    "loss": "0.0000557335",
    "samples": "65536",
    "damp": "0.05000",
    "time": "0.327",
    "fwd_time": "0.522",
    "(v)ram": "n/a"
}
{
    "process": "gptq",
    "layer": 6,
    "module": "self_attn.v_proj",
    "feat: in, out": "576, 192",
    "dtype: size": "f32: 0.4MB",
    "loss": "0.0000097758",
    "samples": "65536",
    "damp": "0.05000",
    "time": "0.091",
    "fwd_time": "0.522",
    "(v)ram": "n/a"
}
{
    "process": "gptq",
    "layer": 6,
    "module": "self_attn.o_proj",
    "feat: in, out": "576, 576",
    "dtype: size": "f32: 1.3MB",
    "loss": "0.0000149264",
    "samples": "65536",
    "damp": "0.05000",
    "time": "0.157",
    "fwd_time": "1.224",
    "(v)ram": "n/a"
}
{
    "process": "gptq",
    "layer": 6,
    "module": "mlp.up_proj",
    "feat: in, out": "576, 1536",
    "dtype: size": "f32: 3.4MB",
    "loss": "0.0000587067",
    "samples": "65536",
    "damp": "0.05000",
    "time": "0.516",
    "fwd_time": "2.069",
    "(v)ram": "n/a"
}
{
    "process": "gptq",
    "layer": 6,
    "module": "mlp.gate_proj",
    "feat: in, out": "576, 1536",
    "dtype: size": "f32: 3.4MB",
    "loss": "0.0000597298",
    "samples": "65536",
    "damp": "0.05000",
    "time": "0.519",
    "fwd_time": "2.069",
    "(v)ram": "n/a"
}
{
    "process": "gptq",
    "layer": 6,
    "module": "mlp.down_proj",
    "feat: in, out": "1536, 576",
    "dtype: size": "f32: 3.4MB",
    "loss": "0.0000933259",
    "samples": "65536",
    "damp": "0.05000",
    "time": "0.400",
    "fwd_time": "3.128",
    "(v)ram": "n/a"
}
{
    "process": "gptq",
    "layer": 7,
    "module": "self_attn.k_proj",
    "feat: in, out": "576, 192",
    "dtype: size": "f32: 0.4MB",
    "loss": "0.0000357856",
    "samples": "65536",
    "damp": "0.05000",
    "time": "0.281",
    "fwd_time": "0.545",
    "(v)ram": "n/a"
}
{
    "process": "gptq",
    "layer": 7,
    "module": "self_attn.q_proj",
    "feat: in, out": "576, 576",
    "dtype: size": "f32: 1.3MB",
    "loss": "0.0000966889",
    "samples": "65536",
    "damp": "0.05000",
    "time": "0.324",
    "fwd_time": "0.545",
    "(v)ram": "n/a"
}
{
    "process": "gptq",
    "layer": 7,
    "module": "self_attn.v_proj",
    "feat: in, out": "576, 192",
    "dtype: size": "f32: 0.4MB",
    "loss": "0.0000223930",
    "samples": "65536",
    "damp": "0.05000",
    "time": "0.093",
    "fwd_time": "0.545",
    "(v)ram": "n/a"
}
{
    "process": "gptq",
    "layer": 7,
    "module": "self_attn.o_proj",
    "feat: in, out": "576, 576",
    "dtype: size": "f32: 1.3MB",
    "loss": "0.0000131048",
    "samples": "65536",
    "damp": "0.05000",
    "time": "0.114",
    "fwd_time": "1.415",
    "(v)ram": "n/a"
}
{
    "process": "gptq",
    "layer": 7,
    "module": "mlp.gate_proj",
    "feat: in, out": "576, 1536",
    "dtype: size": "f32: 3.4MB",
    "loss": "0.0000617934",
    "samples": "65536",
    "damp": "0.05000",
    "time": "0.446",
    "fwd_time": "1.931",
    "(v)ram": "n/a"
}
{
    "process": "gptq",
    "layer": 7,
    "module": "mlp.up_proj",
    "feat: in, out": "576, 1536",
    "dtype: size": "f32: 3.4MB",
    "loss": "0.0000625277",
    "samples": "65536",
    "damp": "0.05000",
    "time": "0.452",
    "fwd_time": "1.931",
    "(v)ram": "n/a"
}
{
    "process": "gptq",
    "layer": 7,
    "module": "mlp.down_proj",
    "feat: in, out": "1536, 576",
    "dtype: size": "f32: 3.4MB",
    "loss": "0.0001101330",
    "samples": "65536",
    "damp": "0.05000",
    "time": "0.466",
    "fwd_time": "3.045",
    "(v)ram": "n/a"
}
{
    "process": "gptq",
    "layer": 8,
    "module": "self_attn.k_proj",
    "feat: in, out": "576, 192",
    "dtype: size": "f32: 0.4MB",
    "loss": "0.0000320758",
    "samples": "65536",
    "damp": "0.05000",
    "time": "0.330",
    "fwd_time": "0.571",
    "(v)ram": "n/a"
}
{
    "process": "gptq",
    "layer": 8,
    "module": "self_attn.q_proj",
    "feat: in, out": "576, 576",
    "dtype: size": "f32: 1.3MB",
    "loss": "0.0000823207",
    "samples": "65536",
    "damp": "0.05000",
    "time": "0.365",
    "fwd_time": "0.571",
    "(v)ram": "n/a"
}
{
    "process": "gptq",
    "layer": 8,
    "module": "self_attn.v_proj",
    "feat: in, out": "576, 192",
    "dtype: size": "f32: 0.4MB",
    "loss": "0.0000167904",
    "samples": "65536",
    "damp": "0.05000",
    "time": "0.128",
    "fwd_time": "0.571",
    "(v)ram": "n/a"
}
{
    "process": "gptq",
    "layer": 8,
    "module": "self_attn.o_proj",
    "feat: in, out": "576, 576",
    "dtype: size": "f32: 1.3MB",
    "loss": "0.0000206052",
    "samples": "65536",
    "damp": "0.05000",
    "time": "0.137",
    "fwd_time": "1.311",
    "(v)ram": "n/a"
}
{
    "process": "gptq",
    "layer": 8,
    "module": "mlp.gate_proj",
    "feat: in, out": "576, 1536",
    "dtype: size": "f32: 3.4MB",
    "loss": "0.0000627845",
    "samples": "65536",
    "damp": "0.05000",
    "time": "0.442",
    "fwd_time": "1.930",
    "(v)ram": "n/a"
}
{
    "process": "gptq",
    "layer": 8,
    "module": "mlp.up_proj",
    "feat: in, out": "576, 1536",
    "dtype: size": "f32: 3.4MB",
    "loss": "0.0000688254",
    "samples": "65536",
    "damp": "0.05000",
    "time": "0.444",
    "fwd_time": "1.930",
    "(v)ram": "n/a"
}
{
    "process": "gptq",
    "layer": 8,
    "module": "mlp.down_proj",
    "feat: in, out": "1536, 576",
    "dtype: size": "f32: 3.4MB",
    "loss": "0.0001436879",
    "samples": "65536",
    "damp": "0.05000",
    "time": "0.428",
    "fwd_time": "3.199",
    "(v)ram": "n/a"
}
{
    "process": "gptq",
    "layer": 9,
    "module": "self_attn.k_proj",
    "feat: in, out": "576, 192",
    "dtype: size": "f32: 0.4MB",
    "loss": "0.0000220463",
    "samples": "65536",
    "damp": "0.05000",
    "time": "0.308",
    "fwd_time": "0.580",
    "(v)ram": "n/a"
}
{
    "process": "gptq",
    "layer": 9,
    "module": "self_attn.q_proj",
    "feat: in, out": "576, 576",
    "dtype: size": "f32: 1.3MB",
    "loss": "0.0000610518",
    "samples": "65536",
    "damp": "0.05000",
    "time": "0.341",
    "fwd_time": "0.580",
    "(v)ram": "n/a"
}
{
    "process": "gptq",
    "layer": 9,
    "module": "self_attn.v_proj",
    "feat: in, out": "576, 192",
    "dtype: size": "f32: 0.4MB",
    "loss": "0.0000093708",
    "samples": "65536",
    "damp": "0.05000",
    "time": "0.087",
    "fwd_time": "0.580",
    "(v)ram": "n/a"
}
{
    "process": "gptq",
    "layer": 9,
    "module": "self_attn.o_proj",
    "feat: in, out": "576, 576",
    "dtype: size": "f32: 1.3MB",
    "loss": "0.0000280762",
    "samples": "65536",
    "damp": "0.05000",
    "time": "0.123",
    "fwd_time": "1.372",
    "(v)ram": "n/a"
}
{
    "process": "gptq",
    "layer": 9,
    "module": "mlp.gate_proj",
    "feat: in, out": "576, 1536",
    "dtype: size": "f32: 3.4MB",
    "loss": "0.0000607808",
    "samples": "65536",
    "damp": "0.05000",
    "time": "0.451",
    "fwd_time": "2.312",
    "(v)ram": "n/a"
}
{
    "process": "gptq",
    "layer": 9,
    "module": "mlp.up_proj",
    "feat: in, out": "576, 1536",
    "dtype: size": "f32: 3.4MB",
    "loss": "0.0000743002",
    "samples": "65536",
    "damp": "0.05000",
    "time": "0.455",
    "fwd_time": "2.312",
    "(v)ram": "n/a"
}
{
    "process": "gptq",
    "layer": 9,
    "module": "mlp.down_proj",
    "feat: in, out": "1536, 576",
    "dtype: size": "f32: 3.4MB",
    "loss": "0.0001748156",
    "samples": "65536",
    "damp": "0.05000",
    "time": "0.417",
    "fwd_time": "2.801",
    "(v)ram": "n/a"
}
{
    "process": "gptq",
    "layer": 10,
    "module": "self_attn.k_proj",
    "feat: in, out": "576, 192",
    "dtype: size": "f32: 0.4MB",
    "loss": "0.0000191425",
    "samples": "65536",
    "damp": "0.05000",
    "time": "0.288",
    "fwd_time": "0.562",
    "(v)ram": "n/a"
}
{
    "process": "gptq",
    "layer": 10,
    "module": "self_attn.q_proj",
    "feat: in, out": "576, 576",
    "dtype: size": "f32: 1.3MB",
    "loss": "0.0000545588",
    "samples": "65536",
    "damp": "0.05000",
    "time": "0.320",
    "fwd_time": "0.562",
    "(v)ram": "n/a"
}
{
    "process": "gptq",
    "layer": 10,
    "module": "self_attn.v_proj",
    "feat: in, out": "576, 192",
    "dtype: size": "f32: 0.4MB",
    "loss": "0.0000096486",
    "samples": "65536",
    "damp": "0.05000",
    "time": "0.087",
    "fwd_time": "0.562",
    "(v)ram": "n/a"
}
{
    "process": "gptq",
    "layer": 10,
    "module": "self_attn.o_proj",
    "feat: in, out": "576, 576",
    "dtype: size": "f32: 1.3MB",
    "loss": "0.0000516966",
    "samples": "65536",
    "damp": "0.05000",
    "time": "0.120",
    "fwd_time": "1.200",
    "(v)ram": "n/a"
}
{
    "process": "gptq",
    "layer": 10,
    "module": "mlp.gate_proj",
    "feat: in, out": "576, 1536",
    "dtype: size": "f32: 3.4MB",
    "loss": "0.0000579088",
    "samples": "65536",
    "damp": "0.05000",
    "time": "0.443",
    "fwd_time": "1.984",
    "(v)ram": "n/a"
}
{
    "process": "gptq",
    "layer": 10,
    "module": "mlp.up_proj",
    "feat: in, out": "576, 1536",
    "dtype: size": "f32: 3.4MB",
    "loss": "0.0000746169",
    "samples": "65536",
    "damp": "0.05000",
    "time": "0.449",
    "fwd_time": "1.984",
    "(v)ram": "n/a"
}
{
    "process": "gptq",
    "layer": 10,
    "module": "mlp.down_proj",
    "feat: in, out": "1536, 576",
    "dtype: size": "f32: 3.4MB",
    "loss": "0.0001595725",
    "samples": "65536",
    "damp": "0.05000",
    "time": "0.358",
    "fwd_time": "2.726",
    "(v)ram": "n/a"
}
{
    "process": "gptq",
    "layer": 11,
    "module": "self_attn.k_proj",
    "feat: in, out": "576, 192",
    "dtype: size": "f32: 0.4MB",
    "loss": "0.0000162553",
    "samples": "65536",
    "damp": "0.05000",
    "time": "0.284",
    "fwd_time": "0.604",
    "(v)ram": "n/a"
}
{
    "process": "gptq",
    "layer": 11,
    "module": "self_attn.q_proj",
    "feat: in, out": "576, 576",
    "dtype: size": "f32: 1.3MB",
    "loss": "0.0000484654",
    "samples": "65536",
    "damp": "0.05000",
    "time": "0.316",
    "fwd_time": "0.604",
    "(v)ram": "n/a"
}
{
    "process": "gptq",
    "layer": 11,
    "module": "self_attn.v_proj",
    "feat: in, out": "576, 192",
    "dtype: size": "f32: 0.4MB",
    "loss": "0.0000088811",
    "samples": "65536",
    "damp": "0.05000",
    "time": "0.103",
    "fwd_time": "0.604",
    "(v)ram": "n/a"
}
{
    "process": "gptq",
    "layer": 11,
    "module": "self_attn.o_proj",
    "feat: in, out": "576, 576",
    "dtype: size": "f32: 1.3MB",
    "loss": "0.0000668990",
    "samples": "65536",
    "damp": "0.05000",
    "time": "0.133",
    "fwd_time": "1.324",
    "(v)ram": "n/a"
}
{
    "process": "gptq",
    "layer": 11,
    "module": "mlp.gate_proj",
    "feat: in, out": "576, 1536",
    "dtype: size": "f32: 3.4MB",
    "loss": "0.0000528808",
    "samples": "65536",
    "damp": "0.05000",
    "time": "0.458",
    "fwd_time": "2.011",
    "(v)ram": "n/a"
}
{
    "process": "gptq",
    "layer": 11,
    "module": "mlp.up_proj",
    "feat: in, out": "576, 1536",
    "dtype: size": "f32: 3.4MB",
    "loss": "0.0000719516",
    "samples": "65536",
    "damp": "0.05000",
    "time": "0.469",
    "fwd_time": "2.011",
    "(v)ram": "n/a"
}
{
    "process": "gptq",
    "layer": 11,
    "module": "mlp.down_proj",
    "feat: in, out": "1536, 576",
    "dtype: size": "f32: 3.4MB",
    "loss": "0.0096649863",
    "samples": "65536",
    "damp": "0.05000",
    "time": "0.378",
    "fwd_time": "2.926",
    "(v)ram": "n/a"
}
{
    "process": "gptq",
    "layer": 12,
    "module": "self_attn.k_proj",
    "feat: in, out": "576, 192",
    "dtype: size": "f32: 0.4MB",
    "loss": "0.0000247815",
    "samples": "65536",
    "damp": "0.05000",
    "time": "0.319",
    "fwd_time": "0.562",
    "(v)ram": "n/a"
}
{
    "process": "gptq",
    "layer": 12,
    "module": "self_attn.q_proj",
    "feat: in, out": "576, 576",
    "dtype: size": "f32: 1.3MB",
    "loss": "0.0000695389",
    "samples": "65536",
    "damp": "0.05000",
    "time": "0.347",
    "fwd_time": "0.562",
    "(v)ram": "n/a"
}
{
    "process": "gptq",
    "layer": 12,
    "module": "self_attn.v_proj",
    "feat: in, out": "576, 192",
    "dtype: size": "f32: 0.4MB",
    "loss": "0.0000137204",
    "samples": "65536",
    "damp": "0.05000",
    "time": "0.109",
    "fwd_time": "0.562",
    "(v)ram": "n/a"
}
{
    "process": "gptq",
    "layer": 12,
    "module": "self_attn.o_proj",
    "feat: in, out": "576, 576",
    "dtype: size": "f32: 1.3MB",
    "loss": "0.0000445129",
    "samples": "65536",
    "damp": "0.05000",
    "time": "0.145",
    "fwd_time": "1.474",
    "(v)ram": "n/a"
}
{
    "process": "gptq",
    "layer": 12,
    "module": "mlp.up_proj",
    "feat: in, out": "576, 1536",
    "dtype: size": "f32: 3.4MB",
    "loss": "0.0000640093",
    "samples": "65536",
    "damp": "0.05000",
    "time": "0.424",
    "fwd_time": "2.146",
    "(v)ram": "n/a"
}
{
    "process": "gptq",
    "layer": 12,
    "module": "mlp.gate_proj",
    "feat: in, out": "576, 1536",
    "dtype: size": "f32: 3.4MB",
    "loss": "0.0000507482",
    "samples": "65536",
    "damp": "0.05000",
    "time": "0.431",
    "fwd_time": "2.146",
    "(v)ram": "n/a"
}
{
    "process": "gptq",
    "layer": 12,
    "module": "mlp.down_proj",
    "feat: in, out": "1536, 576",
    "dtype: size": "f32: 3.4MB",
    "loss": "0.0001297614",
    "samples": "65536",
    "damp": "0.05000",
    "time": "0.476",
    "fwd_time": "2.847",
    "(v)ram": "n/a"
}
{
    "process": "gptq",
    "layer": 13,
    "module": "self_attn.k_proj",
    "feat: in, out": "576, 192",
    "dtype: size": "f32: 0.4MB",
    "loss": "0.0000251682",
    "samples": "65536",
    "damp": "0.05000",
    "time": "0.311",
    "fwd_time": "0.519",
    "(v)ram": "n/a"
}
{
    "process": "gptq",
    "layer": 13,
    "module": "self_attn.q_proj",
    "feat: in, out": "576, 576",
    "dtype: size": "f32: 1.3MB",
    "loss": "0.0000723155",
    "samples": "65536",
    "damp": "0.05000",
    "time": "0.337",
    "fwd_time": "0.519",
    "(v)ram": "n/a"
}
{
    "process": "gptq",
    "layer": 13,
    "module": "self_attn.v_proj",
    "feat: in, out": "576, 192",
    "dtype: size": "f32: 0.4MB",
    "loss": "0.0000114739",
    "samples": "65536",
    "damp": "0.05000",
    "time": "0.106",
    "fwd_time": "0.519",
    "(v)ram": "n/a"
}
{
    "process": "gptq",
    "layer": 13,
    "module": "self_attn.o_proj",
    "feat: in, out": "576, 576",
    "dtype: size": "f32: 1.3MB",
    "loss": "0.0000539560",
    "samples": "65536",
    "damp": "0.05000",
    "time": "0.126",
    "fwd_time": "1.204",
    "(v)ram": "n/a"
}
{
    "process": "gptq",
    "layer": 13,
    "module": "mlp.up_proj",
    "feat: in, out": "576, 1536",
    "dtype: size": "f32: 3.4MB",
    "loss": "0.0000642391",
    "samples": "65536",
    "damp": "0.05000",
    "time": "0.415",
    "fwd_time": "1.737",
    "(v)ram": "n/a"
}
{
    "process": "gptq",
    "layer": 13,
    "module": "mlp.gate_proj",
    "feat: in, out": "576, 1536",
    "dtype: size": "f32: 3.4MB",
    "loss": "0.0000598357",
    "samples": "65536",
    "damp": "0.05000",
    "time": "0.418",
    "fwd_time": "1.737",
    "(v)ram": "n/a"
}
{
    "process": "gptq",
    "layer": 13,
    "module": "mlp.down_proj",
    "feat: in, out": "1536, 576",
    "dtype: size": "f32: 3.4MB",
    "loss": "0.0001313014",
    "samples": "65536",
    "damp": "0.05000",
    "time": "0.338",
    "fwd_time": "2.556",
    "(v)ram": "n/a"
}
{
    "process": "gptq",
    "layer": 14,
    "module": "self_attn.k_proj",
    "feat: in, out": "576, 192",
    "dtype: size": "f32: 0.4MB",
    "loss": "0.0000280098",
    "samples": "65536",
    "damp": "0.05000",
    "time": "0.279",
    "fwd_time": "0.576",
    "(v)ram": "n/a"
}
{
    "process": "gptq",
    "layer": 14,
    "module": "self_attn.q_proj",
    "feat: in, out": "576, 576",
    "dtype: size": "f32: 1.3MB",
    "loss": "0.0000760310",
    "samples": "65536",
    "damp": "0.05000",
    "time": "0.311",
    "fwd_time": "0.576",
    "(v)ram": "n/a"
}
{
    "process": "gptq",
    "layer": 14,
    "module": "self_attn.v_proj",
    "feat: in, out": "576, 192",
    "dtype: size": "f32: 0.4MB",
    "loss": "0.0000207530",
    "samples": "65536",
    "damp": "0.05000",
    "time": "0.101",
    "fwd_time": "0.576",
    "(v)ram": "n/a"
}
{
    "process": "gptq",
    "layer": 14,
    "module": "self_attn.o_proj",
    "feat: in, out": "576, 576",
    "dtype: size": "f32: 1.3MB",
    "loss": "0.0000524079",
    "samples": "65536",
    "damp": "0.05000",
    "time": "0.113",
    "fwd_time": "1.212",
    "(v)ram": "n/a"
}
{
    "process": "gptq",
    "layer": 14,
    "module": "mlp.gate_proj",
    "feat: in, out": "576, 1536",
    "dtype: size": "f32: 3.4MB",
    "loss": "0.0000615656",
    "samples": "65536",
    "damp": "0.05000",
    "time": "0.413",
    "fwd_time": "1.674",
    "(v)ram": "n/a"
}
{
    "process": "gptq",
    "layer": 14,
    "module": "mlp.up_proj",
    "feat: in, out": "576, 1536",
    "dtype: size": "f32: 3.4MB",
    "loss": "0.0000649250",
    "samples": "65536",
    "damp": "0.05000",
    "time": "0.416",
    "fwd_time": "1.674",
    "(v)ram": "n/a"
}
{
    "process": "gptq",
    "layer": 14,
    "module": "mlp.down_proj",
    "feat: in, out": "1536, 576",
    "dtype: size": "f32: 3.4MB",
    "loss": "0.0001556222",
    "samples": "65536",
    "damp": "0.05000",
    "time": "0.337",
    "fwd_time": "2.726",
    "(v)ram": "n/a"
}
{
    "process": "gptq",
    "layer": 15,
    "module": "self_attn.k_proj",
    "feat: in, out": "576, 192",
    "dtype: size": "f32: 0.4MB",
    "loss": "0.0000246876",
    "samples": "65536",
    "damp": "0.05000",
    "time": "0.271",
    "fwd_time": "0.503",
    "(v)ram": "n/a"
}
{
    "process": "gptq",
    "layer": 15,
    "module": "self_attn.q_proj",
    "feat: in, out": "576, 576",
    "dtype: size": "f32: 1.3MB",
    "loss": "0.0000707834",
    "samples": "65536",
    "damp": "0.05000",
    "time": "0.303",
    "fwd_time": "0.503",
    "(v)ram": "n/a"
}
{
    "process": "gptq",
    "layer": 15,
    "module": "self_attn.v_proj",
    "feat: in, out": "576, 192",
    "dtype: size": "f32: 0.4MB",
    "loss": "0.0000187155",
    "samples": "65536",
    "damp": "0.05000",
    "time": "0.083",
    "fwd_time": "0.503",
    "(v)ram": "n/a"
}
{
    "process": "gptq",
    "layer": 15,
    "module": "self_attn.o_proj",
    "feat: in, out": "576, 576",
    "dtype: size": "f32: 1.3MB",
    "loss": "0.0000503500",
    "samples": "65536",
    "damp": "0.05000",
    "time": "0.142",
    "fwd_time": "1.330",
    "(v)ram": "n/a"
}
{
    "process": "gptq",
    "layer": 15,
    "module": "mlp.up_proj",
    "feat: in, out": "576, 1536",
    "dtype: size": "f32: 3.4MB",
    "loss": "0.0000649481",
    "samples": "65536",
    "damp": "0.05000",
    "time": "0.428",
    "fwd_time": "2.137",
    "(v)ram": "n/a"
}
{
    "process": "gptq",
    "layer": 15,
    "module": "mlp.gate_proj",
    "feat: in, out": "576, 1536",
    "dtype: size": "f32: 3.4MB",
    "loss": "0.0000652860",
    "samples": "65536",
    "damp": "0.05000",
    "time": "0.430",
    "fwd_time": "2.137",
    "(v)ram": "n/a"
}
{
    "process": "gptq",
    "layer": 15,
    "module": "mlp.down_proj",
    "feat: in, out": "1536, 576",
    "dtype: size": "f32: 3.4MB",
    "loss": "0.0001746176",
    "samples": "65536",
    "damp": "0.05000",
    "time": "0.348",
    "fwd_time": "2.491",
    "(v)ram": "n/a"
}
{
    "process": "gptq",
    "layer": 16,
    "module": "self_attn.k_proj",
    "feat: in, out": "576, 192",
    "dtype: size": "f32: 0.4MB",
    "loss": "0.0000227602",
    "samples": "65536",
    "damp": "0.05000",
    "time": "0.293",
    "fwd_time": "0.547",
    "(v)ram": "n/a"
}
{
    "process": "gptq",
    "layer": 16,
    "module": "self_attn.q_proj",
    "feat: in, out": "576, 576",
    "dtype: size": "f32: 1.3MB",
    "loss": "0.0000621349",
    "samples": "65536",
    "damp": "0.05000",
    "time": "0.328",
    "fwd_time": "0.547",
    "(v)ram": "n/a"
}
{
    "process": "gptq",
    "layer": 16,
    "module": "self_attn.v_proj",
    "feat: in, out": "576, 192",
    "dtype: size": "f32: 0.4MB",
    "loss": "0.0000158426",
    "samples": "65536",
    "damp": "0.05000",
    "time": "0.094",
    "fwd_time": "0.547",
    "(v)ram": "n/a"
}
{
    "process": "gptq",
    "layer": 16,
    "module": "self_attn.o_proj",
    "feat: in, out": "576, 576",
    "dtype: size": "f32: 1.3MB",
    "loss": "0.0001041144",
    "samples": "65536",
    "damp": "0.05000",
    "time": "0.117",
    "fwd_time": "1.259",
    "(v)ram": "n/a"
}
{
    "process": "gptq",
    "layer": 16,
    "module": "mlp.gate_proj",
    "feat: in, out": "576, 1536",
    "dtype: size": "f32: 3.4MB",
    "loss": "0.0000610736",
    "samples": "65536",
    "damp": "0.05000",
    "time": "0.408",
    "fwd_time": "1.787",
    "(v)ram": "n/a"
}
{
    "process": "gptq",
    "layer": 16,
    "module": "mlp.up_proj",
    "feat: in, out": "576, 1536",
    "dtype: size": "f32: 3.4MB",
    "loss": "0.0000638257",
    "samples": "65536",
    "damp": "0.05000",
    "time": "0.413",
    "fwd_time": "1.787",
    "(v)ram": "n/a"
}
{
    "process": "gptq",
    "layer": 16,
    "module": "mlp.down_proj",
    "feat: in, out": "1536, 576",
    "dtype: size": "f32: 3.4MB",
    "loss": "0.0001728912",
    "samples": "65536",
    "damp": "0.05000",
    "time": "0.346",
    "fwd_time": "2.465",
    "(v)ram": "n/a"
}
{
    "process": "gptq",
    "layer": 17,
    "module": "self_attn.k_proj",
    "feat: in, out": "576, 192",
    "dtype: size": "f32: 0.4MB",
    "loss": "0.0000330216",
    "samples": "65536",
    "damp": "0.05000",
    "time": "0.330",
    "fwd_time": "0.585",
    "(v)ram": "n/a"
}
{
    "process": "gptq",
    "layer": 17,
    "module": "self_attn.q_proj",
    "feat: in, out": "576, 576",
    "dtype: size": "f32: 1.3MB",
    "loss": "0.0001129509",
    "samples": "65536",
    "damp": "0.05000",
    "time": "0.359",
    "fwd_time": "0.585",
    "(v)ram": "n/a"
}
{
    "process": "gptq",
    "layer": 17,
    "module": "self_attn.v_proj",
    "feat: in, out": "576, 192",
    "dtype: size": "f32: 0.4MB",
    "loss": "0.0000276806",
    "samples": "65536",
    "damp": "0.05000",
    "time": "0.088",
    "fwd_time": "0.585",
    "(v)ram": "n/a"
}
{
    "process": "gptq",
    "layer": 17,
    "module": "self_attn.o_proj",
    "feat: in, out": "576, 576",
    "dtype: size": "f32: 1.3MB",
    "loss": "0.0000785524",
    "samples": "65536",
    "damp": "0.05000",
    "time": "0.123",
    "fwd_time": "1.186",
    "(v)ram": "n/a"
}
{
    "process": "gptq",
    "layer": 17,
    "module": "mlp.gate_proj",
    "feat: in, out": "576, 1536",
    "dtype: size": "f32: 3.4MB",
    "loss": "0.0000578813",
    "samples": "65536",
    "damp": "0.05000",
    "time": "0.460",
    "fwd_time": "1.742",
    "(v)ram": "n/a"
}
{
    "process": "gptq",
    "layer": 17,
    "module": "mlp.up_proj",
    "feat: in, out": "576, 1536",
    "dtype: size": "f32: 3.4MB",
    "loss": "0.0000643639",
    "samples": "65536",
    "damp": "0.05000",
    "time": "0.467",
    "fwd_time": "1.742",
    "(v)ram": "n/a"
}
{
    "process": "gptq",
    "layer": 17,
    "module": "mlp.down_proj",
    "feat: in, out": "1536, 576",
    "dtype: size": "f32: 3.4MB",
    "loss": "0.0001898811",
    "samples": "65536",
    "damp": "0.05000",
    "time": "0.417",
    "fwd_time": "2.502",
    "(v)ram": "n/a"
}
{
    "process": "gptq",
    "layer": 18,
    "module": "self_attn.k_proj",
    "feat: in, out": "576, 192",
    "dtype: size": "f32: 0.4MB",
    "loss": "0.0000356332",
    "samples": "65536",
    "damp": "0.05000",
    "time": "0.288",
    "fwd_time": "0.536",
    "(v)ram": "n/a"
}
{
    "process": "gptq",
    "layer": 18,
    "module": "self_attn.q_proj",
    "feat: in, out": "576, 576",
    "dtype: size": "f32: 1.3MB",
    "loss": "0.0001128374",
    "samples": "65536",
    "damp": "0.05000",
    "time": "0.321",
    "fwd_time": "0.536",
    "(v)ram": "n/a"
}
{
    "process": "gptq",
    "layer": 18,
    "module": "self_attn.v_proj",
    "feat: in, out": "576, 192",
    "dtype: size": "f32: 0.4MB",
    "loss": "0.0000434113",
    "samples": "65536",
    "damp": "0.05000",
    "time": "0.089",
    "fwd_time": "0.536",
    "(v)ram": "n/a"
}
{
    "process": "gptq",
    "layer": 18,
    "module": "self_attn.o_proj",
    "feat: in, out": "576, 576",
    "dtype: size": "f32: 1.3MB",
    "loss": "0.0000820926",
    "samples": "65536",
    "damp": "0.05000",
    "time": "0.108",
    "fwd_time": "1.320",
    "(v)ram": "n/a"
}
{
    "process": "gptq",
    "layer": 18,
    "module": "mlp.gate_proj",
    "feat: in, out": "576, 1536",
    "dtype: size": "f32: 3.4MB",
    "loss": "0.0000656052",
    "samples": "65536",
    "damp": "0.05000",
    "time": "0.499",
    "fwd_time": "2.059",
    "(v)ram": "n/a"
}
{
    "process": "gptq",
    "layer": 18,
    "module": "mlp.up_proj",
    "feat: in, out": "576, 1536",
    "dtype: size": "f32: 3.4MB",
    "loss": "0.0000698106",
    "samples": "65536",
    "damp": "0.05000",
    "time": "0.520",
    "fwd_time": "2.059",
    "(v)ram": "n/a"
}
{
    "process": "gptq",
    "layer": 18,
    "module": "mlp.down_proj",
    "feat: in, out": "1536, 576",
    "dtype: size": "f32: 3.4MB",
    "loss": "0.0003556145",
    "samples": "65536",
    "damp": "0.05000",
    "time": "0.429",
    "fwd_time": "2.918",
    "(v)ram": "n/a"
}
{
    "process": "gptq",
    "layer": 19,
    "module": "self_attn.k_proj",
    "feat: in, out": "576, 192",
    "dtype: size": "f32: 0.4MB",
    "loss": "0.0000186754",
    "samples": "65536",
    "damp": "0.05000",
    "time": "0.294",
    "fwd_time": "0.485",
    "(v)ram": "n/a"
}
{
    "process": "gptq",
    "layer": 19,
    "module": "self_attn.q_proj",
    "feat: in, out": "576, 576",
    "dtype: size": "f32: 1.3MB",
    "loss": "0.0000812027",
    "samples": "65536",
    "damp": "0.05000",
    "time": "0.338",
    "fwd_time": "0.485",
    "(v)ram": "n/a"
}
{
    "process": "gptq",
    "layer": 19,
    "module": "self_attn.v_proj",
    "feat: in, out": "576, 192",
    "dtype: size": "f32: 0.4MB",
    "loss": "0.0000304448",
    "samples": "65536",
    "damp": "0.05000",
    "time": "0.117",
    "fwd_time": "0.485",
    "(v)ram": "n/a"
}
{
    "process": "gptq",
    "layer": 19,
    "module": "self_attn.o_proj",
    "feat: in, out": "576, 576",
    "dtype: size": "f32: 1.3MB",
    "loss": "0.0001451005",
    "samples": "65536",
    "damp": "0.05000",
    "time": "0.126",
    "fwd_time": "1.501",
    "(v)ram": "n/a"
}
{
    "process": "gptq",
    "layer": 19,
    "module": "mlp.gate_proj",
    "feat: in, out": "576, 1536",
    "dtype: size": "f32: 3.4MB",
    "loss": "0.0000807589",
    "samples": "65536",
    "damp": "0.05000",
    "time": "0.425",
    "fwd_time": "2.067",
    "(v)ram": "n/a"
}
{
    "process": "gptq",
    "layer": 19,
    "module": "mlp.up_proj",
    "feat: in, out": "576, 1536",
    "dtype: size": "f32: 3.4MB",
    "loss": "0.0000848139",
    "samples": "65536",
    "damp": "0.05000",
    "time": "0.451",
    "fwd_time": "2.067",
    "(v)ram": "n/a"
}
{
    "process": "gptq",
    "layer": 19,
    "module": "mlp.down_proj",
    "feat: in, out": "1536, 576",
    "dtype: size": "f32: 3.4MB",
    "loss": "0.0003828540",
    "samples": "65536",
    "damp": "0.05000",
    "time": "0.449",
    "fwd_time": "2.972",
    "(v)ram": "n/a"
}
{
    "process": "gptq",
    "layer": 20,
    "module": "self_attn.k_proj",
    "feat: in, out": "576, 192",
    "dtype: size": "f32: 0.4MB",
    "loss": "0.0000234252",
    "samples": "65536",
    "damp": "0.05000",
    "time": "0.311",
    "fwd_time": "0.611",
    "(v)ram": "n/a"
}
{
    "process": "gptq",
    "layer": 20,
    "module": "self_attn.q_proj",
    "feat: in, out": "576, 576",
    "dtype: size": "f32: 1.3MB",
    "loss": "0.0000850756",
    "samples": "65536",
    "damp": "0.05000",
    "time": "0.346",
    "fwd_time": "0.611",
    "(v)ram": "n/a"
}
{
    "process": "gptq",
    "layer": 20,
    "module": "self_attn.v_proj",
    "feat: in, out": "576, 192",
    "dtype: size": "f32: 0.4MB",
    "loss": "0.0000490863",
    "samples": "65536",
    "damp": "0.05000",
    "time": "0.121",
    "fwd_time": "0.611",
    "(v)ram": "n/a"
}
{
    "process": "gptq",
    "layer": 20,
    "module": "self_attn.o_proj",
    "feat: in, out": "576, 576",
    "dtype: size": "f32: 1.3MB",
    "loss": "0.0001102366",
    "samples": "65536",
    "damp": "0.05000",
    "time": "0.147",
    "fwd_time": "1.381",
    "(v)ram": "n/a"
}
{
    "process": "gptq",
    "layer": 20,
    "module": "mlp.gate_proj",
    "feat: in, out": "576, 1536",
    "dtype: size": "f32: 3.4MB",
    "loss": "0.0000837846",
    "samples": "65536",
    "damp": "0.05000",
    "time": "0.444",
    "fwd_time": "2.224",
    "(v)ram": "n/a"
}
{
    "process": "gptq",
    "layer": 20,
    "module": "mlp.up_proj",
    "feat: in, out": "576, 1536",
    "dtype: size": "f32: 3.4MB",
    "loss": "0.0000955664",
    "samples": "65536",
    "damp": "0.05000",
    "time": "0.449",
    "fwd_time": "2.224",
    "(v)ram": "n/a"
}
{
    "process": "gptq",
    "layer": 20,
    "module": "mlp.down_proj",
    "feat: in, out": "1536, 576",
    "dtype: size": "f32: 3.4MB",
    "loss": "0.0007132353",
    "samples": "65536",
    "damp": "0.05000",
    "time": "0.400",
    "fwd_time": "2.929",
    "(v)ram": "n/a"
}
{
    "process": "gptq",
    "layer": 21,
    "module": "self_attn.k_proj",
    "feat: in, out": "576, 192",
    "dtype: size": "f32: 0.4MB",
    "loss": "0.0000224656",
    "samples": "65536",
    "damp": "0.05000",
    "time": "0.294",
    "fwd_time": "0.638",
    "(v)ram": "n/a"
}
{
    "process": "gptq",
    "layer": 21,
    "module": "self_attn.q_proj",
    "feat: in, out": "576, 576",
    "dtype: size": "f32: 1.3MB",
    "loss": "0.0000784418",
    "samples": "65536",
    "damp": "0.05000",
    "time": "0.339",
    "fwd_time": "0.638",
    "(v)ram": "n/a"
}
{
    "process": "gptq",
    "layer": 21,
    "module": "self_attn.v_proj",
    "feat: in, out": "576, 192",
    "dtype: size": "f32: 0.4MB",
    "loss": "0.0000358375",
    "samples": "65536",
    "damp": "0.05000",
    "time": "0.108",
    "fwd_time": "0.638",
    "(v)ram": "n/a"
}
{
    "process": "gptq",
    "layer": 21,
    "module": "self_attn.o_proj",
    "feat: in, out": "576, 576",
    "dtype: size": "f32: 1.3MB",
    "loss": "0.0001326409",
    "samples": "65536",
    "damp": "0.05000",
    "time": "0.126",
    "fwd_time": "1.623",
    "(v)ram": "n/a"
}
{
    "process": "gptq",
    "layer": 21,
    "module": "mlp.gate_proj",
    "feat: in, out": "576, 1536",
    "dtype: size": "f32: 3.4MB",
    "loss": "0.0000976766",
    "samples": "65536",
    "damp": "0.05000",
    "time": "0.433",
    "fwd_time": "2.132",
    "(v)ram": "n/a"
}
{
    "process": "gptq",
    "layer": 21,
    "module": "mlp.up_proj",
    "feat: in, out": "576, 1536",
    "dtype: size": "f32: 3.4MB",
    "loss": "0.0001073658",
    "samples": "65536",
    "damp": "0.05000",
    "time": "0.443",
    "fwd_time": "2.132",
    "(v)ram": "n/a"
}
{
    "process": "gptq",
    "layer": 21,
    "module": "mlp.down_proj",
    "feat: in, out": "1536, 576",
    "dtype: size": "f32: 3.4MB",
    "loss": "0.0006014777",
    "samples": "65536",
    "damp": "0.05000",
    "time": "0.538",
    "fwd_time": "3.026",
    "(v)ram": "n/a"
}
{
    "process": "gptq",
    "layer": 22,
    "module": "self_attn.k_proj",
    "feat: in, out": "576, 192",
    "dtype: size": "f32: 0.4MB",
    "loss": "0.0000224173",
    "samples": "65536",
    "damp": "0.05000",
    "time": "0.309",
    "fwd_time": "0.626",
    "(v)ram": "n/a"
}
{
    "process": "gptq",
    "layer": 22,
    "module": "self_attn.q_proj",
    "feat: in, out": "576, 576",
    "dtype: size": "f32: 1.3MB",
    "loss": "0.0000789176",
    "samples": "65536",
    "damp": "0.05000",
    "time": "0.353",
    "fwd_time": "0.626",
    "(v)ram": "n/a"
}
{
    "process": "gptq",
    "layer": 22,
    "module": "self_attn.v_proj",
    "feat: in, out": "576, 192",
    "dtype: size": "f32: 0.4MB",
    "loss": "0.0000384544",
    "samples": "65536",
    "damp": "0.05000",
    "time": "0.120",
    "fwd_time": "0.626",
    "(v)ram": "n/a"
}
{
    "process": "gptq",
    "layer": 22,
    "module": "self_attn.o_proj",
    "feat: in, out": "576, 576",
    "dtype: size": "f32: 1.3MB",
    "loss": "0.0001861816",
    "samples": "65536",
    "damp": "0.05000",
    "time": "0.125",
    "fwd_time": "1.365",
    "(v)ram": "n/a"
}
{
    "process": "gptq",
    "layer": 22,
    "module": "mlp.up_proj",
    "feat: in, out": "576, 1536",
    "dtype: size": "f32: 3.4MB",
    "loss": "0.0001236287",
    "samples": "65536",
    "damp": "0.05000",
    "time": "0.457",
    "fwd_time": "2.096",
    "(v)ram": "n/a"
}
{
    "process": "gptq",
    "layer": 22,
    "module": "mlp.gate_proj",
    "feat: in, out": "576, 1536",
    "dtype: size": "f32: 3.4MB",
    "loss": "0.0001076775",
    "samples": "65536",
    "damp": "0.05000",
    "time": "0.464",
    "fwd_time": "2.096",
    "(v)ram": "n/a"
}
{
    "process": "gptq",
    "layer": 22,
    "module": "mlp.down_proj",
    "feat: in, out": "1536, 576",
    "dtype: size": "f32: 3.4MB",
    "loss": "0.0010104333",
    "samples": "65536",
    "damp": "0.05000",
    "time": "0.576",
    "fwd_time": "3.536",
    "(v)ram": "n/a"
}
{
    "process": "gptq",
    "layer": 23,
    "module": "self_attn.k_proj",
    "feat: in, out": "576, 192",
    "dtype: size": "f32: 0.4MB",
    "loss": "0.0000348196",
    "samples": "65536",
    "damp": "0.05000",
    "time": "0.349",
    "fwd_time": "0.656",
    "(v)ram": "n/a"
}
{
    "process": "gptq",
    "layer": 23,
    "module": "self_attn.q_proj",
    "feat: in, out": "576, 576",
    "dtype: size": "f32: 1.3MB",
    "loss": "0.0001172702",
    "samples": "65536",
    "damp": "0.05000",
    "time": "0.395",
    "fwd_time": "0.656",
    "(v)ram": "n/a"
}
{
    "process": "gptq",
    "layer": 23,
    "module": "self_attn.v_proj",
    "feat: in, out": "576, 192",
    "dtype: size": "f32: 0.4MB",
    "loss": "0.0001216013",
    "samples": "65536",
    "damp": "0.05000",
    "time": "0.112",
    "fwd_time": "0.656",
    "(v)ram": "n/a"
}
{
    "process": "gptq",
    "layer": 23,
    "module": "self_attn.o_proj",
    "feat: in, out": "576, 576",
    "dtype: size": "f32: 1.3MB",
    "loss": "0.0003896523",
    "samples": "65536",
    "damp": "0.05000",
    "time": "0.125",
    "fwd_time": "1.670",
    "(v)ram": "n/a"
}
{
    "process": "gptq",
    "layer": 23,
    "module": "mlp.up_proj",
    "feat: in, out": "576, 1536",
    "dtype: size": "f32: 3.4MB",
    "loss": "0.0001507159",
    "samples": "65536",
    "damp": "0.05000",
    "time": "0.428",
    "fwd_time": "2.125",
    "(v)ram": "n/a"
}
{
    "process": "gptq",
    "layer": 23,
    "module": "mlp.gate_proj",
    "feat: in, out": "576, 1536",
    "dtype: size": "f32: 3.4MB",
    "loss": "0.0001163299",
    "samples": "65536",
    "damp": "0.05000",
    "time": "0.447",
    "fwd_time": "2.125",
    "(v)ram": "n/a"
}
{
    "process": "gptq",
    "layer": 23,
    "module": "mlp.down_proj",
    "feat: in, out": "1536, 576",
    "dtype: size": "f32: 3.4MB",
    "loss": "0.0013070346",
    "samples": "65536",
    "damp": "0.05000",
    "time": "0.447",
    "fwd_time": "3.294",
    "(v)ram": "n/a"
}
{
    "process": "gptq",
    "layer": 24,
    "module": "self_attn.k_proj",
    "feat: in, out": "576, 192",
    "dtype: size": "f32: 0.4MB",
    "loss": "0.0000279009",
    "samples": "65536",
    "damp": "0.05000",
    "time": "0.294",
    "fwd_time": "0.640",
    "(v)ram": "n/a"
}
{
    "process": "gptq",
    "layer": 24,
    "module": "self_attn.q_proj",
    "feat: in, out": "576, 576",
    "dtype: size": "f32: 1.3MB",
    "loss": "0.0001121806",
    "samples": "65536",
    "damp": "0.05000",
    "time": "0.325",
    "fwd_time": "0.640",
    "(v)ram": "n/a"
}
{
    "process": "gptq",
    "layer": 24,
    "module": "self_attn.v_proj",
    "feat: in, out": "576, 192",
    "dtype: size": "f32: 0.4MB",
    "loss": "0.0001199505",
    "samples": "65536",
    "damp": "0.05000",
    "time": "0.089",
    "fwd_time": "0.640",
    "(v)ram": "n/a"
}
{
    "process": "gptq",
    "layer": 24,
    "module": "self_attn.o_proj",
    "feat: in, out": "576, 576",
    "dtype: size": "f32: 1.3MB",
    "loss": "0.0002972379",
    "samples": "65536",
    "damp": "0.05000",
    "time": "0.156",
    "fwd_time": "1.255",
    "(v)ram": "n/a"
}
{
    "process": "gptq",
    "layer": 24,
    "module": "mlp.up_proj",
    "feat: in, out": "576, 1536",
    "dtype: size": "f32: 3.4MB",
    "loss": "0.0001563120",
    "samples": "65536",
    "damp": "0.05000",
    "time": "0.438",
    "fwd_time": "2.045",
    "(v)ram": "n/a"
}
{
    "process": "gptq",
    "layer": 24,
    "module": "mlp.gate_proj",
    "feat: in, out": "576, 1536",
    "dtype: size": "f32: 3.4MB",
    "loss": "0.0001194392",
    "samples": "65536",
    "damp": "0.05000",
    "time": "0.448",
    "fwd_time": "2.045",
    "(v)ram": "n/a"
}
{
    "process": "gptq",
    "layer": 24,
    "module": "mlp.down_proj",
    "feat: in, out": "1536, 576",
    "dtype: size": "f32: 3.4MB",
    "loss": "0.0017625848",
    "samples": "65536",
    "damp": "0.05000",
    "time": "0.413",
    "fwd_time": "3.037",
    "(v)ram": "n/a"
}
{
    "process": "gptq",
    "layer": 25,
    "module": "self_attn.k_proj",
    "feat: in, out": "576, 192",
    "dtype: size": "f32: 0.4MB",
    "loss": "0.0000257221",
    "samples": "65536",
    "damp": "0.05000",
    "time": "0.271",
    "fwd_time": "0.574",
    "(v)ram": "n/a"
}
{
    "process": "gptq",
    "layer": 25,
    "module": "self_attn.q_proj",
    "feat: in, out": "576, 576",
    "dtype: size": "f32: 1.3MB",
    "loss": "0.0000890226",
    "samples": "65536",
    "damp": "0.05000",
    "time": "0.314",
    "fwd_time": "0.574",
    "(v)ram": "n/a"
}
{
    "process": "gptq",
    "layer": 25,
    "module": "self_attn.v_proj",
    "feat: in, out": "576, 192",
    "dtype: size": "f32: 0.4MB",
    "loss": "0.0000545561",
    "samples": "65536",
    "damp": "0.05000",
    "time": "0.096",
    "fwd_time": "0.574",
    "(v)ram": "n/a"
}
{
    "process": "gptq",
    "layer": 25,
    "module": "self_attn.o_proj",
    "feat: in, out": "576, 576",
    "dtype: size": "f32: 1.3MB",
    "loss": "0.0002755589",
    "samples": "65536",
    "damp": "0.05000",
    "time": "0.178",
    "fwd_time": "1.334",
    "(v)ram": "n/a"
}
{
    "process": "gptq",
    "layer": 25,
    "module": "mlp.gate_proj",
    "feat: in, out": "576, 1536",
    "dtype: size": "f32: 3.4MB",
    "loss": "0.0001296565",
    "samples": "65536",
    "damp": "0.05000",
    "time": "0.491",
    "fwd_time": "2.293",
    "(v)ram": "n/a"
}
{
    "process": "gptq",
    "layer": 25,
    "module": "mlp.up_proj",
    "feat: in, out": "576, 1536",
    "dtype: size": "f32: 3.4MB",
    "loss": "0.0001646650",
    "samples": "65536",
    "damp": "0.05000",
    "time": "0.502",
    "fwd_time": "2.293",
    "(v)ram": "n/a"
}
{
    "process": "gptq",
    "layer": 25,
    "module": "mlp.down_proj",
    "feat: in, out": "1536, 576",
    "dtype: size": "f32: 3.4MB",
    "loss": "0.0016660851",
    "samples": "65536",
    "damp": "0.05000",
    "time": "0.418",
    "fwd_time": "2.937",
    "(v)ram": "n/a"
}
{
    "process": "gptq",
    "layer": 26,
    "module": "self_attn.k_proj",
    "feat: in, out": "576, 192",
    "dtype: size": "f32: 0.4MB",
    "loss": "0.0000248025",
    "samples": "65536",
    "damp": "0.05000",
    "time": "0.316",
    "fwd_time": "0.642",
    "(v)ram": "n/a"
}
{
    "process": "gptq",
    "layer": 26,
    "module": "self_attn.q_proj",
    "feat: in, out": "576, 576",
    "dtype: size": "f32: 1.3MB",
    "loss": "0.0000889574",
    "samples": "65536",
    "damp": "0.05000",
    "time": "0.356",
    "fwd_time": "0.642",
    "(v)ram": "n/a"
}
{
    "process": "gptq",
    "layer": 26,
    "module": "self_attn.v_proj",
    "feat: in, out": "576, 192",
    "dtype: size": "f32: 0.4MB",
    "loss": "0.0000776785",
    "samples": "65536",
    "damp": "0.05000",
    "time": "0.107",
    "fwd_time": "0.642",
    "(v)ram": "n/a"
}
{
    "process": "gptq",
    "layer": 26,
    "module": "self_attn.o_proj",
    "feat: in, out": "576, 576",
    "dtype: size": "f32: 1.3MB",
    "loss": "0.0003058971",
    "samples": "65536",
    "damp": "0.05000",
    "time": "0.154",
    "fwd_time": "1.550",
    "(v)ram": "n/a"
}
{
    "process": "gptq",
    "layer": 26,
    "module": "mlp.gate_proj",
    "feat: in, out": "576, 1536",
    "dtype: size": "f32: 3.4MB",
    "loss": "0.0001471517",
    "samples": "65536",
    "damp": "0.05000",
    "time": "0.521",
    "fwd_time": "2.330",
    "(v)ram": "n/a"
}
{
    "process": "gptq",
    "layer": 26,
    "module": "mlp.up_proj",
    "feat: in, out": "576, 1536",
    "dtype: size": "f32: 3.4MB",
    "loss": "0.0001876393",
    "samples": "65536",
    "damp": "0.05000",
    "time": "0.528",
    "fwd_time": "2.330",
    "(v)ram": "n/a"
}
{
    "process": "gptq",
    "layer": 26,
    "module": "mlp.down_proj",
    "feat: in, out": "1536, 576",
    "dtype: size": "f32: 3.4MB",
    "loss": "0.0022621427",
    "samples": "65536",
    "damp": "0.05000",
    "time": "0.526",
    "fwd_time": "3.116",
    "(v)ram": "n/a"
}
{
    "process": "gptq",
    "layer": 27,
    "module": "self_attn.k_proj",
    "feat: in, out": "576, 192",
    "dtype: size": "f32: 0.4MB",
    "loss": "0.0000252033",
    "samples": "65536",
    "damp": "0.05000",
    "time": "0.356",
    "fwd_time": "0.608",
    "(v)ram": "n/a"
}
{
    "process": "gptq",
    "layer": 27,
    "module": "self_attn.q_proj",
    "feat: in, out": "576, 576",
    "dtype: size": "f32: 1.3MB",
    "loss": "0.0000952134",
    "samples": "65536",
    "damp": "0.05000",
    "time": "0.394",
    "fwd_time": "0.608",
    "(v)ram": "n/a"
}
{
    "process": "gptq",
    "layer": 27,
    "module": "self_attn.v_proj",
    "feat: in, out": "576, 192",
    "dtype: size": "f32: 0.4MB",
    "loss": "0.0000651131",
    "samples": "65536",
    "damp": "0.05000",
    "time": "0.099",
    "fwd_time": "0.608",
    "(v)ram": "n/a"
}
{
    "process": "gptq",
    "layer": 27,
    "module": "self_attn.o_proj",
    "feat: in, out": "576, 576",
    "dtype: size": "f32: 1.3MB",
    "loss": "0.0004856324",
    "samples": "65536",
    "damp": "0.05000",
    "time": "0.124",
    "fwd_time": "1.278",
    "(v)ram": "n/a"
}
{
    "process": "gptq",
    "layer": 27,
    "module": "mlp.up_proj",
    "feat: in, out": "576, 1536",
    "dtype: size": "f32: 3.4MB",
    "loss": "0.0001926437",
    "samples": "65536",
    "damp": "0.05000",
    "time": "0.466",
    "fwd_time": "1.940",
    "(v)ram": "n/a"
}
{
    "process": "gptq",
    "layer": 27,
    "module": "mlp.gate_proj",
    "feat: in, out": "576, 1536",
    "dtype: size": "f32: 3.4MB",
    "loss": "0.0001560702",
    "samples": "65536",
    "damp": "0.05000",
    "time": "0.470",
    "fwd_time": "1.940",
    "(v)ram": "n/a"
}
{
    "process": "gptq",
    "layer": 27,
    "module": "mlp.down_proj",
    "feat: in, out": "1536, 576",
    "dtype: size": "f32: 3.4MB",
    "loss": "0.0029909823",
    "samples": "65536",
    "damp": "0.05000",
    "time": "0.392",
    "fwd_time": "3.009",
    "(v)ram": "n/a"
}
{
    "process": "gptq",
    "layer": 28,
    "module": "self_attn.k_proj",
    "feat: in, out": "576, 192",
    "dtype: size": "f32: 0.4MB",
    "loss": "0.0000222247",
    "samples": "65536",
    "damp": "0.05000",
    "time": "0.295",
    "fwd_time": "0.621",
    "(v)ram": "n/a"
}
{
    "process": "gptq",
    "layer": 28,
    "module": "self_attn.q_proj",
    "feat: in, out": "576, 576",
    "dtype: size": "f32: 1.3MB",
    "loss": "0.0000756540",
    "samples": "65536",
    "damp": "0.05000",
    "time": "0.329",
    "fwd_time": "0.621",
    "(v)ram": "n/a"
}
{
    "process": "gptq",
    "layer": 28,
    "module": "self_attn.v_proj",
    "feat: in, out": "576, 192",
    "dtype: size": "f32: 0.4MB",
    "loss": "0.0000809745",
    "samples": "65536",
    "damp": "0.05000",
    "time": "0.083",
    "fwd_time": "0.621",
    "(v)ram": "n/a"
}
{
    "process": "gptq",
    "layer": 28,
    "module": "self_attn.o_proj",
    "feat: in, out": "576, 576",
    "dtype: size": "f32: 1.3MB",
    "loss": "0.0003969574",
    "samples": "65536",
    "damp": "0.05000",
    "time": "0.158",
    "fwd_time": "1.369",
    "(v)ram": "n/a"
}
{
    "process": "gptq",
    "layer": 28,
    "module": "mlp.gate_proj",
    "feat: in, out": "576, 1536",
    "dtype: size": "f32: 3.4MB",
    "loss": "0.0001535335",
    "samples": "65536",
    "damp": "0.05000",
    "time": "0.452",
    "fwd_time": "1.812",
    "(v)ram": "n/a"
}
{
    "process": "gptq",
    "layer": 28,
    "module": "mlp.up_proj",
    "feat: in, out": "576, 1536",
    "dtype: size": "f32: 3.4MB",
    "loss": "0.0002146007",
    "samples": "65536",
    "damp": "0.05000",
    "time": "0.459",
    "fwd_time": "1.812",
    "(v)ram": "n/a"
}
{
    "process": "gptq",
    "layer": 28,
    "module": "mlp.down_proj",
    "feat: in, out": "1536, 576",
    "dtype: size": "f32: 3.4MB",
    "loss": "0.0239466839",
    "samples": "65536",
    "damp": "0.05000",
    "time": "0.397",
    "fwd_time": "2.985",
    "(v)ram": "n/a"
}
{
    "process": "gptq",
    "layer": 29,
    "module": "self_attn.k_proj",
    "feat: in, out": "576, 192",
    "dtype: size": "f32: 0.4MB",
    "loss": "0.0000208625",
    "samples": "65536",
    "damp": "0.05000",
    "time": "0.338",
    "fwd_time": "0.630",
    "(v)ram": "n/a"
}
{
    "process": "gptq",
    "layer": 29,
    "module": "self_attn.q_proj",
    "feat: in, out": "576, 576",
    "dtype: size": "f32: 1.3MB",
    "loss": "0.0000887392",
    "samples": "65536",
    "damp": "0.05000",
    "time": "0.370",
    "fwd_time": "0.630",
    "(v)ram": "n/a"
}
{
    "process": "gptq",
    "layer": 29,
    "module": "self_attn.v_proj",
    "feat: in, out": "576, 192",
    "dtype: size": "f32: 0.4MB",
    "loss": "0.0000940533",
    "samples": "65536",
    "damp": "0.05000",
    "time": "0.121",
    "fwd_time": "0.630",
    "(v)ram": "n/a"
}
{
    "process": "gptq",
    "layer": 29,
    "module": "self_attn.o_proj",
    "feat: in, out": "576, 576",
    "dtype: size": "f32: 1.3MB",
    "loss": "0.0008258373",
    "samples": "65536",
    "damp": "0.05000",
    "time": "0.176",
    "fwd_time": "1.586",
    "(v)ram": "n/a"
}
{
    "process": "gptq",
    "layer": 29,
    "module": "mlp.gate_proj",
    "feat: in, out": "576, 1536",
    "dtype: size": "f32: 3.4MB",
    "loss": "0.0002556143",
    "samples": "65536",
    "damp": "0.05000",
    "time": "0.424",
    "fwd_time": "2.196",
    "(v)ram": "n/a"
}
{
    "process": "gptq",
    "layer": 29,
    "module": "mlp.up_proj",
    "feat: in, out": "576, 1536",
    "dtype: size": "f32: 3.4MB",
    "loss": "0.0003489778",
    "samples": "65536",
    "damp": "0.05000",
    "time": "0.430",
    "fwd_time": "2.196",
    "(v)ram": "n/a"
}
{
    "process": "gptq",
    "layer": 29,
    "module": "mlp.down_proj",
    "feat: in, out": "1536, 576",
    "dtype: size": "f32: 3.4MB",
    "loss": "0.0220325682",
    "samples": "65536",
    "damp": "0.05000",
    "time": "0.377",
    "fwd_time": "2.601",
    "(v)ram": "n/a"
}
