{
    "process": "gptq",
    "layer": 0,
    "module": "self_attn.k_proj",
    "feat: in, out": "896, 128",
    "dtype: size": "f32: 0.4MB",
    "loss": "0.0000006309",
    "samples": "262144",
    "damp": "0.05000",
    "time": "0.577",
    "fwd_time": "3.012",
    "(v)ram": "n/a"
}
{
    "process": "gptq",
    "layer": 0,
    "module": "self_attn.q_proj",
    "feat: in, out": "896, 896",
    "dtype: size": "f32: 3.1MB",
    "loss": "0.0000042097",
    "samples": "262144",
    "damp": "0.05000",
    "time": "0.702",
    "fwd_time": "3.012",
    "(v)ram": "n/a"
}
{
    "process": "gptq",
    "layer": 0,
    "module": "self_attn.v_proj",
    "feat: in, out": "896, 128",
    "dtype: size": "f32: 0.4MB",
    "loss": "0.0000000145",
    "samples": "262144",
    "damp": "0.05000",
    "time": "0.188",
    "fwd_time": "3.012",
    "(v)ram": "n/a"
}
{
    "process": "gptq",
    "layer": 0,
    "module": "self_attn.o_proj",
    "feat: in, out": "896, 896",
    "dtype: size": "f32: 3.1MB",
    "loss": "0.0000000029",
    "samples": "262144",
    "damp": "0.05000",
    "time": "0.270",
    "fwd_time": "8.950",
    "(v)ram": "n/a"
}
{
    "process": "gptq",
    "layer": 0,
    "module": "mlp.gate_proj",
    "feat: in, out": "896, 4864",
    "dtype: size": "f32: 16.9MB",
    "loss": "0.0001069234",
    "samples": "262144",
    "damp": "0.05000",
    "time": "1.615",
    "fwd_time": "23.723",
    "(v)ram": "n/a"
}
{
    "process": "gptq",
    "layer": 0,
    "module": "mlp.up_proj",
    "feat: in, out": "896, 4864",
    "dtype: size": "f32: 16.9MB",
    "loss": "0.0000682448",
    "samples": "262144",
    "damp": "0.05000",
    "time": "1.630",
    "fwd_time": "23.723",
    "(v)ram": "n/a"
}
{
    "process": "gptq",
    "layer": 0,
    "module": "mlp.down_proj",
    "feat: in, out": "4864, 896",
    "dtype: size": "f32: 16.9MB",
    "loss": "0.0000018841",
    "samples": "262144",
    "damp": "0.05000",
    "time": "2.618",
    "fwd_time": "63.554",
    "(v)ram": "n/a"
}
{
    "process": "gptq",
    "layer": 1,
    "module": "self_attn.k_proj",
    "feat: in, out": "896, 128",
    "dtype: size": "f32: 0.4MB",
    "loss": "0.0000074367",
    "samples": "262144",
    "damp": "0.05000",
    "time": "0.482",
    "fwd_time": "3.585",
    "(v)ram": "n/a"
}
{
    "process": "gptq",
    "layer": 1,
    "module": "self_attn.q_proj",
    "feat: in, out": "896, 896",
    "dtype: size": "f32: 3.1MB",
    "loss": "0.0000264813",
    "samples": "262144",
    "damp": "0.05000",
    "time": "0.588",
    "fwd_time": "3.585",
    "(v)ram": "n/a"
}
{
    "process": "gptq",
    "layer": 1,
    "module": "self_attn.v_proj",
    "feat: in, out": "896, 128",
    "dtype: size": "f32: 0.4MB",
    "loss": "0.0000008345",
    "samples": "262144",
    "damp": "0.05000",
    "time": "0.198",
    "fwd_time": "3.585",
    "(v)ram": "n/a"
}
{
    "process": "gptq",
    "layer": 1,
    "module": "self_attn.o_proj",
    "feat: in, out": "896, 896",
    "dtype: size": "f32: 3.1MB",
    "loss": "0.0000003765",
    "samples": "262144",
    "damp": "0.05000",
    "time": "0.412",
    "fwd_time": "9.039",
    "(v)ram": "n/a"
}
{
    "process": "gptq",
    "layer": 1,
    "module": "mlp.gate_proj",
    "feat: in, out": "896, 4864",
    "dtype: size": "f32: 16.9MB",
    "loss": "0.0001839454",
    "samples": "262144",
    "damp": "0.05000",
    "time": "1.181",
    "fwd_time": "22.836",
    "(v)ram": "n/a"
}
{
    "process": "gptq",
    "layer": 1,
    "module": "mlp.up_proj",
    "feat: in, out": "896, 4864",
    "dtype: size": "f32: 16.9MB",
    "loss": "0.0000968500",
    "samples": "262144",
    "damp": "0.05000",
    "time": "1.197",
    "fwd_time": "22.836",
    "(v)ram": "n/a"
}
{
    "process": "gptq",
    "layer": 1,
    "module": "mlp.down_proj",
    "feat: in, out": "4864, 896",
    "dtype: size": "f32: 16.9MB",
    "loss": "0.0000017349",
    "samples": "262144",
    "damp": "0.05000",
    "time": "2.775",
    "fwd_time": "59.124",
    "(v)ram": "n/a"
}
{
    "process": "gptq",
    "layer": 2,
    "module": "self_attn.k_proj",
    "feat: in, out": "896, 128",
    "dtype: size": "f32: 0.4MB",
    "loss": "0.0000159972",
    "samples": "262144",
    "damp": "0.05000",
    "time": "1.061",
    "fwd_time": "4.072",
    "(v)ram": "n/a"
}
{
    "process": "gptq",
    "layer": 2,
    "module": "self_attn.q_proj",
    "feat: in, out": "896, 896",
    "dtype: size": "f32: 3.1MB",
    "loss": "0.0000569931",
    "samples": "262144",
    "damp": "0.05000",
    "time": "1.235",
    "fwd_time": "4.072",
    "(v)ram": "n/a"
}
{
    "process": "gptq",
    "layer": 2,
    "module": "self_attn.v_proj",
    "feat: in, out": "896, 128",
    "dtype: size": "f32: 0.4MB",
    "loss": "0.0000021033",
    "samples": "262144",
    "damp": "0.05000",
    "time": "0.290",
    "fwd_time": "4.072",
    "(v)ram": "n/a"
}
{
    "process": "gptq",
    "layer": 2,
    "module": "self_attn.o_proj",
    "feat: in, out": "896, 896",
    "dtype: size": "f32: 3.1MB",
    "loss": "0.0000005041",
    "samples": "262144",
    "damp": "0.05000",
    "time": "0.414",
    "fwd_time": "9.745",
    "(v)ram": "n/a"
}
{
    "process": "gptq",
    "layer": 2,
    "module": "mlp.gate_proj",
    "feat: in, out": "896, 4864",
    "dtype: size": "f32: 16.9MB",
    "loss": "0.0002563934",
    "samples": "262144",
    "damp": "0.05000",
    "time": "1.525",
    "fwd_time": "22.504",
    "(v)ram": "n/a"
}
{
    "process": "gptq",
    "layer": 2,
    "module": "mlp.up_proj",
    "feat: in, out": "896, 4864",
    "dtype: size": "f32: 16.9MB",
    "loss": "0.0001397502",
    "samples": "262144",
    "damp": "0.05000",
    "time": "1.548",
    "fwd_time": "22.504",
    "(v)ram": "n/a"
}
{
    "process": "gptq",
    "layer": 2,
    "module": "mlp.down_proj",
    "feat: in, out": "4864, 896",
    "dtype: size": "f32: 16.9MB",
    "loss": "0.0000117008",
    "samples": "262144",
    "damp": "0.05000",
    "time": "3.071",
    "fwd_time": "55.787",
    "(v)ram": "n/a"
}
{
    "process": "gptq",
    "layer": 3,
    "module": "self_attn.k_proj",
    "feat: in, out": "896, 128",
    "dtype: size": "f32: 0.4MB",
    "loss": "0.0000168822",
    "samples": "262144",
    "damp": "0.05000",
    "time": "0.563",
    "fwd_time": "3.144",
    "(v)ram": "n/a"
}
{
    "process": "gptq",
    "layer": 3,
    "module": "self_attn.q_proj",
    "feat: in, out": "896, 896",
    "dtype: size": "f32: 3.1MB",
    "loss": "0.0000706547",
    "samples": "262144",
    "damp": "0.05000",
    "time": "0.677",
    "fwd_time": "3.144",
    "(v)ram": "n/a"
}
{
    "process": "gptq",
    "layer": 3,
    "module": "self_attn.v_proj",
    "feat: in, out": "896, 128",
    "dtype: size": "f32: 0.4MB",
    "loss": "0.0000037640",
    "samples": "262144",
    "damp": "0.05000",
    "time": "0.173",
    "fwd_time": "3.144",
    "(v)ram": "n/a"
}
{
    "process": "gptq",
    "layer": 3,
    "module": "self_attn.o_proj",
    "feat: in, out": "896, 896",
    "dtype: size": "f32: 3.1MB",
    "loss": "0.0000008347",
    "samples": "262144",
    "damp": "0.05000",
    "time": "0.296",
    "fwd_time": "9.445",
    "(v)ram": "n/a"
}
{
    "process": "gptq",
    "layer": 3,
    "module": "mlp.up_proj",
    "feat: in, out": "896, 4864",
    "dtype: size": "f32: 16.9MB",
    "loss": "0.0002037623",
    "samples": "262144",
    "damp": "0.05000",
    "time": "1.360",
    "fwd_time": "21.887",
    "(v)ram": "n/a"
}
{
    "process": "gptq",
    "layer": 3,
    "module": "mlp.gate_proj",
    "feat: in, out": "896, 4864",
    "dtype: size": "f32: 16.9MB",
    "loss": "0.0003574823",
    "samples": "262144",
    "damp": "0.05000",
    "time": "1.367",
    "fwd_time": "21.887",
    "(v)ram": "n/a"
}
{
    "process": "gptq",
    "layer": 3,
    "module": "mlp.down_proj",
    "feat: in, out": "4864, 896",
    "dtype: size": "f32: 16.9MB",
    "loss": "0.0000114678",
    "samples": "262144",
    "damp": "0.05000",
    "time": "2.567",
    "fwd_time": "57.339",
    "(v)ram": "n/a"
}
{
    "process": "gptq",
    "layer": 4,
    "module": "self_attn.k_proj",
    "feat: in, out": "896, 128",
    "dtype: size": "f32: 0.4MB",
    "loss": "0.0000112125",
    "samples": "262144",
    "damp": "0.05000",
    "time": "0.524",
    "fwd_time": "3.535",
    "(v)ram": "n/a"
}
{
    "process": "gptq",
    "layer": 4,
    "module": "self_attn.q_proj",
    "feat: in, out": "896, 896",
    "dtype: size": "f32: 3.1MB",
    "loss": "0.0000569950",
    "samples": "262144",
    "damp": "0.05000",
    "time": "0.658",
    "fwd_time": "3.535",
    "(v)ram": "n/a"
}
{
    "process": "gptq",
    "layer": 4,
    "module": "self_attn.v_proj",
    "feat: in, out": "896, 128",
    "dtype: size": "f32: 0.4MB",
    "loss": "0.0000051612",
    "samples": "262144",
    "damp": "0.05000",
    "time": "0.185",
    "fwd_time": "3.535",
    "(v)ram": "n/a"
}
{
    "process": "gptq",
    "layer": 4,
    "module": "self_attn.o_proj",
    "feat: in, out": "896, 896",
    "dtype: size": "f32: 3.1MB",
    "loss": "0.0000016871",
    "samples": "262144",
    "damp": "0.05000",
    "time": "0.410",
    "fwd_time": "9.612",
    "(v)ram": "n/a"
}
{
    "process": "gptq",
    "layer": 4,
    "module": "mlp.gate_proj",
    "feat: in, out": "896, 4864",
    "dtype: size": "f32: 16.9MB",
    "loss": "0.0003144220",
    "samples": "262144",
    "damp": "0.05000",
    "time": "1.335",
    "fwd_time": "21.474",
    "(v)ram": "n/a"
}
{
    "process": "gptq",
    "layer": 4,
    "module": "mlp.up_proj",
    "feat: in, out": "896, 4864",
    "dtype: size": "f32: 16.9MB",
    "loss": "0.0002050815",
    "samples": "262144",
    "damp": "0.05000",
    "time": "1.346",
    "fwd_time": "21.474",
    "(v)ram": "n/a"
}
{
    "process": "gptq",
    "layer": 4,
    "module": "mlp.down_proj",
    "feat: in, out": "4864, 896",
    "dtype: size": "f32: 16.9MB",
    "loss": "0.0000047792",
    "samples": "262144",
    "damp": "0.05000",
    "time": "3.074",
    "fwd_time": "60.809",
    "(v)ram": "n/a"
}
{
    "process": "gptq",
    "layer": 5,
    "module": "self_attn.k_proj",
    "feat: in, out": "896, 128",
    "dtype: size": "f32: 0.4MB",
    "loss": "0.0000137807",
    "samples": "262144",
    "damp": "0.05000",
    "time": "0.601",
    "fwd_time": "3.718",
    "(v)ram": "n/a"
}
{
    "process": "gptq",
    "layer": 5,
    "module": "self_attn.q_proj",
    "feat: in, out": "896, 896",
    "dtype: size": "f32: 3.1MB",
    "loss": "0.0000693719",
    "samples": "262144",
    "damp": "0.05000",
    "time": "0.739",
    "fwd_time": "3.718",
    "(v)ram": "n/a"
}
{
    "process": "gptq",
    "layer": 5,
    "module": "self_attn.v_proj",
    "feat: in, out": "896, 128",
    "dtype: size": "f32: 0.4MB",
    "loss": "0.0000064374",
    "samples": "262144",
    "damp": "0.05000",
    "time": "0.223",
    "fwd_time": "3.718",
    "(v)ram": "n/a"
}
{
    "process": "gptq",
    "layer": 5,
    "module": "self_attn.o_proj",
    "feat: in, out": "896, 896",
    "dtype: size": "f32: 3.1MB",
    "loss": "0.0000011959",
    "samples": "262144",
    "damp": "0.05000",
    "time": "0.445",
    "fwd_time": "9.404",
    "(v)ram": "n/a"
}
{
    "process": "gptq",
    "layer": 5,
    "module": "mlp.up_proj",
    "feat: in, out": "896, 4864",
    "dtype: size": "f32: 16.9MB",
    "loss": "0.0002423974",
    "samples": "262144",
    "damp": "0.05000",
    "time": "1.553",
    "fwd_time": "22.485",
    "(v)ram": "n/a"
}
{
    "process": "gptq",
    "layer": 5,
    "module": "mlp.gate_proj",
    "feat: in, out": "896, 4864",
    "dtype: size": "f32: 16.9MB",
    "loss": "0.0004768814",
    "samples": "262144",
    "damp": "0.05000",
    "time": "1.573",
    "fwd_time": "22.485",
    "(v)ram": "n/a"
}
{
    "process": "gptq",
    "layer": 5,
    "module": "mlp.down_proj",
    "feat: in, out": "4864, 896",
    "dtype: size": "f32: 16.9MB",
    "loss": "0.0000041881",
    "samples": "262144",
    "damp": "0.05000",
    "time": "2.854",
    "fwd_time": "60.391",
    "(v)ram": "n/a"
}
{
    "process": "gptq",
    "layer": 6,
    "module": "self_attn.k_proj",
    "feat: in, out": "896, 128",
    "dtype: size": "f32: 0.4MB",
    "loss": "0.0000123628",
    "samples": "262144",
    "damp": "0.05000",
    "time": "0.654",
    "fwd_time": "4.332",
    "(v)ram": "n/a"
}
{
    "process": "gptq",
    "layer": 6,
    "module": "self_attn.q_proj",
    "feat: in, out": "896, 896",
    "dtype: size": "f32: 3.1MB",
    "loss": "0.0000560618",
    "samples": "262144",
    "damp": "0.05000",
    "time": "0.829",
    "fwd_time": "4.332",
    "(v)ram": "n/a"
}
{
    "process": "gptq",
    "layer": 6,
    "module": "self_attn.v_proj",
    "feat: in, out": "896, 128",
    "dtype: size": "f32: 0.4MB",
    "loss": "0.0000036412",
    "samples": "262144",
    "damp": "0.05000",
    "time": "0.303",
    "fwd_time": "4.332",
    "(v)ram": "n/a"
}
{
    "process": "gptq",
    "layer": 6,
    "module": "self_attn.o_proj",
    "feat: in, out": "896, 896",
    "dtype: size": "f32: 3.1MB",
    "loss": "0.0000007743",
    "samples": "262144",
    "damp": "0.05000",
    "time": "0.570",
    "fwd_time": "10.959",
    "(v)ram": "n/a"
}
{
    "process": "gptq",
    "layer": 6,
    "module": "mlp.up_proj",
    "feat: in, out": "896, 4864",
    "dtype: size": "f32: 16.9MB",
    "loss": "0.0001975971",
    "samples": "262144",
    "damp": "0.05000",
    "time": "1.566",
    "fwd_time": "23.397",
    "(v)ram": "n/a"
}
{
    "process": "gptq",
    "layer": 6,
    "module": "mlp.gate_proj",
    "feat: in, out": "896, 4864",
    "dtype: size": "f32: 16.9MB",
    "loss": "0.0002799656",
    "samples": "262144",
    "damp": "0.05000",
    "time": "1.575",
    "fwd_time": "23.397",
    "(v)ram": "n/a"
}
{
    "process": "gptq",
    "layer": 6,
    "module": "mlp.down_proj",
    "feat: in, out": "4864, 896",
    "dtype: size": "f32: 16.9MB",
    "loss": "0.0000044593",
    "samples": "262144",
    "damp": "0.05000",
    "time": "2.773",
    "fwd_time": "56.775",
    "(v)ram": "n/a"
}
{
    "process": "gptq",
    "layer": 7,
    "module": "self_attn.k_proj",
    "feat: in, out": "896, 128",
    "dtype: size": "f32: 0.4MB",
    "loss": "0.0000178016",
    "samples": "262144",
    "damp": "0.05000",
    "time": "0.534",
    "fwd_time": "3.430",
    "(v)ram": "n/a"
}
{
    "process": "gptq",
    "layer": 7,
    "module": "self_attn.q_proj",
    "feat: in, out": "896, 896",
    "dtype: size": "f32: 3.1MB",
    "loss": "0.0000734515",
    "samples": "262144",
    "damp": "0.05000",
    "time": "0.634",
    "fwd_time": "3.430",
    "(v)ram": "n/a"
}
{
    "process": "gptq",
    "layer": 7,
    "module": "self_attn.v_proj",
    "feat: in, out": "896, 128",
    "dtype: size": "f32: 0.4MB",
    "loss": "0.0000057052",
    "samples": "262144",
    "damp": "0.05000",
    "time": "0.218",
    "fwd_time": "3.430",
    "(v)ram": "n/a"
}
{
    "process": "gptq",
    "layer": 7,
    "module": "self_attn.o_proj",
    "feat: in, out": "896, 896",
    "dtype: size": "f32: 3.1MB",
    "loss": "0.0000020479",
    "samples": "262144",
    "damp": "0.05000",
    "time": "0.245",
    "fwd_time": "8.884",
    "(v)ram": "n/a"
}
{
    "process": "gptq",
    "layer": 7,
    "module": "mlp.gate_proj",
    "feat: in, out": "896, 4864",
    "dtype: size": "f32: 16.9MB",
    "loss": "0.0002582726",
    "samples": "262144",
    "damp": "0.05000",
    "time": "1.619",
    "fwd_time": "20.909",
    "(v)ram": "n/a"
}
{
    "process": "gptq",
    "layer": 7,
    "module": "mlp.up_proj",
    "feat: in, out": "896, 4864",
    "dtype: size": "f32: 16.9MB",
    "loss": "0.0002040941",
    "samples": "262144",
    "damp": "0.05000",
    "time": "1.640",
    "fwd_time": "20.909",
    "(v)ram": "n/a"
}
{
    "process": "gptq",
    "layer": 7,
    "module": "mlp.down_proj",
    "feat: in, out": "4864, 896",
    "dtype: size": "f32: 16.9MB",
    "loss": "0.0000052295",
    "samples": "262144",
    "damp": "0.05000",
    "time": "2.580",
    "fwd_time": "52.525",
    "(v)ram": "n/a"
}
{
    "process": "gptq",
    "layer": 8,
    "module": "self_attn.k_proj",
    "feat: in, out": "896, 128",
    "dtype: size": "f32: 0.4MB",
    "loss": "0.0000125473",
    "samples": "262144",
    "damp": "0.05000",
    "time": "0.577",
    "fwd_time": "3.853",
    "(v)ram": "n/a"
}
{
    "process": "gptq",
    "layer": 8,
    "module": "self_attn.q_proj",
    "feat: in, out": "896, 896",
    "dtype: size": "f32: 3.1MB",
    "loss": "0.0000691754",
    "samples": "262144",
    "damp": "0.05000",
    "time": "0.681",
    "fwd_time": "3.853",
    "(v)ram": "n/a"
}
{
    "process": "gptq",
    "layer": 8,
    "module": "self_attn.v_proj",
    "feat: in, out": "896, 128",
    "dtype: size": "f32: 0.4MB",
    "loss": "0.0000047075",
    "samples": "262144",
    "damp": "0.05000",
    "time": "0.194",
    "fwd_time": "3.853",
    "(v)ram": "n/a"
}
{
    "process": "gptq",
    "layer": 8,
    "module": "self_attn.o_proj",
    "feat: in, out": "896, 896",
    "dtype: size": "f32: 3.1MB",
    "loss": "0.0000026005",
    "samples": "262144",
    "damp": "0.05000",
    "time": "0.288",
    "fwd_time": "9.521",
    "(v)ram": "n/a"
}
{
    "process": "gptq",
    "layer": 8,
    "module": "mlp.gate_proj",
    "feat: in, out": "896, 4864",
    "dtype: size": "f32: 16.9MB",
    "loss": "0.0002263420",
    "samples": "262144",
    "damp": "0.05000",
    "time": "1.237",
    "fwd_time": "19.744",
    "(v)ram": "n/a"
}
{
    "process": "gptq",
    "layer": 8,
    "module": "mlp.up_proj",
    "feat: in, out": "896, 4864",
    "dtype: size": "f32: 16.9MB",
    "loss": "0.0001743042",
    "samples": "262144",
    "damp": "0.05000",
    "time": "1.239",
    "fwd_time": "19.744",
    "(v)ram": "n/a"
}
{
    "process": "gptq",
    "layer": 8,
    "module": "mlp.down_proj",
    "feat: in, out": "4864, 896",
    "dtype: size": "f32: 16.9MB",
    "loss": "0.0000035894",
    "samples": "262144",
    "damp": "0.05000",
    "time": "3.305",
    "fwd_time": "54.197",
    "(v)ram": "n/a"
}
{
    "process": "gptq",
    "layer": 9,
    "module": "self_attn.k_proj",
    "feat: in, out": "896, 128",
    "dtype: size": "f32: 0.4MB",
    "loss": "0.0000344237",
    "samples": "262144",
    "damp": "0.05000",
    "time": "0.616",
    "fwd_time": "3.846",
    "(v)ram": "n/a"
}
{
    "process": "gptq",
    "layer": 9,
    "module": "self_attn.q_proj",
    "feat: in, out": "896, 896",
    "dtype: size": "f32: 3.1MB",
    "loss": "0.0001288840",
    "samples": "262144",
    "damp": "0.05000",
    "time": "0.703",
    "fwd_time": "3.846",
    "(v)ram": "n/a"
}
{
    "process": "gptq",
    "layer": 9,
    "module": "self_attn.v_proj",
    "feat: in, out": "896, 128",
    "dtype: size": "f32: 0.4MB",
    "loss": "0.0000087758",
    "samples": "262144",
    "damp": "0.05000",
    "time": "0.178",
    "fwd_time": "3.846",
    "(v)ram": "n/a"
}
{
    "process": "gptq",
    "layer": 9,
    "module": "self_attn.o_proj",
    "feat: in, out": "896, 896",
    "dtype: size": "f32: 3.1MB",
    "loss": "0.0000018116",
    "samples": "262144",
    "damp": "0.05000",
    "time": "0.241",
    "fwd_time": "8.799",
    "(v)ram": "n/a"
}
{
    "process": "gptq",
    "layer": 9,
    "module": "mlp.up_proj",
    "feat: in, out": "896, 4864",
    "dtype: size": "f32: 16.9MB",
    "loss": "0.0001793519",
    "samples": "262144",
    "damp": "0.05000",
    "time": "1.408",
    "fwd_time": "18.891",
    "(v)ram": "n/a"
}
{
    "process": "gptq",
    "layer": 9,
    "module": "mlp.gate_proj",
    "feat: in, out": "896, 4864",
    "dtype: size": "f32: 16.9MB",
    "loss": "0.0002081350",
    "samples": "262144",
    "damp": "0.05000",
    "time": "1.424",
    "fwd_time": "18.891",
    "(v)ram": "n/a"
}
{
    "process": "gptq",
    "layer": 9,
    "module": "mlp.down_proj",
    "feat: in, out": "4864, 896",
    "dtype: size": "f32: 16.9MB",
    "loss": "0.0000039430",
    "samples": "262144",
    "damp": "0.05000",
    "time": "2.838",
    "fwd_time": "54.199",
    "(v)ram": "n/a"
}
{
    "process": "gptq",
    "layer": 10,
    "module": "self_attn.k_proj",
    "feat: in, out": "896, 128",
    "dtype: size": "f32: 0.4MB",
    "loss": "0.0000111732",
    "samples": "262144",
    "damp": "0.05000",
    "time": "0.579",
    "fwd_time": "3.335",
    "(v)ram": "n/a"
}
{
    "process": "gptq",
    "layer": 10,
    "module": "self_attn.q_proj",
    "feat: in, out": "896, 896",
    "dtype: size": "f32: 3.1MB",
    "loss": "0.0000597246",
    "samples": "262144",
    "damp": "0.05000",
    "time": "0.709",
    "fwd_time": "3.335",
    "(v)ram": "n/a"
}
{
    "process": "gptq",
    "layer": 10,
    "module": "self_attn.v_proj",
    "feat: in, out": "896, 128",
    "dtype: size": "f32: 0.4MB",
    "loss": "0.0000078951",
    "samples": "262144",
    "damp": "0.05000",
    "time": "0.203",
    "fwd_time": "3.335",
    "(v)ram": "n/a"
}
{
    "process": "gptq",
    "layer": 10,
    "module": "self_attn.o_proj",
    "feat: in, out": "896, 896",
    "dtype: size": "f32: 3.1MB",
    "loss": "0.0000023168",
    "samples": "262144",
    "damp": "0.05000",
    "time": "0.281",
    "fwd_time": "8.614",
    "(v)ram": "n/a"
}
{
    "process": "gptq",
    "layer": 10,
    "module": "mlp.gate_proj",
    "feat: in, out": "896, 4864",
    "dtype: size": "f32: 16.9MB",
    "loss": "0.0002025070",
    "samples": "262144",
    "damp": "0.05000",
    "time": "1.306",
    "fwd_time": "18.886",
    "(v)ram": "n/a"
}
{
    "process": "gptq",
    "layer": 10,
    "module": "mlp.up_proj",
    "feat: in, out": "896, 4864",
    "dtype: size": "f32: 16.9MB",
    "loss": "0.0001574028",
    "samples": "262144",
    "damp": "0.05000",
    "time": "1.339",
    "fwd_time": "18.886",
    "(v)ram": "n/a"
}
{
    "process": "gptq",
    "layer": 10,
    "module": "mlp.down_proj",
    "feat: in, out": "4864, 896",
    "dtype: size": "f32: 16.9MB",
    "loss": "0.0000030465",
    "samples": "262144",
    "damp": "0.05000",
    "time": "2.551",
    "fwd_time": "53.646",
    "(v)ram": "n/a"
}
{
    "process": "gptq",
    "layer": 11,
    "module": "self_attn.k_proj",
    "feat: in, out": "896, 128",
    "dtype: size": "f32: 0.4MB",
    "loss": "0.0000393839",
    "samples": "262144",
    "damp": "0.05000",
    "time": "0.611",
    "fwd_time": "4.228",
    "(v)ram": "n/a"
}
{
    "process": "gptq",
    "layer": 11,
    "module": "self_attn.q_proj",
    "feat: in, out": "896, 896",
    "dtype: size": "f32: 3.1MB",
    "loss": "0.0001424696",
    "samples": "262144",
    "damp": "0.05000",
    "time": "0.718",
    "fwd_time": "4.228",
    "(v)ram": "n/a"
}
{
    "process": "gptq",
    "layer": 11,
    "module": "self_attn.v_proj",
    "feat: in, out": "896, 128",
    "dtype: size": "f32: 0.4MB",
    "loss": "0.0000096061",
    "samples": "262144",
    "damp": "0.05000",
    "time": "0.229",
    "fwd_time": "4.228",
    "(v)ram": "n/a"
}
{
    "process": "gptq",
    "layer": 11,
    "module": "self_attn.o_proj",
    "feat: in, out": "896, 896",
    "dtype: size": "f32: 3.1MB",
    "loss": "0.0000016224",
    "samples": "262144",
    "damp": "0.05000",
    "time": "0.530",
    "fwd_time": "10.415",
    "(v)ram": "n/a"
}
{
    "process": "gptq",
    "layer": 11,
    "module": "mlp.gate_proj",
    "feat: in, out": "896, 4864",
    "dtype: size": "f32: 16.9MB",
    "loss": "0.0001930758",
    "samples": "262144",
    "damp": "0.05000",
    "time": "1.323",
    "fwd_time": "21.266",
    "(v)ram": "n/a"
}
{
    "process": "gptq",
    "layer": 11,
    "module": "mlp.up_proj",
    "feat: in, out": "896, 4864",
    "dtype: size": "f32: 16.9MB",
    "loss": "0.0001771367",
    "samples": "262144",
    "damp": "0.05000",
    "time": "1.346",
    "fwd_time": "21.266",
    "(v)ram": "n/a"
}
{
    "process": "gptq",
    "layer": 11,
    "module": "mlp.down_proj",
    "feat: in, out": "4864, 896",
    "dtype: size": "f32: 16.9MB",
    "loss": "0.0000044792",
    "samples": "262144",
    "damp": "0.05000",
    "time": "3.289",
    "fwd_time": "54.804",
    "(v)ram": "n/a"
}
{
    "process": "gptq",
    "layer": 12,
    "module": "self_attn.k_proj",
    "feat: in, out": "896, 128",
    "dtype: size": "f32: 0.4MB",
    "loss": "0.0000113254",
    "samples": "262144",
    "damp": "0.05000",
    "time": "0.644",
    "fwd_time": "4.511",
    "(v)ram": "n/a"
}
{
    "process": "gptq",
    "layer": 12,
    "module": "self_attn.q_proj",
    "feat: in, out": "896, 896",
    "dtype: size": "f32: 3.1MB",
    "loss": "0.0000632269",
    "samples": "262144",
    "damp": "0.05000",
    "time": "0.776",
    "fwd_time": "4.511",
    "(v)ram": "n/a"
}
{
    "process": "gptq",
    "layer": 12,
    "module": "self_attn.v_proj",
    "feat: in, out": "896, 128",
    "dtype: size": "f32: 0.4MB",
    "loss": "0.0000073261",
    "samples": "262144",
    "damp": "0.05000",
    "time": "0.185",
    "fwd_time": "4.511",
    "(v)ram": "n/a"
}
{
    "process": "gptq",
    "layer": 12,
    "module": "self_attn.o_proj",
    "feat: in, out": "896, 896",
    "dtype: size": "f32: 3.1MB",
    "loss": "0.0000035388",
    "samples": "262144",
    "damp": "0.05000",
    "time": "0.256",
    "fwd_time": "9.698",
    "(v)ram": "n/a"
}
{
    "process": "gptq",
    "layer": 12,
    "module": "mlp.gate_proj",
    "feat: in, out": "896, 4864",
    "dtype: size": "f32: 16.9MB",
    "loss": "0.0001849483",
    "samples": "262144",
    "damp": "0.05000",
    "time": "1.490",
    "fwd_time": "19.591",
    "(v)ram": "n/a"
}
{
    "process": "gptq",
    "layer": 12,
    "module": "mlp.up_proj",
    "feat: in, out": "896, 4864",
    "dtype: size": "f32: 16.9MB",
    "loss": "0.0001665937",
    "samples": "262144",
    "damp": "0.05000",
    "time": "1.500",
    "fwd_time": "19.591",
    "(v)ram": "n/a"
}
