{
    "process": "gptq",
    "layer": 0,
    "module": "self_attn.k_proj",
    "feat: in, out": "576, 192",
    "dtype: size": "f32: 0.4MB",
    "loss": "0.0000034489",
    "samples": "262144",
    "damp": "0.05000",
    "time": "0.375",
    "fwd_time": "1.298",
    "(v)ram": "n/a"
}
{
    "process": "gptq",
    "layer": 0,
    "module": "self_attn.q_proj",
    "feat: in, out": "576, 576",
    "dtype: size": "f32: 1.3MB",
    "loss": "0.0000055115",
    "samples": "262144",
    "damp": "0.05000",
    "time": "0.427",
    "fwd_time": "1.298",
    "(v)ram": "n/a"
}
{
    "process": "gptq",
    "layer": 0,
    "module": "self_attn.v_proj",
    "feat: in, out": "576, 192",
    "dtype: size": "f32: 0.4MB",
    "loss": "0.0000000382",
    "samples": "262144",
    "damp": "0.05000",
    "time": "0.100",
    "fwd_time": "1.298",
    "(v)ram": "n/a"
}
{
    "process": "gptq",
    "layer": 0,
    "module": "self_attn.o_proj",
    "feat: in, out": "576, 576",
    "dtype: size": "f32: 1.3MB",
    "loss": "0.0000000574",
    "samples": "262144",
    "damp": "0.05000",
    "time": "0.211",
    "fwd_time": "5.464",
    "(v)ram": "n/a"
}
{
    "process": "gptq",
    "layer": 0,
    "module": "mlp.gate_proj",
    "feat: in, out": "576, 1536",
    "dtype: size": "f32: 3.4MB",
    "loss": "0.0000252090",
    "samples": "262144",
    "damp": "0.05000",
    "time": "0.500",
    "fwd_time": "6.992",
    "(v)ram": "n/a"
}
{
    "process": "gptq",
    "layer": 0,
    "module": "mlp.up_proj",
    "feat: in, out": "576, 1536",
    "dtype: size": "f32: 3.4MB",
    "loss": "0.0000259816",
    "samples": "262144",
    "damp": "0.05000",
    "time": "0.510",
    "fwd_time": "6.992",
    "(v)ram": "n/a"
}
{
    "process": "gptq",
    "layer": 0,
    "module": "mlp.down_proj",
    "feat: in, out": "1536, 576",
    "dtype: size": "f32: 3.4MB",
    "loss": "0.0001080988",
    "samples": "262144",
    "damp": "0.05000",
    "time": "0.480",
    "fwd_time": "10.143",
    "(v)ram": "n/a"
}
{
    "process": "gptq",
    "layer": 1,
    "module": "self_attn.k_proj",
    "feat: in, out": "576, 192",
    "dtype: size": "f32: 0.4MB",
    "loss": "0.0000162108",
    "samples": "262144",
    "damp": "0.05000",
    "time": "0.398",
    "fwd_time": "1.566",
    "(v)ram": "n/a"
}
{
    "process": "gptq",
    "layer": 1,
    "module": "self_attn.q_proj",
    "feat: in, out": "576, 576",
    "dtype: size": "f32: 1.3MB",
    "loss": "0.0000356541",
    "samples": "262144",
    "damp": "0.05000",
    "time": "0.455",
    "fwd_time": "1.566",
    "(v)ram": "n/a"
}
{
    "process": "gptq",
    "layer": 1,
    "module": "self_attn.v_proj",
    "feat: in, out": "576, 192",
    "dtype: size": "f32: 0.4MB",
    "loss": "0.0000029556",
    "samples": "262144",
    "damp": "0.05000",
    "time": "0.180",
    "fwd_time": "1.566",
    "(v)ram": "n/a"
}
{
    "process": "gptq",
    "layer": 1,
    "module": "self_attn.o_proj",
    "feat: in, out": "576, 576",
    "dtype: size": "f32: 1.3MB",
    "loss": "0.0000168469",
    "samples": "262144",
    "damp": "0.05000",
    "time": "0.128",
    "fwd_time": "5.202",
    "(v)ram": "n/a"
}
{
    "process": "gptq",
    "layer": 1,
    "module": "mlp.gate_proj",
    "feat: in, out": "576, 1536",
    "dtype: size": "f32: 3.4MB",
    "loss": "0.0000405863",
    "samples": "262144",
    "damp": "0.05000",
    "time": "0.445",
    "fwd_time": "6.782",
    "(v)ram": "n/a"
}
{
    "process": "gptq",
    "layer": 1,
    "module": "mlp.up_proj",
    "feat: in, out": "576, 1536",
    "dtype: size": "f32: 3.4MB",
    "loss": "0.0000318766",
    "samples": "262144",
    "damp": "0.05000",
    "time": "0.460",
    "fwd_time": "6.782",
    "(v)ram": "n/a"
}
{
    "process": "gptq",
    "layer": 1,
    "module": "mlp.down_proj",
    "feat: in, out": "1536, 576",
    "dtype: size": "f32: 3.4MB",
    "loss": "0.0000412338",
    "samples": "262144",
    "damp": "0.05000",
    "time": "0.440",
    "fwd_time": "9.806",
    "(v)ram": "n/a"
}
{
    "process": "gptq",
    "layer": 2,
    "module": "self_attn.k_proj",
    "feat: in, out": "576, 192",
    "dtype: size": "f32: 0.4MB",
    "loss": "0.0000252679",
    "samples": "262144",
    "damp": "0.05000",
    "time": "0.336",
    "fwd_time": "1.480",
    "(v)ram": "n/a"
}
{
    "process": "gptq",
    "layer": 2,
    "module": "self_attn.q_proj",
    "feat: in, out": "576, 576",
    "dtype: size": "f32: 1.3MB",
    "loss": "0.0000590682",
    "samples": "262144",
    "damp": "0.05000",
    "time": "0.376",
    "fwd_time": "1.480",
    "(v)ram": "n/a"
}
{
    "process": "gptq",
    "layer": 2,
    "module": "self_attn.v_proj",
    "feat: in, out": "576, 192",
    "dtype: size": "f32: 0.4MB",
    "loss": "0.0000040645",
    "samples": "262144",
    "damp": "0.05000",
    "time": "0.115",
    "fwd_time": "1.480",
    "(v)ram": "n/a"
}
{
    "process": "gptq",
    "layer": 2,
    "module": "self_attn.o_proj",
    "feat: in, out": "576, 576",
    "dtype: size": "f32: 1.3MB",
    "loss": "0.0000103873",
    "samples": "262144",
    "damp": "0.05000",
    "time": "0.140",
    "fwd_time": "4.612",
    "(v)ram": "n/a"
}
{
    "process": "gptq",
    "layer": 2,
    "module": "mlp.up_proj",
    "feat: in, out": "576, 1536",
    "dtype: size": "f32: 3.4MB",
    "loss": "0.0000421073",
    "samples": "262144",
    "damp": "0.05000",
    "time": "0.453",
    "fwd_time": "6.713",
    "(v)ram": "n/a"
}
{
    "process": "gptq",
    "layer": 2,
    "module": "mlp.gate_proj",
    "feat: in, out": "576, 1536",
    "dtype: size": "f32: 3.4MB",
    "loss": "0.0000499834",
    "samples": "262144",
    "damp": "0.05000",
    "time": "0.461",
    "fwd_time": "6.713",
    "(v)ram": "n/a"
}
{
    "process": "gptq",
    "layer": 2,
    "module": "mlp.down_proj",
    "feat: in, out": "1536, 576",
    "dtype: size": "f32: 3.4MB",
    "loss": "0.0000641163",
    "samples": "262144",
    "damp": "0.05000",
    "time": "0.470",
    "fwd_time": "9.946",
    "(v)ram": "n/a"
}
{
    "process": "gptq",
    "layer": 3,
    "module": "self_attn.k_proj",
    "feat: in, out": "576, 192",
    "dtype: size": "f32: 0.4MB",
    "loss": "0.0000333772",
    "samples": "262144",
    "damp": "0.05000",
    "time": "0.315",
    "fwd_time": "1.391",
    "(v)ram": "n/a"
}
{
    "process": "gptq",
    "layer": 3,
    "module": "self_attn.q_proj",
    "feat: in, out": "576, 576",
    "dtype: size": "f32: 1.3MB",
    "loss": "0.0000823396",
    "samples": "262144",
    "damp": "0.05000",
    "time": "0.364",
    "fwd_time": "1.391",
    "(v)ram": "n/a"
}
{
    "process": "gptq",
    "layer": 3,
    "module": "self_attn.v_proj",
    "feat: in, out": "576, 192",
    "dtype: size": "f32: 0.4MB",
    "loss": "0.0000125284",
    "samples": "262144",
    "damp": "0.05000",
    "time": "0.107",
    "fwd_time": "1.391",
    "(v)ram": "n/a"
}
{
    "process": "gptq",
    "layer": 3,
    "module": "self_attn.o_proj",
    "feat: in, out": "576, 576",
    "dtype: size": "f32: 1.3MB",
    "loss": "0.0000183916",
    "samples": "262144",
    "damp": "0.05000",
    "time": "0.147",
    "fwd_time": "4.757",
    "(v)ram": "n/a"
}
{
    "process": "gptq",
    "layer": 3,
    "module": "mlp.up_proj",
    "feat: in, out": "576, 1536",
    "dtype: size": "f32: 3.4MB",
    "loss": "0.0000457355",
    "samples": "262144",
    "damp": "0.05000",
    "time": "0.516",
    "fwd_time": "7.071",
    "(v)ram": "n/a"
}
{
    "process": "gptq",
    "layer": 3,
    "module": "mlp.gate_proj",
    "feat: in, out": "576, 1536",
    "dtype: size": "f32: 3.4MB",
    "loss": "0.0000524976",
    "samples": "262144",
    "damp": "0.05000",
    "time": "0.525",
    "fwd_time": "7.071",
    "(v)ram": "n/a"
}
{
    "process": "gptq",
    "layer": 3,
    "module": "mlp.down_proj",
    "feat: in, out": "1536, 576",
    "dtype: size": "f32: 3.4MB",
    "loss": "0.0000620572",
    "samples": "262144",
    "damp": "0.05000",
    "time": "0.464",
    "fwd_time": "10.891",
    "(v)ram": "n/a"
}
{
    "process": "gptq",
    "layer": 4,
    "module": "self_attn.k_proj",
    "feat: in, out": "576, 192",
    "dtype: size": "f32: 0.4MB",
    "loss": "0.0000310214",
    "samples": "262144",
    "damp": "0.05000",
    "time": "0.334",
    "fwd_time": "1.556",
    "(v)ram": "n/a"
}
{
    "process": "gptq",
    "layer": 4,
    "module": "self_attn.q_proj",
    "feat: in, out": "576, 576",
    "dtype: size": "f32: 1.3MB",
    "loss": "0.0000747934",
    "samples": "262144",
    "damp": "0.05000",
    "time": "0.377",
    "fwd_time": "1.556",
    "(v)ram": "n/a"
}
{
    "process": "gptq",
    "layer": 4,
    "module": "self_attn.v_proj",
    "feat: in, out": "576, 192",
    "dtype: size": "f32: 0.4MB",
    "loss": "0.0000117946",
    "samples": "262144",
    "damp": "0.05000",
    "time": "0.101",
    "fwd_time": "1.556",
    "(v)ram": "n/a"
}
{
    "process": "gptq",
    "layer": 4,
    "module": "self_attn.o_proj",
    "feat: in, out": "576, 576",
    "dtype: size": "f32: 1.3MB",
    "loss": "0.0000159456",
    "samples": "262144",
    "damp": "0.05000",
    "time": "0.188",
    "fwd_time": "4.719",
    "(v)ram": "n/a"
}
{
    "process": "gptq",
    "layer": 4,
    "module": "mlp.up_proj",
    "feat: in, out": "576, 1536",
    "dtype: size": "f32: 3.4MB",
    "loss": "0.0000571124",
    "samples": "262144",
    "damp": "0.05000",
    "time": "0.453",
    "fwd_time": "6.667",
    "(v)ram": "n/a"
}
{
    "process": "gptq",
    "layer": 4,
    "module": "mlp.gate_proj",
    "feat: in, out": "576, 1536",
    "dtype: size": "f32: 3.4MB",
    "loss": "0.0000651618",
    "samples": "262144",
    "damp": "0.05000",
    "time": "0.459",
    "fwd_time": "6.667",
    "(v)ram": "n/a"
}
{
    "process": "gptq",
    "layer": 4,
    "module": "mlp.down_proj",
    "feat: in, out": "1536, 576",
    "dtype: size": "f32: 3.4MB",
    "loss": "0.0000750676",
    "samples": "262144",
    "damp": "0.05000",
    "time": "0.443",
    "fwd_time": "10.847",
    "(v)ram": "n/a"
}
{
    "process": "gptq",
    "layer": 5,
    "module": "self_attn.k_proj",
    "feat: in, out": "576, 192",
    "dtype: size": "f32: 0.4MB",
    "loss": "0.0000332732",
    "samples": "262144",
    "damp": "0.05000",
    "time": "0.313",
    "fwd_time": "1.545",
    "(v)ram": "n/a"
}
{
    "process": "gptq",
    "layer": 5,
    "module": "self_attn.q_proj",
    "feat: in, out": "576, 576",
    "dtype: size": "f32: 1.3MB",
    "loss": "0.0000767100",
    "samples": "262144",
    "damp": "0.05000",
    "time": "0.348",
    "fwd_time": "1.545",
    "(v)ram": "n/a"
}
{
    "process": "gptq",
    "layer": 5,
    "module": "self_attn.v_proj",
    "feat: in, out": "576, 192",
    "dtype: size": "f32: 0.4MB",
    "loss": "0.0000125077",
    "samples": "262144",
    "damp": "0.05000",
    "time": "0.097",
    "fwd_time": "1.545",
    "(v)ram": "n/a"
}
{
    "process": "gptq",
    "layer": 5,
    "module": "self_attn.o_proj",
    "feat: in, out": "576, 576",
    "dtype: size": "f32: 1.3MB",
    "loss": "0.0000199895",
    "samples": "262144",
    "damp": "0.05000",
    "time": "0.125",
    "fwd_time": "4.406",
    "(v)ram": "n/a"
}
{
    "process": "gptq",
    "layer": 5,
    "module": "mlp.gate_proj",
    "feat: in, out": "576, 1536",
    "dtype: size": "f32: 3.4MB",
    "loss": "0.0000690737",
    "samples": "262144",
    "damp": "0.05000",
    "time": "0.474",
    "fwd_time": "6.611",
    "(v)ram": "n/a"
}
{
    "process": "gptq",
    "layer": 5,
    "module": "mlp.up_proj",
    "feat: in, out": "576, 1536",
    "dtype: size": "f32: 3.4MB",
    "loss": "0.0000626738",
    "samples": "262144",
    "damp": "0.05000",
    "time": "0.484",
    "fwd_time": "6.611",
    "(v)ram": "n/a"
}
{
    "process": "gptq",
    "layer": 5,
    "module": "mlp.down_proj",
    "feat: in, out": "1536, 576",
    "dtype: size": "f32: 3.4MB",
    "loss": "0.0000865189",
    "samples": "262144",
    "damp": "0.05000",
    "time": "0.443",
    "fwd_time": "11.270",
    "(v)ram": "n/a"
}
{
    "process": "gptq",
    "layer": 6,
    "module": "self_attn.k_proj",
    "feat: in, out": "576, 192",
    "dtype: size": "f32: 0.4MB",
    "loss": "0.0000264815",
    "samples": "262144",
    "damp": "0.05000",
    "time": "0.395",
    "fwd_time": "1.926",
    "(v)ram": "n/a"
}
{
    "process": "gptq",
    "layer": 6,
    "module": "self_attn.q_proj",
    "feat: in, out": "576, 576",
    "dtype: size": "f32: 1.3MB",
    "loss": "0.0000638140",
    "samples": "262144",
    "damp": "0.05000",
    "time": "0.434",
    "fwd_time": "1.926",
    "(v)ram": "n/a"
}
{
    "process": "gptq",
    "layer": 6,
    "module": "self_attn.v_proj",
    "feat: in, out": "576, 192",
    "dtype: size": "f32: 0.4MB",
    "loss": "0.0000109745",
    "samples": "262144",
    "damp": "0.05000",
    "time": "0.123",
    "fwd_time": "1.926",
    "(v)ram": "n/a"
}
{
    "process": "gptq",
    "layer": 6,
    "module": "self_attn.o_proj",
    "feat: in, out": "576, 576",
    "dtype: size": "f32: 1.3MB",
    "loss": "0.0000118529",
    "samples": "262144",
    "damp": "0.05000",
    "time": "0.179",
    "fwd_time": "6.217",
    "(v)ram": "n/a"
}
{
    "process": "gptq",
    "layer": 6,
    "module": "mlp.gate_proj",
    "feat: in, out": "576, 1536",
    "dtype: size": "f32: 3.4MB",
    "loss": "0.0000692005",
    "samples": "262144",
    "damp": "0.05000",
    "time": "0.559",
    "fwd_time": "7.614",
    "(v)ram": "n/a"
}
{
    "process": "gptq",
    "layer": 6,
    "module": "mlp.up_proj",
    "feat: in, out": "576, 1536",
    "dtype: size": "f32: 3.4MB",
    "loss": "0.0000678331",
    "samples": "262144",
    "damp": "0.05000",
    "time": "0.584",
    "fwd_time": "7.614",
    "(v)ram": "n/a"
}
{
    "process": "gptq",
    "layer": 6,
    "module": "mlp.down_proj",
    "feat: in, out": "1536, 576",
    "dtype: size": "f32: 3.4MB",
    "loss": "0.0001070684",
    "samples": "262144",
    "damp": "0.05000",
    "time": "0.484",
    "fwd_time": "12.167",
    "(v)ram": "n/a"
}
{
    "process": "gptq",
    "layer": 7,
    "module": "self_attn.k_proj",
    "feat: in, out": "576, 192",
    "dtype: size": "f32: 0.4MB",
    "loss": "0.0000411108",
    "samples": "262144",
    "damp": "0.05000",
    "time": "0.330",
    "fwd_time": "1.330",
    "(v)ram": "n/a"
}
{
    "process": "gptq",
    "layer": 7,
    "module": "self_attn.q_proj",
    "feat: in, out": "576, 576",
    "dtype: size": "f32: 1.3MB",
    "loss": "0.0001114317",
    "samples": "262144",
    "damp": "0.05000",
    "time": "0.360",
    "fwd_time": "1.330",
    "(v)ram": "n/a"
}
{
    "process": "gptq",
    "layer": 7,
    "module": "self_attn.v_proj",
    "feat: in, out": "576, 192",
    "dtype: size": "f32: 0.4MB",
    "loss": "0.0000253124",
    "samples": "262144",
    "damp": "0.05000",
    "time": "0.108",
    "fwd_time": "1.330",
    "(v)ram": "n/a"
}
{
    "process": "gptq",
    "layer": 7,
    "module": "self_attn.o_proj",
    "feat: in, out": "576, 576",
    "dtype: size": "f32: 1.3MB",
    "loss": "0.0000247036",
    "samples": "262144",
    "damp": "0.05000",
    "time": "0.294",
    "fwd_time": "5.811",
    "(v)ram": "n/a"
}
{
    "process": "gptq",
    "layer": 7,
    "module": "mlp.up_proj",
    "feat: in, out": "576, 1536",
    "dtype: size": "f32: 3.4MB",
    "loss": "0.0000717498",
    "samples": "262144",
    "damp": "0.05000",
    "time": "0.554",
    "fwd_time": "8.116",
    "(v)ram": "n/a"
}
{
    "process": "gptq",
    "layer": 7,
    "module": "mlp.gate_proj",
    "feat: in, out": "576, 1536",
    "dtype: size": "f32: 3.4MB",
    "loss": "0.0000709095",
    "samples": "262144",
    "damp": "0.05000",
    "time": "0.562",
    "fwd_time": "8.116",
    "(v)ram": "n/a"
}
{
    "process": "gptq",
    "layer": 7,
    "module": "mlp.down_proj",
    "feat: in, out": "1536, 576",
    "dtype: size": "f32: 3.4MB",
    "loss": "0.0001225067",
    "samples": "262144",
    "damp": "0.05000",
    "time": "0.504",
    "fwd_time": "11.262",
    "(v)ram": "n/a"
}
{
    "process": "gptq",
    "layer": 8,
    "module": "self_attn.k_proj",
    "feat: in, out": "576, 192",
    "dtype: size": "f32: 0.4MB",
    "loss": "0.0000366652",
    "samples": "262144",
    "damp": "0.05000",
    "time": "0.331",
    "fwd_time": "1.572",
    "(v)ram": "n/a"
}
{
    "process": "gptq",
    "layer": 8,
    "module": "self_attn.q_proj",
    "feat: in, out": "576, 576",
    "dtype: size": "f32: 1.3MB",
    "loss": "0.0000945793",
    "samples": "262144",
    "damp": "0.05000",
    "time": "0.366",
    "fwd_time": "1.572",
    "(v)ram": "n/a"
}
{
    "process": "gptq",
    "layer": 8,
    "module": "self_attn.v_proj",
    "feat: in, out": "576, 192",
    "dtype: size": "f32: 0.4MB",
    "loss": "0.0000183672",
    "samples": "262144",
    "damp": "0.05000",
    "time": "0.106",
    "fwd_time": "1.572",
    "(v)ram": "n/a"
}
{
    "process": "gptq",
    "layer": 8,
    "module": "self_attn.o_proj",
    "feat: in, out": "576, 576",
    "dtype: size": "f32: 1.3MB",
    "loss": "0.0000240028",
    "samples": "262144",
    "damp": "0.05000",
    "time": "0.137",
    "fwd_time": "4.928",
    "(v)ram": "n/a"
}
{
    "process": "gptq",
    "layer": 8,
    "module": "mlp.up_proj",
    "feat: in, out": "576, 1536",
    "dtype: size": "f32: 3.4MB",
    "loss": "0.0000802164",
    "samples": "262144",
    "damp": "0.05000",
    "time": "0.492",
    "fwd_time": "7.455",
    "(v)ram": "n/a"
}
{
    "process": "gptq",
    "layer": 8,
    "module": "mlp.gate_proj",
    "feat: in, out": "576, 1536",
    "dtype: size": "f32: 3.4MB",
    "loss": "0.0000732634",
    "samples": "262144",
    "damp": "0.05000",
    "time": "0.503",
    "fwd_time": "7.455",
    "(v)ram": "n/a"
}
{
    "process": "gptq",
    "layer": 8,
    "module": "mlp.down_proj",
    "feat: in, out": "1536, 576",
    "dtype: size": "f32: 3.4MB",
    "loss": "0.0001706279",
    "samples": "262144",
    "damp": "0.05000",
    "time": "0.638",
    "fwd_time": "12.451",
    "(v)ram": "n/a"
}
{
    "process": "gptq",
    "layer": 9,
    "module": "self_attn.k_proj",
    "feat: in, out": "576, 192",
    "dtype: size": "f32: 0.4MB",
    "loss": "0.0000254049",
    "samples": "262144",
    "damp": "0.05000",
    "time": "0.422",
    "fwd_time": "1.921",
    "(v)ram": "n/a"
}
{
    "process": "gptq",
    "layer": 9,
    "module": "self_attn.q_proj",
    "feat: in, out": "576, 576",
    "dtype: size": "f32: 1.3MB",
    "loss": "0.0000704683",
    "samples": "262144",
    "damp": "0.05000",
    "time": "0.479",
    "fwd_time": "1.921",
    "(v)ram": "n/a"
}
{
    "process": "gptq",
    "layer": 9,
    "module": "self_attn.v_proj",
    "feat: in, out": "576, 192",
    "dtype: size": "f32: 0.4MB",
    "loss": "0.0000106412",
    "samples": "262144",
    "damp": "0.05000",
    "time": "0.156",
    "fwd_time": "1.921",
    "(v)ram": "n/a"
}
{
    "process": "gptq",
    "layer": 9,
    "module": "self_attn.o_proj",
    "feat: in, out": "576, 576",
    "dtype: size": "f32: 1.3MB",
    "loss": "0.0000360324",
    "samples": "262144",
    "damp": "0.05000",
    "time": "0.162",
    "fwd_time": "5.072",
    "(v)ram": "n/a"
}
{
    "process": "gptq",
    "layer": 9,
    "module": "mlp.gate_proj",
    "feat: in, out": "576, 1536",
    "dtype: size": "f32: 3.4MB",
    "loss": "0.0000710287",
    "samples": "262144",
    "damp": "0.05000",
    "time": "0.453",
    "fwd_time": "7.968",
    "(v)ram": "n/a"
}
{
    "process": "gptq",
    "layer": 9,
    "module": "mlp.up_proj",
    "feat: in, out": "576, 1536",
    "dtype: size": "f32: 3.4MB",
    "loss": "0.0000869901",
    "samples": "262144",
    "damp": "0.05000",
    "time": "0.459",
    "fwd_time": "7.968",
    "(v)ram": "n/a"
}
{
    "process": "gptq",
    "layer": 9,
    "module": "mlp.down_proj",
    "feat: in, out": "1536, 576",
    "dtype: size": "f32: 3.4MB",
    "loss": "0.0001938110",
    "samples": "262144",
    "damp": "0.05000",
    "time": "0.495",
    "fwd_time": "12.171",
    "(v)ram": "n/a"
}
{
    "process": "gptq",
    "layer": 10,
    "module": "self_attn.k_proj",
    "feat: in, out": "576, 192",
    "dtype: size": "f32: 0.4MB",
    "loss": "0.0000222172",
    "samples": "262144",
    "damp": "0.05000",
    "time": "0.352",
    "fwd_time": "1.846",
    "(v)ram": "n/a"
}
{
    "process": "gptq",
    "layer": 10,
    "module": "self_attn.q_proj",
    "feat: in, out": "576, 576",
    "dtype: size": "f32: 1.3MB",
    "loss": "0.0000630903",
    "samples": "262144",
    "damp": "0.05000",
    "time": "0.405",
    "fwd_time": "1.846",
    "(v)ram": "n/a"
}
{
    "process": "gptq",
    "layer": 10,
    "module": "self_attn.v_proj",
    "feat: in, out": "576, 192",
    "dtype: size": "f32: 0.4MB",
    "loss": "0.0000107201",
    "samples": "262144",
    "damp": "0.05000",
    "time": "0.149",
    "fwd_time": "1.846",
    "(v)ram": "n/a"
}
{
    "process": "gptq",
    "layer": 10,
    "module": "self_attn.o_proj",
    "feat: in, out": "576, 576",
    "dtype: size": "f32: 1.3MB",
    "loss": "0.0000618762",
    "samples": "262144",
    "damp": "0.05000",
    "time": "0.251",
    "fwd_time": "5.526",
    "(v)ram": "n/a"
}
{
    "process": "gptq",
    "layer": 10,
    "module": "mlp.up_proj",
    "feat: in, out": "576, 1536",
    "dtype: size": "f32: 3.4MB",
    "loss": "0.0000871401",
    "samples": "262144",
    "damp": "0.05000",
    "time": "0.503",
    "fwd_time": "7.942",
    "(v)ram": "n/a"
}
{
    "process": "gptq",
    "layer": 10,
    "module": "mlp.gate_proj",
    "feat: in, out": "576, 1536",
    "dtype: size": "f32: 3.4MB",
    "loss": "0.0000678974",
    "samples": "262144",
    "damp": "0.05000",
    "time": "0.508",
    "fwd_time": "7.942",
    "(v)ram": "n/a"
}
{
    "process": "gptq",
    "layer": 10,
    "module": "mlp.down_proj",
    "feat: in, out": "1536, 576",
    "dtype: size": "f32: 3.4MB",
    "loss": "0.0001860036",
    "samples": "262144",
    "damp": "0.05000",
    "time": "0.856",
    "fwd_time": "11.317",
    "(v)ram": "n/a"
}
{
    "process": "gptq",
    "layer": 11,
    "module": "self_attn.k_proj",
    "feat: in, out": "576, 192",
    "dtype: size": "f32: 0.4MB",
    "loss": "0.0000198820",
    "samples": "262144",
    "damp": "0.05000",
    "time": "0.324",
    "fwd_time": "1.809",
    "(v)ram": "n/a"
}
{
    "process": "gptq",
    "layer": 11,
    "module": "self_attn.q_proj",
    "feat: in, out": "576, 576",
    "dtype: size": "f32: 1.3MB",
    "loss": "0.0000573626",
    "samples": "262144",
    "damp": "0.05000",
    "time": "0.364",
    "fwd_time": "1.809",
    "(v)ram": "n/a"
}
{
    "process": "gptq",
    "layer": 11,
    "module": "self_attn.v_proj",
    "feat: in, out": "576, 192",
    "dtype: size": "f32: 0.4MB",
    "loss": "0.0000100622",
    "samples": "262144",
    "damp": "0.05000",
    "time": "0.099",
    "fwd_time": "1.809",
    "(v)ram": "n/a"
}
{
    "process": "gptq",
    "layer": 11,
    "module": "self_attn.o_proj",
    "feat: in, out": "576, 576",
    "dtype: size": "f32: 1.3MB",
    "loss": "0.0000803778",
    "samples": "262144",
    "damp": "0.05000",
    "time": "0.144",
    "fwd_time": "5.469",
    "(v)ram": "n/a"
}
{
    "process": "gptq",
    "layer": 11,
    "module": "mlp.gate_proj",
    "feat: in, out": "576, 1536",
    "dtype: size": "f32: 3.4MB",
    "loss": "0.0000635468",
    "samples": "262144",
    "damp": "0.05000",
    "time": "0.564",
    "fwd_time": "7.542",
    "(v)ram": "n/a"
}
{
    "process": "gptq",
    "layer": 11,
    "module": "mlp.up_proj",
    "feat: in, out": "576, 1536",
    "dtype: size": "f32: 3.4MB",
    "loss": "0.0000857775",
    "samples": "262144",
    "damp": "0.05000",
    "time": "0.571",
    "fwd_time": "7.542",
    "(v)ram": "n/a"
}
{
    "process": "gptq",
    "layer": 11,
    "module": "mlp.down_proj",
    "feat: in, out": "1536, 576",
    "dtype: size": "f32: 3.4MB",
    "loss": "0.0018476238",
    "samples": "262144",
    "damp": "0.05000",
    "time": "0.452",
    "fwd_time": "11.004",
    "(v)ram": "n/a"
}
{
    "process": "gptq",
    "layer": 12,
    "module": "self_attn.k_proj",
    "feat: in, out": "576, 192",
    "dtype: size": "f32: 0.4MB",
    "loss": "0.0000289001",
    "samples": "262144",
    "damp": "0.05000",
    "time": "0.433",
    "fwd_time": "1.902",
    "(v)ram": "n/a"
}
{
    "process": "gptq",
    "layer": 12,
    "module": "self_attn.q_proj",
    "feat: in, out": "576, 576",
    "dtype: size": "f32: 1.3MB",
    "loss": "0.0000820924",
    "samples": "262144",
    "damp": "0.05000",
    "time": "0.493",
    "fwd_time": "1.902",
    "(v)ram": "n/a"
}
{
    "process": "gptq",
    "layer": 12,
    "module": "self_attn.v_proj",
    "feat: in, out": "576, 192",
    "dtype: size": "f32: 0.4MB",
    "loss": "0.0000157518",
    "samples": "262144",
    "damp": "0.05000",
    "time": "0.129",
    "fwd_time": "1.902",
    "(v)ram": "n/a"
}
{
    "process": "gptq",
    "layer": 12,
    "module": "self_attn.o_proj",
    "feat: in, out": "576, 576",
    "dtype: size": "f32: 1.3MB",
    "loss": "0.0000623054",
    "samples": "262144",
    "damp": "0.05000",
    "time": "0.135",
    "fwd_time": "6.101",
    "(v)ram": "n/a"
}
{
    "process": "gptq",
    "layer": 12,
    "module": "mlp.gate_proj",
    "feat: in, out": "576, 1536",
    "dtype: size": "f32: 3.4MB",
    "loss": "0.0000616658",
    "samples": "262144",
    "damp": "0.05000",
    "time": "0.655",
    "fwd_time": "8.879",
    "(v)ram": "n/a"
}
{
    "process": "gptq",
    "layer": 12,
    "module": "mlp.up_proj",
    "feat: in, out": "576, 1536",
    "dtype: size": "f32: 3.4MB",
    "loss": "0.0000776234",
    "samples": "262144",
    "damp": "0.05000",
    "time": "0.655",
    "fwd_time": "8.879",
    "(v)ram": "n/a"
}
{
    "process": "gptq",
    "layer": 12,
    "module": "mlp.down_proj",
    "feat: in, out": "1536, 576",
    "dtype: size": "f32: 3.4MB",
    "loss": "0.0001639531",
    "samples": "262144",
    "damp": "0.05000",
    "time": "0.425",
    "fwd_time": "12.411",
    "(v)ram": "n/a"
}
{
    "process": "gptq",
    "layer": 13,
    "module": "self_attn.k_proj",
    "feat: in, out": "576, 192",
    "dtype: size": "f32: 0.4MB",
    "loss": "0.0000302258",
    "samples": "262144",
    "damp": "0.05000",
    "time": "0.434",
    "fwd_time": "1.837",
    "(v)ram": "n/a"
}
{
    "process": "gptq",
    "layer": 13,
    "module": "self_attn.q_proj",
    "feat: in, out": "576, 576",
    "dtype: size": "f32: 1.3MB",
    "loss": "0.0000880962",
    "samples": "262144",
    "damp": "0.05000",
    "time": "0.492",
    "fwd_time": "1.837",
    "(v)ram": "n/a"
}
{
    "process": "gptq",
    "layer": 13,
    "module": "self_attn.v_proj",
    "feat: in, out": "576, 192",
    "dtype: size": "f32: 0.4MB",
    "loss": "0.0000133991",
    "samples": "262144",
    "damp": "0.05000",
    "time": "0.171",
    "fwd_time": "1.837",
    "(v)ram": "n/a"
}
{
    "process": "gptq",
    "layer": 13,
    "module": "self_attn.o_proj",
    "feat: in, out": "576, 576",
    "dtype: size": "f32: 1.3MB",
    "loss": "0.0000680390",
    "samples": "262144",
    "damp": "0.05000",
    "time": "0.296",
    "fwd_time": "5.349",
    "(v)ram": "n/a"
}
{
    "process": "gptq",
    "layer": 13,
    "module": "mlp.up_proj",
    "feat: in, out": "576, 1536",
    "dtype: size": "f32: 3.4MB",
    "loss": "0.0000780773",
    "samples": "262144",
    "damp": "0.05000",
    "time": "0.625",
    "fwd_time": "8.804",
    "(v)ram": "n/a"
}
{
    "process": "gptq",
    "layer": 13,
    "module": "mlp.gate_proj",
    "feat: in, out": "576, 1536",
    "dtype: size": "f32: 3.4MB",
    "loss": "0.0000728562",
    "samples": "262144",
    "damp": "0.05000",
    "time": "0.633",
    "fwd_time": "8.804",
    "(v)ram": "n/a"
}
{
    "process": "gptq",
    "layer": 13,
    "module": "mlp.down_proj",
    "feat: in, out": "1536, 576",
    "dtype: size": "f32: 3.4MB",
    "loss": "0.0001582706",
    "samples": "262144",
    "damp": "0.05000",
    "time": "0.541",
    "fwd_time": "12.210",
    "(v)ram": "n/a"
}
{
    "process": "gptq",
    "layer": 14,
    "module": "self_attn.k_proj",
    "feat: in, out": "576, 192",
    "dtype: size": "f32: 0.4MB",
    "loss": "0.0000347689",
    "samples": "262144",
    "damp": "0.05000",
    "time": "0.304",
    "fwd_time": "1.448",
    "(v)ram": "n/a"
}
{
    "process": "gptq",
    "layer": 14,
    "module": "self_attn.q_proj",
    "feat: in, out": "576, 576",
    "dtype: size": "f32: 1.3MB",
    "loss": "0.0000953804",
    "samples": "262144",
    "damp": "0.05000",
    "time": "0.346",
    "fwd_time": "1.448",
    "(v)ram": "n/a"
}
{
    "process": "gptq",
    "layer": 14,
    "module": "self_attn.v_proj",
    "feat: in, out": "576, 192",
    "dtype: size": "f32: 0.4MB",
    "loss": "0.0000249417",
    "samples": "262144",
    "damp": "0.05000",
    "time": "0.099",
    "fwd_time": "1.448",
    "(v)ram": "n/a"
}
{
    "process": "gptq",
    "layer": 14,
    "module": "self_attn.o_proj",
    "feat: in, out": "576, 576",
    "dtype: size": "f32: 1.3MB",
    "loss": "0.0000734484",
    "samples": "262144",
    "damp": "0.05000",
    "time": "0.140",
    "fwd_time": "5.084",
    "(v)ram": "n/a"
}
{
    "process": "gptq",
    "layer": 14,
    "module": "mlp.gate_proj",
    "feat: in, out": "576, 1536",
    "dtype: size": "f32: 3.4MB",
    "loss": "0.0000712742",
    "samples": "262144",
    "damp": "0.05000",
    "time": "0.482",
    "fwd_time": "7.650",
    "(v)ram": "n/a"
}
{
    "process": "gptq",
    "layer": 14,
    "module": "mlp.up_proj",
    "feat: in, out": "576, 1536",
    "dtype: size": "f32: 3.4MB",
    "loss": "0.0000752706",
    "samples": "262144",
    "damp": "0.05000",
    "time": "0.485",
    "fwd_time": "7.650",
    "(v)ram": "n/a"
}
{
    "process": "gptq",
    "layer": 14,
    "module": "mlp.down_proj",
    "feat: in, out": "1536, 576",
    "dtype: size": "f32: 3.4MB",
    "loss": "0.0001720695",
    "samples": "262144",
    "damp": "0.05000",
    "time": "0.549",
    "fwd_time": "11.251",
    "(v)ram": "n/a"
}
{
    "process": "gptq",
    "layer": 15,
    "module": "self_attn.k_proj",
    "feat: in, out": "576, 192",
    "dtype: size": "f32: 0.4MB",
    "loss": "0.0000310220",
    "samples": "262144",
    "damp": "0.05000",
    "time": "0.356",
    "fwd_time": "1.378",
    "(v)ram": "n/a"
}
{
    "process": "gptq",
    "layer": 15,
    "module": "self_attn.q_proj",
    "feat: in, out": "576, 576",
    "dtype: size": "f32: 1.3MB",
    "loss": "0.0000865937",
    "samples": "262144",
    "damp": "0.05000",
    "time": "0.429",
    "fwd_time": "1.378",
    "(v)ram": "n/a"
}
{
    "process": "gptq",
    "layer": 15,
    "module": "self_attn.v_proj",
    "feat: in, out": "576, 192",
    "dtype: size": "f32: 0.4MB",
    "loss": "0.0000223851",
    "samples": "262144",
    "damp": "0.05000",
    "time": "0.155",
    "fwd_time": "1.378",
    "(v)ram": "n/a"
}
{
    "process": "gptq",
    "layer": 15,
    "module": "self_attn.o_proj",
    "feat: in, out": "576, 576",
    "dtype: size": "f32: 1.3MB",
    "loss": "0.0000549516",
    "samples": "262144",
    "damp": "0.05000",
    "time": "0.155",
    "fwd_time": "5.912",
    "(v)ram": "n/a"
}
{
    "process": "gptq",
    "layer": 15,
    "module": "mlp.gate_proj",
    "feat: in, out": "576, 1536",
    "dtype: size": "f32: 3.4MB",
    "loss": "0.0000775756",
    "samples": "262144",
    "damp": "0.05000",
    "time": "0.583",
    "fwd_time": "7.756",
    "(v)ram": "n/a"
}
{
    "process": "gptq",
    "layer": 15,
    "module": "mlp.up_proj",
    "feat: in, out": "576, 1536",
    "dtype: size": "f32: 3.4MB",
    "loss": "0.0000779477",
    "samples": "262144",
    "damp": "0.05000",
    "time": "0.593",
    "fwd_time": "7.756",
    "(v)ram": "n/a"
}
{
    "process": "gptq",
    "layer": 15,
    "module": "mlp.down_proj",
    "feat: in, out": "1536, 576",
    "dtype: size": "f32: 3.4MB",
    "loss": "0.0002017268",
    "samples": "262144",
    "damp": "0.05000",
    "time": "0.478",
    "fwd_time": "12.906",
    "(v)ram": "n/a"
}
{
    "process": "gptq",
    "layer": 16,
    "module": "self_attn.k_proj",
    "feat: in, out": "576, 192",
    "dtype: size": "f32: 0.4MB",
    "loss": "0.0000274967",
    "samples": "262144",
    "damp": "0.05000",
    "time": "0.380",
    "fwd_time": "2.026",
    "(v)ram": "n/a"
}
{
    "process": "gptq",
    "layer": 16,
    "module": "self_attn.q_proj",
    "feat: in, out": "576, 576",
    "dtype: size": "f32: 1.3MB",
    "loss": "0.0000740247",
    "samples": "262144",
    "damp": "0.05000",
    "time": "0.429",
    "fwd_time": "2.026",
    "(v)ram": "n/a"
}
{
    "process": "gptq",
    "layer": 16,
    "module": "self_attn.v_proj",
    "feat: in, out": "576, 192",
    "dtype: size": "f32: 0.4MB",
    "loss": "0.0000181710",
    "samples": "262144",
    "damp": "0.05000",
    "time": "0.116",
    "fwd_time": "2.026",
    "(v)ram": "n/a"
}
{
    "process": "gptq",
    "layer": 16,
    "module": "self_attn.o_proj",
    "feat: in, out": "576, 576",
    "dtype: size": "f32: 1.3MB",
    "loss": "0.0001241747",
    "samples": "262144",
    "damp": "0.05000",
    "time": "0.155",
    "fwd_time": "5.701",
    "(v)ram": "n/a"
}
{
    "process": "gptq",
    "layer": 16,
    "module": "mlp.gate_proj",
    "feat: in, out": "576, 1536",
    "dtype: size": "f32: 3.4MB",
    "loss": "0.0000715685",
    "samples": "262144",
    "damp": "0.05000",
    "time": "0.564",
    "fwd_time": "7.651",
    "(v)ram": "n/a"
}
{
    "process": "gptq",
    "layer": 16,
    "module": "mlp.up_proj",
    "feat: in, out": "576, 1536",
    "dtype: size": "f32: 3.4MB",
    "loss": "0.0000748251",
    "samples": "262144",
    "damp": "0.05000",
    "time": "0.598",
    "fwd_time": "7.651",
    "(v)ram": "n/a"
}
{
    "process": "gptq",
    "layer": 16,
    "module": "mlp.down_proj",
    "feat: in, out": "1536, 576",
    "dtype: size": "f32: 3.4MB",
    "loss": "0.0001893366",
    "samples": "262144",
    "damp": "0.05000",
    "time": "0.480",
    "fwd_time": "12.649",
    "(v)ram": "n/a"
}
{
    "process": "gptq",
    "layer": 17,
    "module": "self_attn.k_proj",
    "feat: in, out": "576, 192",
    "dtype: size": "f32: 0.4MB",
    "loss": "0.0000395494",
    "samples": "262144",
    "damp": "0.05000",
    "time": "0.408",
    "fwd_time": "1.625",
    "(v)ram": "n/a"
}
{
    "process": "gptq",
    "layer": 17,
    "module": "self_attn.q_proj",
    "feat: in, out": "576, 576",
    "dtype: size": "f32: 1.3MB",
    "loss": "0.0001327575",
    "samples": "262144",
    "damp": "0.05000",
    "time": "0.490",
    "fwd_time": "1.625",
    "(v)ram": "n/a"
}
{
    "process": "gptq",
    "layer": 17,
    "module": "self_attn.v_proj",
    "feat: in, out": "576, 192",
    "dtype: size": "f32: 0.4MB",
    "loss": "0.0000325683",
    "samples": "262144",
    "damp": "0.05000",
    "time": "0.166",
    "fwd_time": "1.625",
    "(v)ram": "n/a"
}
{
    "process": "gptq",
    "layer": 17,
    "module": "self_attn.o_proj",
    "feat: in, out": "576, 576",
    "dtype: size": "f32: 1.3MB",
    "loss": "0.0001009296",
    "samples": "262144",
    "damp": "0.05000",
    "time": "0.148",
    "fwd_time": "5.935",
    "(v)ram": "n/a"
}
{
    "process": "gptq",
    "layer": 17,
    "module": "mlp.up_proj",
    "feat: in, out": "576, 1536",
    "dtype: size": "f32: 3.4MB",
    "loss": "0.0000759588",
    "samples": "262144",
    "damp": "0.05000",
    "time": "0.608",
    "fwd_time": "8.016",
    "(v)ram": "n/a"
}
{
    "process": "gptq",
    "layer": 17,
    "module": "mlp.gate_proj",
    "feat: in, out": "576, 1536",
    "dtype: size": "f32: 3.4MB",
    "loss": "0.0000682886",
    "samples": "262144",
    "damp": "0.05000",
    "time": "0.611",
    "fwd_time": "8.016",
    "(v)ram": "n/a"
}
{
    "process": "gptq",
    "layer": 17,
    "module": "mlp.down_proj",
    "feat: in, out": "1536, 576",
    "dtype: size": "f32: 3.4MB",
    "loss": "0.0002207446",
    "samples": "262144",
    "damp": "0.05000",
    "time": "0.495",
    "fwd_time": "11.489",
    "(v)ram": "n/a"
}
{
    "process": "gptq",
    "layer": 18,
    "module": "self_attn.k_proj",
    "feat: in, out": "576, 192",
    "dtype: size": "f32: 0.4MB",
    "loss": "0.0000423246",
    "samples": "262144",
    "damp": "0.05000",
    "time": "0.414",
    "fwd_time": "1.882",
    "(v)ram": "n/a"
}
{
    "process": "gptq",
    "layer": 18,
    "module": "self_attn.q_proj",
    "feat: in, out": "576, 576",
    "dtype: size": "f32: 1.3MB",
    "loss": "0.0001346466",
    "samples": "262144",
    "damp": "0.05000",
    "time": "0.467",
    "fwd_time": "1.882",
    "(v)ram": "n/a"
}
{
    "process": "gptq",
    "layer": 18,
    "module": "self_attn.v_proj",
    "feat: in, out": "576, 192",
    "dtype: size": "f32: 0.4MB",
    "loss": "0.0000501875",
    "samples": "262144",
    "damp": "0.05000",
    "time": "0.126",
    "fwd_time": "1.882",
    "(v)ram": "n/a"
}
{
    "process": "gptq",
    "layer": 18,
    "module": "self_attn.o_proj",
    "feat: in, out": "576, 576",
    "dtype: size": "f32: 1.3MB",
    "loss": "0.0001780541",
    "samples": "262144",
    "damp": "0.05000",
    "time": "0.292",
    "fwd_time": "5.660",
    "(v)ram": "n/a"
}
{
    "process": "gptq",
    "layer": 18,
    "module": "mlp.gate_proj",
    "feat: in, out": "576, 1536",
    "dtype: size": "f32: 3.4MB",
    "loss": "0.0000753735",
    "samples": "262144",
    "damp": "0.05000",
    "time": "0.438",
    "fwd_time": "8.086",
    "(v)ram": "n/a"
}
{
    "process": "gptq",
    "layer": 18,
    "module": "mlp.up_proj",
    "feat: in, out": "576, 1536",
    "dtype: size": "f32: 3.4MB",
    "loss": "0.0000806786",
    "samples": "262144",
    "damp": "0.05000",
    "time": "0.444",
    "fwd_time": "8.086",
    "(v)ram": "n/a"
}
{
    "process": "gptq",
    "layer": 18,
    "module": "mlp.down_proj",
    "feat: in, out": "1536, 576",
    "dtype: size": "f32: 3.4MB",
    "loss": "0.0004315278",
    "samples": "262144",
    "damp": "0.05000",
    "time": "0.465",
    "fwd_time": "11.749",
    "(v)ram": "n/a"
}
{
    "process": "gptq",
    "layer": 19,
    "module": "self_attn.k_proj",
    "feat: in, out": "576, 192",
    "dtype: size": "f32: 0.4MB",
    "loss": "0.0000215913",
    "samples": "262144",
    "damp": "0.05000",
    "time": "0.358",
    "fwd_time": "1.639",
    "(v)ram": "n/a"
}
{
    "process": "gptq",
    "layer": 19,
    "module": "self_attn.q_proj",
    "feat: in, out": "576, 576",
    "dtype: size": "f32: 1.3MB",
    "loss": "0.0000900638",
    "samples": "262144",
    "damp": "0.05000",
    "time": "0.413",
    "fwd_time": "1.639",
    "(v)ram": "n/a"
}
{
    "process": "gptq",
    "layer": 19,
    "module": "self_attn.v_proj",
    "feat: in, out": "576, 192",
    "dtype: size": "f32: 0.4MB",
    "loss": "0.0000345675",
    "samples": "262144",
    "damp": "0.05000",
    "time": "0.109",
    "fwd_time": "1.639",
    "(v)ram": "n/a"
}
{
    "process": "gptq",
    "layer": 19,
    "module": "self_attn.o_proj",
    "feat: in, out": "576, 576",
    "dtype: size": "f32: 1.3MB",
    "loss": "0.0002292266",
    "samples": "262144",
    "damp": "0.05000",
    "time": "0.154",
    "fwd_time": "5.190",
    "(v)ram": "n/a"
}
{
    "process": "gptq",
    "layer": 19,
    "module": "mlp.gate_proj",
    "feat: in, out": "576, 1536",
    "dtype: size": "f32: 3.4MB",
    "loss": "0.0000913534",
    "samples": "262144",
    "damp": "0.05000",
    "time": "0.542",
    "fwd_time": "7.011",
    "(v)ram": "n/a"
}
{
    "process": "gptq",
    "layer": 19,
    "module": "mlp.up_proj",
    "feat: in, out": "576, 1536",
    "dtype: size": "f32: 3.4MB",
    "loss": "0.0000960385",
    "samples": "262144",
    "damp": "0.05000",
    "time": "0.550",
    "fwd_time": "7.011",
    "(v)ram": "n/a"
}
{
    "process": "gptq",
    "layer": 19,
    "module": "mlp.down_proj",
    "feat: in, out": "1536, 576",
    "dtype: size": "f32: 3.4MB",
    "loss": "0.0004344041",
    "samples": "262144",
    "damp": "0.05000",
    "time": "0.460",
    "fwd_time": "11.240",
    "(v)ram": "n/a"
}
{
    "process": "gptq",
    "layer": 20,
    "module": "self_attn.k_proj",
    "feat: in, out": "576, 192",
    "dtype: size": "f32: 0.4MB",
    "loss": "0.0000305143",
    "samples": "262144",
    "damp": "0.05000",
    "time": "0.320",
    "fwd_time": "1.369",
    "(v)ram": "n/a"
}
{
    "process": "gptq",
    "layer": 20,
    "module": "self_attn.q_proj",
    "feat: in, out": "576, 576",
    "dtype: size": "f32: 1.3MB",
    "loss": "0.0001099427",
    "samples": "262144",
    "damp": "0.05000",
    "time": "0.349",
    "fwd_time": "1.369",
    "(v)ram": "n/a"
}
{
    "process": "gptq",
    "layer": 20,
    "module": "self_attn.v_proj",
    "feat: in, out": "576, 192",
    "dtype: size": "f32: 0.4MB",
    "loss": "0.0000601581",
    "samples": "262144",
    "damp": "0.05000",
    "time": "0.101",
    "fwd_time": "1.369",
    "(v)ram": "n/a"
}
{
    "process": "gptq",
    "layer": 20,
    "module": "self_attn.o_proj",
    "feat: in, out": "576, 576",
    "dtype: size": "f32: 1.3MB",
    "loss": "0.0002402147",
    "samples": "262144",
    "damp": "0.05000",
    "time": "0.162",
    "fwd_time": "4.481",
    "(v)ram": "n/a"
}
{
    "process": "gptq",
    "layer": 20,
    "module": "mlp.up_proj",
    "feat: in, out": "576, 1536",
    "dtype: size": "f32: 3.4MB",
    "loss": "0.0001100378",
    "samples": "262144",
    "damp": "0.05000",
    "time": "0.450",
    "fwd_time": "6.590",
    "(v)ram": "n/a"
}
{
    "process": "gptq",
    "layer": 20,
    "module": "mlp.gate_proj",
    "feat: in, out": "576, 1536",
    "dtype: size": "f32: 3.4MB",
    "loss": "0.0000961916",
    "samples": "262144",
    "damp": "0.05000",
    "time": "0.459",
    "fwd_time": "6.590",
    "(v)ram": "n/a"
}
{
    "process": "gptq",
    "layer": 20,
    "module": "mlp.down_proj",
    "feat: in, out": "1536, 576",
    "dtype: size": "f32: 3.4MB",
    "loss": "0.0008212815",
    "samples": "262144",
    "damp": "0.05000",
    "time": "0.404",
    "fwd_time": "10.312",
    "(v)ram": "n/a"
}
{
    "process": "gptq",
    "layer": 21,
    "module": "self_attn.k_proj",
    "feat: in, out": "576, 192",
    "dtype: size": "f32: 0.4MB",
    "loss": "0.0000272149",
    "samples": "262144",
    "damp": "0.05000",
    "time": "0.393",
    "fwd_time": "1.494",
    "(v)ram": "n/a"
}
{
    "process": "gptq",
    "layer": 21,
    "module": "self_attn.q_proj",
    "feat: in, out": "576, 576",
    "dtype: size": "f32: 1.3MB",
    "loss": "0.0000938754",
    "samples": "262144",
    "damp": "0.05000",
    "time": "0.435",
    "fwd_time": "1.494",
    "(v)ram": "n/a"
}
{
    "process": "gptq",
    "layer": 21,
    "module": "self_attn.v_proj",
    "feat: in, out": "576, 192",
    "dtype: size": "f32: 0.4MB",
    "loss": "0.0000422685",
    "samples": "262144",
    "damp": "0.05000",
    "time": "0.120",
    "fwd_time": "1.494",
    "(v)ram": "n/a"
}
{
    "process": "gptq",
    "layer": 21,
    "module": "self_attn.o_proj",
    "feat: in, out": "576, 576",
    "dtype: size": "f32: 1.3MB",
    "loss": "0.0002073828",
    "samples": "262144",
    "damp": "0.05000",
    "time": "0.132",
    "fwd_time": "5.036",
    "(v)ram": "n/a"
}
{
    "process": "gptq",
    "layer": 21,
    "module": "mlp.gate_proj",
    "feat: in, out": "576, 1536",
    "dtype: size": "f32: 3.4MB",
    "loss": "0.0001099596",
    "samples": "262144",
    "damp": "0.05000",
    "time": "0.509",
    "fwd_time": "6.758",
    "(v)ram": "n/a"
}
{
    "process": "gptq",
    "layer": 21,
    "module": "mlp.up_proj",
    "feat: in, out": "576, 1536",
    "dtype: size": "f32: 3.4MB",
    "loss": "0.0001220805",
    "samples": "262144",
    "damp": "0.05000",
    "time": "0.514",
    "fwd_time": "6.758",
    "(v)ram": "n/a"
}
{
    "process": "gptq",
    "layer": 21,
    "module": "mlp.down_proj",
    "feat: in, out": "1536, 576",
    "dtype: size": "f32: 3.4MB",
    "loss": "0.0006107105",
    "samples": "262144",
    "damp": "0.05000",
    "time": "0.503",
    "fwd_time": "10.324",
    "(v)ram": "n/a"
}
{
    "process": "gptq",
    "layer": 22,
    "module": "self_attn.k_proj",
    "feat: in, out": "576, 192",
    "dtype: size": "f32: 0.4MB",
    "loss": "0.0000260074",
    "samples": "262144",
    "damp": "0.05000",
    "time": "0.367",
    "fwd_time": "1.487",
    "(v)ram": "n/a"
}
{
    "process": "gptq",
    "layer": 22,
    "module": "self_attn.q_proj",
    "feat: in, out": "576, 576",
    "dtype: size": "f32: 1.3MB",
    "loss": "0.0000901024",
    "samples": "262144",
    "damp": "0.05000",
    "time": "0.413",
    "fwd_time": "1.487",
    "(v)ram": "n/a"
}
{
    "process": "gptq",
    "layer": 22,
    "module": "self_attn.v_proj",
    "feat: in, out": "576, 192",
    "dtype: size": "f32: 0.4MB",
    "loss": "0.0000429230",
    "samples": "262144",
    "damp": "0.05000",
    "time": "0.107",
    "fwd_time": "1.487",
    "(v)ram": "n/a"
}
{
    "process": "gptq",
    "layer": 22,
    "module": "self_attn.o_proj",
    "feat: in, out": "576, 576",
    "dtype: size": "f32: 1.3MB",
    "loss": "0.0002490602",
    "samples": "262144",
    "damp": "0.05000",
    "time": "0.144",
    "fwd_time": "4.923",
    "(v)ram": "n/a"
}
{
    "process": "gptq",
    "layer": 22,
    "module": "mlp.gate_proj",
    "feat: in, out": "576, 1536",
    "dtype: size": "f32: 3.4MB",
    "loss": "0.0001150568",
    "samples": "262144",
    "damp": "0.05000",
    "time": "0.537",
    "fwd_time": "7.579",
    "(v)ram": "n/a"
}
{
    "process": "gptq",
    "layer": 22,
    "module": "mlp.up_proj",
    "feat: in, out": "576, 1536",
    "dtype: size": "f32: 3.4MB",
    "loss": "0.0001332885",
    "samples": "262144",
    "damp": "0.05000",
    "time": "0.549",
    "fwd_time": "7.579",
    "(v)ram": "n/a"
}
{
    "process": "gptq",
    "layer": 22,
    "module": "mlp.down_proj",
    "feat: in, out": "1536, 576",
    "dtype: size": "f32: 3.4MB",
    "loss": "0.0010250941",
    "samples": "262144",
    "damp": "0.05000",
    "time": "0.442",
    "fwd_time": "10.744",
    "(v)ram": "n/a"
}
{
    "process": "gptq",
    "layer": 23,
    "module": "self_attn.k_proj",
    "feat: in, out": "576, 192",
    "dtype: size": "f32: 0.4MB",
    "loss": "0.0000382480",
    "samples": "262144",
    "damp": "0.05000",
    "time": "0.359",
    "fwd_time": "1.567",
    "(v)ram": "n/a"
}
{
    "process": "gptq",
    "layer": 23,
    "module": "self_attn.q_proj",
    "feat: in, out": "576, 576",
    "dtype: size": "f32: 1.3MB",
    "loss": "0.0001264192",
    "samples": "262144",
    "damp": "0.05000",
    "time": "0.408",
    "fwd_time": "1.567",
    "(v)ram": "n/a"
}
{
    "process": "gptq",
    "layer": 23,
    "module": "self_attn.v_proj",
    "feat: in, out": "576, 192",
    "dtype: size": "f32: 0.4MB",
    "loss": "0.0001377999",
    "samples": "262144",
    "damp": "0.05000",
    "time": "0.130",
    "fwd_time": "1.567",
    "(v)ram": "n/a"
}
{
    "process": "gptq",
    "layer": 23,
    "module": "self_attn.o_proj",
    "feat: in, out": "576, 576",
    "dtype: size": "f32: 1.3MB",
    "loss": "0.0007161460",
    "samples": "262144",
    "damp": "0.05000",
    "time": "0.166",
    "fwd_time": "5.065",
    "(v)ram": "n/a"
}
{
    "process": "gptq",
    "layer": 23,
    "module": "mlp.gate_proj",
    "feat: in, out": "576, 1536",
    "dtype: size": "f32: 3.4MB",
    "loss": "0.0001203272",
    "samples": "262144",
    "damp": "0.05000",
    "time": "0.497",
    "fwd_time": "7.203",
    "(v)ram": "n/a"
}
{
    "process": "gptq",
    "layer": 23,
    "module": "mlp.up_proj",
    "feat: in, out": "576, 1536",
    "dtype: size": "f32: 3.4MB",
    "loss": "0.0001560286",
    "samples": "262144",
    "damp": "0.05000",
    "time": "0.504",
    "fwd_time": "7.203",
    "(v)ram": "n/a"
}
{
    "process": "gptq",
    "layer": 23,
    "module": "mlp.down_proj",
    "feat: in, out": "1536, 576",
    "dtype: size": "f32: 3.4MB",
    "loss": "0.0012090898",
    "samples": "262144",
    "damp": "0.05000",
    "time": "0.664",
    "fwd_time": "11.153",
    "(v)ram": "n/a"
}
{
    "process": "gptq",
    "layer": 24,
    "module": "self_attn.k_proj",
    "feat: in, out": "576, 192",
    "dtype: size": "f32: 0.4MB",
    "loss": "0.0000313648",
    "samples": "262144",
    "damp": "0.05000",
    "time": "0.380",
    "fwd_time": "1.599",
    "(v)ram": "n/a"
}
{
    "process": "gptq",
    "layer": 24,
    "module": "self_attn.q_proj",
    "feat: in, out": "576, 576",
    "dtype: size": "f32: 1.3MB",
    "loss": "0.0001215387",
    "samples": "262144",
    "damp": "0.05000",
    "time": "0.425",
    "fwd_time": "1.599",
    "(v)ram": "n/a"
}
{
    "process": "gptq",
    "layer": 24,
    "module": "self_attn.v_proj",
    "feat: in, out": "576, 192",
    "dtype: size": "f32: 0.4MB",
    "loss": "0.0001331000",
    "samples": "262144",
    "damp": "0.05000",
    "time": "0.122",
    "fwd_time": "1.599",
    "(v)ram": "n/a"
}
{
    "process": "gptq",
    "layer": 24,
    "module": "self_attn.o_proj",
    "feat: in, out": "576, 576",
    "dtype: size": "f32: 1.3MB",
    "loss": "0.0004955409",
    "samples": "262144",
    "damp": "0.05000",
    "time": "0.202",
    "fwd_time": "5.123",
    "(v)ram": "n/a"
}
{
    "process": "gptq",
    "layer": 24,
    "module": "mlp.up_proj",
    "feat: in, out": "576, 1536",
    "dtype: size": "f32: 3.4MB",
    "loss": "0.0001522237",
    "samples": "262144",
    "damp": "0.05000",
    "time": "0.511",
    "fwd_time": "8.499",
    "(v)ram": "n/a"
}
{
    "process": "gptq",
    "layer": 24,
    "module": "mlp.gate_proj",
    "feat: in, out": "576, 1536",
    "dtype: size": "f32: 3.4MB",
    "loss": "0.0001161003",
    "samples": "262144",
    "damp": "0.05000",
    "time": "0.523",
    "fwd_time": "8.499",
    "(v)ram": "n/a"
}
{
    "process": "gptq",
    "layer": 24,
    "module": "mlp.down_proj",
    "feat: in, out": "1536, 576",
    "dtype: size": "f32: 3.4MB",
    "loss": "0.0015001752",
    "samples": "262144",
    "damp": "0.05000",
    "time": "0.455",
    "fwd_time": "11.866",
    "(v)ram": "n/a"
}
{
    "process": "gptq",
    "layer": 25,
    "module": "self_attn.k_proj",
    "feat: in, out": "576, 192",
    "dtype: size": "f32: 0.4MB",
    "loss": "0.0000253094",
    "samples": "262144",
    "damp": "0.05000",
    "time": "0.296",
    "fwd_time": "1.714",
    "(v)ram": "n/a"
}
{
    "process": "gptq",
    "layer": 25,
    "module": "self_attn.q_proj",
    "feat: in, out": "576, 576",
    "dtype: size": "f32: 1.3MB",
    "loss": "0.0000873719",
    "samples": "262144",
    "damp": "0.05000",
    "time": "0.337",
    "fwd_time": "1.714",
    "(v)ram": "n/a"
}
{
    "process": "gptq",
    "layer": 25,
    "module": "self_attn.v_proj",
    "feat: in, out": "576, 192",
    "dtype: size": "f32: 0.4MB",
    "loss": "0.0000516853",
    "samples": "262144",
    "damp": "0.05000",
    "time": "0.101",
    "fwd_time": "1.714",
    "(v)ram": "n/a"
}
{
    "process": "gptq",
    "layer": 25,
    "module": "self_attn.o_proj",
    "feat: in, out": "576, 576",
    "dtype: size": "f32: 1.3MB",
    "loss": "0.0002106639",
    "samples": "262144",
    "damp": "0.05000",
    "time": "0.183",
    "fwd_time": "5.373",
    "(v)ram": "n/a"
}
{
    "process": "gptq",
    "layer": 25,
    "module": "mlp.gate_proj",
    "feat: in, out": "576, 1536",
    "dtype: size": "f32: 3.4MB",
    "loss": "0.0001197004",
    "samples": "262144",
    "damp": "0.05000",
    "time": "0.531",
    "fwd_time": "7.077",
    "(v)ram": "n/a"
}
{
    "process": "gptq",
    "layer": 25,
    "module": "mlp.up_proj",
    "feat: in, out": "576, 1536",
    "dtype: size": "f32: 3.4MB",
    "loss": "0.0001517900",
    "samples": "262144",
    "damp": "0.05000",
    "time": "0.540",
    "fwd_time": "7.077",
    "(v)ram": "n/a"
}
{
    "process": "gptq",
    "layer": 25,
    "module": "mlp.down_proj",
    "feat: in, out": "1536, 576",
    "dtype: size": "f32: 3.4MB",
    "loss": "0.0011265184",
    "samples": "262144",
    "damp": "0.05000",
    "time": "0.508",
    "fwd_time": "10.814",
    "(v)ram": "n/a"
}
{
    "process": "gptq",
    "layer": 26,
    "module": "self_attn.k_proj",
    "feat: in, out": "576, 192",
    "dtype: size": "f32: 0.4MB",
    "loss": "0.0000236057",
    "samples": "262144",
    "damp": "0.05000",
    "time": "0.363",
    "fwd_time": "1.587",
    "(v)ram": "n/a"
}
{
    "process": "gptq",
    "layer": 26,
    "module": "self_attn.q_proj",
    "feat: in, out": "576, 576",
    "dtype: size": "f32: 1.3MB",
    "loss": "0.0000865950",
    "samples": "262144",
    "damp": "0.05000",
    "time": "0.422",
    "fwd_time": "1.587",
    "(v)ram": "n/a"
}
{
    "process": "gptq",
    "layer": 26,
    "module": "self_attn.v_proj",
    "feat: in, out": "576, 192",
    "dtype: size": "f32: 0.4MB",
    "loss": "0.0000732771",
    "samples": "262144",
    "damp": "0.05000",
    "time": "0.159",
    "fwd_time": "1.587",
    "(v)ram": "n/a"
}
{
    "process": "gptq",
    "layer": 26,
    "module": "self_attn.o_proj",
    "feat: in, out": "576, 576",
    "dtype: size": "f32: 1.3MB",
    "loss": "0.0003898771",
    "samples": "262144",
    "damp": "0.05000",
    "time": "0.141",
    "fwd_time": "5.066",
    "(v)ram": "n/a"
}
{
    "process": "gptq",
    "layer": 26,
    "module": "mlp.up_proj",
    "feat: in, out": "576, 1536",
    "dtype: size": "f32: 3.4MB",
    "loss": "0.0001699254",
    "samples": "262144",
    "damp": "0.05000",
    "time": "0.478",
    "fwd_time": "7.359",
    "(v)ram": "n/a"
}
{
    "process": "gptq",
    "layer": 26,
    "module": "mlp.gate_proj",
    "feat: in, out": "576, 1536",
    "dtype: size": "f32: 3.4MB",
    "loss": "0.0001328046",
    "samples": "262144",
    "damp": "0.05000",
    "time": "0.483",
    "fwd_time": "7.359",
    "(v)ram": "n/a"
}
{
    "process": "gptq",
    "layer": 26,
    "module": "mlp.down_proj",
    "feat: in, out": "1536, 576",
    "dtype: size": "f32: 3.4MB",
    "loss": "0.0015404607",
    "samples": "262144",
    "damp": "0.05000",
    "time": "0.551",
    "fwd_time": "10.458",
    "(v)ram": "n/a"
}
{
    "process": "gptq",
    "layer": 27,
    "module": "self_attn.k_proj",
    "feat: in, out": "576, 192",
    "dtype: size": "f32: 0.4MB",
    "loss": "0.0000232438",
    "samples": "262144",
    "damp": "0.05000",
    "time": "0.309",
    "fwd_time": "1.692",
    "(v)ram": "n/a"
}
{
    "process": "gptq",
    "layer": 27,
    "module": "self_attn.q_proj",
    "feat: in, out": "576, 576",
    "dtype: size": "f32: 1.3MB",
    "loss": "0.0000881081",
    "samples": "262144",
    "damp": "0.05000",
    "time": "0.348",
    "fwd_time": "1.692",
    "(v)ram": "n/a"
}
{
    "process": "gptq",
    "layer": 27,
    "module": "self_attn.v_proj",
    "feat: in, out": "576, 192",
    "dtype: size": "f32: 0.4MB",
    "loss": "0.0000585514",
    "samples": "262144",
    "damp": "0.05000",
    "time": "0.104",
    "fwd_time": "1.692",
    "(v)ram": "n/a"
}
{
    "process": "gptq",
    "layer": 27,
    "module": "self_attn.o_proj",
    "feat: in, out": "576, 576",
    "dtype: size": "f32: 1.3MB",
    "loss": "0.0004408952",
    "samples": "262144",
    "damp": "0.05000",
    "time": "0.158",
    "fwd_time": "5.238",
    "(v)ram": "n/a"
}
{
    "process": "gptq",
    "layer": 27,
    "module": "mlp.up_proj",
    "feat: in, out": "576, 1536",
    "dtype: size": "f32: 3.4MB",
    "loss": "0.0001707670",
    "samples": "262144",
    "damp": "0.05000",
    "time": "0.513",
    "fwd_time": "7.985",
    "(v)ram": "n/a"
}
{
    "process": "gptq",
    "layer": 27,
    "module": "mlp.gate_proj",
    "feat: in, out": "576, 1536",
    "dtype: size": "f32: 3.4MB",
    "loss": "0.0001319416",
    "samples": "262144",
    "damp": "0.05000",
    "time": "0.516",
    "fwd_time": "7.985",
    "(v)ram": "n/a"
}
{
    "process": "gptq",
    "layer": 27,
    "module": "mlp.down_proj",
    "feat: in, out": "1536, 576",
    "dtype: size": "f32: 3.4MB",
    "loss": "0.0021559745",
    "samples": "262144",
    "damp": "0.05000",
    "time": "0.473",
    "fwd_time": "10.836",
    "(v)ram": "n/a"
}
{
    "process": "gptq",
    "layer": 28,
    "module": "self_attn.k_proj",
    "feat: in, out": "576, 192",
    "dtype: size": "f32: 0.4MB",
    "loss": "0.0000206198",
    "samples": "262144",
    "damp": "0.05000",
    "time": "0.365",
    "fwd_time": "1.453",
    "(v)ram": "n/a"
}
{
    "process": "gptq",
    "layer": 28,
    "module": "self_attn.q_proj",
    "feat: in, out": "576, 576",
    "dtype: size": "f32: 1.3MB",
    "loss": "0.0000702082",
    "samples": "262144",
    "damp": "0.05000",
    "time": "0.409",
    "fwd_time": "1.453",
    "(v)ram": "n/a"
}
{
    "process": "gptq",
    "layer": 28,
    "module": "self_attn.v_proj",
    "feat: in, out": "576, 192",
    "dtype: size": "f32: 0.4MB",
    "loss": "0.0000741097",
    "samples": "262144",
    "damp": "0.05000",
    "time": "0.103",
    "fwd_time": "1.453",
    "(v)ram": "n/a"
}
{
    "process": "gptq",
    "layer": 28,
    "module": "self_attn.o_proj",
    "feat: in, out": "576, 576",
    "dtype: size": "f32: 1.3MB",
    "loss": "0.0005413879",
    "samples": "262144",
    "damp": "0.05000",
    "time": "0.133",
    "fwd_time": "4.589",
    "(v)ram": "n/a"
}
{
    "process": "gptq",
    "layer": 28,
    "module": "mlp.gate_proj",
    "feat: in, out": "576, 1536",
    "dtype: size": "f32: 3.4MB",
    "loss": "0.0001347165",
    "samples": "262144",
    "damp": "0.05000",
    "time": "0.446",
    "fwd_time": "7.049",
    "(v)ram": "n/a"
}
{
    "process": "gptq",
    "layer": 28,
    "module": "mlp.up_proj",
    "feat: in, out": "576, 1536",
    "dtype: size": "f32: 3.4MB",
    "loss": "0.0001879468",
    "samples": "262144",
    "damp": "0.05000",
    "time": "0.449",
    "fwd_time": "7.049",
    "(v)ram": "n/a"
}
{
    "process": "gptq",
    "layer": 28,
    "module": "mlp.down_proj",
    "feat: in, out": "1536, 576",
    "dtype: size": "f32: 3.4MB",
    "loss": "0.0111160651",
    "samples": "262144",
    "damp": "0.05000",
    "time": "0.377",
    "fwd_time": "10.818",
    "(v)ram": "n/a"
}
{
    "process": "gptq",
    "layer": 29,
    "module": "self_attn.k_proj",
    "feat: in, out": "576, 192",
    "dtype: size": "f32: 0.4MB",
    "loss": "0.0000191621",
    "samples": "262144",
    "damp": "0.05000",
    "time": "0.363",
    "fwd_time": "1.664",
    "(v)ram": "n/a"
}
{
    "process": "gptq",
    "layer": 29,
    "module": "self_attn.q_proj",
    "feat: in, out": "576, 576",
    "dtype: size": "f32: 1.3MB",
    "loss": "0.0000818591",
    "samples": "262144",
    "damp": "0.05000",
    "time": "0.422",
    "fwd_time": "1.664",
    "(v)ram": "n/a"
}
{
    "process": "gptq",
    "layer": 29,
    "module": "self_attn.v_proj",
    "feat: in, out": "576, 192",
    "dtype: size": "f32: 0.4MB",
    "loss": "0.0000866955",
    "samples": "262144",
    "damp": "0.05000",
    "time": "0.138",
    "fwd_time": "1.664",
    "(v)ram": "n/a"
}
{
    "process": "gptq",
    "layer": 29,
    "module": "self_attn.o_proj",
    "feat: in, out": "576, 576",
    "dtype: size": "f32: 1.3MB",
    "loss": "0.0013430782",
    "samples": "262144",
    "damp": "0.05000",
    "time": "0.135",
    "fwd_time": "4.950",
    "(v)ram": "n/a"
}
{
    "process": "gptq",
    "layer": 29,
    "module": "mlp.up_proj",
    "feat: in, out": "576, 1536",
    "dtype: size": "f32: 3.4MB",
    "loss": "0.0003041868",
    "samples": "262144",
    "damp": "0.05000",
    "time": "0.488",
    "fwd_time": "7.224",
    "(v)ram": "n/a"
}
{
    "process": "gptq",
    "layer": 29,
    "module": "mlp.gate_proj",
    "feat: in, out": "576, 1536",
    "dtype: size": "f32: 3.4MB",
    "loss": "0.0002204043",
    "samples": "262144",
    "damp": "0.05000",
    "time": "0.494",
    "fwd_time": "7.224",
    "(v)ram": "n/a"
}
{
    "process": "gptq",
    "layer": 29,
    "module": "mlp.down_proj",
    "feat: in, out": "1536, 576",
    "dtype: size": "f32: 3.4MB",
    "loss": "0.0220214594",
    "samples": "262144",
    "damp": "0.05000",
    "time": "0.457",
    "fwd_time": "10.671",
    "(v)ram": "n/a"
}
