{
    "process": "gptq",
    "layer": 0,
    "module": "self_attn.k_proj",
    "feat: in, out": "576, 192",
    "dtype: size": "f32: 0.4MB",
    "loss": "0.0000029675",
    "samples": "65536",
    "damp": "0.05000",
    "time": "0.972",
    "fwd_time": "1.161",
    "(v)ram": "n/a"
}
{
    "process": "gptq",
    "layer": 0,
    "module": "self_attn.q_proj",
    "feat: in, out": "576, 576",
    "dtype: size": "f32: 1.3MB",
    "loss": "0.0000047939",
    "samples": "65536",
    "damp": "0.05000",
    "time": "1.009",
    "fwd_time": "1.161",
    "(v)ram": "n/a"
}
{
    "process": "gptq",
    "layer": 0,
    "module": "self_attn.v_proj",
    "feat: in, out": "576, 192",
    "dtype: size": "f32: 0.4MB",
    "loss": "0.0000000354",
    "samples": "65536",
    "damp": "0.05000",
    "time": "0.085",
    "fwd_time": "1.161",
    "(v)ram": "n/a"
}
{
    "process": "gptq",
    "layer": 0,
    "module": "self_attn.o_proj",
    "feat: in, out": "576, 576",
    "dtype: size": "f32: 1.3MB",
    "loss": "0.0000000560",
    "samples": "65536",
    "damp": "0.05000",
    "time": "0.130",
    "fwd_time": "0.919",
    "(v)ram": "n/a"
}
{
    "process": "gptq",
    "layer": 0,
    "module": "mlp.gate_proj",
    "feat: in, out": "576, 1536",
    "dtype: size": "f32: 3.4MB",
    "loss": "0.0000225724",
    "samples": "65536",
    "damp": "0.05000",
    "time": "0.400",
    "fwd_time": "1.376",
    "(v)ram": "n/a"
}
{
    "process": "gptq",
    "layer": 0,
    "module": "mlp.up_proj",
    "feat: in, out": "576, 1536",
    "dtype: size": "f32: 3.4MB",
    "loss": "0.0000237655",
    "samples": "65536",
    "damp": "0.05000",
    "time": "0.404",
    "fwd_time": "1.376",
    "(v)ram": "n/a"
}
{
    "process": "gptq",
    "layer": 0,
    "module": "mlp.down_proj",
    "feat: in, out": "1536, 576",
    "dtype: size": "f32: 3.4MB",
    "loss": "0.0000946051",
    "samples": "65536",
    "damp": "0.05000",
    "time": "0.409",
    "fwd_time": "2.208",
    "(v)ram": "n/a"
}
{
    "process": "gptq",
    "layer": 1,
    "module": "self_attn.k_proj",
    "feat: in, out": "576, 192",
    "dtype: size": "f32: 0.4MB",
    "loss": "0.0000134835",
    "samples": "65536",
    "damp": "0.05000",
    "time": "0.269",
    "fwd_time": "0.406",
    "(v)ram": "n/a"
}
{
    "process": "gptq",
    "layer": 1,
    "module": "self_attn.q_proj",
    "feat: in, out": "576, 576",
    "dtype: size": "f32: 1.3MB",
    "loss": "0.0000307294",
    "samples": "65536",
    "damp": "0.05000",
    "time": "0.307",
    "fwd_time": "0.406",
    "(v)ram": "n/a"
}
{
    "process": "gptq",
    "layer": 1,
    "module": "self_attn.v_proj",
    "feat: in, out": "576, 192",
    "dtype: size": "f32: 0.4MB",
    "loss": "0.0000025713",
    "samples": "65536",
    "damp": "0.05000",
    "time": "0.082",
    "fwd_time": "0.406",
    "(v)ram": "n/a"
}
{
    "process": "gptq",
    "layer": 1,
    "module": "self_attn.o_proj",
    "feat: in, out": "576, 576",
    "dtype: size": "f32: 1.3MB",
    "loss": "0.0000152318",
    "samples": "65536",
    "damp": "0.05000",
    "time": "0.116",
    "fwd_time": "0.919",
    "(v)ram": "n/a"
}
{
    "process": "gptq",
    "layer": 1,
    "module": "mlp.gate_proj",
    "feat: in, out": "576, 1536",
    "dtype: size": "f32: 3.4MB",
    "loss": "0.0000348936",
    "samples": "65536",
    "damp": "0.05000",
    "time": "0.507",
    "fwd_time": "1.812",
    "(v)ram": "n/a"
}
{
    "process": "gptq",
    "layer": 1,
    "module": "mlp.up_proj",
    "feat: in, out": "576, 1536",
    "dtype: size": "f32: 3.4MB",
    "loss": "0.0000275596",
    "samples": "65536",
    "damp": "0.05000",
    "time": "0.519",
    "fwd_time": "1.812",
    "(v)ram": "n/a"
}
{
    "process": "gptq",
    "layer": 1,
    "module": "mlp.down_proj",
    "feat: in, out": "1536, 576",
    "dtype: size": "f32: 3.4MB",
    "loss": "0.0000345666",
    "samples": "65536",
    "damp": "0.05000",
    "time": "0.364",
    "fwd_time": "2.349",
    "(v)ram": "n/a"
}
{
    "process": "gptq",
    "layer": 2,
    "module": "self_attn.k_proj",
    "feat: in, out": "576, 192",
    "dtype: size": "f32: 0.4MB",
    "loss": "0.0000217141",
    "samples": "65536",
    "damp": "0.05000",
    "time": "0.349",
    "fwd_time": "0.469",
    "(v)ram": "n/a"
}
{
    "process": "gptq",
    "layer": 2,
    "module": "self_attn.q_proj",
    "feat: in, out": "576, 576",
    "dtype: size": "f32: 1.3MB",
    "loss": "0.0000503244",
    "samples": "65536",
    "damp": "0.05000",
    "time": "0.399",
    "fwd_time": "0.469",
    "(v)ram": "n/a"
}
{
    "process": "gptq",
    "layer": 2,
    "module": "self_attn.v_proj",
    "feat: in, out": "576, 192",
    "dtype: size": "f32: 0.4MB",
    "loss": "0.0000035132",
    "samples": "65536",
    "damp": "0.05000",
    "time": "0.114",
    "fwd_time": "0.469",
    "(v)ram": "n/a"
}
{
    "process": "gptq",
    "layer": 2,
    "module": "self_attn.o_proj",
    "feat: in, out": "576, 576",
    "dtype: size": "f32: 1.3MB",
    "loss": "0.0000092804",
    "samples": "65536",
    "damp": "0.05000",
    "time": "0.118",
    "fwd_time": "0.944",
    "(v)ram": "n/a"
}
{
    "process": "gptq",
    "layer": 2,
    "module": "mlp.up_proj",
    "feat: in, out": "576, 1536",
    "dtype: size": "f32: 3.4MB",
    "loss": "0.0000360785",
    "samples": "65536",
    "damp": "0.05000",
    "time": "0.439",
    "fwd_time": "1.710",
    "(v)ram": "n/a"
}
{
    "process": "gptq",
    "layer": 2,
    "module": "mlp.gate_proj",
    "feat: in, out": "576, 1536",
    "dtype: size": "f32: 3.4MB",
    "loss": "0.0000430131",
    "samples": "65536",
    "damp": "0.05000",
    "time": "0.453",
    "fwd_time": "1.710",
    "(v)ram": "n/a"
}
{
    "process": "gptq",
    "layer": 2,
    "module": "mlp.down_proj",
    "feat: in, out": "1536, 576",
    "dtype: size": "f32: 3.4MB",
    "loss": "0.0000729038",
    "samples": "65536",
    "damp": "0.05000",
    "time": "0.377",
    "fwd_time": "2.364",
    "(v)ram": "n/a"
}
{
    "process": "gptq",
    "layer": 3,
    "module": "self_attn.k_proj",
    "feat: in, out": "576, 192",
    "dtype: size": "f32: 0.4MB",
    "loss": "0.0000279949",
    "samples": "65536",
    "damp": "0.05000",
    "time": "0.291",
    "fwd_time": "0.514",
    "(v)ram": "n/a"
}
{
    "process": "gptq",
    "layer": 3,
    "module": "self_attn.q_proj",
    "feat: in, out": "576, 576",
    "dtype: size": "f32: 1.3MB",
    "loss": "0.0000704560",
    "samples": "65536",
    "damp": "0.05000",
    "time": "0.324",
    "fwd_time": "0.514",
    "(v)ram": "n/a"
}
{
    "process": "gptq",
    "layer": 3,
    "module": "self_attn.v_proj",
    "feat: in, out": "576, 192",
    "dtype: size": "f32: 0.4MB",
    "loss": "0.0000109033",
    "samples": "65536",
    "damp": "0.05000",
    "time": "0.093",
    "fwd_time": "0.514",
    "(v)ram": "n/a"
}
{
    "process": "gptq",
    "layer": 3,
    "module": "self_attn.o_proj",
    "feat: in, out": "576, 576",
    "dtype: size": "f32: 1.3MB",
    "loss": "0.0000143170",
    "samples": "65536",
    "damp": "0.05000",
    "time": "0.122",
    "fwd_time": "1.044",
    "(v)ram": "n/a"
}
{
    "process": "gptq",
    "layer": 3,
    "module": "mlp.gate_proj",
    "feat: in, out": "576, 1536",
    "dtype: size": "f32: 3.4MB",
    "loss": "0.0000449533",
    "samples": "65536",
    "damp": "0.05000",
    "time": "0.405",
    "fwd_time": "1.544",
    "(v)ram": "n/a"
}
{
    "process": "gptq",
    "layer": 3,
    "module": "mlp.up_proj",
    "feat: in, out": "576, 1536",
    "dtype: size": "f32: 3.4MB",
    "loss": "0.0000393493",
    "samples": "65536",
    "damp": "0.05000",
    "time": "0.410",
    "fwd_time": "1.544",
    "(v)ram": "n/a"
}
{
    "process": "gptq",
    "layer": 3,
    "module": "mlp.down_proj",
    "feat: in, out": "1536, 576",
    "dtype: size": "f32: 3.4MB",
    "loss": "0.0000501141",
    "samples": "65536",
    "damp": "0.05000",
    "time": "0.388",
    "fwd_time": "2.346",
    "(v)ram": "n/a"
}
{
    "process": "gptq",
    "layer": 4,
    "module": "self_attn.k_proj",
    "feat: in, out": "576, 192",
    "dtype: size": "f32: 0.4MB",
    "loss": "0.0000267038",
    "samples": "65536",
    "damp": "0.05000",
    "time": "0.277",
    "fwd_time": "0.405",
    "(v)ram": "n/a"
}
{
    "process": "gptq",
    "layer": 4,
    "module": "self_attn.q_proj",
    "feat: in, out": "576, 576",
    "dtype: size": "f32: 1.3MB",
    "loss": "0.0000641555",
    "samples": "65536",
    "damp": "0.05000",
    "time": "0.315",
    "fwd_time": "0.405",
    "(v)ram": "n/a"
}
{
    "process": "gptq",
    "layer": 4,
    "module": "self_attn.v_proj",
    "feat: in, out": "576, 192",
    "dtype: size": "f32: 0.4MB",
    "loss": "0.0000103876",
    "samples": "65536",
    "damp": "0.05000",
    "time": "0.102",
    "fwd_time": "0.405",
    "(v)ram": "n/a"
}
{
    "process": "gptq",
    "layer": 4,
    "module": "self_attn.o_proj",
    "feat: in, out": "576, 576",
    "dtype: size": "f32: 1.3MB",
    "loss": "0.0000166547",
    "samples": "65536",
    "damp": "0.05000",
    "time": "0.121",
    "fwd_time": "0.934",
    "(v)ram": "n/a"
}
{
    "process": "gptq",
    "layer": 4,
    "module": "mlp.gate_proj",
    "feat: in, out": "576, 1536",
    "dtype: size": "f32: 3.4MB",
    "loss": "0.0000569953",
    "samples": "65536",
    "damp": "0.05000",
    "time": "0.467",
    "fwd_time": "1.600",
    "(v)ram": "n/a"
}
{
    "process": "gptq",
    "layer": 4,
    "module": "mlp.up_proj",
    "feat: in, out": "576, 1536",
    "dtype: size": "f32: 3.4MB",
    "loss": "0.0000501737",
    "samples": "65536",
    "damp": "0.05000",
    "time": "0.476",
    "fwd_time": "1.600",
    "(v)ram": "n/a"
}
{
    "process": "gptq",
    "layer": 4,
    "module": "mlp.down_proj",
    "feat: in, out": "1536, 576",
    "dtype: size": "f32: 3.4MB",
    "loss": "0.0000657247",
    "samples": "65536",
    "damp": "0.05000",
    "time": "0.376",
    "fwd_time": "3.191",
    "(v)ram": "n/a"
}
{
    "process": "gptq",
    "layer": 5,
    "module": "self_attn.k_proj",
    "feat: in, out": "576, 192",
    "dtype: size": "f32: 0.4MB",
    "loss": "0.0000290618",
    "samples": "65536",
    "damp": "0.05000",
    "time": "0.266",
    "fwd_time": "0.545",
    "(v)ram": "n/a"
}
{
    "process": "gptq",
    "layer": 5,
    "module": "self_attn.q_proj",
    "feat: in, out": "576, 576",
    "dtype: size": "f32: 1.3MB",
    "loss": "0.0000676815",
    "samples": "65536",
    "damp": "0.05000",
    "time": "0.300",
    "fwd_time": "0.545",
    "(v)ram": "n/a"
}
{
    "process": "gptq",
    "layer": 5,
    "module": "self_attn.v_proj",
    "feat: in, out": "576, 192",
    "dtype: size": "f32: 0.4MB",
    "loss": "0.0000113393",
    "samples": "65536",
    "damp": "0.05000",
    "time": "0.087",
    "fwd_time": "0.545",
    "(v)ram": "n/a"
}
{
    "process": "gptq",
    "layer": 5,
    "module": "self_attn.o_proj",
    "feat: in, out": "576, 576",
    "dtype: size": "f32: 1.3MB",
    "loss": "0.0000163550",
    "samples": "65536",
    "damp": "0.05000",
    "time": "0.111",
    "fwd_time": "0.948",
    "(v)ram": "n/a"
}
{
    "process": "gptq",
    "layer": 5,
    "module": "mlp.up_proj",
    "feat: in, out": "576, 1536",
    "dtype: size": "f32: 3.4MB",
    "loss": "0.0000553553",
    "samples": "65536",
    "damp": "0.05000",
    "time": "0.423",
    "fwd_time": "1.848",
    "(v)ram": "n/a"
}
{
    "process": "gptq",
    "layer": 5,
    "module": "mlp.gate_proj",
    "feat: in, out": "576, 1536",
    "dtype: size": "f32: 3.4MB",
    "loss": "0.0000607412",
    "samples": "65536",
    "damp": "0.05000",
    "time": "0.425",
    "fwd_time": "1.848",
    "(v)ram": "n/a"
}
{
    "process": "gptq",
    "layer": 5,
    "module": "mlp.down_proj",
    "feat: in, out": "1536, 576",
    "dtype: size": "f32: 3.4MB",
    "loss": "0.0000746195",
    "samples": "65536",
    "damp": "0.05000",
    "time": "0.430",
    "fwd_time": "2.426",
    "(v)ram": "n/a"
}
{
    "process": "gptq",
    "layer": 6,
    "module": "self_attn.k_proj",
    "feat: in, out": "576, 192",
    "dtype: size": "f32: 0.4MB",
    "loss": "0.0000230655",
    "samples": "65536",
    "damp": "0.05000",
    "time": "0.295",
    "fwd_time": "0.595",
    "(v)ram": "n/a"
}
{
    "process": "gptq",
    "layer": 6,
    "module": "self_attn.q_proj",
    "feat: in, out": "576, 576",
    "dtype: size": "f32: 1.3MB",
    "loss": "0.0000561210",
    "samples": "65536",
    "damp": "0.05000",
    "time": "0.337",
    "fwd_time": "0.595",
    "(v)ram": "n/a"
}
{
    "process": "gptq",
    "layer": 6,
    "module": "self_attn.v_proj",
    "feat: in, out": "576, 192",
    "dtype: size": "f32: 0.4MB",
    "loss": "0.0000098381",
    "samples": "65536",
    "damp": "0.05000",
    "time": "0.093",
    "fwd_time": "0.595",
    "(v)ram": "n/a"
}
{
    "process": "gptq",
    "layer": 6,
    "module": "self_attn.o_proj",
    "feat: in, out": "576, 576",
    "dtype: size": "f32: 1.3MB",
    "loss": "0.0000150501",
    "samples": "65536",
    "damp": "0.05000",
    "time": "0.135",
    "fwd_time": "0.933",
    "(v)ram": "n/a"
}
{
    "process": "gptq",
    "layer": 6,
    "module": "mlp.gate_proj",
    "feat: in, out": "576, 1536",
    "dtype: size": "f32: 3.4MB",
    "loss": "0.0000597849",
    "samples": "65536",
    "damp": "0.05000",
    "time": "0.409",
    "fwd_time": "1.609",
    "(v)ram": "n/a"
}
{
    "process": "gptq",
    "layer": 6,
    "module": "mlp.up_proj",
    "feat: in, out": "576, 1536",
    "dtype: size": "f32: 3.4MB",
    "loss": "0.0000588168",
    "samples": "65536",
    "damp": "0.05000",
    "time": "0.414",
    "fwd_time": "1.609",
    "(v)ram": "n/a"
}
{
    "process": "gptq",
    "layer": 6,
    "module": "mlp.down_proj",
    "feat: in, out": "1536, 576",
    "dtype: size": "f32: 3.4MB",
    "loss": "0.0000930165",
    "samples": "65536",
    "damp": "0.05000",
    "time": "0.380",
    "fwd_time": "2.393",
    "(v)ram": "n/a"
}
{
    "process": "gptq",
    "layer": 7,
    "module": "self_attn.k_proj",
    "feat: in, out": "576, 192",
    "dtype: size": "f32: 0.4MB",
    "loss": "0.0000359177",
    "samples": "65536",
    "damp": "0.05000",
    "time": "0.286",
    "fwd_time": "0.447",
    "(v)ram": "n/a"
}
{
    "process": "gptq",
    "layer": 7,
    "module": "self_attn.q_proj",
    "feat: in, out": "576, 576",
    "dtype: size": "f32: 1.3MB",
    "loss": "0.0000972618",
    "samples": "65536",
    "damp": "0.05000",
    "time": "0.326",
    "fwd_time": "0.447",
    "(v)ram": "n/a"
}
{
    "process": "gptq",
    "layer": 7,
    "module": "self_attn.v_proj",
    "feat: in, out": "576, 192",
    "dtype: size": "f32: 0.4MB",
    "loss": "0.0000225609",
    "samples": "65536",
    "damp": "0.05000",
    "time": "0.119",
    "fwd_time": "0.447",
    "(v)ram": "n/a"
}
{
    "process": "gptq",
    "layer": 7,
    "module": "self_attn.o_proj",
    "feat: in, out": "576, 576",
    "dtype: size": "f32: 1.3MB",
    "loss": "0.0000133122",
    "samples": "65536",
    "damp": "0.05000",
    "time": "0.125",
    "fwd_time": "1.025",
    "(v)ram": "n/a"
}
{
    "process": "gptq",
    "layer": 7,
    "module": "mlp.gate_proj",
    "feat: in, out": "576, 1536",
    "dtype: size": "f32: 3.4MB",
    "loss": "0.0000618739",
    "samples": "65536",
    "damp": "0.05000",
    "time": "0.399",
    "fwd_time": "1.464",
    "(v)ram": "n/a"
}
{
    "process": "gptq",
    "layer": 7,
    "module": "mlp.up_proj",
    "feat: in, out": "576, 1536",
    "dtype: size": "f32: 3.4MB",
    "loss": "0.0000627351",
    "samples": "65536",
    "damp": "0.05000",
    "time": "0.410",
    "fwd_time": "1.464",
    "(v)ram": "n/a"
}
{
    "process": "gptq",
    "layer": 7,
    "module": "mlp.down_proj",
    "feat: in, out": "1536, 576",
    "dtype: size": "f32: 3.4MB",
    "loss": "0.0001101226",
    "samples": "65536",
    "damp": "0.05000",
    "time": "0.411",
    "fwd_time": "2.505",
    "(v)ram": "n/a"
}
{
    "process": "gptq",
    "layer": 8,
    "module": "self_attn.k_proj",
    "feat: in, out": "576, 192",
    "dtype: size": "f32: 0.4MB",
    "loss": "0.0000321276",
    "samples": "65536",
    "damp": "0.05000",
    "time": "0.303",
    "fwd_time": "0.457",
    "(v)ram": "n/a"
}
{
    "process": "gptq",
    "layer": 8,
    "module": "self_attn.q_proj",
    "feat: in, out": "576, 576",
    "dtype: size": "f32: 1.3MB",
    "loss": "0.0000826522",
    "samples": "65536",
    "damp": "0.05000",
    "time": "0.328",
    "fwd_time": "0.457",
    "(v)ram": "n/a"
}
{
    "process": "gptq",
    "layer": 8,
    "module": "self_attn.v_proj",
    "feat: in, out": "576, 192",
    "dtype: size": "f32: 0.4MB",
    "loss": "0.0000168842",
    "samples": "65536",
    "damp": "0.05000",
    "time": "0.095",
    "fwd_time": "0.457",
    "(v)ram": "n/a"
}
{
    "process": "gptq",
    "layer": 8,
    "module": "self_attn.o_proj",
    "feat: in, out": "576, 576",
    "dtype: size": "f32: 1.3MB",
    "loss": "0.0000206192",
    "samples": "65536",
    "damp": "0.05000",
    "time": "0.114",
    "fwd_time": "0.945",
    "(v)ram": "n/a"
}
{
    "process": "gptq",
    "layer": 8,
    "module": "mlp.gate_proj",
    "feat: in, out": "576, 1536",
    "dtype: size": "f32: 3.4MB",
    "loss": "0.0000629725",
    "samples": "65536",
    "damp": "0.05000",
    "time": "0.409",
    "fwd_time": "1.670",
    "(v)ram": "n/a"
}
{
    "process": "gptq",
    "layer": 8,
    "module": "mlp.up_proj",
    "feat: in, out": "576, 1536",
    "dtype: size": "f32: 3.4MB",
    "loss": "0.0000690484",
    "samples": "65536",
    "damp": "0.05000",
    "time": "0.423",
    "fwd_time": "1.670",
    "(v)ram": "n/a"
}
{
    "process": "gptq",
    "layer": 8,
    "module": "mlp.down_proj",
    "feat: in, out": "1536, 576",
    "dtype: size": "f32: 3.4MB",
    "loss": "0.0001441637",
    "samples": "65536",
    "damp": "0.05000",
    "time": "0.379",
    "fwd_time": "2.654",
    "(v)ram": "n/a"
}
{
    "process": "gptq",
    "layer": 9,
    "module": "self_attn.k_proj",
    "feat: in, out": "576, 192",
    "dtype: size": "f32: 0.4MB",
    "loss": "0.0000221130",
    "samples": "65536",
    "damp": "0.05000",
    "time": "0.275",
    "fwd_time": "0.397",
    "(v)ram": "n/a"
}
{
    "process": "gptq",
    "layer": 9,
    "module": "self_attn.q_proj",
    "feat: in, out": "576, 576",
    "dtype: size": "f32: 1.3MB",
    "loss": "0.0000613058",
    "samples": "65536",
    "damp": "0.05000",
    "time": "0.307",
    "fwd_time": "0.397",
    "(v)ram": "n/a"
}
{
    "process": "gptq",
    "layer": 9,
    "module": "self_attn.v_proj",
    "feat: in, out": "576, 192",
    "dtype: size": "f32: 0.4MB",
    "loss": "0.0000093998",
    "samples": "65536",
    "damp": "0.05000",
    "time": "0.100",
    "fwd_time": "0.397",
    "(v)ram": "n/a"
}
{
    "process": "gptq",
    "layer": 9,
    "module": "self_attn.o_proj",
    "feat: in, out": "576, 576",
    "dtype: size": "f32: 1.3MB",
    "loss": "0.0000279559",
    "samples": "65536",
    "damp": "0.05000",
    "time": "0.133",
    "fwd_time": "0.925",
    "(v)ram": "n/a"
}
{
    "process": "gptq",
    "layer": 9,
    "module": "mlp.gate_proj",
    "feat: in, out": "576, 1536",
    "dtype: size": "f32: 3.4MB",
    "loss": "0.0000611265",
    "samples": "65536",
    "damp": "0.05000",
    "time": "0.438",
    "fwd_time": "1.575",
    "(v)ram": "n/a"
}
{
    "process": "gptq",
    "layer": 9,
    "module": "mlp.up_proj",
    "feat: in, out": "576, 1536",
    "dtype: size": "f32: 3.4MB",
    "loss": "0.0000746492",
    "samples": "65536",
    "damp": "0.05000",
    "time": "0.440",
    "fwd_time": "1.575",
    "(v)ram": "n/a"
}
{
    "process": "gptq",
    "layer": 9,
    "module": "mlp.down_proj",
    "feat: in, out": "1536, 576",
    "dtype: size": "f32: 3.4MB",
    "loss": "0.0001760588",
    "samples": "65536",
    "damp": "0.05000",
    "time": "0.400",
    "fwd_time": "2.560",
    "(v)ram": "n/a"
}
{
    "process": "gptq",
    "layer": 10,
    "module": "self_attn.k_proj",
    "feat: in, out": "576, 192",
    "dtype: size": "f32: 0.4MB",
    "loss": "0.0000192410",
    "samples": "65536",
    "damp": "0.05000",
    "time": "0.273",
    "fwd_time": "0.444",
    "(v)ram": "n/a"
}
{
    "process": "gptq",
    "layer": 10,
    "module": "self_attn.q_proj",
    "feat: in, out": "576, 576",
    "dtype: size": "f32: 1.3MB",
    "loss": "0.0000550072",
    "samples": "65536",
    "damp": "0.05000",
    "time": "0.307",
    "fwd_time": "0.444",
    "(v)ram": "n/a"
}
{
    "process": "gptq",
    "layer": 10,
    "module": "self_attn.v_proj",
    "feat: in, out": "576, 192",
    "dtype: size": "f32: 0.4MB",
    "loss": "0.0000097280",
    "samples": "65536",
    "damp": "0.05000",
    "time": "0.099",
    "fwd_time": "0.444",
    "(v)ram": "n/a"
}
{
    "process": "gptq",
    "layer": 10,
    "module": "self_attn.o_proj",
    "feat: in, out": "576, 576",
    "dtype: size": "f32: 1.3MB",
    "loss": "0.0000527039",
    "samples": "65536",
    "damp": "0.05000",
    "time": "0.126",
    "fwd_time": "1.027",
    "(v)ram": "n/a"
}
{
    "process": "gptq",
    "layer": 10,
    "module": "mlp.gate_proj",
    "feat: in, out": "576, 1536",
    "dtype: size": "f32: 3.4MB",
    "loss": "0.0000581133",
    "samples": "65536",
    "damp": "0.05000",
    "time": "0.398",
    "fwd_time": "1.614",
    "(v)ram": "n/a"
}
{
    "process": "gptq",
    "layer": 10,
    "module": "mlp.up_proj",
    "feat: in, out": "576, 1536",
    "dtype: size": "f32: 3.4MB",
    "loss": "0.0000749065",
    "samples": "65536",
    "damp": "0.05000",
    "time": "0.406",
    "fwd_time": "1.614",
    "(v)ram": "n/a"
}
{
    "process": "gptq",
    "layer": 10,
    "module": "mlp.down_proj",
    "feat: in, out": "1536, 576",
    "dtype: size": "f32: 3.4MB",
    "loss": "0.0001596616",
    "samples": "65536",
    "damp": "0.05000",
    "time": "0.391",
    "fwd_time": "2.501",
    "(v)ram": "n/a"
}
{
    "process": "gptq",
    "layer": 11,
    "module": "self_attn.k_proj",
    "feat: in, out": "576, 192",
    "dtype: size": "f32: 0.4MB",
    "loss": "0.0000163812",
    "samples": "65536",
    "damp": "0.05000",
    "time": "0.284",
    "fwd_time": "0.398",
    "(v)ram": "n/a"
}
{
    "process": "gptq",
    "layer": 11,
    "module": "self_attn.q_proj",
    "feat: in, out": "576, 576",
    "dtype: size": "f32: 1.3MB",
    "loss": "0.0000486133",
    "samples": "65536",
    "damp": "0.05000",
    "time": "0.325",
    "fwd_time": "0.398",
    "(v)ram": "n/a"
}
{
    "process": "gptq",
    "layer": 11,
    "module": "self_attn.v_proj",
    "feat: in, out": "576, 192",
    "dtype: size": "f32: 0.4MB",
    "loss": "0.0000089212",
    "samples": "65536",
    "damp": "0.05000",
    "time": "0.100",
    "fwd_time": "0.398",
    "(v)ram": "n/a"
}
{
    "process": "gptq",
    "layer": 11,
    "module": "self_attn.o_proj",
    "feat: in, out": "576, 576",
    "dtype: size": "f32: 1.3MB",
    "loss": "0.0000672821",
    "samples": "65536",
    "damp": "0.05000",
    "time": "0.152",
    "fwd_time": "1.136",
    "(v)ram": "n/a"
}
{
    "process": "gptq",
    "layer": 11,
    "module": "mlp.gate_proj",
    "feat: in, out": "576, 1536",
    "dtype: size": "f32: 3.4MB",
    "loss": "0.0000529922",
    "samples": "65536",
    "damp": "0.05000",
    "time": "0.412",
    "fwd_time": "1.688",
    "(v)ram": "n/a"
}
{
    "process": "gptq",
    "layer": 11,
    "module": "mlp.up_proj",
    "feat: in, out": "576, 1536",
    "dtype: size": "f32: 3.4MB",
    "loss": "0.0000720878",
    "samples": "65536",
    "damp": "0.05000",
    "time": "0.416",
    "fwd_time": "1.688",
    "(v)ram": "n/a"
}
{
    "process": "gptq",
    "layer": 11,
    "module": "mlp.down_proj",
    "feat: in, out": "1536, 576",
    "dtype: size": "f32: 3.4MB",
    "loss": "0.0095143169",
    "samples": "65536",
    "damp": "0.05000",
    "time": "0.355",
    "fwd_time": "2.339",
    "(v)ram": "n/a"
}
{
    "process": "gptq",
    "layer": 12,
    "module": "self_attn.k_proj",
    "feat: in, out": "576, 192",
    "dtype: size": "f32: 0.4MB",
    "loss": "0.0000248071",
    "samples": "65536",
    "damp": "0.05000",
    "time": "0.288",
    "fwd_time": "0.456",
    "(v)ram": "n/a"
}
{
    "process": "gptq",
    "layer": 12,
    "module": "self_attn.q_proj",
    "feat: in, out": "576, 576",
    "dtype: size": "f32: 1.3MB",
    "loss": "0.0000698725",
    "samples": "65536",
    "damp": "0.05000",
    "time": "0.332",
    "fwd_time": "0.456",
    "(v)ram": "n/a"
}
{
    "process": "gptq",
    "layer": 12,
    "module": "self_attn.v_proj",
    "feat: in, out": "576, 192",
    "dtype: size": "f32: 0.4MB",
    "loss": "0.0000137568",
    "samples": "65536",
    "damp": "0.05000",
    "time": "0.098",
    "fwd_time": "0.456",
    "(v)ram": "n/a"
}
{
    "process": "gptq",
    "layer": 12,
    "module": "self_attn.o_proj",
    "feat: in, out": "576, 576",
    "dtype: size": "f32: 1.3MB",
    "loss": "0.0000441402",
    "samples": "65536",
    "damp": "0.05000",
    "time": "0.118",
    "fwd_time": "0.961",
    "(v)ram": "n/a"
}
{
    "process": "gptq",
    "layer": 12,
    "module": "mlp.up_proj",
    "feat: in, out": "576, 1536",
    "dtype: size": "f32: 3.4MB",
    "loss": "0.0000641261",
    "samples": "65536",
    "damp": "0.05000",
    "time": "0.398",
    "fwd_time": "1.508",
    "(v)ram": "n/a"
}
{
    "process": "gptq",
    "layer": 12,
    "module": "mlp.gate_proj",
    "feat: in, out": "576, 1536",
    "dtype: size": "f32: 3.4MB",
    "loss": "0.0000508455",
    "samples": "65536",
    "damp": "0.05000",
    "time": "0.404",
    "fwd_time": "1.508",
    "(v)ram": "n/a"
}
{
    "process": "gptq",
    "layer": 12,
    "module": "mlp.down_proj",
    "feat: in, out": "1536, 576",
    "dtype: size": "f32: 3.4MB",
    "loss": "0.0001294407",
    "samples": "65536",
    "damp": "0.05000",
    "time": "0.419",
    "fwd_time": "2.461",
    "(v)ram": "n/a"
}
{
    "process": "gptq",
    "layer": 13,
    "module": "self_attn.k_proj",
    "feat: in, out": "576, 192",
    "dtype: size": "f32: 0.4MB",
    "loss": "0.0000252087",
    "samples": "65536",
    "damp": "0.05000",
    "time": "0.289",
    "fwd_time": "0.437",
    "(v)ram": "n/a"
}
{
    "process": "gptq",
    "layer": 13,
    "module": "self_attn.q_proj",
    "feat: in, out": "576, 576",
    "dtype: size": "f32: 1.3MB",
    "loss": "0.0000724055",
    "samples": "65536",
    "damp": "0.05000",
    "time": "0.321",
    "fwd_time": "0.437",
    "(v)ram": "n/a"
}
{
    "process": "gptq",
    "layer": 13,
    "module": "self_attn.v_proj",
    "feat: in, out": "576, 192",
    "dtype: size": "f32: 0.4MB",
    "loss": "0.0000114858",
    "samples": "65536",
    "damp": "0.05000",
    "time": "0.087",
    "fwd_time": "0.437",
    "(v)ram": "n/a"
}
{
    "process": "gptq",
    "layer": 13,
    "module": "self_attn.o_proj",
    "feat: in, out": "576, 576",
    "dtype: size": "f32: 1.3MB",
    "loss": "0.0000543268",
    "samples": "65536",
    "damp": "0.05000",
    "time": "0.139",
    "fwd_time": "1.031",
    "(v)ram": "n/a"
}
{
    "process": "gptq",
    "layer": 13,
    "module": "mlp.gate_proj",
    "feat: in, out": "576, 1536",
    "dtype: size": "f32: 3.4MB",
    "loss": "0.0000599085",
    "samples": "65536",
    "damp": "0.05000",
    "time": "0.436",
    "fwd_time": "1.583",
    "(v)ram": "n/a"
}
{
    "process": "gptq",
    "layer": 13,
    "module": "mlp.up_proj",
    "feat: in, out": "576, 1536",
    "dtype: size": "f32: 3.4MB",
    "loss": "0.0000642831",
    "samples": "65536",
    "damp": "0.05000",
    "time": "0.443",
    "fwd_time": "1.583",
    "(v)ram": "n/a"
}
{
    "process": "gptq",
    "layer": 13,
    "module": "mlp.down_proj",
    "feat: in, out": "1536, 576",
    "dtype: size": "f32: 3.4MB",
    "loss": "0.0001304165",
    "samples": "65536",
    "damp": "0.05000",
    "time": "0.383",
    "fwd_time": "2.680",
    "(v)ram": "n/a"
}
{
    "process": "gptq",
    "layer": 14,
    "module": "self_attn.k_proj",
    "feat: in, out": "576, 192",
    "dtype: size": "f32: 0.4MB",
    "loss": "0.0000279718",
    "samples": "65536",
    "damp": "0.05000",
    "time": "0.277",
    "fwd_time": "0.481",
    "(v)ram": "n/a"
}
{
    "process": "gptq",
    "layer": 14,
    "module": "self_attn.q_proj",
    "feat: in, out": "576, 576",
    "dtype: size": "f32: 1.3MB",
    "loss": "0.0000761090",
    "samples": "65536",
    "damp": "0.05000",
    "time": "0.306",
    "fwd_time": "0.481",
    "(v)ram": "n/a"
}
{
    "process": "gptq",
    "layer": 14,
    "module": "self_attn.v_proj",
    "feat: in, out": "576, 192",
    "dtype: size": "f32: 0.4MB",
    "loss": "0.0000208150",
    "samples": "65536",
    "damp": "0.05000",
    "time": "0.086",
    "fwd_time": "0.481",
    "(v)ram": "n/a"
}
{
    "process": "gptq",
    "layer": 14,
    "module": "self_attn.o_proj",
    "feat: in, out": "576, 576",
    "dtype: size": "f32: 1.3MB",
    "loss": "0.0000532160",
    "samples": "65536",
    "damp": "0.05000",
    "time": "0.115",
    "fwd_time": "0.926",
    "(v)ram": "n/a"
}
{
    "process": "gptq",
    "layer": 14,
    "module": "mlp.up_proj",
    "feat: in, out": "576, 1536",
    "dtype: size": "f32: 3.4MB",
    "loss": "0.0000651168",
    "samples": "65536",
    "damp": "0.05000",
    "time": "0.380",
    "fwd_time": "1.525",
    "(v)ram": "n/a"
}
{
    "process": "gptq",
    "layer": 14,
    "module": "mlp.gate_proj",
    "feat: in, out": "576, 1536",
    "dtype: size": "f32: 3.4MB",
    "loss": "0.0000617031",
    "samples": "65536",
    "damp": "0.05000",
    "time": "0.389",
    "fwd_time": "1.525",
    "(v)ram": "n/a"
}
{
    "process": "gptq",
    "layer": 14,
    "module": "mlp.down_proj",
    "feat: in, out": "1536, 576",
    "dtype: size": "f32: 3.4MB",
    "loss": "0.0001560456",
    "samples": "65536",
    "damp": "0.05000",
    "time": "0.430",
    "fwd_time": "2.800",
    "(v)ram": "n/a"
}
{
    "process": "gptq",
    "layer": 15,
    "module": "self_attn.k_proj",
    "feat: in, out": "576, 192",
    "dtype: size": "f32: 0.4MB",
    "loss": "0.0000248517",
    "samples": "65536",
    "damp": "0.05000",
    "time": "0.301",
    "fwd_time": "0.517",
    "(v)ram": "n/a"
}
{
    "process": "gptq",
    "layer": 15,
    "module": "self_attn.q_proj",
    "feat: in, out": "576, 576",
    "dtype: size": "f32: 1.3MB",
    "loss": "0.0000709531",
    "samples": "65536",
    "damp": "0.05000",
    "time": "0.347",
    "fwd_time": "0.517",
    "(v)ram": "n/a"
}
{
    "process": "gptq",
    "layer": 15,
    "module": "self_attn.v_proj",
    "feat: in, out": "576, 192",
    "dtype: size": "f32: 0.4MB",
    "loss": "0.0000187430",
    "samples": "65536",
    "damp": "0.05000",
    "time": "0.092",
    "fwd_time": "0.517",
    "(v)ram": "n/a"
}
{
    "process": "gptq",
    "layer": 15,
    "module": "self_attn.o_proj",
    "feat: in, out": "576, 576",
    "dtype: size": "f32: 1.3MB",
    "loss": "0.0000500260",
    "samples": "65536",
    "damp": "0.05000",
    "time": "0.115",
    "fwd_time": "0.953",
    "(v)ram": "n/a"
}
{
    "process": "gptq",
    "layer": 15,
    "module": "mlp.gate_proj",
    "feat: in, out": "576, 1536",
    "dtype: size": "f32: 3.4MB",
    "loss": "0.0000652720",
    "samples": "65536",
    "damp": "0.05000",
    "time": "0.436",
    "fwd_time": "1.688",
    "(v)ram": "n/a"
}
{
    "process": "gptq",
    "layer": 15,
    "module": "mlp.up_proj",
    "feat: in, out": "576, 1536",
    "dtype: size": "f32: 3.4MB",
    "loss": "0.0000650917",
    "samples": "65536",
    "damp": "0.05000",
    "time": "0.444",
    "fwd_time": "1.688",
    "(v)ram": "n/a"
}
{
    "process": "gptq",
    "layer": 15,
    "module": "mlp.down_proj",
    "feat: in, out": "1536, 576",
    "dtype: size": "f32: 3.4MB",
    "loss": "0.0001740390",
    "samples": "65536",
    "damp": "0.05000",
    "time": "0.416",
    "fwd_time": "2.307",
    "(v)ram": "n/a"
}
{
    "process": "gptq",
    "layer": 16,
    "module": "self_attn.k_proj",
    "feat: in, out": "576, 192",
    "dtype: size": "f32: 0.4MB",
    "loss": "0.0000228392",
    "samples": "65536",
    "damp": "0.05000",
    "time": "0.296",
    "fwd_time": "0.443",
    "(v)ram": "n/a"
}
{
    "process": "gptq",
    "layer": 16,
    "module": "self_attn.q_proj",
    "feat: in, out": "576, 576",
    "dtype: size": "f32: 1.3MB",
    "loss": "0.0000625225",
    "samples": "65536",
    "damp": "0.05000",
    "time": "0.330",
    "fwd_time": "0.443",
    "(v)ram": "n/a"
}
{
    "process": "gptq",
    "layer": 16,
    "module": "self_attn.v_proj",
    "feat: in, out": "576, 192",
    "dtype: size": "f32: 0.4MB",
    "loss": "0.0000158171",
    "samples": "65536",
    "damp": "0.05000",
    "time": "0.088",
    "fwd_time": "0.443",
    "(v)ram": "n/a"
}
{
    "process": "gptq",
    "layer": 16,
    "module": "self_attn.o_proj",
    "feat: in, out": "576, 576",
    "dtype: size": "f32: 1.3MB",
    "loss": "0.0001035083",
    "samples": "65536",
    "damp": "0.05000",
    "time": "0.143",
    "fwd_time": "0.993",
    "(v)ram": "n/a"
}
{
    "process": "gptq",
    "layer": 16,
    "module": "mlp.gate_proj",
    "feat: in, out": "576, 1536",
    "dtype: size": "f32: 3.4MB",
    "loss": "0.0000612673",
    "samples": "65536",
    "damp": "0.05000",
    "time": "0.411",
    "fwd_time": "1.590",
    "(v)ram": "n/a"
}
{
    "process": "gptq",
    "layer": 16,
    "module": "mlp.up_proj",
    "feat: in, out": "576, 1536",
    "dtype: size": "f32: 3.4MB",
    "loss": "0.0000640177",
    "samples": "65536",
    "damp": "0.05000",
    "time": "0.420",
    "fwd_time": "1.590",
    "(v)ram": "n/a"
}
{
    "process": "gptq",
    "layer": 16,
    "module": "mlp.down_proj",
    "feat: in, out": "1536, 576",
    "dtype: size": "f32: 3.4MB",
    "loss": "0.0001713408",
    "samples": "65536",
    "damp": "0.05000",
    "time": "0.363",
    "fwd_time": "2.309",
    "(v)ram": "n/a"
}
{
    "process": "gptq",
    "layer": 17,
    "module": "self_attn.k_proj",
    "feat: in, out": "576, 192",
    "dtype: size": "f32: 0.4MB",
    "loss": "0.0000332255",
    "samples": "65536",
    "damp": "0.05000",
    "time": "0.260",
    "fwd_time": "0.391",
    "(v)ram": "n/a"
}
{
    "process": "gptq",
    "layer": 17,
    "module": "self_attn.q_proj",
    "feat: in, out": "576, 576",
    "dtype: size": "f32: 1.3MB",
    "loss": "0.0001131782",
    "samples": "65536",
    "damp": "0.05000",
    "time": "0.306",
    "fwd_time": "0.391",
    "(v)ram": "n/a"
}
{
    "process": "gptq",
    "layer": 17,
    "module": "self_attn.v_proj",
    "feat: in, out": "576, 192",
    "dtype: size": "f32: 0.4MB",
    "loss": "0.0000278409",
    "samples": "65536",
    "damp": "0.05000",
    "time": "0.085",
    "fwd_time": "0.391",
    "(v)ram": "n/a"
}
{
    "process": "gptq",
    "layer": 17,
    "module": "self_attn.o_proj",
    "feat: in, out": "576, 576",
    "dtype: size": "f32: 1.3MB",
    "loss": "0.0000863927",
    "samples": "65536",
    "damp": "0.05000",
    "time": "0.126",
    "fwd_time": "0.966",
    "(v)ram": "n/a"
}
{
    "process": "gptq",
    "layer": 17,
    "module": "mlp.up_proj",
    "feat: in, out": "576, 1536",
    "dtype: size": "f32: 3.4MB",
    "loss": "0.0000646230",
    "samples": "65536",
    "damp": "0.05000",
    "time": "0.394",
    "fwd_time": "1.535",
    "(v)ram": "n/a"
}
{
    "process": "gptq",
    "layer": 17,
    "module": "mlp.gate_proj",
    "feat: in, out": "576, 1536",
    "dtype: size": "f32: 3.4MB",
    "loss": "0.0000580776",
    "samples": "65536",
    "damp": "0.05000",
    "time": "0.399",
    "fwd_time": "1.535",
    "(v)ram": "n/a"
}
{
    "process": "gptq",
    "layer": 17,
    "module": "mlp.down_proj",
    "feat: in, out": "1536, 576",
    "dtype: size": "f32: 3.4MB",
    "loss": "0.0001918283",
    "samples": "65536",
    "damp": "0.05000",
    "time": "0.372",
    "fwd_time": "2.065",
    "(v)ram": "n/a"
}
{
    "process": "gptq",
    "layer": 18,
    "module": "self_attn.k_proj",
    "feat: in, out": "576, 192",
    "dtype: size": "f32: 0.4MB",
    "loss": "0.0000357922",
    "samples": "65536",
    "damp": "0.05000",
    "time": "0.359",
    "fwd_time": "0.478",
    "(v)ram": "n/a"
}
{
    "process": "gptq",
    "layer": 18,
    "module": "self_attn.q_proj",
    "feat: in, out": "576, 576",
    "dtype: size": "f32: 1.3MB",
    "loss": "0.0001135795",
    "samples": "65536",
    "damp": "0.05000",
    "time": "0.403",
    "fwd_time": "0.478",
    "(v)ram": "n/a"
}
{
    "process": "gptq",
    "layer": 18,
    "module": "self_attn.v_proj",
    "feat: in, out": "576, 192",
    "dtype: size": "f32: 0.4MB",
    "loss": "0.0000436713",
    "samples": "65536",
    "damp": "0.05000",
    "time": "0.091",
    "fwd_time": "0.478",
    "(v)ram": "n/a"
}
{
    "process": "gptq",
    "layer": 18,
    "module": "self_attn.o_proj",
    "feat: in, out": "576, 576",
    "dtype: size": "f32: 1.3MB",
    "loss": "0.0000774514",
    "samples": "65536",
    "damp": "0.05000",
    "time": "0.152",
    "fwd_time": "1.016",
    "(v)ram": "n/a"
}
{
    "process": "gptq",
    "layer": 18,
    "module": "mlp.up_proj",
    "feat: in, out": "576, 1536",
    "dtype: size": "f32: 3.4MB",
    "loss": "0.0000700166",
    "samples": "65536",
    "damp": "0.05000",
    "time": "0.384",
    "fwd_time": "1.545",
    "(v)ram": "n/a"
}
{
    "process": "gptq",
    "layer": 18,
    "module": "mlp.gate_proj",
    "feat: in, out": "576, 1536",
    "dtype: size": "f32: 3.4MB",
    "loss": "0.0000655964",
    "samples": "65536",
    "damp": "0.05000",
    "time": "0.390",
    "fwd_time": "1.545",
    "(v)ram": "n/a"
}
{
    "process": "gptq",
    "layer": 18,
    "module": "mlp.down_proj",
    "feat: in, out": "1536, 576",
    "dtype: size": "f32: 3.4MB",
    "loss": "0.0003586688",
    "samples": "65536",
    "damp": "0.05000",
    "time": "0.340",
    "fwd_time": "2.362",
    "(v)ram": "n/a"
}
{
    "process": "gptq",
    "layer": 19,
    "module": "self_attn.k_proj",
    "feat: in, out": "576, 192",
    "dtype: size": "f32: 0.4MB",
    "loss": "0.0000187244",
    "samples": "65536",
    "damp": "0.05000",
    "time": "0.265",
    "fwd_time": "0.395",
    "(v)ram": "n/a"
}
{
    "process": "gptq",
    "layer": 19,
    "module": "self_attn.q_proj",
    "feat: in, out": "576, 576",
    "dtype: size": "f32: 1.3MB",
    "loss": "0.0000813657",
    "samples": "65536",
    "damp": "0.05000",
    "time": "0.297",
    "fwd_time": "0.395",
    "(v)ram": "n/a"
}
{
    "process": "gptq",
    "layer": 19,
    "module": "self_attn.v_proj",
    "feat: in, out": "576, 192",
    "dtype: size": "f32: 0.4MB",
    "loss": "0.0000304731",
    "samples": "65536",
    "damp": "0.05000",
    "time": "0.088",
    "fwd_time": "0.395",
    "(v)ram": "n/a"
}
{
    "process": "gptq",
    "layer": 19,
    "module": "self_attn.o_proj",
    "feat: in, out": "576, 576",
    "dtype: size": "f32: 1.3MB",
    "loss": "0.0001428950",
    "samples": "65536",
    "damp": "0.05000",
    "time": "0.124",
    "fwd_time": "0.922",
    "(v)ram": "n/a"
}
{
    "process": "gptq",
    "layer": 19,
    "module": "mlp.up_proj",
    "feat: in, out": "576, 1536",
    "dtype: size": "f32: 3.4MB",
    "loss": "0.0000847446",
    "samples": "65536",
    "damp": "0.05000",
    "time": "0.396",
    "fwd_time": "1.588",
    "(v)ram": "n/a"
}
{
    "process": "gptq",
    "layer": 19,
    "module": "mlp.gate_proj",
    "feat: in, out": "576, 1536",
    "dtype: size": "f32: 3.4MB",
    "loss": "0.0000806359",
    "samples": "65536",
    "damp": "0.05000",
    "time": "0.406",
    "fwd_time": "1.588",
    "(v)ram": "n/a"
}
{
    "process": "gptq",
    "layer": 19,
    "module": "mlp.down_proj",
    "feat: in, out": "1536, 576",
    "dtype: size": "f32: 3.4MB",
    "loss": "0.0003800920",
    "samples": "65536",
    "damp": "0.05000",
    "time": "0.394",
    "fwd_time": "2.582",
    "(v)ram": "n/a"
}
{
    "process": "gptq",
    "layer": 20,
    "module": "self_attn.k_proj",
    "feat: in, out": "576, 192",
    "dtype: size": "f32: 0.4MB",
    "loss": "0.0000232969",
    "samples": "65536",
    "damp": "0.05000",
    "time": "0.274",
    "fwd_time": "0.413",
    "(v)ram": "n/a"
}
{
    "process": "gptq",
    "layer": 20,
    "module": "self_attn.q_proj",
    "feat: in, out": "576, 576",
    "dtype: size": "f32: 1.3MB",
    "loss": "0.0000848045",
    "samples": "65536",
    "damp": "0.05000",
    "time": "0.312",
    "fwd_time": "0.413",
    "(v)ram": "n/a"
}
{
    "process": "gptq",
    "layer": 20,
    "module": "self_attn.v_proj",
    "feat: in, out": "576, 192",
    "dtype: size": "f32: 0.4MB",
    "loss": "0.0000490293",
    "samples": "65536",
    "damp": "0.05000",
    "time": "0.086",
    "fwd_time": "0.413",
    "(v)ram": "n/a"
}
{
    "process": "gptq",
    "layer": 20,
    "module": "self_attn.o_proj",
    "feat: in, out": "576, 576",
    "dtype: size": "f32: 1.3MB",
    "loss": "0.0001022307",
    "samples": "65536",
    "damp": "0.05000",
    "time": "0.114",
    "fwd_time": "1.068",
    "(v)ram": "n/a"
}
{
    "process": "gptq",
    "layer": 20,
    "module": "mlp.up_proj",
    "feat: in, out": "576, 1536",
    "dtype: size": "f32: 3.4MB",
    "loss": "0.0000958321",
    "samples": "65536",
    "damp": "0.05000",
    "time": "0.392",
    "fwd_time": "1.505",
    "(v)ram": "n/a"
}
{
    "process": "gptq",
    "layer": 20,
    "module": "mlp.gate_proj",
    "feat: in, out": "576, 1536",
    "dtype: size": "f32: 3.4MB",
    "loss": "0.0000839287",
    "samples": "65536",
    "damp": "0.05000",
    "time": "0.398",
    "fwd_time": "1.505",
    "(v)ram": "n/a"
}
{
    "process": "gptq",
    "layer": 20,
    "module": "mlp.down_proj",
    "feat: in, out": "1536, 576",
    "dtype: size": "f32: 3.4MB",
    "loss": "0.0007156746",
    "samples": "65536",
    "damp": "0.05000",
    "time": "0.368",
    "fwd_time": "2.385",
    "(v)ram": "n/a"
}
{
    "process": "gptq",
    "layer": 21,
    "module": "self_attn.k_proj",
    "feat: in, out": "576, 192",
    "dtype: size": "f32: 0.4MB",
    "loss": "0.0000222819",
    "samples": "65536",
    "damp": "0.05000",
    "time": "0.256",
    "fwd_time": "0.408",
    "(v)ram": "n/a"
}
{
    "process": "gptq",
    "layer": 21,
    "module": "self_attn.q_proj",
    "feat: in, out": "576, 576",
    "dtype: size": "f32: 1.3MB",
    "loss": "0.0000781716",
    "samples": "65536",
    "damp": "0.05000",
    "time": "0.289",
    "fwd_time": "0.408",
    "(v)ram": "n/a"
}
{
    "process": "gptq",
    "layer": 21,
    "module": "self_attn.v_proj",
    "feat: in, out": "576, 192",
    "dtype: size": "f32: 0.4MB",
    "loss": "0.0000357695",
    "samples": "65536",
    "damp": "0.05000",
    "time": "0.081",
    "fwd_time": "0.408",
    "(v)ram": "n/a"
}
{
    "process": "gptq",
    "layer": 21,
    "module": "self_attn.o_proj",
    "feat: in, out": "576, 576",
    "dtype: size": "f32: 1.3MB",
    "loss": "0.0001298481",
    "samples": "65536",
    "damp": "0.05000",
    "time": "0.125",
    "fwd_time": "0.890",
    "(v)ram": "n/a"
}
{
    "process": "gptq",
    "layer": 21,
    "module": "mlp.gate_proj",
    "feat: in, out": "576, 1536",
    "dtype: size": "f32: 3.4MB",
    "loss": "0.0000974768",
    "samples": "65536",
    "damp": "0.05000",
    "time": "0.412",
    "fwd_time": "1.459",
    "(v)ram": "n/a"
}
{
    "process": "gptq",
    "layer": 21,
    "module": "mlp.up_proj",
    "feat: in, out": "576, 1536",
    "dtype: size": "f32: 3.4MB",
    "loss": "0.0001071933",
    "samples": "65536",
    "damp": "0.05000",
    "time": "0.414",
    "fwd_time": "1.459",
    "(v)ram": "n/a"
}
{
    "process": "gptq",
    "layer": 21,
    "module": "mlp.down_proj",
    "feat: in, out": "1536, 576",
    "dtype: size": "f32: 3.4MB",
    "loss": "0.0006017562",
    "samples": "65536",
    "damp": "0.05000",
    "time": "0.415",
    "fwd_time": "2.405",
    "(v)ram": "n/a"
}
{
    "process": "gptq",
    "layer": 22,
    "module": "self_attn.k_proj",
    "feat: in, out": "576, 192",
    "dtype: size": "f32: 0.4MB",
    "loss": "0.0000223787",
    "samples": "65536",
    "damp": "0.05000",
    "time": "0.302",
    "fwd_time": "0.400",
    "(v)ram": "n/a"
}
{
    "process": "gptq",
    "layer": 22,
    "module": "self_attn.q_proj",
    "feat: in, out": "576, 576",
    "dtype: size": "f32: 1.3MB",
    "loss": "0.0000786471",
    "samples": "65536",
    "damp": "0.05000",
    "time": "0.331",
    "fwd_time": "0.400",
    "(v)ram": "n/a"
}
{
    "process": "gptq",
    "layer": 22,
    "module": "self_attn.v_proj",
    "feat: in, out": "576, 192",
    "dtype: size": "f32: 0.4MB",
    "loss": "0.0000383520",
    "samples": "65536",
    "damp": "0.05000",
    "time": "0.084",
    "fwd_time": "0.400",
    "(v)ram": "n/a"
}
{
    "process": "gptq",
    "layer": 22,
    "module": "self_attn.o_proj",
    "feat: in, out": "576, 576",
    "dtype: size": "f32: 1.3MB",
    "loss": "0.0001803483",
    "samples": "65536",
    "damp": "0.05000",
    "time": "0.128",
    "fwd_time": "1.028",
    "(v)ram": "n/a"
}
{
    "process": "gptq",
    "layer": 22,
    "module": "mlp.up_proj",
    "feat: in, out": "576, 1536",
    "dtype: size": "f32: 3.4MB",
    "loss": "0.0001238170",
    "samples": "65536",
    "damp": "0.05000",
    "time": "0.404",
    "fwd_time": "1.581",
    "(v)ram": "n/a"
}
{
    "process": "gptq",
    "layer": 22,
    "module": "mlp.gate_proj",
    "feat: in, out": "576, 1536",
    "dtype: size": "f32: 3.4MB",
    "loss": "0.0001078699",
    "samples": "65536",
    "damp": "0.05000",
    "time": "0.409",
    "fwd_time": "1.581",
    "(v)ram": "n/a"
}
{
    "process": "gptq",
    "layer": 22,
    "module": "mlp.down_proj",
    "feat: in, out": "1536, 576",
    "dtype: size": "f32: 3.4MB",
    "loss": "0.0010178708",
    "samples": "65536",
    "damp": "0.05000",
    "time": "0.368",
    "fwd_time": "2.604",
    "(v)ram": "n/a"
}
{
    "process": "gptq",
    "layer": 23,
    "module": "self_attn.k_proj",
    "feat: in, out": "576, 192",
    "dtype: size": "f32: 0.4MB",
    "loss": "0.0000345681",
    "samples": "65536",
    "damp": "0.05000",
    "time": "0.286",
    "fwd_time": "0.450",
    "(v)ram": "n/a"
}
{
    "process": "gptq",
    "layer": 23,
    "module": "self_attn.q_proj",
    "feat: in, out": "576, 576",
    "dtype: size": "f32: 1.3MB",
    "loss": "0.0001173275",
    "samples": "65536",
    "damp": "0.05000",
    "time": "0.325",
    "fwd_time": "0.450",
    "(v)ram": "n/a"
}
{
    "process": "gptq",
    "layer": 23,
    "module": "self_attn.v_proj",
    "feat: in, out": "576, 192",
    "dtype: size": "f32: 0.4MB",
    "loss": "0.0001215172",
    "samples": "65536",
    "damp": "0.05000",
    "time": "0.105",
    "fwd_time": "0.450",
    "(v)ram": "n/a"
}
{
    "process": "gptq",
    "layer": 23,
    "module": "self_attn.o_proj",
    "feat: in, out": "576, 576",
    "dtype: size": "f32: 1.3MB",
    "loss": "0.0003926859",
    "samples": "65536",
    "damp": "0.05000",
    "time": "0.120",
    "fwd_time": "1.103",
    "(v)ram": "n/a"
}
{
    "process": "gptq",
    "layer": 23,
    "module": "mlp.up_proj",
    "feat: in, out": "576, 1536",
    "dtype: size": "f32: 3.4MB",
    "loss": "0.0001508357",
    "samples": "65536",
    "damp": "0.05000",
    "time": "0.427",
    "fwd_time": "1.491",
    "(v)ram": "n/a"
}
{
    "process": "gptq",
    "layer": 23,
    "module": "mlp.gate_proj",
    "feat: in, out": "576, 1536",
    "dtype: size": "f32: 3.4MB",
    "loss": "0.0001165580",
    "samples": "65536",
    "damp": "0.05000",
    "time": "0.429",
    "fwd_time": "1.491",
    "(v)ram": "n/a"
}
{
    "process": "gptq",
    "layer": 23,
    "module": "mlp.down_proj",
    "feat: in, out": "1536, 576",
    "dtype: size": "f32: 3.4MB",
    "loss": "0.0012982754",
    "samples": "65536",
    "damp": "0.05000",
    "time": "0.348",
    "fwd_time": "2.283",
    "(v)ram": "n/a"
}
{
    "process": "gptq",
    "layer": 24,
    "module": "self_attn.k_proj",
    "feat: in, out": "576, 192",
    "dtype: size": "f32: 0.4MB",
    "loss": "0.0000278596",
    "samples": "65536",
    "damp": "0.05000",
    "time": "0.277",
    "fwd_time": "0.406",
    "(v)ram": "n/a"
}
{
    "process": "gptq",
    "layer": 24,
    "module": "self_attn.q_proj",
    "feat: in, out": "576, 576",
    "dtype: size": "f32: 1.3MB",
    "loss": "0.0001122032",
    "samples": "65536",
    "damp": "0.05000",
    "time": "0.308",
    "fwd_time": "0.406",
    "(v)ram": "n/a"
}
{
    "process": "gptq",
    "layer": 24,
    "module": "self_attn.v_proj",
    "feat: in, out": "576, 192",
    "dtype: size": "f32: 0.4MB",
    "loss": "0.0001199048",
    "samples": "65536",
    "damp": "0.05000",
    "time": "0.095",
    "fwd_time": "0.406",
    "(v)ram": "n/a"
}
{
    "process": "gptq",
    "layer": 24,
    "module": "self_attn.o_proj",
    "feat: in, out": "576, 576",
    "dtype: size": "f32: 1.3MB",
    "loss": "0.0002903586",
    "samples": "65536",
    "damp": "0.05000",
    "time": "0.117",
    "fwd_time": "0.938",
    "(v)ram": "n/a"
}
{
    "process": "gptq",
    "layer": 24,
    "module": "mlp.up_proj",
    "feat: in, out": "576, 1536",
    "dtype: size": "f32: 3.4MB",
    "loss": "0.0001572805",
    "samples": "65536",
    "damp": "0.05000",
    "time": "0.441",
    "fwd_time": "1.531",
    "(v)ram": "n/a"
}
{
    "process": "gptq",
    "layer": 24,
    "module": "mlp.gate_proj",
    "feat: in, out": "576, 1536",
    "dtype: size": "f32: 3.4MB",
    "loss": "0.0001198166",
    "samples": "65536",
    "damp": "0.05000",
    "time": "0.449",
    "fwd_time": "1.531",
    "(v)ram": "n/a"
}
{
    "process": "gptq",
    "layer": 24,
    "module": "mlp.down_proj",
    "feat: in, out": "1536, 576",
    "dtype: size": "f32: 3.4MB",
    "loss": "0.0017744773",
    "samples": "65536",
    "damp": "0.05000",
    "time": "0.355",
    "fwd_time": "2.405",
    "(v)ram": "n/a"
}
{
    "process": "gptq",
    "layer": 25,
    "module": "self_attn.k_proj",
    "feat: in, out": "576, 192",
    "dtype: size": "f32: 0.4MB",
    "loss": "0.0000258501",
    "samples": "65536",
    "damp": "0.05000",
    "time": "0.282",
    "fwd_time": "0.402",
    "(v)ram": "n/a"
}
{
    "process": "gptq",
    "layer": 25,
    "module": "self_attn.q_proj",
    "feat: in, out": "576, 576",
    "dtype: size": "f32: 1.3MB",
    "loss": "0.0000895540",
    "samples": "65536",
    "damp": "0.05000",
    "time": "0.320",
    "fwd_time": "0.402",
    "(v)ram": "n/a"
}
{
    "process": "gptq",
    "layer": 25,
    "module": "self_attn.v_proj",
    "feat: in, out": "576, 192",
    "dtype: size": "f32: 0.4MB",
    "loss": "0.0000544510",
    "samples": "65536",
    "damp": "0.05000",
    "time": "0.100",
    "fwd_time": "0.402",
    "(v)ram": "n/a"
}
{
    "process": "gptq",
    "layer": 25,
    "module": "self_attn.o_proj",
    "feat: in, out": "576, 576",
    "dtype: size": "f32: 1.3MB",
    "loss": "0.0002696808",
    "samples": "65536",
    "damp": "0.05000",
    "time": "0.130",
    "fwd_time": "1.062",
    "(v)ram": "n/a"
}
{
    "process": "gptq",
    "layer": 25,
    "module": "mlp.up_proj",
    "feat: in, out": "576, 1536",
    "dtype: size": "f32: 3.4MB",
    "loss": "0.0001645883",
    "samples": "65536",
    "damp": "0.05000",
    "time": "0.431",
    "fwd_time": "1.661",
    "(v)ram": "n/a"
}
{
    "process": "gptq",
    "layer": 25,
    "module": "mlp.gate_proj",
    "feat: in, out": "576, 1536",
    "dtype: size": "f32: 3.4MB",
    "loss": "0.0001296952",
    "samples": "65536",
    "damp": "0.05000",
    "time": "0.437",
    "fwd_time": "1.661",
    "(v)ram": "n/a"
}
{
    "process": "gptq",
    "layer": 25,
    "module": "mlp.down_proj",
    "feat: in, out": "1536, 576",
    "dtype: size": "f32: 3.4MB",
    "loss": "0.0016660097",
    "samples": "65536",
    "damp": "0.05000",
    "time": "0.359",
    "fwd_time": "2.258",
    "(v)ram": "n/a"
}
{
    "process": "gptq",
    "layer": 26,
    "module": "self_attn.k_proj",
    "feat: in, out": "576, 192",
    "dtype: size": "f32: 0.4MB",
    "loss": "0.0000247294",
    "samples": "65536",
    "damp": "0.05000",
    "time": "0.253",
    "fwd_time": "0.377",
    "(v)ram": "n/a"
}
{
    "process": "gptq",
    "layer": 26,
    "module": "self_attn.q_proj",
    "feat: in, out": "576, 576",
    "dtype: size": "f32: 1.3MB",
    "loss": "0.0000885364",
    "samples": "65536",
    "damp": "0.05000",
    "time": "0.294",
    "fwd_time": "0.377",
    "(v)ram": "n/a"
}
{
    "process": "gptq",
    "layer": 26,
    "module": "self_attn.v_proj",
    "feat: in, out": "576, 192",
    "dtype: size": "f32: 0.4MB",
    "loss": "0.0000776017",
    "samples": "65536",
    "damp": "0.05000",
    "time": "0.114",
    "fwd_time": "0.377",
    "(v)ram": "n/a"
}
{
    "process": "gptq",
    "layer": 26,
    "module": "self_attn.o_proj",
    "feat: in, out": "576, 576",
    "dtype: size": "f32: 1.3MB",
    "loss": "0.0002895166",
    "samples": "65536",
    "damp": "0.05000",
    "time": "0.142",
    "fwd_time": "0.951",
    "(v)ram": "n/a"
}
{
    "process": "gptq",
    "layer": 26,
    "module": "mlp.up_proj",
    "feat: in, out": "576, 1536",
    "dtype: size": "f32: 3.4MB",
    "loss": "0.0001862244",
    "samples": "65536",
    "damp": "0.05000",
    "time": "0.421",
    "fwd_time": "1.565",
    "(v)ram": "n/a"
}
{
    "process": "gptq",
    "layer": 26,
    "module": "mlp.gate_proj",
    "feat: in, out": "576, 1536",
    "dtype: size": "f32: 3.4MB",
    "loss": "0.0001461518",
    "samples": "65536",
    "damp": "0.05000",
    "time": "0.427",
    "fwd_time": "1.565",
    "(v)ram": "n/a"
}
{
    "process": "gptq",
    "layer": 26,
    "module": "mlp.down_proj",
    "feat: in, out": "1536, 576",
    "dtype: size": "f32: 3.4MB",
    "loss": "0.0022411896",
    "samples": "65536",
    "damp": "0.05000",
    "time": "0.387",
    "fwd_time": "2.335",
    "(v)ram": "n/a"
}
{
    "process": "gptq",
    "layer": 27,
    "module": "self_attn.k_proj",
    "feat: in, out": "576, 192",
    "dtype: size": "f32: 0.4MB",
    "loss": "0.0000249426",
    "samples": "65536",
    "damp": "0.05000",
    "time": "0.288",
    "fwd_time": "0.419",
    "(v)ram": "n/a"
}
{
    "process": "gptq",
    "layer": 27,
    "module": "self_attn.q_proj",
    "feat: in, out": "576, 576",
    "dtype: size": "f32: 1.3MB",
    "loss": "0.0000945567",
    "samples": "65536",
    "damp": "0.05000",
    "time": "0.313",
    "fwd_time": "0.419",
    "(v)ram": "n/a"
}
{
    "process": "gptq",
    "layer": 27,
    "module": "self_attn.v_proj",
    "feat: in, out": "576, 192",
    "dtype: size": "f32: 0.4MB",
    "loss": "0.0000644410",
    "samples": "65536",
    "damp": "0.05000",
    "time": "0.081",
    "fwd_time": "0.419",
    "(v)ram": "n/a"
}
{
    "process": "gptq",
    "layer": 27,
    "module": "self_attn.o_proj",
    "feat: in, out": "576, 576",
    "dtype: size": "f32: 1.3MB",
    "loss": "0.0004799965",
    "samples": "65536",
    "damp": "0.05000",
    "time": "0.114",
    "fwd_time": "0.933",
    "(v)ram": "n/a"
}
{
    "process": "gptq",
    "layer": 27,
    "module": "mlp.up_proj",
    "feat: in, out": "576, 1536",
    "dtype: size": "f32: 3.4MB",
    "loss": "0.0001922487",
    "samples": "65536",
    "damp": "0.05000",
    "time": "0.434",
    "fwd_time": "1.613",
    "(v)ram": "n/a"
}
{
    "process": "gptq",
    "layer": 27,
    "module": "mlp.gate_proj",
    "feat: in, out": "576, 1536",
    "dtype: size": "f32: 3.4MB",
    "loss": "0.0001548717",
    "samples": "65536",
    "damp": "0.05000",
    "time": "0.439",
    "fwd_time": "1.613",
    "(v)ram": "n/a"
}
{
    "process": "gptq",
    "layer": 27,
    "module": "mlp.down_proj",
    "feat: in, out": "1536, 576",
    "dtype: size": "f32: 3.4MB",
    "loss": "0.0029711707",
    "samples": "65536",
    "damp": "0.05000",
    "time": "0.403",
    "fwd_time": "2.343",
    "(v)ram": "n/a"
}
{
    "process": "gptq",
    "layer": 28,
    "module": "self_attn.k_proj",
    "feat: in, out": "576, 192",
    "dtype: size": "f32: 0.4MB",
    "loss": "0.0000222279",
    "samples": "65536",
    "damp": "0.05000",
    "time": "0.330",
    "fwd_time": "0.454",
    "(v)ram": "n/a"
}
{
    "process": "gptq",
    "layer": 28,
    "module": "self_attn.q_proj",
    "feat: in, out": "576, 576",
    "dtype: size": "f32: 1.3MB",
    "loss": "0.0000753333",
    "samples": "65536",
    "damp": "0.05000",
    "time": "0.370",
    "fwd_time": "0.454",
    "(v)ram": "n/a"
}
{
    "process": "gptq",
    "layer": 28,
    "module": "self_attn.v_proj",
    "feat: in, out": "576, 192",
    "dtype: size": "f32: 0.4MB",
    "loss": "0.0000810575",
    "samples": "65536",
    "damp": "0.05000",
    "time": "0.118",
    "fwd_time": "0.454",
    "(v)ram": "n/a"
}
{
    "process": "gptq",
    "layer": 28,
    "module": "self_attn.o_proj",
    "feat: in, out": "576, 576",
    "dtype: size": "f32: 1.3MB",
    "loss": "0.0003821332",
    "samples": "65536",
    "damp": "0.05000",
    "time": "0.126",
    "fwd_time": "1.076",
    "(v)ram": "n/a"
}
{
    "process": "gptq",
    "layer": 28,
    "module": "mlp.up_proj",
    "feat: in, out": "576, 1536",
    "dtype: size": "f32: 3.4MB",
    "loss": "0.0002138595",
    "samples": "65536",
    "damp": "0.05000",
    "time": "0.458",
    "fwd_time": "1.641",
    "(v)ram": "n/a"
}
{
    "process": "gptq",
    "layer": 28,
    "module": "mlp.gate_proj",
    "feat: in, out": "576, 1536",
    "dtype: size": "f32: 3.4MB",
    "loss": "0.0001530216",
    "samples": "65536",
    "damp": "0.05000",
    "time": "0.464",
    "fwd_time": "1.641",
    "(v)ram": "n/a"
}
{
    "process": "gptq",
    "layer": 28,
    "module": "mlp.down_proj",
    "feat: in, out": "1536, 576",
    "dtype: size": "f32: 3.4MB",
    "loss": "0.0238595195",
    "samples": "65536",
    "damp": "0.05000",
    "time": "0.423",
    "fwd_time": "2.937",
    "(v)ram": "n/a"
}
{
    "process": "gptq",
    "layer": 29,
    "module": "self_attn.k_proj",
    "feat: in, out": "576, 192",
    "dtype: size": "f32: 0.4MB",
    "loss": "0.0000206736",
    "samples": "65536",
    "damp": "0.05000",
    "time": "0.300",
    "fwd_time": "0.515",
    "(v)ram": "n/a"
}
{
    "process": "gptq",
    "layer": 29,
    "module": "self_attn.q_proj",
    "feat: in, out": "576, 576",
    "dtype: size": "f32: 1.3MB",
    "loss": "0.0000883299",
    "samples": "65536",
    "damp": "0.05000",
    "time": "0.339",
    "fwd_time": "0.515",
    "(v)ram": "n/a"
}
{
    "process": "gptq",
    "layer": 29,
    "module": "self_attn.v_proj",
    "feat: in, out": "576, 192",
    "dtype: size": "f32: 0.4MB",
    "loss": "0.0000937380",
    "samples": "65536",
    "damp": "0.05000",
    "time": "0.106",
    "fwd_time": "0.515",
    "(v)ram": "n/a"
}
{
    "process": "gptq",
    "layer": 29,
    "module": "self_attn.o_proj",
    "feat: in, out": "576, 576",
    "dtype: size": "f32: 1.3MB",
    "loss": "0.0008090679",
    "samples": "65536",
    "damp": "0.05000",
    "time": "0.155",
    "fwd_time": "1.094",
    "(v)ram": "n/a"
}
{
    "process": "gptq",
    "layer": 29,
    "module": "mlp.up_proj",
    "feat: in, out": "576, 1536",
    "dtype: size": "f32: 3.4MB",
    "loss": "0.0003478500",
    "samples": "65536",
    "damp": "0.05000",
    "time": "0.424",
    "fwd_time": "1.792",
    "(v)ram": "n/a"
}
{
    "process": "gptq",
    "layer": 29,
    "module": "mlp.gate_proj",
    "feat: in, out": "576, 1536",
    "dtype: size": "f32: 3.4MB",
    "loss": "0.0002548745",
    "samples": "65536",
    "damp": "0.05000",
    "time": "0.431",
    "fwd_time": "1.792",
    "(v)ram": "n/a"
}
{
    "process": "gptq",
    "layer": 29,
    "module": "mlp.down_proj",
    "feat: in, out": "1536, 576",
    "dtype: size": "f32: 3.4MB",
    "loss": "0.0220077168",
    "samples": "65536",
    "damp": "0.05000",
    "time": "0.385",
    "fwd_time": "2.732",
    "(v)ram": "n/a"
}
