{
    "process": "gptq",
    "layer": 0,
    "module": "self_attn.k_proj",
    "feat: in, out": "576, 192",
    "dtype: size": "f32: 0.4MB",
    "loss": "0.0000034860",
    "samples": "262144",
    "damp": "0.05000",
    "time": "0.338",
    "fwd_time": "1.114",
    "(v)ram": "n/a"
}
{
    "process": "gptq",
    "layer": 0,
    "module": "self_attn.q_proj",
    "feat: in, out": "576, 576",
    "dtype: size": "f32: 1.3MB",
    "loss": "0.0000055636",
    "samples": "262144",
    "damp": "0.05000",
    "time": "0.376",
    "fwd_time": "1.114",
    "(v)ram": "n/a"
}
{
    "process": "gptq",
    "layer": 0,
    "module": "self_attn.v_proj",
    "feat: in, out": "576, 192",
    "dtype: size": "f32: 0.4MB",
    "loss": "0.0000000385",
    "samples": "262144",
    "damp": "0.05000",
    "time": "0.105",
    "fwd_time": "1.114",
    "(v)ram": "n/a"
}
{
    "process": "gptq",
    "layer": 0,
    "module": "self_attn.o_proj",
    "feat: in, out": "576, 576",
    "dtype: size": "f32: 1.3MB",
    "loss": "0.0000000532",
    "samples": "262144",
    "damp": "0.05000",
    "time": "0.181",
    "fwd_time": "4.602",
    "(v)ram": "n/a"
}
{
    "process": "gptq",
    "layer": 0,
    "module": "mlp.gate_proj",
    "feat: in, out": "576, 1536",
    "dtype: size": "f32: 3.4MB",
    "loss": "0.0000263986",
    "samples": "262144",
    "damp": "0.05000",
    "time": "0.588",
    "fwd_time": "7.635",
    "(v)ram": "n/a"
}
{
    "process": "gptq",
    "layer": 0,
    "module": "mlp.up_proj",
    "feat: in, out": "576, 1536",
    "dtype: size": "f32: 3.4MB",
    "loss": "0.0000273618",
    "samples": "262144",
    "damp": "0.05000",
    "time": "0.602",
    "fwd_time": "7.635",
    "(v)ram": "n/a"
}
{
    "process": "gptq",
    "layer": 0,
    "module": "mlp.down_proj",
    "feat: in, out": "1536, 576",
    "dtype: size": "f32: 3.4MB",
    "loss": "0.0001178602",
    "samples": "262144",
    "damp": "0.05000",
    "time": "0.403",
    "fwd_time": "10.861",
    "(v)ram": "n/a"
}
{
    "process": "gptq",
    "layer": 1,
    "module": "self_attn.k_proj",
    "feat: in, out": "576, 192",
    "dtype: size": "f32: 0.4MB",
    "loss": "0.0000164171",
    "samples": "262144",
    "damp": "0.05000",
    "time": "0.312",
    "fwd_time": "1.324",
    "(v)ram": "n/a"
}
{
    "process": "gptq",
    "layer": 1,
    "module": "self_attn.q_proj",
    "feat: in, out": "576, 576",
    "dtype: size": "f32: 1.3MB",
    "loss": "0.0000361253",
    "samples": "262144",
    "damp": "0.05000",
    "time": "0.351",
    "fwd_time": "1.324",
    "(v)ram": "n/a"
}
{
    "process": "gptq",
    "layer": 1,
    "module": "self_attn.v_proj",
    "feat: in, out": "576, 192",
    "dtype: size": "f32: 0.4MB",
    "loss": "0.0000029777",
    "samples": "262144",
    "damp": "0.05000",
    "time": "0.097",
    "fwd_time": "1.324",
    "(v)ram": "n/a"
}
{
    "process": "gptq",
    "layer": 1,
    "module": "self_attn.o_proj",
    "feat: in, out": "576, 576",
    "dtype: size": "f32: 1.3MB",
    "loss": "0.0000160414",
    "samples": "262144",
    "damp": "0.05000",
    "time": "0.133",
    "fwd_time": "4.700",
    "(v)ram": "n/a"
}
{
    "process": "gptq",
    "layer": 1,
    "module": "mlp.gate_proj",
    "feat: in, out": "576, 1536",
    "dtype: size": "f32: 3.4MB",
    "loss": "0.0000416846",
    "samples": "262144",
    "damp": "0.05000",
    "time": "0.537",
    "fwd_time": "7.178",
    "(v)ram": "n/a"
}
{
    "process": "gptq",
    "layer": 1,
    "module": "mlp.up_proj",
    "feat: in, out": "576, 1536",
    "dtype: size": "f32: 3.4MB",
    "loss": "0.0000327567",
    "samples": "262144",
    "damp": "0.05000",
    "time": "0.539",
    "fwd_time": "7.178",
    "(v)ram": "n/a"
}
{
    "process": "gptq",
    "layer": 1,
    "module": "mlp.down_proj",
    "feat: in, out": "1536, 576",
    "dtype: size": "f32: 3.4MB",
    "loss": "0.0000425965",
    "samples": "262144",
    "damp": "0.05000",
    "time": "0.392",
    "fwd_time": "10.265",
    "(v)ram": "n/a"
}
{
    "process": "gptq",
    "layer": 2,
    "module": "self_attn.k_proj",
    "feat: in, out": "576, 192",
    "dtype: size": "f32: 0.4MB",
    "loss": "0.0000259964",
    "samples": "262144",
    "damp": "0.05000",
    "time": "0.336",
    "fwd_time": "1.533",
    "(v)ram": "n/a"
}
{
    "process": "gptq",
    "layer": 2,
    "module": "self_attn.q_proj",
    "feat: in, out": "576, 576",
    "dtype: size": "f32: 1.3MB",
    "loss": "0.0000606097",
    "samples": "262144",
    "damp": "0.05000",
    "time": "0.381",
    "fwd_time": "1.533",
    "(v)ram": "n/a"
}
{
    "process": "gptq",
    "layer": 2,
    "module": "self_attn.v_proj",
    "feat: in, out": "576, 192",
    "dtype: size": "f32: 0.4MB",
    "loss": "0.0000041719",
    "samples": "262144",
    "damp": "0.05000",
    "time": "0.117",
    "fwd_time": "1.533",
    "(v)ram": "n/a"
}
{
    "process": "gptq",
    "layer": 2,
    "module": "self_attn.o_proj",
    "feat: in, out": "576, 576",
    "dtype: size": "f32: 1.3MB",
    "loss": "0.0000108310",
    "samples": "262144",
    "damp": "0.05000",
    "time": "0.149",
    "fwd_time": "5.006",
    "(v)ram": "n/a"
}
{
    "process": "gptq",
    "layer": 2,
    "module": "mlp.up_proj",
    "feat: in, out": "576, 1536",
    "dtype: size": "f32: 3.4MB",
    "loss": "0.0000431795",
    "samples": "262144",
    "damp": "0.05000",
    "time": "0.514",
    "fwd_time": "6.871",
    "(v)ram": "n/a"
}
{
    "process": "gptq",
    "layer": 2,
    "module": "mlp.gate_proj",
    "feat: in, out": "576, 1536",
    "dtype: size": "f32: 3.4MB",
    "loss": "0.0000513115",
    "samples": "262144",
    "damp": "0.05000",
    "time": "0.523",
    "fwd_time": "6.871",
    "(v)ram": "n/a"
}
{
    "process": "gptq",
    "layer": 2,
    "module": "mlp.down_proj",
    "feat: in, out": "1536, 576",
    "dtype: size": "f32: 3.4MB",
    "loss": "0.0000661623",
    "samples": "262144",
    "damp": "0.05000",
    "time": "0.389",
    "fwd_time": "10.155",
    "(v)ram": "n/a"
}
{
    "process": "gptq",
    "layer": 3,
    "module": "self_attn.k_proj",
    "feat: in, out": "576, 192",
    "dtype: size": "f32: 0.4MB",
    "loss": "0.0000338974",
    "samples": "262144",
    "damp": "0.05000",
    "time": "0.328",
    "fwd_time": "1.386",
    "(v)ram": "n/a"
}
{
    "process": "gptq",
    "layer": 3,
    "module": "self_attn.q_proj",
    "feat: in, out": "576, 576",
    "dtype: size": "f32: 1.3MB",
    "loss": "0.0000834684",
    "samples": "262144",
    "damp": "0.05000",
    "time": "0.368",
    "fwd_time": "1.386",
    "(v)ram": "n/a"
}
{
    "process": "gptq",
    "layer": 3,
    "module": "self_attn.v_proj",
    "feat: in, out": "576, 192",
    "dtype: size": "f32: 0.4MB",
    "loss": "0.0000127707",
    "samples": "262144",
    "damp": "0.05000",
    "time": "0.102",
    "fwd_time": "1.386",
    "(v)ram": "n/a"
}
{
    "process": "gptq",
    "layer": 3,
    "module": "self_attn.o_proj",
    "feat: in, out": "576, 576",
    "dtype: size": "f32: 1.3MB",
    "loss": "0.0000190931",
    "samples": "262144",
    "damp": "0.05000",
    "time": "0.125",
    "fwd_time": "4.860",
    "(v)ram": "n/a"
}
{
    "process": "gptq",
    "layer": 3,
    "module": "mlp.gate_proj",
    "feat: in, out": "576, 1536",
    "dtype: size": "f32: 3.4MB",
    "loss": "0.0000537826",
    "samples": "262144",
    "damp": "0.05000",
    "time": "0.461",
    "fwd_time": "6.808",
    "(v)ram": "n/a"
}
{
    "process": "gptq",
    "layer": 3,
    "module": "mlp.up_proj",
    "feat: in, out": "576, 1536",
    "dtype: size": "f32: 3.4MB",
    "loss": "0.0000469466",
    "samples": "262144",
    "damp": "0.05000",
    "time": "0.465",
    "fwd_time": "6.808",
    "(v)ram": "n/a"
}
{
    "process": "gptq",
    "layer": 3,
    "module": "mlp.down_proj",
    "feat: in, out": "1536, 576",
    "dtype: size": "f32: 3.4MB",
    "loss": "0.0000641732",
    "samples": "262144",
    "damp": "0.05000",
    "time": "0.435",
    "fwd_time": "10.591",
    "(v)ram": "n/a"
}
{
    "process": "gptq",
    "layer": 4,
    "module": "self_attn.k_proj",
    "feat: in, out": "576, 192",
    "dtype: size": "f32: 0.4MB",
    "loss": "0.0000314962",
    "samples": "262144",
    "damp": "0.05000",
    "time": "0.308",
    "fwd_time": "1.453",
    "(v)ram": "n/a"
}
{
    "process": "gptq",
    "layer": 4,
    "module": "self_attn.q_proj",
    "feat: in, out": "576, 576",
    "dtype: size": "f32: 1.3MB",
    "loss": "0.0000761335",
    "samples": "262144",
    "damp": "0.05000",
    "time": "0.344",
    "fwd_time": "1.453",
    "(v)ram": "n/a"
}
{
    "process": "gptq",
    "layer": 4,
    "module": "self_attn.v_proj",
    "feat: in, out": "576, 192",
    "dtype: size": "f32: 0.4MB",
    "loss": "0.0000120550",
    "samples": "262144",
    "damp": "0.05000",
    "time": "0.098",
    "fwd_time": "1.453",
    "(v)ram": "n/a"
}
{
    "process": "gptq",
    "layer": 4,
    "module": "self_attn.o_proj",
    "feat: in, out": "576, 576",
    "dtype: size": "f32: 1.3MB",
    "loss": "0.0000159209",
    "samples": "262144",
    "damp": "0.05000",
    "time": "0.165",
    "fwd_time": "4.612",
    "(v)ram": "n/a"
}
{
    "process": "gptq",
    "layer": 4,
    "module": "mlp.gate_proj",
    "feat: in, out": "576, 1536",
    "dtype: size": "f32: 3.4MB",
    "loss": "0.0000666206",
    "samples": "262144",
    "damp": "0.05000",
    "time": "0.458",
    "fwd_time": "6.939",
    "(v)ram": "n/a"
}
{
    "process": "gptq",
    "layer": 4,
    "module": "mlp.up_proj",
    "feat: in, out": "576, 1536",
    "dtype: size": "f32: 3.4MB",
    "loss": "0.0000584672",
    "samples": "262144",
    "damp": "0.05000",
    "time": "0.463",
    "fwd_time": "6.939",
    "(v)ram": "n/a"
}
{
    "process": "gptq",
    "layer": 4,
    "module": "mlp.down_proj",
    "feat: in, out": "1536, 576",
    "dtype: size": "f32: 3.4MB",
    "loss": "0.0000766937",
    "samples": "262144",
    "damp": "0.05000",
    "time": "0.379",
    "fwd_time": "10.021",
    "(v)ram": "n/a"
}
{
    "process": "gptq",
    "layer": 5,
    "module": "self_attn.k_proj",
    "feat: in, out": "576, 192",
    "dtype: size": "f32: 0.4MB",
    "loss": "0.0000336142",
    "samples": "262144",
    "damp": "0.05000",
    "time": "0.310",
    "fwd_time": "1.367",
    "(v)ram": "n/a"
}
{
    "process": "gptq",
    "layer": 5,
    "module": "self_attn.q_proj",
    "feat: in, out": "576, 576",
    "dtype: size": "f32: 1.3MB",
    "loss": "0.0000782683",
    "samples": "262144",
    "damp": "0.05000",
    "time": "0.351",
    "fwd_time": "1.367",
    "(v)ram": "n/a"
}
{
    "process": "gptq",
    "layer": 5,
    "module": "self_attn.v_proj",
    "feat: in, out": "576, 192",
    "dtype: size": "f32: 0.4MB",
    "loss": "0.0000128162",
    "samples": "262144",
    "damp": "0.05000",
    "time": "0.115",
    "fwd_time": "1.367",
    "(v)ram": "n/a"
}
{
    "process": "gptq",
    "layer": 5,
    "module": "self_attn.o_proj",
    "feat: in, out": "576, 576",
    "dtype: size": "f32: 1.3MB",
    "loss": "0.0000207021",
    "samples": "262144",
    "damp": "0.05000",
    "time": "0.198",
    "fwd_time": "4.780",
    "(v)ram": "n/a"
}
{
    "process": "gptq",
    "layer": 5,
    "module": "mlp.gate_proj",
    "feat: in, out": "576, 1536",
    "dtype: size": "f32: 3.4MB",
    "loss": "0.0000704669",
    "samples": "262144",
    "damp": "0.05000",
    "time": "0.454",
    "fwd_time": "6.920",
    "(v)ram": "n/a"
}
{
    "process": "gptq",
    "layer": 5,
    "module": "mlp.up_proj",
    "feat: in, out": "576, 1536",
    "dtype: size": "f32: 3.4MB",
    "loss": "0.0000639205",
    "samples": "262144",
    "damp": "0.05000",
    "time": "0.468",
    "fwd_time": "6.920",
    "(v)ram": "n/a"
}
{
    "process": "gptq",
    "layer": 5,
    "module": "mlp.down_proj",
    "feat: in, out": "1536, 576",
    "dtype: size": "f32: 3.4MB",
    "loss": "0.0000883694",
    "samples": "262144",
    "damp": "0.05000",
    "time": "0.379",
    "fwd_time": "9.719",
    "(v)ram": "n/a"
}
{
    "process": "gptq",
    "layer": 6,
    "module": "self_attn.k_proj",
    "feat: in, out": "576, 192",
    "dtype: size": "f32: 0.4MB",
    "loss": "0.0000268763",
    "samples": "262144",
    "damp": "0.05000",
    "time": "0.309",
    "fwd_time": "1.318",
    "(v)ram": "n/a"
}
{
    "process": "gptq",
    "layer": 6,
    "module": "self_attn.q_proj",
    "feat: in, out": "576, 576",
    "dtype: size": "f32: 1.3MB",
    "loss": "0.0000645842",
    "samples": "262144",
    "damp": "0.05000",
    "time": "0.347",
    "fwd_time": "1.318",
    "(v)ram": "n/a"
}
{
    "process": "gptq",
    "layer": 6,
    "module": "self_attn.v_proj",
    "feat: in, out": "576, 192",
    "dtype: size": "f32: 0.4MB",
    "loss": "0.0000111239",
    "samples": "262144",
    "damp": "0.05000",
    "time": "0.093",
    "fwd_time": "1.318",
    "(v)ram": "n/a"
}
{
    "process": "gptq",
    "layer": 6,
    "module": "self_attn.o_proj",
    "feat: in, out": "576, 576",
    "dtype: size": "f32: 1.3MB",
    "loss": "0.0000155241",
    "samples": "262144",
    "damp": "0.05000",
    "time": "0.134",
    "fwd_time": "4.334",
    "(v)ram": "n/a"
}
{
    "process": "gptq",
    "layer": 6,
    "module": "mlp.gate_proj",
    "feat: in, out": "576, 1536",
    "dtype: size": "f32: 3.4MB",
    "loss": "0.0000698052",
    "samples": "262144",
    "damp": "0.05000",
    "time": "0.463",
    "fwd_time": "6.725",
    "(v)ram": "n/a"
}
{
    "process": "gptq",
    "layer": 6,
    "module": "mlp.up_proj",
    "feat: in, out": "576, 1536",
    "dtype: size": "f32: 3.4MB",
    "loss": "0.0000683696",
    "samples": "262144",
    "damp": "0.05000",
    "time": "0.463",
    "fwd_time": "6.725",
    "(v)ram": "n/a"
}
{
    "process": "gptq",
    "layer": 6,
    "module": "mlp.down_proj",
    "feat: in, out": "1536, 576",
    "dtype: size": "f32: 3.4MB",
    "loss": "0.0001067699",
    "samples": "262144",
    "damp": "0.05000",
    "time": "0.393",
    "fwd_time": "9.965",
    "(v)ram": "n/a"
}
{
    "process": "gptq",
    "layer": 7,
    "module": "self_attn.k_proj",
    "feat: in, out": "576, 192",
    "dtype: size": "f32: 0.4MB",
    "loss": "0.0000411524",
    "samples": "262144",
    "damp": "0.05000",
    "time": "0.357",
    "fwd_time": "1.525",
    "(v)ram": "n/a"
}
{
    "process": "gptq",
    "layer": 7,
    "module": "self_attn.q_proj",
    "feat: in, out": "576, 576",
    "dtype: size": "f32: 1.3MB",
    "loss": "0.0001116600",
    "samples": "262144",
    "damp": "0.05000",
    "time": "0.385",
    "fwd_time": "1.525",
    "(v)ram": "n/a"
}
{
    "process": "gptq",
    "layer": 7,
    "module": "self_attn.v_proj",
    "feat: in, out": "576, 192",
    "dtype: size": "f32: 0.4MB",
    "loss": "0.0000254811",
    "samples": "262144",
    "damp": "0.05000",
    "time": "0.097",
    "fwd_time": "1.525",
    "(v)ram": "n/a"
}
{
    "process": "gptq",
    "layer": 7,
    "module": "self_attn.o_proj",
    "feat: in, out": "576, 576",
    "dtype: size": "f32: 1.3MB",
    "loss": "0.0000225159",
    "samples": "262144",
    "damp": "0.05000",
    "time": "0.161",
    "fwd_time": "4.683",
    "(v)ram": "n/a"
}
{
    "process": "gptq",
    "layer": 7,
    "module": "mlp.gate_proj",
    "feat: in, out": "576, 1536",
    "dtype: size": "f32: 3.4MB",
    "loss": "0.0000711220",
    "samples": "262144",
    "damp": "0.05000",
    "time": "0.547",
    "fwd_time": "7.032",
    "(v)ram": "n/a"
}
{
    "process": "gptq",
    "layer": 7,
    "module": "mlp.up_proj",
    "feat: in, out": "576, 1536",
    "dtype: size": "f32: 3.4MB",
    "loss": "0.0000718634",
    "samples": "262144",
    "damp": "0.05000",
    "time": "0.552",
    "fwd_time": "7.032",
    "(v)ram": "n/a"
}
{
    "process": "gptq",
    "layer": 7,
    "module": "mlp.down_proj",
    "feat: in, out": "1536, 576",
    "dtype: size": "f32: 3.4MB",
    "loss": "0.0001227291",
    "samples": "262144",
    "damp": "0.05000",
    "time": "0.434",
    "fwd_time": "10.497",
    "(v)ram": "n/a"
}
{
    "process": "gptq",
    "layer": 8,
    "module": "self_attn.k_proj",
    "feat: in, out": "576, 192",
    "dtype: size": "f32: 0.4MB",
    "loss": "0.0000370098",
    "samples": "262144",
    "damp": "0.05000",
    "time": "0.373",
    "fwd_time": "1.568",
    "(v)ram": "n/a"
}
{
    "process": "gptq",
    "layer": 8,
    "module": "self_attn.q_proj",
    "feat: in, out": "576, 576",
    "dtype: size": "f32: 1.3MB",
    "loss": "0.0000949741",
    "samples": "262144",
    "damp": "0.05000",
    "time": "0.418",
    "fwd_time": "1.568",
    "(v)ram": "n/a"
}
{
    "process": "gptq",
    "layer": 8,
    "module": "self_attn.v_proj",
    "feat: in, out": "576, 192",
    "dtype: size": "f32: 0.4MB",
    "loss": "0.0000184927",
    "samples": "262144",
    "damp": "0.05000",
    "time": "0.108",
    "fwd_time": "1.568",
    "(v)ram": "n/a"
}
{
    "process": "gptq",
    "layer": 8,
    "module": "self_attn.o_proj",
    "feat: in, out": "576, 576",
    "dtype: size": "f32: 1.3MB",
    "loss": "0.0000225984",
    "samples": "262144",
    "damp": "0.05000",
    "time": "0.161",
    "fwd_time": "4.733",
    "(v)ram": "n/a"
}
{
    "process": "gptq",
    "layer": 8,
    "module": "mlp.up_proj",
    "feat: in, out": "576, 1536",
    "dtype: size": "f32: 3.4MB",
    "loss": "0.0000806993",
    "samples": "262144",
    "damp": "0.05000",
    "time": "0.477",
    "fwd_time": "7.158",
    "(v)ram": "n/a"
}
{
    "process": "gptq",
    "layer": 8,
    "module": "mlp.gate_proj",
    "feat: in, out": "576, 1536",
    "dtype: size": "f32: 3.4MB",
    "loss": "0.0000737761",
    "samples": "262144",
    "damp": "0.05000",
    "time": "0.479",
    "fwd_time": "7.158",
    "(v)ram": "n/a"
}
{
    "process": "gptq",
    "layer": 8,
    "module": "mlp.down_proj",
    "feat: in, out": "1536, 576",
    "dtype: size": "f32: 3.4MB",
    "loss": "0.0001716268",
    "samples": "262144",
    "damp": "0.05000",
    "time": "0.438",
    "fwd_time": "10.216",
    "(v)ram": "n/a"
}
{
    "process": "gptq",
    "layer": 9,
    "module": "self_attn.k_proj",
    "feat: in, out": "576, 192",
    "dtype: size": "f32: 0.4MB",
    "loss": "0.0000254546",
    "samples": "262144",
    "damp": "0.05000",
    "time": "0.406",
    "fwd_time": "1.890",
    "(v)ram": "n/a"
}
{
    "process": "gptq",
    "layer": 9,
    "module": "self_attn.q_proj",
    "feat: in, out": "576, 576",
    "dtype: size": "f32: 1.3MB",
    "loss": "0.0000709597",
    "samples": "262144",
    "damp": "0.05000",
    "time": "0.500",
    "fwd_time": "1.890",
    "(v)ram": "n/a"
}
{
    "process": "gptq",
    "layer": 9,
    "module": "self_attn.v_proj",
    "feat: in, out": "576, 192",
    "dtype: size": "f32: 0.4MB",
    "loss": "0.0000107119",
    "samples": "262144",
    "damp": "0.05000",
    "time": "0.121",
    "fwd_time": "1.890",
    "(v)ram": "n/a"
}
{
    "process": "gptq",
    "layer": 9,
    "module": "self_attn.o_proj",
    "feat: in, out": "576, 576",
    "dtype: size": "f32: 1.3MB",
    "loss": "0.0000363499",
    "samples": "262144",
    "damp": "0.05000",
    "time": "0.129",
    "fwd_time": "5.139",
    "(v)ram": "n/a"
}
{
    "process": "gptq",
    "layer": 9,
    "module": "mlp.gate_proj",
    "feat: in, out": "576, 1536",
    "dtype: size": "f32: 3.4MB",
    "loss": "0.0000718100",
    "samples": "262144",
    "damp": "0.05000",
    "time": "0.579",
    "fwd_time": "6.930",
    "(v)ram": "n/a"
}
{
    "process": "gptq",
    "layer": 9,
    "module": "mlp.up_proj",
    "feat: in, out": "576, 1536",
    "dtype: size": "f32: 3.4MB",
    "loss": "0.0000877913",
    "samples": "262144",
    "damp": "0.05000",
    "time": "0.588",
    "fwd_time": "6.930",
    "(v)ram": "n/a"
}
{
    "process": "gptq",
    "layer": 9,
    "module": "mlp.down_proj",
    "feat: in, out": "1536, 576",
    "dtype: size": "f32: 3.4MB",
    "loss": "0.0001953768",
    "samples": "262144",
    "damp": "0.05000",
    "time": "0.413",
    "fwd_time": "11.059",
    "(v)ram": "n/a"
}
{
    "process": "gptq",
    "layer": 10,
    "module": "self_attn.k_proj",
    "feat: in, out": "576, 192",
    "dtype: size": "f32: 0.4MB",
    "loss": "0.0000222583",
    "samples": "262144",
    "damp": "0.05000",
    "time": "0.316",
    "fwd_time": "1.526",
    "(v)ram": "n/a"
}
{
    "process": "gptq",
    "layer": 10,
    "module": "self_attn.q_proj",
    "feat: in, out": "576, 576",
    "dtype: size": "f32: 1.3MB",
    "loss": "0.0000635405",
    "samples": "262144",
    "damp": "0.05000",
    "time": "0.356",
    "fwd_time": "1.526",
    "(v)ram": "n/a"
}
{
    "process": "gptq",
    "layer": 10,
    "module": "self_attn.v_proj",
    "feat: in, out": "576, 192",
    "dtype: size": "f32: 0.4MB",
    "loss": "0.0000108223",
    "samples": "262144",
    "damp": "0.05000",
    "time": "0.100",
    "fwd_time": "1.526",
    "(v)ram": "n/a"
}
{
    "process": "gptq",
    "layer": 10,
    "module": "self_attn.o_proj",
    "feat: in, out": "576, 576",
    "dtype: size": "f32: 1.3MB",
    "loss": "0.0000630923",
    "samples": "262144",
    "damp": "0.05000",
    "time": "0.139",
    "fwd_time": "5.136",
    "(v)ram": "n/a"
}
{
    "process": "gptq",
    "layer": 10,
    "module": "mlp.up_proj",
    "feat: in, out": "576, 1536",
    "dtype: size": "f32: 3.4MB",
    "loss": "0.0000878881",
    "samples": "262144",
    "damp": "0.05000",
    "time": "0.570",
    "fwd_time": "7.379",
    "(v)ram": "n/a"
}
{
    "process": "gptq",
    "layer": 10,
    "module": "mlp.gate_proj",
    "feat: in, out": "576, 1536",
    "dtype: size": "f32: 3.4MB",
    "loss": "0.0000685846",
    "samples": "262144",
    "damp": "0.05000",
    "time": "0.576",
    "fwd_time": "7.379",
    "(v)ram": "n/a"
}
{
    "process": "gptq",
    "layer": 10,
    "module": "mlp.down_proj",
    "feat: in, out": "1536, 576",
    "dtype: size": "f32: 3.4MB",
    "loss": "0.0001878467",
    "samples": "262144",
    "damp": "0.05000",
    "time": "0.408",
    "fwd_time": "10.772",
    "(v)ram": "n/a"
}
{
    "process": "gptq",
    "layer": 11,
    "module": "self_attn.k_proj",
    "feat: in, out": "576, 192",
    "dtype: size": "f32: 0.4MB",
    "loss": "0.0000202146",
    "samples": "262144",
    "damp": "0.05000",
    "time": "0.338",
    "fwd_time": "1.581",
    "(v)ram": "n/a"
}
{
    "process": "gptq",
    "layer": 11,
    "module": "self_attn.q_proj",
    "feat: in, out": "576, 576",
    "dtype: size": "f32: 1.3MB",
    "loss": "0.0000577049",
    "samples": "262144",
    "damp": "0.05000",
    "time": "0.393",
    "fwd_time": "1.581",
    "(v)ram": "n/a"
}
{
    "process": "gptq",
    "layer": 11,
    "module": "self_attn.v_proj",
    "feat: in, out": "576, 192",
    "dtype: size": "f32: 0.4MB",
    "loss": "0.0000101645",
    "samples": "262144",
    "damp": "0.05000",
    "time": "0.127",
    "fwd_time": "1.581",
    "(v)ram": "n/a"
}
{
    "process": "gptq",
    "layer": 11,
    "module": "self_attn.o_proj",
    "feat: in, out": "576, 576",
    "dtype: size": "f32: 1.3MB",
    "loss": "0.0000785841",
    "samples": "262144",
    "damp": "0.05000",
    "time": "0.138",
    "fwd_time": "4.727",
    "(v)ram": "n/a"
}
{
    "process": "gptq",
    "layer": 11,
    "module": "mlp.gate_proj",
    "feat: in, out": "576, 1536",
    "dtype: size": "f32: 3.4MB",
    "loss": "0.0000643615",
    "samples": "262144",
    "damp": "0.05000",
    "time": "0.445",
    "fwd_time": "7.087",
    "(v)ram": "n/a"
}
{
    "process": "gptq",
    "layer": 11,
    "module": "mlp.up_proj",
    "feat: in, out": "576, 1536",
    "dtype: size": "f32: 3.4MB",
    "loss": "0.0000866432",
    "samples": "262144",
    "damp": "0.05000",
    "time": "0.454",
    "fwd_time": "7.087",
    "(v)ram": "n/a"
}
{
    "process": "gptq",
    "layer": 11,
    "module": "mlp.down_proj",
    "feat: in, out": "1536, 576",
    "dtype: size": "f32: 3.4MB",
    "loss": "0.0018152983",
    "samples": "262144",
    "damp": "0.05000",
    "time": "0.428",
    "fwd_time": "10.273",
    "(v)ram": "n/a"
}
{
    "process": "gptq",
    "layer": 12,
    "module": "self_attn.k_proj",
    "feat: in, out": "576, 192",
    "dtype: size": "f32: 0.4MB",
    "loss": "0.0000288608",
    "samples": "262144",
    "damp": "0.05000",
    "time": "0.301",
    "fwd_time": "1.405",
    "(v)ram": "n/a"
}
{
    "process": "gptq",
    "layer": 12,
    "module": "self_attn.q_proj",
    "feat: in, out": "576, 576",
    "dtype: size": "f32: 1.3MB",
    "loss": "0.0000818016",
    "samples": "262144",
    "damp": "0.05000",
    "time": "0.340",
    "fwd_time": "1.405",
    "(v)ram": "n/a"
}
{
    "process": "gptq",
    "layer": 12,
    "module": "self_attn.v_proj",
    "feat: in, out": "576, 192",
    "dtype: size": "f32: 0.4MB",
    "loss": "0.0000157292",
    "samples": "262144",
    "damp": "0.05000",
    "time": "0.099",
    "fwd_time": "1.405",
    "(v)ram": "n/a"
}
{
    "process": "gptq",
    "layer": 12,
    "module": "self_attn.o_proj",
    "feat: in, out": "576, 576",
    "dtype: size": "f32: 1.3MB",
    "loss": "0.0000645591",
    "samples": "262144",
    "damp": "0.05000",
    "time": "0.179",
    "fwd_time": "4.386",
    "(v)ram": "n/a"
}
{
    "process": "gptq",
    "layer": 12,
    "module": "mlp.up_proj",
    "feat: in, out": "576, 1536",
    "dtype: size": "f32: 3.4MB",
    "loss": "0.0000784490",
    "samples": "262144",
    "damp": "0.05000",
    "time": "0.521",
    "fwd_time": "7.018",
    "(v)ram": "n/a"
}
{
    "process": "gptq",
    "layer": 12,
    "module": "mlp.gate_proj",
    "feat: in, out": "576, 1536",
    "dtype: size": "f32: 3.4MB",
    "loss": "0.0000622690",
    "samples": "262144",
    "damp": "0.05000",
    "time": "0.525",
    "fwd_time": "7.018",
    "(v)ram": "n/a"
}
{
    "process": "gptq",
    "layer": 12,
    "module": "mlp.down_proj",
    "feat: in, out": "1536, 576",
    "dtype: size": "f32: 3.4MB",
    "loss": "0.0001696991",
    "samples": "262144",
    "damp": "0.05000",
    "time": "0.486",
    "fwd_time": "10.947",
    "(v)ram": "n/a"
}
{
    "process": "gptq",
    "layer": 13,
    "module": "self_attn.k_proj",
    "feat: in, out": "576, 192",
    "dtype: size": "f32: 0.4MB",
    "loss": "0.0000304974",
    "samples": "262144",
    "damp": "0.05000",
    "time": "0.482",
    "fwd_time": "1.818",
    "(v)ram": "n/a"
}
{
    "process": "gptq",
    "layer": 13,
    "module": "self_attn.q_proj",
    "feat: in, out": "576, 576",
    "dtype: size": "f32: 1.3MB",
    "loss": "0.0000888633",
    "samples": "262144",
    "damp": "0.05000",
    "time": "0.513",
    "fwd_time": "1.818",
    "(v)ram": "n/a"
}
{
    "process": "gptq",
    "layer": 13,
    "module": "self_attn.v_proj",
    "feat: in, out": "576, 192",
    "dtype: size": "f32: 0.4MB",
    "loss": "0.0000135208",
    "samples": "262144",
    "damp": "0.05000",
    "time": "0.173",
    "fwd_time": "1.818",
    "(v)ram": "n/a"
}
{
    "process": "gptq",
    "layer": 13,
    "module": "self_attn.o_proj",
    "feat: in, out": "576, 576",
    "dtype: size": "f32: 1.3MB",
    "loss": "0.0000627202",
    "samples": "262144",
    "damp": "0.05000",
    "time": "0.130",
    "fwd_time": "4.807",
    "(v)ram": "n/a"
}
{
    "process": "gptq",
    "layer": 13,
    "module": "mlp.up_proj",
    "feat: in, out": "576, 1536",
    "dtype: size": "f32: 3.4MB",
    "loss": "0.0000794244",
    "samples": "262144",
    "damp": "0.05000",
    "time": "0.536",
    "fwd_time": "6.831",
    "(v)ram": "n/a"
}
{
    "process": "gptq",
    "layer": 13,
    "module": "mlp.gate_proj",
    "feat: in, out": "576, 1536",
    "dtype: size": "f32: 3.4MB",
    "loss": "0.0000744090",
    "samples": "262144",
    "damp": "0.05000",
    "time": "0.547",
    "fwd_time": "6.831",
    "(v)ram": "n/a"
}
{
    "process": "gptq",
    "layer": 13,
    "module": "mlp.down_proj",
    "feat: in, out": "1536, 576",
    "dtype: size": "f32: 3.4MB",
    "loss": "0.0001642531",
    "samples": "262144",
    "damp": "0.05000",
    "time": "0.467",
    "fwd_time": "10.729",
    "(v)ram": "n/a"
}
{
    "process": "gptq",
    "layer": 14,
    "module": "self_attn.k_proj",
    "feat: in, out": "576, 192",
    "dtype: size": "f32: 0.4MB",
    "loss": "0.0000349235",
    "samples": "262144",
    "damp": "0.05000",
    "time": "0.406",
    "fwd_time": "1.473",
    "(v)ram": "n/a"
}
{
    "process": "gptq",
    "layer": 14,
    "module": "self_attn.q_proj",
    "feat: in, out": "576, 576",
    "dtype: size": "f32: 1.3MB",
    "loss": "0.0000965686",
    "samples": "262144",
    "damp": "0.05000",
    "time": "0.488",
    "fwd_time": "1.473",
    "(v)ram": "n/a"
}
{
    "process": "gptq",
    "layer": 14,
    "module": "self_attn.v_proj",
    "feat: in, out": "576, 192",
    "dtype: size": "f32: 0.4MB",
    "loss": "0.0000251836",
    "samples": "262144",
    "damp": "0.05000",
    "time": "0.162",
    "fwd_time": "1.473",
    "(v)ram": "n/a"
}
{
    "process": "gptq",
    "layer": 14,
    "module": "self_attn.o_proj",
    "feat: in, out": "576, 576",
    "dtype: size": "f32: 1.3MB",
    "loss": "0.0000722277",
    "samples": "262144",
    "damp": "0.05000",
    "time": "0.145",
    "fwd_time": "5.189",
    "(v)ram": "n/a"
}
{
    "process": "gptq",
    "layer": 14,
    "module": "mlp.gate_proj",
    "feat: in, out": "576, 1536",
    "dtype: size": "f32: 3.4MB",
    "loss": "0.0000731321",
    "samples": "262144",
    "damp": "0.05000",
    "time": "0.515",
    "fwd_time": "7.111",
    "(v)ram": "n/a"
}
{
    "process": "gptq",
    "layer": 14,
    "module": "mlp.up_proj",
    "feat: in, out": "576, 1536",
    "dtype: size": "f32: 3.4MB",
    "loss": "0.0000771025",
    "samples": "262144",
    "damp": "0.05000",
    "time": "0.521",
    "fwd_time": "7.111",
    "(v)ram": "n/a"
}
{
    "process": "gptq",
    "layer": 14,
    "module": "mlp.down_proj",
    "feat: in, out": "1536, 576",
    "dtype: size": "f32: 3.4MB",
    "loss": "0.0001835493",
    "samples": "262144",
    "damp": "0.05000",
    "time": "0.508",
    "fwd_time": "10.162",
    "(v)ram": "n/a"
}
{
    "process": "gptq",
    "layer": 15,
    "module": "self_attn.k_proj",
    "feat: in, out": "576, 192",
    "dtype: size": "f32: 0.4MB",
    "loss": "0.0000315702",
    "samples": "262144",
    "damp": "0.05000",
    "time": "0.319",
    "fwd_time": "1.448",
    "(v)ram": "n/a"
}
{
    "process": "gptq",
    "layer": 15,
    "module": "self_attn.q_proj",
    "feat: in, out": "576, 576",
    "dtype: size": "f32: 1.3MB",
    "loss": "0.0000877021",
    "samples": "262144",
    "damp": "0.05000",
    "time": "0.360",
    "fwd_time": "1.448",
    "(v)ram": "n/a"
}
{
    "process": "gptq",
    "layer": 15,
    "module": "self_attn.v_proj",
    "feat: in, out": "576, 192",
    "dtype: size": "f32: 0.4MB",
    "loss": "0.0000229799",
    "samples": "262144",
    "damp": "0.05000",
    "time": "0.093",
    "fwd_time": "1.448",
    "(v)ram": "n/a"
}
{
    "process": "gptq",
    "layer": 15,
    "module": "self_attn.o_proj",
    "feat: in, out": "576, 576",
    "dtype: size": "f32: 1.3MB",
    "loss": "0.0000601025",
    "samples": "262144",
    "damp": "0.05000",
    "time": "0.139",
    "fwd_time": "4.656",
    "(v)ram": "n/a"
}
{
    "process": "gptq",
    "layer": 15,
    "module": "mlp.gate_proj",
    "feat: in, out": "576, 1536",
    "dtype: size": "f32: 3.4MB",
    "loss": "0.0000775899",
    "samples": "262144",
    "damp": "0.05000",
    "time": "0.565",
    "fwd_time": "7.327",
    "(v)ram": "n/a"
}
{
    "process": "gptq",
    "layer": 15,
    "module": "mlp.up_proj",
    "feat: in, out": "576, 1536",
    "dtype: size": "f32: 3.4MB",
    "loss": "0.0000776659",
    "samples": "262144",
    "damp": "0.05000",
    "time": "0.572",
    "fwd_time": "7.327",
    "(v)ram": "n/a"
}
{
    "process": "gptq",
    "layer": 15,
    "module": "mlp.down_proj",
    "feat: in, out": "1536, 576",
    "dtype: size": "f32: 3.4MB",
    "loss": "0.0002059557",
    "samples": "262144",
    "damp": "0.05000",
    "time": "0.479",
    "fwd_time": "10.983",
    "(v)ram": "n/a"
}
{
    "process": "gptq",
    "layer": 16,
    "module": "self_attn.k_proj",
    "feat: in, out": "576, 192",
    "dtype: size": "f32: 0.4MB",
    "loss": "0.0000274250",
    "samples": "262144",
    "damp": "0.05000",
    "time": "0.340",
    "fwd_time": "1.441",
    "(v)ram": "n/a"
}
{
    "process": "gptq",
    "layer": 16,
    "module": "self_attn.q_proj",
    "feat: in, out": "576, 576",
    "dtype: size": "f32: 1.3MB",
    "loss": "0.0000741797",
    "samples": "262144",
    "damp": "0.05000",
    "time": "0.391",
    "fwd_time": "1.441",
    "(v)ram": "n/a"
}
{
    "process": "gptq",
    "layer": 16,
    "module": "self_attn.v_proj",
    "feat: in, out": "576, 192",
    "dtype: size": "f32: 0.4MB",
    "loss": "0.0000182621",
    "samples": "262144",
    "damp": "0.05000",
    "time": "0.120",
    "fwd_time": "1.441",
    "(v)ram": "n/a"
}
{
    "process": "gptq",
    "layer": 16,
    "module": "self_attn.o_proj",
    "feat: in, out": "576, 576",
    "dtype: size": "f32: 1.3MB",
    "loss": "0.0001226341",
    "samples": "262144",
    "damp": "0.05000",
    "time": "0.141",
    "fwd_time": "4.644",
    "(v)ram": "n/a"
}
{
    "process": "gptq",
    "layer": 16,
    "module": "mlp.up_proj",
    "feat: in, out": "576, 1536",
    "dtype: size": "f32: 3.4MB",
    "loss": "0.0000748184",
    "samples": "262144",
    "damp": "0.05000",
    "time": "0.530",
    "fwd_time": "7.491",
    "(v)ram": "n/a"
}
{
    "process": "gptq",
    "layer": 16,
    "module": "mlp.gate_proj",
    "feat: in, out": "576, 1536",
    "dtype: size": "f32: 3.4MB",
    "loss": "0.0000714747",
    "samples": "262144",
    "damp": "0.05000",
    "time": "0.540",
    "fwd_time": "7.491",
    "(v)ram": "n/a"
}
{
    "process": "gptq",
    "layer": 16,
    "module": "mlp.down_proj",
    "feat: in, out": "1536, 576",
    "dtype: size": "f32: 3.4MB",
    "loss": "0.0001911964",
    "samples": "262144",
    "damp": "0.05000",
    "time": "0.402",
    "fwd_time": "11.796",
    "(v)ram": "n/a"
}
{
    "process": "gptq",
    "layer": 17,
    "module": "self_attn.k_proj",
    "feat: in, out": "576, 192",
    "dtype: size": "f32: 0.4MB",
    "loss": "0.0000394886",
    "samples": "262144",
    "damp": "0.05000",
    "time": "0.323",
    "fwd_time": "1.531",
    "(v)ram": "n/a"
}
{
    "process": "gptq",
    "layer": 17,
    "module": "self_attn.q_proj",
    "feat: in, out": "576, 576",
    "dtype: size": "f32: 1.3MB",
    "loss": "0.0001325922",
    "samples": "262144",
    "damp": "0.05000",
    "time": "0.395",
    "fwd_time": "1.531",
    "(v)ram": "n/a"
}
{
    "process": "gptq",
    "layer": 17,
    "module": "self_attn.v_proj",
    "feat: in, out": "576, 192",
    "dtype: size": "f32: 0.4MB",
    "loss": "0.0000325298",
    "samples": "262144",
    "damp": "0.05000",
    "time": "0.136",
    "fwd_time": "1.531",
    "(v)ram": "n/a"
}
{
    "process": "gptq",
    "layer": 17,
    "module": "self_attn.o_proj",
    "feat: in, out": "576, 576",
    "dtype: size": "f32: 1.3MB",
    "loss": "0.0001015458",
    "samples": "262144",
    "damp": "0.05000",
    "time": "0.169",
    "fwd_time": "5.135",
    "(v)ram": "n/a"
}
{
    "process": "gptq",
    "layer": 17,
    "module": "mlp.gate_proj",
    "feat: in, out": "576, 1536",
    "dtype: size": "f32: 3.4MB",
    "loss": "0.0000681510",
    "samples": "262144",
    "damp": "0.05000",
    "time": "0.534",
    "fwd_time": "7.495",
    "(v)ram": "n/a"
}
{
    "process": "gptq",
    "layer": 17,
    "module": "mlp.up_proj",
    "feat: in, out": "576, 1536",
    "dtype: size": "f32: 3.4MB",
    "loss": "0.0000757583",
    "samples": "262144",
    "damp": "0.05000",
    "time": "0.542",
    "fwd_time": "7.495",
    "(v)ram": "n/a"
}
{
    "process": "gptq",
    "layer": 17,
    "module": "mlp.down_proj",
    "feat: in, out": "1536, 576",
    "dtype: size": "f32: 3.4MB",
    "loss": "0.0002210098",
    "samples": "262144",
    "damp": "0.05000",
    "time": "0.479",
    "fwd_time": "10.938",
    "(v)ram": "n/a"
}
{
    "process": "gptq",
    "layer": 18,
    "module": "self_attn.k_proj",
    "feat: in, out": "576, 192",
    "dtype: size": "f32: 0.4MB",
    "loss": "0.0000422276",
    "samples": "262144",
    "damp": "0.05000",
    "time": "0.298",
    "fwd_time": "1.683",
    "(v)ram": "n/a"
}
{
    "process": "gptq",
    "layer": 18,
    "module": "self_attn.q_proj",
    "feat: in, out": "576, 576",
    "dtype: size": "f32: 1.3MB",
    "loss": "0.0001338068",
    "samples": "262144",
    "damp": "0.05000",
    "time": "0.346",
    "fwd_time": "1.683",
    "(v)ram": "n/a"
}
{
    "process": "gptq",
    "layer": 18,
    "module": "self_attn.v_proj",
    "feat: in, out": "576, 192",
    "dtype: size": "f32: 0.4MB",
    "loss": "0.0000500539",
    "samples": "262144",
    "damp": "0.05000",
    "time": "0.102",
    "fwd_time": "1.683",
    "(v)ram": "n/a"
}
{
    "process": "gptq",
    "layer": 18,
    "module": "self_attn.o_proj",
    "feat: in, out": "576, 576",
    "dtype: size": "f32: 1.3MB",
    "loss": "0.0001816017",
    "samples": "262144",
    "damp": "0.05000",
    "time": "0.158",
    "fwd_time": "4.835",
    "(v)ram": "n/a"
}
{
    "process": "gptq",
    "layer": 18,
    "module": "mlp.gate_proj",
    "feat: in, out": "576, 1536",
    "dtype: size": "f32: 3.4MB",
    "loss": "0.0000752370",
    "samples": "262144",
    "damp": "0.05000",
    "time": "0.512",
    "fwd_time": "6.919",
    "(v)ram": "n/a"
}
{
    "process": "gptq",
    "layer": 18,
    "module": "mlp.up_proj",
    "feat: in, out": "576, 1536",
    "dtype: size": "f32: 3.4MB",
    "loss": "0.0000803654",
    "samples": "262144",
    "damp": "0.05000",
    "time": "0.517",
    "fwd_time": "6.919",
    "(v)ram": "n/a"
}
{
    "process": "gptq",
    "layer": 18,
    "module": "mlp.down_proj",
    "feat: in, out": "1536, 576",
    "dtype: size": "f32: 3.4MB",
    "loss": "0.0004325054",
    "samples": "262144",
    "damp": "0.05000",
    "time": "0.401",
    "fwd_time": "10.813",
    "(v)ram": "n/a"
}
{
    "process": "gptq",
    "layer": 19,
    "module": "self_attn.k_proj",
    "feat: in, out": "576, 192",
    "dtype: size": "f32: 0.4MB",
    "loss": "0.0000216343",
    "samples": "262144",
    "damp": "0.05000",
    "time": "0.291",
    "fwd_time": "1.361",
    "(v)ram": "n/a"
}
{
    "process": "gptq",
    "layer": 19,
    "module": "self_attn.q_proj",
    "feat: in, out": "576, 576",
    "dtype: size": "f32: 1.3MB",
    "loss": "0.0000899678",
    "samples": "262144",
    "damp": "0.05000",
    "time": "0.336",
    "fwd_time": "1.361",
    "(v)ram": "n/a"
}
{
    "process": "gptq",
    "layer": 19,
    "module": "self_attn.v_proj",
    "feat: in, out": "576, 192",
    "dtype: size": "f32: 0.4MB",
    "loss": "0.0000349489",
    "samples": "262144",
    "damp": "0.05000",
    "time": "0.099",
    "fwd_time": "1.361",
    "(v)ram": "n/a"
}
{
    "process": "gptq",
    "layer": 19,
    "module": "self_attn.o_proj",
    "feat: in, out": "576, 576",
    "dtype: size": "f32: 1.3MB",
    "loss": "0.0002246153",
    "samples": "262144",
    "damp": "0.05000",
    "time": "0.127",
    "fwd_time": "4.412",
    "(v)ram": "n/a"
}
{
    "process": "gptq",
    "layer": 19,
    "module": "mlp.up_proj",
    "feat: in, out": "576, 1536",
    "dtype: size": "f32: 3.4MB",
    "loss": "0.0000962111",
    "samples": "262144",
    "damp": "0.05000",
    "time": "0.545",
    "fwd_time": "6.856",
    "(v)ram": "n/a"
}
{
    "process": "gptq",
    "layer": 19,
    "module": "mlp.gate_proj",
    "feat: in, out": "576, 1536",
    "dtype: size": "f32: 3.4MB",
    "loss": "0.0000912717",
    "samples": "262144",
    "damp": "0.05000",
    "time": "0.551",
    "fwd_time": "6.856",
    "(v)ram": "n/a"
}
{
    "process": "gptq",
    "layer": 19,
    "module": "mlp.down_proj",
    "feat: in, out": "1536, 576",
    "dtype: size": "f32: 3.4MB",
    "loss": "0.0004333589",
    "samples": "262144",
    "damp": "0.05000",
    "time": "0.434",
    "fwd_time": "10.489",
    "(v)ram": "n/a"
}
{
    "process": "gptq",
    "layer": 20,
    "module": "self_attn.k_proj",
    "feat: in, out": "576, 192",
    "dtype: size": "f32: 0.4MB",
    "loss": "0.0000307108",
    "samples": "262144",
    "damp": "0.05000",
    "time": "0.525",
    "fwd_time": "2.299",
    "(v)ram": "n/a"
}
{
    "process": "gptq",
    "layer": 20,
    "module": "self_attn.q_proj",
    "feat: in, out": "576, 576",
    "dtype: size": "f32: 1.3MB",
    "loss": "0.0001107319",
    "samples": "262144",
    "damp": "0.05000",
    "time": "0.611",
    "fwd_time": "2.299",
    "(v)ram": "n/a"
}
{
    "process": "gptq",
    "layer": 20,
    "module": "self_attn.v_proj",
    "feat: in, out": "576, 192",
    "dtype: size": "f32: 0.4MB",
    "loss": "0.0000607521",
    "samples": "262144",
    "damp": "0.05000",
    "time": "0.185",
    "fwd_time": "2.299",
    "(v)ram": "n/a"
}
{
    "process": "gptq",
    "layer": 20,
    "module": "self_attn.o_proj",
    "feat: in, out": "576, 576",
    "dtype: size": "f32: 1.3MB",
    "loss": "0.0002365197",
    "samples": "262144",
    "damp": "0.05000",
    "time": "0.174",
    "fwd_time": "5.684",
    "(v)ram": "n/a"
}
{
    "process": "gptq",
    "layer": 20,
    "module": "mlp.up_proj",
    "feat: in, out": "576, 1536",
    "dtype: size": "f32: 3.4MB",
    "loss": "0.0001114735",
    "samples": "262144",
    "damp": "0.05000",
    "time": "0.460",
    "fwd_time": "7.617",
    "(v)ram": "n/a"
}
{
    "process": "gptq",
    "layer": 20,
    "module": "mlp.gate_proj",
    "feat: in, out": "576, 1536",
    "dtype: size": "f32: 3.4MB",
    "loss": "0.0000975004",
    "samples": "262144",
    "damp": "0.05000",
    "time": "0.475",
    "fwd_time": "7.617",
    "(v)ram": "n/a"
}
{
    "process": "gptq",
    "layer": 20,
    "module": "mlp.down_proj",
    "feat: in, out": "1536, 576",
    "dtype: size": "f32: 3.4MB",
    "loss": "0.0008387588",
    "samples": "262144",
    "damp": "0.05000",
    "time": "0.501",
    "fwd_time": "11.520",
    "(v)ram": "n/a"
}
{
    "process": "gptq",
    "layer": 21,
    "module": "self_attn.k_proj",
    "feat: in, out": "576, 192",
    "dtype: size": "f32: 0.4MB",
    "loss": "0.0000270513",
    "samples": "262144",
    "damp": "0.05000",
    "time": "0.311",
    "fwd_time": "1.389",
    "(v)ram": "n/a"
}
{
    "process": "gptq",
    "layer": 21,
    "module": "self_attn.q_proj",
    "feat: in, out": "576, 576",
    "dtype: size": "f32: 1.3MB",
    "loss": "0.0000931929",
    "samples": "262144",
    "damp": "0.05000",
    "time": "0.355",
    "fwd_time": "1.389",
    "(v)ram": "n/a"
}
{
    "process": "gptq",
    "layer": 21,
    "module": "self_attn.v_proj",
    "feat: in, out": "576, 192",
    "dtype: size": "f32: 0.4MB",
    "loss": "0.0000422134",
    "samples": "262144",
    "damp": "0.05000",
    "time": "0.111",
    "fwd_time": "1.389",
    "(v)ram": "n/a"
}
{
    "process": "gptq",
    "layer": 21,
    "module": "self_attn.o_proj",
    "feat: in, out": "576, 576",
    "dtype: size": "f32: 1.3MB",
    "loss": "0.0001917874",
    "samples": "262144",
    "damp": "0.05000",
    "time": "0.145",
    "fwd_time": "5.221",
    "(v)ram": "n/a"
}
{
    "process": "gptq",
    "layer": 21,
    "module": "mlp.up_proj",
    "feat: in, out": "576, 1536",
    "dtype: size": "f32: 3.4MB",
    "loss": "0.0001225325",
    "samples": "262144",
    "damp": "0.05000",
    "time": "0.485",
    "fwd_time": "6.892",
    "(v)ram": "n/a"
}
{
    "process": "gptq",
    "layer": 21,
    "module": "mlp.gate_proj",
    "feat: in, out": "576, 1536",
    "dtype: size": "f32: 3.4MB",
    "loss": "0.0001107954",
    "samples": "262144",
    "damp": "0.05000",
    "time": "0.490",
    "fwd_time": "6.892",
    "(v)ram": "n/a"
}
{
    "process": "gptq",
    "layer": 21,
    "module": "mlp.down_proj",
    "feat: in, out": "1536, 576",
    "dtype: size": "f32: 3.4MB",
    "loss": "0.0006147037",
    "samples": "262144",
    "damp": "0.05000",
    "time": "0.516",
    "fwd_time": "10.447",
    "(v)ram": "n/a"
}
{
    "process": "gptq",
    "layer": 22,
    "module": "self_attn.k_proj",
    "feat: in, out": "576, 192",
    "dtype: size": "f32: 0.4MB",
    "loss": "0.0000260263",
    "samples": "262144",
    "damp": "0.05000",
    "time": "0.309",
    "fwd_time": "1.433",
    "(v)ram": "n/a"
}
{
    "process": "gptq",
    "layer": 22,
    "module": "self_attn.q_proj",
    "feat: in, out": "576, 576",
    "dtype: size": "f32: 1.3MB",
    "loss": "0.0000900249",
    "samples": "262144",
    "damp": "0.05000",
    "time": "0.351",
    "fwd_time": "1.433",
    "(v)ram": "n/a"
}
{
    "process": "gptq",
    "layer": 22,
    "module": "self_attn.v_proj",
    "feat: in, out": "576, 192",
    "dtype: size": "f32: 0.4MB",
    "loss": "0.0000427133",
    "samples": "262144",
    "damp": "0.05000",
    "time": "0.104",
    "fwd_time": "1.433",
    "(v)ram": "n/a"
}
{
    "process": "gptq",
    "layer": 22,
    "module": "self_attn.o_proj",
    "feat: in, out": "576, 576",
    "dtype: size": "f32: 1.3MB",
    "loss": "0.0002542103",
    "samples": "262144",
    "damp": "0.05000",
    "time": "0.145",
    "fwd_time": "4.886",
    "(v)ram": "n/a"
}
{
    "process": "gptq",
    "layer": 22,
    "module": "mlp.up_proj",
    "feat: in, out": "576, 1536",
    "dtype: size": "f32: 3.4MB",
    "loss": "0.0001340150",
    "samples": "262144",
    "damp": "0.05000",
    "time": "0.489",
    "fwd_time": "6.891",
    "(v)ram": "n/a"
}
{
    "process": "gptq",
    "layer": 22,
    "module": "mlp.gate_proj",
    "feat: in, out": "576, 1536",
    "dtype: size": "f32: 3.4MB",
    "loss": "0.0001155625",
    "samples": "262144",
    "damp": "0.05000",
    "time": "0.494",
    "fwd_time": "6.891",
    "(v)ram": "n/a"
}
{
    "process": "gptq",
    "layer": 22,
    "module": "mlp.down_proj",
    "feat: in, out": "1536, 576",
    "dtype: size": "f32: 3.4MB",
    "loss": "0.0010444284",
    "samples": "262144",
    "damp": "0.05000",
    "time": "0.404",
    "fwd_time": "10.227",
    "(v)ram": "n/a"
}
{
    "process": "gptq",
    "layer": 23,
    "module": "self_attn.k_proj",
    "feat: in, out": "576, 192",
    "dtype: size": "f32: 0.4MB",
    "loss": "0.0000389392",
    "samples": "262144",
    "damp": "0.05000",
    "time": "0.407",
    "fwd_time": "1.742",
    "(v)ram": "n/a"
}
{
    "process": "gptq",
    "layer": 23,
    "module": "self_attn.q_proj",
    "feat: in, out": "576, 576",
    "dtype: size": "f32: 1.3MB",
    "loss": "0.0001278485",
    "samples": "262144",
    "damp": "0.05000",
    "time": "0.459",
    "fwd_time": "1.742",
    "(v)ram": "n/a"
}
{
    "process": "gptq",
    "layer": 23,
    "module": "self_attn.v_proj",
    "feat: in, out": "576, 192",
    "dtype: size": "f32: 0.4MB",
    "loss": "0.0001391199",
    "samples": "262144",
    "damp": "0.05000",
    "time": "0.163",
    "fwd_time": "1.742",
    "(v)ram": "n/a"
}
{
    "process": "gptq",
    "layer": 23,
    "module": "self_attn.o_proj",
    "feat: in, out": "576, 576",
    "dtype: size": "f32: 1.3MB",
    "loss": "0.0007179675",
    "samples": "262144",
    "damp": "0.05000",
    "time": "0.129",
    "fwd_time": "4.833",
    "(v)ram": "n/a"
}
{
    "process": "gptq",
    "layer": 23,
    "module": "mlp.up_proj",
    "feat: in, out": "576, 1536",
    "dtype: size": "f32: 3.4MB",
    "loss": "0.0001625268",
    "samples": "262144",
    "damp": "0.05000",
    "time": "0.525",
    "fwd_time": "7.215",
    "(v)ram": "n/a"
}
{
    "process": "gptq",
    "layer": 23,
    "module": "mlp.gate_proj",
    "feat: in, out": "576, 1536",
    "dtype: size": "f32: 3.4MB",
    "loss": "0.0001250657",
    "samples": "262144",
    "damp": "0.05000",
    "time": "0.532",
    "fwd_time": "7.215",
    "(v)ram": "n/a"
}
{
    "process": "gptq",
    "layer": 23,
    "module": "mlp.down_proj",
    "feat: in, out": "1536, 576",
    "dtype: size": "f32: 3.4MB",
    "loss": "0.0012763608",
    "samples": "262144",
    "damp": "0.05000",
    "time": "0.451",
    "fwd_time": "10.692",
    "(v)ram": "n/a"
}
{
    "process": "gptq",
    "layer": 24,
    "module": "self_attn.k_proj",
    "feat: in, out": "576, 192",
    "dtype: size": "f32: 0.4MB",
    "loss": "0.0000318392",
    "samples": "262144",
    "damp": "0.05000",
    "time": "0.347",
    "fwd_time": "1.734",
    "(v)ram": "n/a"
}
{
    "process": "gptq",
    "layer": 24,
    "module": "self_attn.q_proj",
    "feat: in, out": "576, 576",
    "dtype: size": "f32: 1.3MB",
    "loss": "0.0001240723",
    "samples": "262144",
    "damp": "0.05000",
    "time": "0.384",
    "fwd_time": "1.734",
    "(v)ram": "n/a"
}
{
    "process": "gptq",
    "layer": 24,
    "module": "self_attn.v_proj",
    "feat: in, out": "576, 192",
    "dtype: size": "f32: 0.4MB",
    "loss": "0.0001355630",
    "samples": "262144",
    "damp": "0.05000",
    "time": "0.100",
    "fwd_time": "1.734",
    "(v)ram": "n/a"
}
{
    "process": "gptq",
    "layer": 24,
    "module": "self_attn.o_proj",
    "feat: in, out": "576, 576",
    "dtype: size": "f32: 1.3MB",
    "loss": "0.0005167032",
    "samples": "262144",
    "damp": "0.05000",
    "time": "0.179",
    "fwd_time": "6.001",
    "(v)ram": "n/a"
}
{
    "process": "gptq",
    "layer": 24,
    "module": "mlp.gate_proj",
    "feat: in, out": "576, 1536",
    "dtype: size": "f32: 3.4MB",
    "loss": "0.0001147640",
    "samples": "262144",
    "damp": "0.05000",
    "time": "0.600",
    "fwd_time": "8.534",
    "(v)ram": "n/a"
}
{
    "process": "gptq",
    "layer": 24,
    "module": "mlp.up_proj",
    "feat: in, out": "576, 1536",
    "dtype: size": "f32: 3.4MB",
    "loss": "0.0001500259",
    "samples": "262144",
    "damp": "0.05000",
    "time": "0.608",
    "fwd_time": "8.534",
    "(v)ram": "n/a"
}
{
    "process": "gptq",
    "layer": 24,
    "module": "mlp.down_proj",
    "feat: in, out": "1536, 576",
    "dtype: size": "f32: 3.4MB",
    "loss": "0.0014582678",
    "samples": "262144",
    "damp": "0.05000",
    "time": "0.469",
    "fwd_time": "11.018",
    "(v)ram": "n/a"
}
{
    "process": "gptq",
    "layer": 25,
    "module": "self_attn.k_proj",
    "feat: in, out": "576, 192",
    "dtype: size": "f32: 0.4MB",
    "loss": "0.0000249183",
    "samples": "262144",
    "damp": "0.05000",
    "time": "0.367",
    "fwd_time": "1.628",
    "(v)ram": "n/a"
}
{
    "process": "gptq",
    "layer": 25,
    "module": "self_attn.q_proj",
    "feat: in, out": "576, 576",
    "dtype: size": "f32: 1.3MB",
    "loss": "0.0000855703",
    "samples": "262144",
    "damp": "0.05000",
    "time": "0.413",
    "fwd_time": "1.628",
    "(v)ram": "n/a"
}
{
    "process": "gptq",
    "layer": 25,
    "module": "self_attn.v_proj",
    "feat: in, out": "576, 192",
    "dtype: size": "f32: 0.4MB",
    "loss": "0.0000506228",
    "samples": "262144",
    "damp": "0.05000",
    "time": "0.114",
    "fwd_time": "1.628",
    "(v)ram": "n/a"
}
{
    "process": "gptq",
    "layer": 25,
    "module": "self_attn.o_proj",
    "feat: in, out": "576, 576",
    "dtype: size": "f32: 1.3MB",
    "loss": "0.0001879995",
    "samples": "262144",
    "damp": "0.05000",
    "time": "0.137",
    "fwd_time": "5.674",
    "(v)ram": "n/a"
}
{
    "process": "gptq",
    "layer": 25,
    "module": "mlp.up_proj",
    "feat: in, out": "576, 1536",
    "dtype: size": "f32: 3.4MB",
    "loss": "0.0001480409",
    "samples": "262144",
    "damp": "0.05000",
    "time": "0.447",
    "fwd_time": "6.844",
    "(v)ram": "n/a"
}
{
    "process": "gptq",
    "layer": 25,
    "module": "mlp.gate_proj",
    "feat: in, out": "576, 1536",
    "dtype: size": "f32: 3.4MB",
    "loss": "0.0001167650",
    "samples": "262144",
    "damp": "0.05000",
    "time": "0.456",
    "fwd_time": "6.844",
    "(v)ram": "n/a"
}
{
    "process": "gptq",
    "layer": 25,
    "module": "mlp.down_proj",
    "feat: in, out": "1536, 576",
    "dtype: size": "f32: 3.4MB",
    "loss": "0.0010578877",
    "samples": "262144",
    "damp": "0.05000",
    "time": "0.493",
    "fwd_time": "12.224",
    "(v)ram": "n/a"
}
{
    "process": "gptq",
    "layer": 26,
    "module": "self_attn.k_proj",
    "feat: in, out": "576, 192",
    "dtype: size": "f32: 0.4MB",
    "loss": "0.0000232406",
    "samples": "262144",
    "damp": "0.05000",
    "time": "0.352",
    "fwd_time": "1.792",
    "(v)ram": "n/a"
}
{
    "process": "gptq",
    "layer": 26,
    "module": "self_attn.q_proj",
    "feat: in, out": "576, 576",
    "dtype: size": "f32: 1.3MB",
    "loss": "0.0000847938",
    "samples": "262144",
    "damp": "0.05000",
    "time": "0.392",
    "fwd_time": "1.792",
    "(v)ram": "n/a"
}
{
    "process": "gptq",
    "layer": 26,
    "module": "self_attn.v_proj",
    "feat: in, out": "576, 192",
    "dtype: size": "f32: 0.4MB",
    "loss": "0.0000720259",
    "samples": "262144",
    "damp": "0.05000",
    "time": "0.106",
    "fwd_time": "1.792",
    "(v)ram": "n/a"
}
{
    "process": "gptq",
    "layer": 26,
    "module": "self_attn.o_proj",
    "feat: in, out": "576, 576",
    "dtype: size": "f32: 1.3MB",
    "loss": "0.0003681708",
    "samples": "262144",
    "damp": "0.05000",
    "time": "0.190",
    "fwd_time": "5.361",
    "(v)ram": "n/a"
}
{
    "process": "gptq",
    "layer": 26,
    "module": "mlp.up_proj",
    "feat: in, out": "576, 1536",
    "dtype: size": "f32: 3.4MB",
    "loss": "0.0001670215",
    "samples": "262144",
    "damp": "0.05000",
    "time": "0.553",
    "fwd_time": "8.244",
    "(v)ram": "n/a"
}
{
    "process": "gptq",
    "layer": 26,
    "module": "mlp.gate_proj",
    "feat: in, out": "576, 1536",
    "dtype: size": "f32: 3.4MB",
    "loss": "0.0001304968",
    "samples": "262144",
    "damp": "0.05000",
    "time": "0.561",
    "fwd_time": "8.244",
    "(v)ram": "n/a"
}
{
    "process": "gptq",
    "layer": 26,
    "module": "mlp.down_proj",
    "feat: in, out": "1536, 576",
    "dtype: size": "f32: 3.4MB",
    "loss": "0.0014704608",
    "samples": "262144",
    "damp": "0.05000",
    "time": "0.438",
    "fwd_time": "10.807",
    "(v)ram": "n/a"
}
{
    "process": "gptq",
    "layer": 27,
    "module": "self_attn.k_proj",
    "feat: in, out": "576, 192",
    "dtype: size": "f32: 0.4MB",
    "loss": "0.0000228485",
    "samples": "262144",
    "damp": "0.05000",
    "time": "0.341",
    "fwd_time": "1.627",
    "(v)ram": "n/a"
}
{
    "process": "gptq",
    "layer": 27,
    "module": "self_attn.q_proj",
    "feat: in, out": "576, 576",
    "dtype: size": "f32: 1.3MB",
    "loss": "0.0000870885",
    "samples": "262144",
    "damp": "0.05000",
    "time": "0.390",
    "fwd_time": "1.627",
    "(v)ram": "n/a"
}
{
    "process": "gptq",
    "layer": 27,
    "module": "self_attn.v_proj",
    "feat: in, out": "576, 192",
    "dtype: size": "f32: 0.4MB",
    "loss": "0.0000578852",
    "samples": "262144",
    "damp": "0.05000",
    "time": "0.107",
    "fwd_time": "1.627",
    "(v)ram": "n/a"
}
{
    "process": "gptq",
    "layer": 27,
    "module": "self_attn.o_proj",
    "feat: in, out": "576, 576",
    "dtype: size": "f32: 1.3MB",
    "loss": "0.0004304835",
    "samples": "262144",
    "damp": "0.05000",
    "time": "0.191",
    "fwd_time": "5.467",
    "(v)ram": "n/a"
}
{
    "process": "gptq",
    "layer": 27,
    "module": "mlp.up_proj",
    "feat: in, out": "576, 1536",
    "dtype: size": "f32: 3.4MB",
    "loss": "0.0001662664",
    "samples": "262144",
    "damp": "0.05000",
    "time": "0.534",
    "fwd_time": "8.442",
    "(v)ram": "n/a"
}
{
    "process": "gptq",
    "layer": 27,
    "module": "mlp.gate_proj",
    "feat: in, out": "576, 1536",
    "dtype: size": "f32: 3.4MB",
    "loss": "0.0001277602",
    "samples": "262144",
    "damp": "0.05000",
    "time": "0.539",
    "fwd_time": "8.442",
    "(v)ram": "n/a"
}
{
    "process": "gptq",
    "layer": 27,
    "module": "mlp.down_proj",
    "feat: in, out": "1536, 576",
    "dtype: size": "f32: 3.4MB",
    "loss": "0.0020361035",
    "samples": "262144",
    "damp": "0.05000",
    "time": "0.537",
    "fwd_time": "12.600",
    "(v)ram": "n/a"
}
{
    "process": "gptq",
    "layer": 28,
    "module": "self_attn.k_proj",
    "feat: in, out": "576, 192",
    "dtype: size": "f32: 0.4MB",
    "loss": "0.0000202064",
    "samples": "262144",
    "damp": "0.05000",
    "time": "0.450",
    "fwd_time": "1.721",
    "(v)ram": "n/a"
}
{
    "process": "gptq",
    "layer": 28,
    "module": "self_attn.q_proj",
    "feat: in, out": "576, 576",
    "dtype: size": "f32: 1.3MB",
    "loss": "0.0000684486",
    "samples": "262144",
    "damp": "0.05000",
    "time": "0.522",
    "fwd_time": "1.721",
    "(v)ram": "n/a"
}
{
    "process": "gptq",
    "layer": 28,
    "module": "self_attn.v_proj",
    "feat: in, out": "576, 192",
    "dtype: size": "f32: 0.4MB",
    "loss": "0.0000724739",
    "samples": "262144",
    "damp": "0.05000",
    "time": "0.215",
    "fwd_time": "1.721",
    "(v)ram": "n/a"
}
{
    "process": "gptq",
    "layer": 28,
    "module": "self_attn.o_proj",
    "feat: in, out": "576, 576",
    "dtype: size": "f32: 1.3MB",
    "loss": "0.0004765078",
    "samples": "262144",
    "damp": "0.05000",
    "time": "0.143",
    "fwd_time": "5.809",
    "(v)ram": "n/a"
}
{
    "process": "gptq",
    "layer": 28,
    "module": "mlp.up_proj",
    "feat: in, out": "576, 1536",
    "dtype: size": "f32: 3.4MB",
    "loss": "0.0001829294",
    "samples": "262144",
    "damp": "0.05000",
    "time": "0.671",
    "fwd_time": "9.078",
    "(v)ram": "n/a"
}
{
    "process": "gptq",
    "layer": 28,
    "module": "mlp.gate_proj",
    "feat: in, out": "576, 1536",
    "dtype: size": "f32: 3.4MB",
    "loss": "0.0001296808",
    "samples": "262144",
    "damp": "0.05000",
    "time": "0.680",
    "fwd_time": "9.078",
    "(v)ram": "n/a"
}
{
    "process": "gptq",
    "layer": 28,
    "module": "mlp.down_proj",
    "feat: in, out": "1536, 576",
    "dtype: size": "f32: 3.4MB",
    "loss": "0.0108415252",
    "samples": "262144",
    "damp": "0.05000",
    "time": "0.453",
    "fwd_time": "13.111",
    "(v)ram": "n/a"
}
{
    "process": "gptq",
    "layer": 29,
    "module": "self_attn.k_proj",
    "feat: in, out": "576, 192",
    "dtype: size": "f32: 0.4MB",
    "loss": "0.0000187220",
    "samples": "262144",
    "damp": "0.05000",
    "time": "0.387",
    "fwd_time": "1.914",
    "(v)ram": "n/a"
}
{
    "process": "gptq",
    "layer": 29,
    "module": "self_attn.q_proj",
    "feat: in, out": "576, 576",
    "dtype: size": "f32: 1.3MB",
    "loss": "0.0000798586",
    "samples": "262144",
    "damp": "0.05000",
    "time": "0.424",
    "fwd_time": "1.914",
    "(v)ram": "n/a"
}
{
    "process": "gptq",
    "layer": 29,
    "module": "self_attn.v_proj",
    "feat: in, out": "576, 192",
    "dtype: size": "f32: 0.4MB",
    "loss": "0.0000843225",
    "samples": "262144",
    "damp": "0.05000",
    "time": "0.124",
    "fwd_time": "1.914",
    "(v)ram": "n/a"
}
{
    "process": "gptq",
    "layer": 29,
    "module": "self_attn.o_proj",
    "feat: in, out": "576, 576",
    "dtype: size": "f32: 1.3MB",
    "loss": "0.0012147482",
    "samples": "262144",
    "damp": "0.05000",
    "time": "0.183",
    "fwd_time": "5.482",
    "(v)ram": "n/a"
}
{
    "process": "gptq",
    "layer": 29,
    "module": "mlp.gate_proj",
    "feat: in, out": "576, 1536",
    "dtype: size": "f32: 3.4MB",
    "loss": "0.0002174123",
    "samples": "262144",
    "damp": "0.05000",
    "time": "0.556",
    "fwd_time": "8.374",
    "(v)ram": "n/a"
}
{
    "process": "gptq",
    "layer": 29,
    "module": "mlp.up_proj",
    "feat: in, out": "576, 1536",
    "dtype: size": "f32: 3.4MB",
    "loss": "0.0002987720",
    "samples": "262144",
    "damp": "0.05000",
    "time": "0.562",
    "fwd_time": "8.374",
    "(v)ram": "n/a"
}
{
    "process": "gptq",
    "layer": 29,
    "module": "mlp.down_proj",
    "feat: in, out": "1536, 576",
    "dtype: size": "f32: 3.4MB",
    "loss": "0.0206909627",
    "samples": "262144",
    "damp": "0.05000",
    "time": "0.569",
    "fwd_time": "11.241",
    "(v)ram": "n/a"
}
