{
    "process": "gptq",
    "layer": 0,
    "module": "self_attn.k_proj",
    "feat: in, out": "576, 192",
    "dtype: size": "f32: 0.4MB",
    "loss": "0.0000034958",
    "samples": "262144",
    "damp": "0.05000",
    "time": "0.379",
    "fwd_time": "1.921",
    "(v)ram": "n/a"
}
{
    "process": "gptq",
    "layer": 0,
    "module": "self_attn.q_proj",
    "feat: in, out": "576, 576",
    "dtype: size": "f32: 1.3MB",
    "loss": "0.0000055820",
    "samples": "262144",
    "damp": "0.05000",
    "time": "0.449",
    "fwd_time": "1.921",
    "(v)ram": "n/a"
}
{
    "process": "gptq",
    "layer": 0,
    "module": "self_attn.v_proj",
    "feat: in, out": "576, 192",
    "dtype: size": "f32: 0.4MB",
    "loss": "0.0000000385",
    "samples": "262144",
    "damp": "0.05000",
    "time": "0.125",
    "fwd_time": "1.921",
    "(v)ram": "n/a"
}
{
    "process": "gptq",
    "layer": 0,
    "module": "self_attn.o_proj",
    "feat: in, out": "576, 576",
    "dtype: size": "f32: 1.3MB",
    "loss": "0.0000000609",
    "samples": "262144",
    "damp": "0.05000",
    "time": "0.142",
    "fwd_time": "5.211",
    "(v)ram": "n/a"
}
{
    "process": "gptq",
    "layer": 0,
    "module": "mlp.up_proj",
    "feat: in, out": "576, 1536",
    "dtype: size": "f32: 3.4MB",
    "loss": "0.0000265040",
    "samples": "262144",
    "damp": "0.05000",
    "time": "0.453",
    "fwd_time": "7.349",
    "(v)ram": "n/a"
}
{
    "process": "gptq",
    "layer": 0,
    "module": "mlp.gate_proj",
    "feat: in, out": "576, 1536",
    "dtype: size": "f32: 3.4MB",
    "loss": "0.0000256405",
    "samples": "262144",
    "damp": "0.05000",
    "time": "0.464",
    "fwd_time": "7.349",
    "(v)ram": "n/a"
}
{
    "process": "gptq",
    "layer": 0,
    "module": "mlp.down_proj",
    "feat: in, out": "1536, 576",
    "dtype: size": "f32: 3.4MB",
    "loss": "0.0001107687",
    "samples": "262144",
    "damp": "0.05000",
    "time": "0.425",
    "fwd_time": "11.615",
    "(v)ram": "n/a"
}
{
    "process": "gptq",
    "layer": 1,
    "module": "self_attn.k_proj",
    "feat: in, out": "576, 192",
    "dtype: size": "f32: 0.4MB",
    "loss": "0.0000164017",
    "samples": "262144",
    "damp": "0.05000",
    "time": "0.320",
    "fwd_time": "1.772",
    "(v)ram": "n/a"
}
{
    "process": "gptq",
    "layer": 1,
    "module": "self_attn.q_proj",
    "feat: in, out": "576, 576",
    "dtype: size": "f32: 1.3MB",
    "loss": "0.0000361608",
    "samples": "262144",
    "damp": "0.05000",
    "time": "0.360",
    "fwd_time": "1.772",
    "(v)ram": "n/a"
}
{
    "process": "gptq",
    "layer": 1,
    "module": "self_attn.v_proj",
    "feat: in, out": "576, 192",
    "dtype: size": "f32: 0.4MB",
    "loss": "0.0000029764",
    "samples": "262144",
    "damp": "0.05000",
    "time": "0.103",
    "fwd_time": "1.772",
    "(v)ram": "n/a"
}
{
    "process": "gptq",
    "layer": 1,
    "module": "self_attn.o_proj",
    "feat: in, out": "576, 576",
    "dtype: size": "f32: 1.3MB",
    "loss": "0.0000178376",
    "samples": "262144",
    "damp": "0.05000",
    "time": "0.139",
    "fwd_time": "4.445",
    "(v)ram": "n/a"
}
{
    "process": "gptq",
    "layer": 1,
    "module": "mlp.gate_proj",
    "feat: in, out": "576, 1536",
    "dtype: size": "f32: 3.4MB",
    "loss": "0.0000410395",
    "samples": "262144",
    "damp": "0.05000",
    "time": "0.470",
    "fwd_time": "8.188",
    "(v)ram": "n/a"
}
{
    "process": "gptq",
    "layer": 1,
    "module": "mlp.up_proj",
    "feat: in, out": "576, 1536",
    "dtype: size": "f32: 3.4MB",
    "loss": "0.0000322958",
    "samples": "262144",
    "damp": "0.05000",
    "time": "0.474",
    "fwd_time": "8.188",
    "(v)ram": "n/a"
}
{
    "process": "gptq",
    "layer": 1,
    "module": "mlp.down_proj",
    "feat: in, out": "1536, 576",
    "dtype: size": "f32: 3.4MB",
    "loss": "0.0000429166",
    "samples": "262144",
    "damp": "0.05000",
    "time": "0.400",
    "fwd_time": "10.850",
    "(v)ram": "n/a"
}
{
    "process": "gptq",
    "layer": 2,
    "module": "self_attn.k_proj",
    "feat: in, out": "576, 192",
    "dtype: size": "f32: 0.4MB",
    "loss": "0.0000254279",
    "samples": "262144",
    "damp": "0.05000",
    "time": "0.329",
    "fwd_time": "2.007",
    "(v)ram": "n/a"
}
{
    "process": "gptq",
    "layer": 2,
    "module": "self_attn.q_proj",
    "feat: in, out": "576, 576",
    "dtype: size": "f32: 1.3MB",
    "loss": "0.0000592088",
    "samples": "262144",
    "damp": "0.05000",
    "time": "0.371",
    "fwd_time": "2.007",
    "(v)ram": "n/a"
}
{
    "process": "gptq",
    "layer": 2,
    "module": "self_attn.v_proj",
    "feat: in, out": "576, 192",
    "dtype: size": "f32: 0.4MB",
    "loss": "0.0000040802",
    "samples": "262144",
    "damp": "0.05000",
    "time": "0.099",
    "fwd_time": "2.007",
    "(v)ram": "n/a"
}
{
    "process": "gptq",
    "layer": 2,
    "module": "self_attn.o_proj",
    "feat: in, out": "576, 576",
    "dtype: size": "f32: 1.3MB",
    "loss": "0.0000106511",
    "samples": "262144",
    "damp": "0.05000",
    "time": "0.158",
    "fwd_time": "4.419",
    "(v)ram": "n/a"
}
{
    "process": "gptq",
    "layer": 2,
    "module": "mlp.gate_proj",
    "feat: in, out": "576, 1536",
    "dtype: size": "f32: 3.4MB",
    "loss": "0.0000504081",
    "samples": "262144",
    "damp": "0.05000",
    "time": "0.496",
    "fwd_time": "7.201",
    "(v)ram": "n/a"
}
{
    "process": "gptq",
    "layer": 2,
    "module": "mlp.up_proj",
    "feat: in, out": "576, 1536",
    "dtype: size": "f32: 3.4MB",
    "loss": "0.0000424291",
    "samples": "262144",
    "damp": "0.05000",
    "time": "0.502",
    "fwd_time": "7.201",
    "(v)ram": "n/a"
}
{
    "process": "gptq",
    "layer": 2,
    "module": "mlp.down_proj",
    "feat: in, out": "1536, 576",
    "dtype: size": "f32: 3.4MB",
    "loss": "0.0000804541",
    "samples": "262144",
    "damp": "0.05000",
    "time": "0.440",
    "fwd_time": "10.903",
    "(v)ram": "n/a"
}
{
    "process": "gptq",
    "layer": 3,
    "module": "self_attn.k_proj",
    "feat: in, out": "576, 192",
    "dtype: size": "f32: 0.4MB",
    "loss": "0.0000333884",
    "samples": "262144",
    "damp": "0.05000",
    "time": "0.349",
    "fwd_time": "1.844",
    "(v)ram": "n/a"
}
{
    "process": "gptq",
    "layer": 3,
    "module": "self_attn.q_proj",
    "feat: in, out": "576, 576",
    "dtype: size": "f32: 1.3MB",
    "loss": "0.0000828316",
    "samples": "262144",
    "damp": "0.05000",
    "time": "0.394",
    "fwd_time": "1.844",
    "(v)ram": "n/a"
}
{
    "process": "gptq",
    "layer": 3,
    "module": "self_attn.v_proj",
    "feat: in, out": "576, 192",
    "dtype: size": "f32: 0.4MB",
    "loss": "0.0000125642",
    "samples": "262144",
    "damp": "0.05000",
    "time": "0.118",
    "fwd_time": "1.844",
    "(v)ram": "n/a"
}
{
    "process": "gptq",
    "layer": 3,
    "module": "self_attn.o_proj",
    "feat: in, out": "576, 576",
    "dtype: size": "f32: 1.3MB",
    "loss": "0.0000191698",
    "samples": "262144",
    "damp": "0.05000",
    "time": "0.156",
    "fwd_time": "4.852",
    "(v)ram": "n/a"
}
{
    "process": "gptq",
    "layer": 3,
    "module": "mlp.up_proj",
    "feat: in, out": "576, 1536",
    "dtype: size": "f32: 3.4MB",
    "loss": "0.0000458992",
    "samples": "262144",
    "damp": "0.05000",
    "time": "0.497",
    "fwd_time": "6.705",
    "(v)ram": "n/a"
}
{
    "process": "gptq",
    "layer": 3,
    "module": "mlp.gate_proj",
    "feat: in, out": "576, 1536",
    "dtype: size": "f32: 3.4MB",
    "loss": "0.0000526352",
    "samples": "262144",
    "damp": "0.05000",
    "time": "0.499",
    "fwd_time": "6.705",
    "(v)ram": "n/a"
}
{
    "process": "gptq",
    "layer": 3,
    "module": "mlp.down_proj",
    "feat: in, out": "1536, 576",
    "dtype: size": "f32: 3.4MB",
    "loss": "0.0000622381",
    "samples": "262144",
    "damp": "0.05000",
    "time": "0.415",
    "fwd_time": "10.712",
    "(v)ram": "n/a"
}
{
    "process": "gptq",
    "layer": 4,
    "module": "self_attn.k_proj",
    "feat: in, out": "576, 192",
    "dtype: size": "f32: 0.4MB",
    "loss": "0.0000310991",
    "samples": "262144",
    "damp": "0.05000",
    "time": "0.380",
    "fwd_time": "2.452",
    "(v)ram": "n/a"
}
{
    "process": "gptq",
    "layer": 4,
    "module": "self_attn.q_proj",
    "feat: in, out": "576, 576",
    "dtype: size": "f32: 1.3MB",
    "loss": "0.0000750984",
    "samples": "262144",
    "damp": "0.05000",
    "time": "0.441",
    "fwd_time": "2.452",
    "(v)ram": "n/a"
}
{
    "process": "gptq",
    "layer": 4,
    "module": "self_attn.v_proj",
    "feat: in, out": "576, 192",
    "dtype: size": "f32: 0.4MB",
    "loss": "0.0000117647",
    "samples": "262144",
    "damp": "0.05000",
    "time": "0.147",
    "fwd_time": "2.452",
    "(v)ram": "n/a"
}
{
    "process": "gptq",
    "layer": 4,
    "module": "self_attn.o_proj",
    "feat: in, out": "576, 576",
    "dtype: size": "f32: 1.3MB",
    "loss": "0.0000172837",
    "samples": "262144",
    "damp": "0.05000",
    "time": "0.134",
    "fwd_time": "4.166",
    "(v)ram": "n/a"
}
{
    "process": "gptq",
    "layer": 4,
    "module": "mlp.up_proj",
    "feat: in, out": "576, 1536",
    "dtype: size": "f32: 3.4MB",
    "loss": "0.0000578026",
    "samples": "262144",
    "damp": "0.05000",
    "time": "0.505",
    "fwd_time": "6.836",
    "(v)ram": "n/a"
}
{
    "process": "gptq",
    "layer": 4,
    "module": "mlp.gate_proj",
    "feat: in, out": "576, 1536",
    "dtype: size": "f32: 3.4MB",
    "loss": "0.0000659015",
    "samples": "262144",
    "damp": "0.05000",
    "time": "0.513",
    "fwd_time": "6.836",
    "(v)ram": "n/a"
}
{
    "process": "gptq",
    "layer": 4,
    "module": "mlp.down_proj",
    "feat: in, out": "1536, 576",
    "dtype: size": "f32: 3.4MB",
    "loss": "0.0000759415",
    "samples": "262144",
    "damp": "0.05000",
    "time": "0.439",
    "fwd_time": "11.203",
    "(v)ram": "n/a"
}
{
    "process": "gptq",
    "layer": 5,
    "module": "self_attn.k_proj",
    "feat: in, out": "576, 192",
    "dtype: size": "f32: 0.4MB",
    "loss": "0.0000336468",
    "samples": "262144",
    "damp": "0.05000",
    "time": "0.382",
    "fwd_time": "2.029",
    "(v)ram": "n/a"
}
{
    "process": "gptq",
    "layer": 5,
    "module": "self_attn.q_proj",
    "feat: in, out": "576, 576",
    "dtype: size": "f32: 1.3MB",
    "loss": "0.0000781328",
    "samples": "262144",
    "damp": "0.05000",
    "time": "0.446",
    "fwd_time": "2.029",
    "(v)ram": "n/a"
}
{
    "process": "gptq",
    "layer": 5,
    "module": "self_attn.v_proj",
    "feat: in, out": "576, 192",
    "dtype: size": "f32: 0.4MB",
    "loss": "0.0000126656",
    "samples": "262144",
    "damp": "0.05000",
    "time": "0.103",
    "fwd_time": "2.029",
    "(v)ram": "n/a"
}
{
    "process": "gptq",
    "layer": 5,
    "module": "self_attn.o_proj",
    "feat: in, out": "576, 576",
    "dtype: size": "f32: 1.3MB",
    "loss": "0.0000202110",
    "samples": "262144",
    "damp": "0.05000",
    "time": "0.126",
    "fwd_time": "4.280",
    "(v)ram": "n/a"
}
{
    "process": "gptq",
    "layer": 5,
    "module": "mlp.gate_proj",
    "feat: in, out": "576, 1536",
    "dtype: size": "f32: 3.4MB",
    "loss": "0.0000700438",
    "samples": "262144",
    "damp": "0.05000",
    "time": "0.491",
    "fwd_time": "7.651",
    "(v)ram": "n/a"
}
{
    "process": "gptq",
    "layer": 5,
    "module": "mlp.up_proj",
    "feat: in, out": "576, 1536",
    "dtype: size": "f32: 3.4MB",
    "loss": "0.0000635006",
    "samples": "262144",
    "damp": "0.05000",
    "time": "0.499",
    "fwd_time": "7.651",
    "(v)ram": "n/a"
}
{
    "process": "gptq",
    "layer": 5,
    "module": "mlp.down_proj",
    "feat: in, out": "1536, 576",
    "dtype: size": "f32: 3.4MB",
    "loss": "0.0000850054",
    "samples": "262144",
    "damp": "0.05000",
    "time": "0.483",
    "fwd_time": "11.004",
    "(v)ram": "n/a"
}
{
    "process": "gptq",
    "layer": 6,
    "module": "self_attn.k_proj",
    "feat: in, out": "576, 192",
    "dtype: size": "f32: 0.4MB",
    "loss": "0.0000266924",
    "samples": "262144",
    "damp": "0.05000",
    "time": "0.367",
    "fwd_time": "1.936",
    "(v)ram": "n/a"
}
{
    "process": "gptq",
    "layer": 6,
    "module": "self_attn.q_proj",
    "feat: in, out": "576, 576",
    "dtype: size": "f32: 1.3MB",
    "loss": "0.0000646002",
    "samples": "262144",
    "damp": "0.05000",
    "time": "0.411",
    "fwd_time": "1.936",
    "(v)ram": "n/a"
}
{
    "process": "gptq",
    "layer": 6,
    "module": "self_attn.v_proj",
    "feat: in, out": "576, 192",
    "dtype: size": "f32: 0.4MB",
    "loss": "0.0000111302",
    "samples": "262144",
    "damp": "0.05000",
    "time": "0.106",
    "fwd_time": "1.936",
    "(v)ram": "n/a"
}
{
    "process": "gptq",
    "layer": 6,
    "module": "self_attn.o_proj",
    "feat: in, out": "576, 576",
    "dtype: size": "f32: 1.3MB",
    "loss": "0.0000120711",
    "samples": "262144",
    "damp": "0.05000",
    "time": "0.132",
    "fwd_time": "4.214",
    "(v)ram": "n/a"
}
{
    "process": "gptq",
    "layer": 6,
    "module": "mlp.gate_proj",
    "feat: in, out": "576, 1536",
    "dtype: size": "f32: 3.4MB",
    "loss": "0.0000698594",
    "samples": "262144",
    "damp": "0.05000",
    "time": "0.547",
    "fwd_time": "7.567",
    "(v)ram": "n/a"
}
{
    "process": "gptq",
    "layer": 6,
    "module": "mlp.up_proj",
    "feat: in, out": "576, 1536",
    "dtype: size": "f32: 3.4MB",
    "loss": "0.0000682052",
    "samples": "262144",
    "damp": "0.05000",
    "time": "0.570",
    "fwd_time": "7.567",
    "(v)ram": "n/a"
}
{
    "process": "gptq",
    "layer": 6,
    "module": "mlp.down_proj",
    "feat: in, out": "1536, 576",
    "dtype: size": "f32: 3.4MB",
    "loss": "0.0001061374",
    "samples": "262144",
    "damp": "0.05000",
    "time": "0.408",
    "fwd_time": "11.891",
    "(v)ram": "n/a"
}
{
    "process": "gptq",
    "layer": 7,
    "module": "self_attn.k_proj",
    "feat: in, out": "576, 192",
    "dtype: size": "f32: 0.4MB",
    "loss": "0.0000414415",
    "samples": "262144",
    "damp": "0.05000",
    "time": "0.388",
    "fwd_time": "1.790",
    "(v)ram": "n/a"
}
{
    "process": "gptq",
    "layer": 7,
    "module": "self_attn.q_proj",
    "feat: in, out": "576, 576",
    "dtype: size": "f32: 1.3MB",
    "loss": "0.0001125884",
    "samples": "262144",
    "damp": "0.05000",
    "time": "0.428",
    "fwd_time": "1.790",
    "(v)ram": "n/a"
}
{
    "process": "gptq",
    "layer": 7,
    "module": "self_attn.v_proj",
    "feat: in, out": "576, 192",
    "dtype: size": "f32: 0.4MB",
    "loss": "0.0000254990",
    "samples": "262144",
    "damp": "0.05000",
    "time": "0.119",
    "fwd_time": "1.790",
    "(v)ram": "n/a"
}
{
    "process": "gptq",
    "layer": 7,
    "module": "self_attn.o_proj",
    "feat: in, out": "576, 576",
    "dtype: size": "f32: 1.3MB",
    "loss": "0.0000188228",
    "samples": "262144",
    "damp": "0.05000",
    "time": "0.126",
    "fwd_time": "4.183",
    "(v)ram": "n/a"
}
{
    "process": "gptq",
    "layer": 7,
    "module": "mlp.gate_proj",
    "feat: in, out": "576, 1536",
    "dtype: size": "f32: 3.4MB",
    "loss": "0.0000718010",
    "samples": "262144",
    "damp": "0.05000",
    "time": "0.472",
    "fwd_time": "7.250",
    "(v)ram": "n/a"
}
{
    "process": "gptq",
    "layer": 7,
    "module": "mlp.up_proj",
    "feat: in, out": "576, 1536",
    "dtype: size": "f32: 3.4MB",
    "loss": "0.0000725743",
    "samples": "262144",
    "damp": "0.05000",
    "time": "0.482",
    "fwd_time": "7.250",
    "(v)ram": "n/a"
}
{
    "process": "gptq",
    "layer": 7,
    "module": "mlp.down_proj",
    "feat: in, out": "1536, 576",
    "dtype: size": "f32: 3.4MB",
    "loss": "0.0001231468",
    "samples": "262144",
    "damp": "0.05000",
    "time": "0.458",
    "fwd_time": "12.418",
    "(v)ram": "n/a"
}
{
    "process": "gptq",
    "layer": 8,
    "module": "self_attn.k_proj",
    "feat: in, out": "576, 192",
    "dtype: size": "f32: 0.4MB",
    "loss": "0.0000370527",
    "samples": "262144",
    "damp": "0.05000",
    "time": "0.348",
    "fwd_time": "2.387",
    "(v)ram": "n/a"
}
{
    "process": "gptq",
    "layer": 8,
    "module": "self_attn.q_proj",
    "feat: in, out": "576, 576",
    "dtype: size": "f32: 1.3MB",
    "loss": "0.0000951495",
    "samples": "262144",
    "damp": "0.05000",
    "time": "0.384",
    "fwd_time": "2.387",
    "(v)ram": "n/a"
}
{
    "process": "gptq",
    "layer": 8,
    "module": "self_attn.v_proj",
    "feat: in, out": "576, 192",
    "dtype: size": "f32: 0.4MB",
    "loss": "0.0000183627",
    "samples": "262144",
    "damp": "0.05000",
    "time": "0.113",
    "fwd_time": "2.387",
    "(v)ram": "n/a"
}
{
    "process": "gptq",
    "layer": 8,
    "module": "self_attn.o_proj",
    "feat: in, out": "576, 576",
    "dtype: size": "f32: 1.3MB",
    "loss": "0.0000216972",
    "samples": "262144",
    "damp": "0.05000",
    "time": "0.171",
    "fwd_time": "4.866",
    "(v)ram": "n/a"
}
{
    "process": "gptq",
    "layer": 8,
    "module": "mlp.up_proj",
    "feat: in, out": "576, 1536",
    "dtype: size": "f32: 3.4MB",
    "loss": "0.0000811690",
    "samples": "262144",
    "damp": "0.05000",
    "time": "0.459",
    "fwd_time": "7.720",
    "(v)ram": "n/a"
}
{
    "process": "gptq",
    "layer": 8,
    "module": "mlp.gate_proj",
    "feat: in, out": "576, 1536",
    "dtype: size": "f32: 3.4MB",
    "loss": "0.0000741118",
    "samples": "262144",
    "damp": "0.05000",
    "time": "0.463",
    "fwd_time": "7.720",
    "(v)ram": "n/a"
}
{
    "process": "gptq",
    "layer": 8,
    "module": "mlp.down_proj",
    "feat: in, out": "1536, 576",
    "dtype: size": "f32: 3.4MB",
    "loss": "0.0001750045",
    "samples": "262144",
    "damp": "0.05000",
    "time": "0.422",
    "fwd_time": "11.467",
    "(v)ram": "n/a"
}
{
    "process": "gptq",
    "layer": 9,
    "module": "self_attn.k_proj",
    "feat: in, out": "576, 192",
    "dtype: size": "f32: 0.4MB",
    "loss": "0.0000256035",
    "samples": "262144",
    "damp": "0.05000",
    "time": "0.389",
    "fwd_time": "2.225",
    "(v)ram": "n/a"
}
{
    "process": "gptq",
    "layer": 9,
    "module": "self_attn.q_proj",
    "feat: in, out": "576, 576",
    "dtype: size": "f32: 1.3MB",
    "loss": "0.0000712606",
    "samples": "262144",
    "damp": "0.05000",
    "time": "0.434",
    "fwd_time": "2.225",
    "(v)ram": "n/a"
}
{
    "process": "gptq",
    "layer": 9,
    "module": "self_attn.v_proj",
    "feat: in, out": "576, 192",
    "dtype: size": "f32: 0.4MB",
    "loss": "0.0000107150",
    "samples": "262144",
    "damp": "0.05000",
    "time": "0.112",
    "fwd_time": "2.225",
    "(v)ram": "n/a"
}
{
    "process": "gptq",
    "layer": 9,
    "module": "self_attn.o_proj",
    "feat: in, out": "576, 576",
    "dtype: size": "f32: 1.3MB",
    "loss": "0.0000349061",
    "samples": "262144",
    "damp": "0.05000",
    "time": "0.131",
    "fwd_time": "4.636",
    "(v)ram": "n/a"
}
{
    "process": "gptq",
    "layer": 9,
    "module": "mlp.gate_proj",
    "feat: in, out": "576, 1536",
    "dtype: size": "f32: 3.4MB",
    "loss": "0.0000728359",
    "samples": "262144",
    "damp": "0.05000",
    "time": "0.518",
    "fwd_time": "7.106",
    "(v)ram": "n/a"
}
{
    "process": "gptq",
    "layer": 9,
    "module": "mlp.up_proj",
    "feat: in, out": "576, 1536",
    "dtype: size": "f32: 3.4MB",
    "loss": "0.0000890922",
    "samples": "262144",
    "damp": "0.05000",
    "time": "0.524",
    "fwd_time": "7.106",
    "(v)ram": "n/a"
}
{
    "process": "gptq",
    "layer": 9,
    "module": "mlp.down_proj",
    "feat: in, out": "1536, 576",
    "dtype: size": "f32: 3.4MB",
    "loss": "0.0002110296",
    "samples": "262144",
    "damp": "0.05000",
    "time": "0.493",
    "fwd_time": "11.530",
    "(v)ram": "n/a"
}
{
    "process": "gptq",
    "layer": 10,
    "module": "self_attn.k_proj",
    "feat: in, out": "576, 192",
    "dtype: size": "f32: 0.4MB",
    "loss": "0.0000224342",
    "samples": "262144",
    "damp": "0.05000",
    "time": "0.313",
    "fwd_time": "2.158",
    "(v)ram": "n/a"
}
{
    "process": "gptq",
    "layer": 10,
    "module": "self_attn.q_proj",
    "feat: in, out": "576, 576",
    "dtype: size": "f32: 1.3MB",
    "loss": "0.0000641296",
    "samples": "262144",
    "damp": "0.05000",
    "time": "0.356",
    "fwd_time": "2.158",
    "(v)ram": "n/a"
}
{
    "process": "gptq",
    "layer": 10,
    "module": "self_attn.v_proj",
    "feat: in, out": "576, 192",
    "dtype: size": "f32: 0.4MB",
    "loss": "0.0000108408",
    "samples": "262144",
    "damp": "0.05000",
    "time": "0.105",
    "fwd_time": "2.158",
    "(v)ram": "n/a"
}
{
    "process": "gptq",
    "layer": 10,
    "module": "self_attn.o_proj",
    "feat: in, out": "576, 576",
    "dtype: size": "f32: 1.3MB",
    "loss": "0.0000662745",
    "samples": "262144",
    "damp": "0.05000",
    "time": "0.138",
    "fwd_time": "4.660",
    "(v)ram": "n/a"
}
{
    "process": "gptq",
    "layer": 10,
    "module": "mlp.up_proj",
    "feat: in, out": "576, 1536",
    "dtype: size": "f32: 3.4MB",
    "loss": "0.0000893081",
    "samples": "262144",
    "damp": "0.05000",
    "time": "0.512",
    "fwd_time": "7.285",
    "(v)ram": "n/a"
}
{
    "process": "gptq",
    "layer": 10,
    "module": "mlp.gate_proj",
    "feat: in, out": "576, 1536",
    "dtype: size": "f32: 3.4MB",
    "loss": "0.0000696542",
    "samples": "262144",
    "damp": "0.05000",
    "time": "0.522",
    "fwd_time": "7.285",
    "(v)ram": "n/a"
}
{
    "process": "gptq",
    "layer": 10,
    "module": "mlp.down_proj",
    "feat: in, out": "1536, 576",
    "dtype: size": "f32: 3.4MB",
    "loss": "0.0001943432",
    "samples": "262144",
    "damp": "0.05000",
    "time": "0.603",
    "fwd_time": "11.770",
    "(v)ram": "n/a"
}
{
    "process": "gptq",
    "layer": 11,
    "module": "self_attn.k_proj",
    "feat: in, out": "576, 192",
    "dtype: size": "f32: 0.4MB",
    "loss": "0.0000202889",
    "samples": "262144",
    "damp": "0.05000",
    "time": "0.421",
    "fwd_time": "2.367",
    "(v)ram": "n/a"
}
{
    "process": "gptq",
    "layer": 11,
    "module": "self_attn.q_proj",
    "feat: in, out": "576, 576",
    "dtype: size": "f32: 1.3MB",
    "loss": "0.0000578755",
    "samples": "262144",
    "damp": "0.05000",
    "time": "0.461",
    "fwd_time": "2.367",
    "(v)ram": "n/a"
}
{
    "process": "gptq",
    "layer": 11,
    "module": "self_attn.v_proj",
    "feat: in, out": "576, 192",
    "dtype: size": "f32: 0.4MB",
    "loss": "0.0000101814",
    "samples": "262144",
    "damp": "0.05000",
    "time": "0.136",
    "fwd_time": "2.367",
    "(v)ram": "n/a"
}
{
    "process": "gptq",
    "layer": 11,
    "module": "self_attn.o_proj",
    "feat: in, out": "576, 576",
    "dtype: size": "f32: 1.3MB",
    "loss": "0.0000796359",
    "samples": "262144",
    "damp": "0.05000",
    "time": "0.188",
    "fwd_time": "5.183",
    "(v)ram": "n/a"
}
{
    "process": "gptq",
    "layer": 11,
    "module": "mlp.gate_proj",
    "feat: in, out": "576, 1536",
    "dtype: size": "f32: 3.4MB",
    "loss": "0.0000645399",
    "samples": "262144",
    "damp": "0.05000",
    "time": "0.500",
    "fwd_time": "7.166",
    "(v)ram": "n/a"
}
{
    "process": "gptq",
    "layer": 11,
    "module": "mlp.up_proj",
    "feat: in, out": "576, 1536",
    "dtype: size": "f32: 3.4MB",
    "loss": "0.0000871541",
    "samples": "262144",
    "damp": "0.05000",
    "time": "0.506",
    "fwd_time": "7.166",
    "(v)ram": "n/a"
}
{
    "process": "gptq",
    "layer": 11,
    "module": "mlp.down_proj",
    "feat: in, out": "1536, 576",
    "dtype: size": "f32: 3.4MB",
    "loss": "0.0084685460",
    "samples": "262144",
    "damp": "0.05000",
    "time": "0.431",
    "fwd_time": "11.460",
    "(v)ram": "n/a"
}
{
    "process": "gptq",
    "layer": 12,
    "module": "self_attn.k_proj",
    "feat: in, out": "576, 192",
    "dtype: size": "f32: 0.4MB",
    "loss": "0.0000293098",
    "samples": "262144",
    "damp": "0.05000",
    "time": "0.383",
    "fwd_time": "2.262",
    "(v)ram": "n/a"
}
{
    "process": "gptq",
    "layer": 12,
    "module": "self_attn.q_proj",
    "feat: in, out": "576, 576",
    "dtype: size": "f32: 1.3MB",
    "loss": "0.0000831863",
    "samples": "262144",
    "damp": "0.05000",
    "time": "0.457",
    "fwd_time": "2.262",
    "(v)ram": "n/a"
}
{
    "process": "gptq",
    "layer": 12,
    "module": "self_attn.v_proj",
    "feat: in, out": "576, 192",
    "dtype: size": "f32: 0.4MB",
    "loss": "0.0000158491",
    "samples": "262144",
    "damp": "0.05000",
    "time": "0.146",
    "fwd_time": "2.262",
    "(v)ram": "n/a"
}
{
    "process": "gptq",
    "layer": 12,
    "module": "self_attn.o_proj",
    "feat: in, out": "576, 576",
    "dtype: size": "f32: 1.3MB",
    "loss": "0.0000598135",
    "samples": "262144",
    "damp": "0.05000",
    "time": "0.127",
    "fwd_time": "4.354",
    "(v)ram": "n/a"
}
{
    "process": "gptq",
    "layer": 12,
    "module": "mlp.gate_proj",
    "feat: in, out": "576, 1536",
    "dtype: size": "f32: 3.4MB",
    "loss": "0.0000628779",
    "samples": "262144",
    "damp": "0.05000",
    "time": "0.529",
    "fwd_time": "7.116",
    "(v)ram": "n/a"
}
{
    "process": "gptq",
    "layer": 12,
    "module": "mlp.up_proj",
    "feat: in, out": "576, 1536",
    "dtype: size": "f32: 3.4MB",
    "loss": "0.0000790988",
    "samples": "262144",
    "damp": "0.05000",
    "time": "0.536",
    "fwd_time": "7.116",
    "(v)ram": "n/a"
}
{
    "process": "gptq",
    "layer": 12,
    "module": "mlp.down_proj",
    "feat: in, out": "1536, 576",
    "dtype: size": "f32: 3.4MB",
    "loss": "0.0001650443",
    "samples": "262144",
    "damp": "0.05000",
    "time": "0.461",
    "fwd_time": "11.095",
    "(v)ram": "n/a"
}
{
    "process": "gptq",
    "layer": 13,
    "module": "self_attn.k_proj",
    "feat: in, out": "576, 192",
    "dtype: size": "f32: 0.4MB",
    "loss": "0.0000307343",
    "samples": "262144",
    "damp": "0.05000",
    "time": "0.341",
    "fwd_time": "1.993",
    "(v)ram": "n/a"
}
{
    "process": "gptq",
    "layer": 13,
    "module": "self_attn.q_proj",
    "feat: in, out": "576, 576",
    "dtype: size": "f32: 1.3MB",
    "loss": "0.0000891691",
    "samples": "262144",
    "damp": "0.05000",
    "time": "0.380",
    "fwd_time": "1.993",
    "(v)ram": "n/a"
}
{
    "process": "gptq",
    "layer": 13,
    "module": "self_attn.v_proj",
    "feat: in, out": "576, 192",
    "dtype: size": "f32: 0.4MB",
    "loss": "0.0000133984",
    "samples": "262144",
    "damp": "0.05000",
    "time": "0.097",
    "fwd_time": "1.993",
    "(v)ram": "n/a"
}
{
    "process": "gptq",
    "layer": 13,
    "module": "self_attn.o_proj",
    "feat: in, out": "576, 576",
    "dtype: size": "f32: 1.3MB",
    "loss": "0.0000602270",
    "samples": "262144",
    "damp": "0.05000",
    "time": "0.153",
    "fwd_time": "4.396",
    "(v)ram": "n/a"
}
{
    "process": "gptq",
    "layer": 13,
    "module": "mlp.up_proj",
    "feat: in, out": "576, 1536",
    "dtype: size": "f32: 3.4MB",
    "loss": "0.0000797597",
    "samples": "262144",
    "damp": "0.05000",
    "time": "0.532",
    "fwd_time": "8.143",
    "(v)ram": "n/a"
}
{
    "process": "gptq",
    "layer": 13,
    "module": "mlp.gate_proj",
    "feat: in, out": "576, 1536",
    "dtype: size": "f32: 3.4MB",
    "loss": "0.0000746535",
    "samples": "262144",
    "damp": "0.05000",
    "time": "0.543",
    "fwd_time": "8.143",
    "(v)ram": "n/a"
}
{
    "process": "gptq",
    "layer": 13,
    "module": "mlp.down_proj",
    "feat: in, out": "1536, 576",
    "dtype: size": "f32: 3.4MB",
    "loss": "0.0001626059",
    "samples": "262144",
    "damp": "0.05000",
    "time": "0.475",
    "fwd_time": "11.573",
    "(v)ram": "n/a"
}
{
    "process": "gptq",
    "layer": 14,
    "module": "self_attn.k_proj",
    "feat: in, out": "576, 192",
    "dtype: size": "f32: 0.4MB",
    "loss": "0.0000339970",
    "samples": "262144",
    "damp": "0.05000",
    "time": "0.369",
    "fwd_time": "1.830",
    "(v)ram": "n/a"
}
{
    "process": "gptq",
    "layer": 14,
    "module": "self_attn.q_proj",
    "feat: in, out": "576, 576",
    "dtype: size": "f32: 1.3MB",
    "loss": "0.0000935342",
    "samples": "262144",
    "damp": "0.05000",
    "time": "0.404",
    "fwd_time": "1.830",
    "(v)ram": "n/a"
}
{
    "process": "gptq",
    "layer": 14,
    "module": "self_attn.v_proj",
    "feat: in, out": "576, 192",
    "dtype: size": "f32: 0.4MB",
    "loss": "0.0000242310",
    "samples": "262144",
    "damp": "0.05000",
    "time": "0.108",
    "fwd_time": "1.830",
    "(v)ram": "n/a"
}
{
    "process": "gptq",
    "layer": 14,
    "module": "self_attn.o_proj",
    "feat: in, out": "576, 576",
    "dtype: size": "f32: 1.3MB",
    "loss": "0.0000667689",
    "samples": "262144",
    "damp": "0.05000",
    "time": "0.140",
    "fwd_time": "5.115",
    "(v)ram": "n/a"
}
{
    "process": "gptq",
    "layer": 14,
    "module": "mlp.up_proj",
    "feat: in, out": "576, 1536",
    "dtype: size": "f32: 3.4MB",
    "loss": "0.0000777371",
    "samples": "262144",
    "damp": "0.05000",
    "time": "0.540",
    "fwd_time": "8.285",
    "(v)ram": "n/a"
}
{
    "process": "gptq",
    "layer": 14,
    "module": "mlp.gate_proj",
    "feat: in, out": "576, 1536",
    "dtype: size": "f32: 3.4MB",
    "loss": "0.0000737009",
    "samples": "262144",
    "damp": "0.05000",
    "time": "0.547",
    "fwd_time": "8.285",
    "(v)ram": "n/a"
}
{
    "process": "gptq",
    "layer": 14,
    "module": "mlp.down_proj",
    "feat: in, out": "1536, 576",
    "dtype: size": "f32: 3.4MB",
    "loss": "0.0001854228",
    "samples": "262144",
    "damp": "0.05000",
    "time": "0.450",
    "fwd_time": "10.710",
    "(v)ram": "n/a"
}
{
    "process": "gptq",
    "layer": 15,
    "module": "self_attn.k_proj",
    "feat: in, out": "576, 192",
    "dtype: size": "f32: 0.4MB",
    "loss": "0.0000307224",
    "samples": "262144",
    "damp": "0.05000",
    "time": "0.315",
    "fwd_time": "1.925",
    "(v)ram": "n/a"
}
{
    "process": "gptq",
    "layer": 15,
    "module": "self_attn.q_proj",
    "feat: in, out": "576, 576",
    "dtype: size": "f32: 1.3MB",
    "loss": "0.0000858416",
    "samples": "262144",
    "damp": "0.05000",
    "time": "0.355",
    "fwd_time": "1.925",
    "(v)ram": "n/a"
}
{
    "process": "gptq",
    "layer": 15,
    "module": "self_attn.v_proj",
    "feat: in, out": "576, 192",
    "dtype: size": "f32: 0.4MB",
    "loss": "0.0000223483",
    "samples": "262144",
    "damp": "0.05000",
    "time": "0.098",
    "fwd_time": "1.925",
    "(v)ram": "n/a"
}
{
    "process": "gptq",
    "layer": 15,
    "module": "self_attn.o_proj",
    "feat: in, out": "576, 576",
    "dtype: size": "f32: 1.3MB",
    "loss": "0.0000597752",
    "samples": "262144",
    "damp": "0.05000",
    "time": "0.169",
    "fwd_time": "4.846",
    "(v)ram": "n/a"
}
{
    "process": "gptq",
    "layer": 15,
    "module": "mlp.up_proj",
    "feat: in, out": "576, 1536",
    "dtype: size": "f32: 3.4MB",
    "loss": "0.0000797354",
    "samples": "262144",
    "damp": "0.05000",
    "time": "0.509",
    "fwd_time": "7.297",
    "(v)ram": "n/a"
}
{
    "process": "gptq",
    "layer": 15,
    "module": "mlp.gate_proj",
    "feat: in, out": "576, 1536",
    "dtype: size": "f32: 3.4MB",
    "loss": "0.0000796548",
    "samples": "262144",
    "damp": "0.05000",
    "time": "0.515",
    "fwd_time": "7.297",
    "(v)ram": "n/a"
}
{
    "process": "gptq",
    "layer": 15,
    "module": "mlp.down_proj",
    "feat: in, out": "1536, 576",
    "dtype: size": "f32: 3.4MB",
    "loss": "0.0002132099",
    "samples": "262144",
    "damp": "0.05000",
    "time": "0.451",
    "fwd_time": "10.803",
    "(v)ram": "n/a"
}
{
    "process": "gptq",
    "layer": 16,
    "module": "self_attn.k_proj",
    "feat: in, out": "576, 192",
    "dtype: size": "f32: 0.4MB",
    "loss": "0.0000273046",
    "samples": "262144",
    "damp": "0.05000",
    "time": "0.329",
    "fwd_time": "1.949",
    "(v)ram": "n/a"
}
{
    "process": "gptq",
    "layer": 16,
    "module": "self_attn.q_proj",
    "feat: in, out": "576, 576",
    "dtype: size": "f32: 1.3MB",
    "loss": "0.0000744886",
    "samples": "262144",
    "damp": "0.05000",
    "time": "0.375",
    "fwd_time": "1.949",
    "(v)ram": "n/a"
}
{
    "process": "gptq",
    "layer": 16,
    "module": "self_attn.v_proj",
    "feat: in, out": "576, 192",
    "dtype: size": "f32: 0.4MB",
    "loss": "0.0000180897",
    "samples": "262144",
    "damp": "0.05000",
    "time": "0.125",
    "fwd_time": "1.949",
    "(v)ram": "n/a"
}
{
    "process": "gptq",
    "layer": 16,
    "module": "self_attn.o_proj",
    "feat: in, out": "576, 576",
    "dtype: size": "f32: 1.3MB",
    "loss": "0.0001144187",
    "samples": "262144",
    "damp": "0.05000",
    "time": "0.170",
    "fwd_time": "4.471",
    "(v)ram": "n/a"
}
{
    "process": "gptq",
    "layer": 16,
    "module": "mlp.up_proj",
    "feat: in, out": "576, 1536",
    "dtype: size": "f32: 3.4MB",
    "loss": "0.0000771347",
    "samples": "262144",
    "damp": "0.05000",
    "time": "0.524",
    "fwd_time": "7.515",
    "(v)ram": "n/a"
}
{
    "process": "gptq",
    "layer": 16,
    "module": "mlp.gate_proj",
    "feat: in, out": "576, 1536",
    "dtype: size": "f32: 3.4MB",
    "loss": "0.0000738325",
    "samples": "262144",
    "damp": "0.05000",
    "time": "0.536",
    "fwd_time": "7.515",
    "(v)ram": "n/a"
}
{
    "process": "gptq",
    "layer": 16,
    "module": "mlp.down_proj",
    "feat: in, out": "1536, 576",
    "dtype: size": "f32: 3.4MB",
    "loss": "0.0002034826",
    "samples": "262144",
    "damp": "0.05000",
    "time": "0.465",
    "fwd_time": "12.721",
    "(v)ram": "n/a"
}
{
    "process": "gptq",
    "layer": 17,
    "module": "self_attn.k_proj",
    "feat: in, out": "576, 192",
    "dtype: size": "f32: 0.4MB",
    "loss": "0.0000392212",
    "samples": "262144",
    "damp": "0.05000",
    "time": "0.390",
    "fwd_time": "1.817",
    "(v)ram": "n/a"
}
{
    "process": "gptq",
    "layer": 17,
    "module": "self_attn.q_proj",
    "feat: in, out": "576, 576",
    "dtype: size": "f32: 1.3MB",
    "loss": "0.0001312290",
    "samples": "262144",
    "damp": "0.05000",
    "time": "0.471",
    "fwd_time": "1.817",
    "(v)ram": "n/a"
}
{
    "process": "gptq",
    "layer": 17,
    "module": "self_attn.v_proj",
    "feat: in, out": "576, 192",
    "dtype: size": "f32: 0.4MB",
    "loss": "0.0000320737",
    "samples": "262144",
    "damp": "0.05000",
    "time": "0.146",
    "fwd_time": "1.817",
    "(v)ram": "n/a"
}
{
    "process": "gptq",
    "layer": 17,
    "module": "self_attn.o_proj",
    "feat: in, out": "576, 576",
    "dtype: size": "f32: 1.3MB",
    "loss": "0.0000857476",
    "samples": "262144",
    "damp": "0.05000",
    "time": "0.145",
    "fwd_time": "5.035",
    "(v)ram": "n/a"
}
{
    "process": "gptq",
    "layer": 17,
    "module": "mlp.up_proj",
    "feat: in, out": "576, 1536",
    "dtype: size": "f32: 3.4MB",
    "loss": "0.0000785741",
    "samples": "262144",
    "damp": "0.05000",
    "time": "0.514",
    "fwd_time": "7.684",
    "(v)ram": "n/a"
}
{
    "process": "gptq",
    "layer": 17,
    "module": "mlp.gate_proj",
    "feat: in, out": "576, 1536",
    "dtype: size": "f32: 3.4MB",
    "loss": "0.0000706869",
    "samples": "262144",
    "damp": "0.05000",
    "time": "0.523",
    "fwd_time": "7.684",
    "(v)ram": "n/a"
}
{
    "process": "gptq",
    "layer": 17,
    "module": "mlp.down_proj",
    "feat: in, out": "1536, 576",
    "dtype: size": "f32: 3.4MB",
    "loss": "0.0002263716",
    "samples": "262144",
    "damp": "0.05000",
    "time": "0.562",
    "fwd_time": "12.107",
    "(v)ram": "n/a"
}
{
    "process": "gptq",
    "layer": 18,
    "module": "self_attn.k_proj",
    "feat: in, out": "576, 192",
    "dtype: size": "f32: 0.4MB",
    "loss": "0.0000416312",
    "samples": "262144",
    "damp": "0.05000",
    "time": "0.341",
    "fwd_time": "1.859",
    "(v)ram": "n/a"
}
{
    "process": "gptq",
    "layer": 18,
    "module": "self_attn.q_proj",
    "feat: in, out": "576, 576",
    "dtype: size": "f32: 1.3MB",
    "loss": "0.0001316747",
    "samples": "262144",
    "damp": "0.05000",
    "time": "0.386",
    "fwd_time": "1.859",
    "(v)ram": "n/a"
}
{
    "process": "gptq",
    "layer": 18,
    "module": "self_attn.v_proj",
    "feat: in, out": "576, 192",
    "dtype: size": "f32: 0.4MB",
    "loss": "0.0000490445",
    "samples": "262144",
    "damp": "0.05000",
    "time": "0.109",
    "fwd_time": "1.859",
    "(v)ram": "n/a"
}
{
    "process": "gptq",
    "layer": 18,
    "module": "self_attn.o_proj",
    "feat: in, out": "576, 576",
    "dtype: size": "f32: 1.3MB",
    "loss": "0.0001281102",
    "samples": "262144",
    "damp": "0.05000",
    "time": "0.211",
    "fwd_time": "4.696",
    "(v)ram": "n/a"
}
{
    "process": "gptq",
    "layer": 18,
    "module": "mlp.up_proj",
    "feat: in, out": "576, 1536",
    "dtype: size": "f32: 3.4MB",
    "loss": "0.0000828391",
    "samples": "262144",
    "damp": "0.05000",
    "time": "0.473",
    "fwd_time": "8.305",
    "(v)ram": "n/a"
}
{
    "process": "gptq",
    "layer": 18,
    "module": "mlp.gate_proj",
    "feat: in, out": "576, 1536",
    "dtype: size": "f32: 3.4MB",
    "loss": "0.0000773139",
    "samples": "262144",
    "damp": "0.05000",
    "time": "0.481",
    "fwd_time": "8.305",
    "(v)ram": "n/a"
}
{
    "process": "gptq",
    "layer": 18,
    "module": "mlp.down_proj",
    "feat: in, out": "1536, 576",
    "dtype: size": "f32: 3.4MB",
    "loss": "0.0004239413",
    "samples": "262144",
    "damp": "0.05000",
    "time": "0.480",
    "fwd_time": "12.572",
    "(v)ram": "n/a"
}
{
    "process": "gptq",
    "layer": 19,
    "module": "self_attn.k_proj",
    "feat: in, out": "576, 192",
    "dtype: size": "f32: 0.4MB",
    "loss": "0.0000214294",
    "samples": "262144",
    "damp": "0.05000",
    "time": "0.337",
    "fwd_time": "2.243",
    "(v)ram": "n/a"
}
{
    "process": "gptq",
    "layer": 19,
    "module": "self_attn.q_proj",
    "feat: in, out": "576, 576",
    "dtype: size": "f32: 1.3MB",
    "loss": "0.0000896248",
    "samples": "262144",
    "damp": "0.05000",
    "time": "0.407",
    "fwd_time": "2.243",
    "(v)ram": "n/a"
}
{
    "process": "gptq",
    "layer": 19,
    "module": "self_attn.v_proj",
    "feat: in, out": "576, 192",
    "dtype: size": "f32: 0.4MB",
    "loss": "0.0000343649",
    "samples": "262144",
    "damp": "0.05000",
    "time": "0.105",
    "fwd_time": "2.243",
    "(v)ram": "n/a"
}
{
    "process": "gptq",
    "layer": 19,
    "module": "self_attn.o_proj",
    "feat: in, out": "576, 576",
    "dtype: size": "f32: 1.3MB",
    "loss": "0.0002095161",
    "samples": "262144",
    "damp": "0.05000",
    "time": "0.144",
    "fwd_time": "4.428",
    "(v)ram": "n/a"
}
{
    "process": "gptq",
    "layer": 19,
    "module": "mlp.up_proj",
    "feat: in, out": "576, 1536",
    "dtype: size": "f32: 3.4MB",
    "loss": "0.0000993752",
    "samples": "262144",
    "damp": "0.05000",
    "time": "0.505",
    "fwd_time": "7.515",
    "(v)ram": "n/a"
}
{
    "process": "gptq",
    "layer": 19,
    "module": "mlp.gate_proj",
    "feat: in, out": "576, 1536",
    "dtype: size": "f32: 3.4MB",
    "loss": "0.0000942498",
    "samples": "262144",
    "damp": "0.05000",
    "time": "0.513",
    "fwd_time": "7.515",
    "(v)ram": "n/a"
}
{
    "process": "gptq",
    "layer": 19,
    "module": "mlp.down_proj",
    "feat: in, out": "1536, 576",
    "dtype: size": "f32: 3.4MB",
    "loss": "0.0004537785",
    "samples": "262144",
    "damp": "0.05000",
    "time": "0.433",
    "fwd_time": "11.477",
    "(v)ram": "n/a"
}
{
    "process": "gptq",
    "layer": 20,
    "module": "self_attn.k_proj",
    "feat: in, out": "576, 192",
    "dtype: size": "f32: 0.4MB",
    "loss": "0.0000294549",
    "samples": "262144",
    "damp": "0.05000",
    "time": "0.343",
    "fwd_time": "2.141",
    "(v)ram": "n/a"
}
{
    "process": "gptq",
    "layer": 20,
    "module": "self_attn.q_proj",
    "feat: in, out": "576, 576",
    "dtype: size": "f32: 1.3MB",
    "loss": "0.0001058627",
    "samples": "262144",
    "damp": "0.05000",
    "time": "0.408",
    "fwd_time": "2.141",
    "(v)ram": "n/a"
}
{
    "process": "gptq",
    "layer": 20,
    "module": "self_attn.v_proj",
    "feat: in, out": "576, 192",
    "dtype: size": "f32: 0.4MB",
    "loss": "0.0000578649",
    "samples": "262144",
    "damp": "0.05000",
    "time": "0.144",
    "fwd_time": "2.141",
    "(v)ram": "n/a"
}
{
    "process": "gptq",
    "layer": 20,
    "module": "self_attn.o_proj",
    "feat: in, out": "576, 576",
    "dtype: size": "f32: 1.3MB",
    "loss": "0.0002087100",
    "samples": "262144",
    "damp": "0.05000",
    "time": "0.166",
    "fwd_time": "6.299",
    "(v)ram": "n/a"
}
{
    "process": "gptq",
    "layer": 20,
    "module": "mlp.gate_proj",
    "feat: in, out": "576, 1536",
    "dtype: size": "f32: 3.4MB",
    "loss": "0.0000985369",
    "samples": "262144",
    "damp": "0.05000",
    "time": "0.719",
    "fwd_time": "9.258",
    "(v)ram": "n/a"
}
{
    "process": "gptq",
    "layer": 20,
    "module": "mlp.up_proj",
    "feat: in, out": "576, 1536",
    "dtype: size": "f32: 3.4MB",
    "loss": "0.0001122422",
    "samples": "262144",
    "damp": "0.05000",
    "time": "0.722",
    "fwd_time": "9.258",
    "(v)ram": "n/a"
}
{
    "process": "gptq",
    "layer": 20,
    "module": "mlp.down_proj",
    "feat: in, out": "1536, 576",
    "dtype: size": "f32: 3.4MB",
    "loss": "0.0008325590",
    "samples": "262144",
    "damp": "0.05000",
    "time": "0.431",
    "fwd_time": "13.340",
    "(v)ram": "n/a"
}
{
    "process": "gptq",
    "layer": 21,
    "module": "self_attn.k_proj",
    "feat: in, out": "576, 192",
    "dtype: size": "f32: 0.4MB",
    "loss": "0.0000272638",
    "samples": "262144",
    "damp": "0.05000",
    "time": "0.389",
    "fwd_time": "2.158",
    "(v)ram": "n/a"
}
{
    "process": "gptq",
    "layer": 21,
    "module": "self_attn.q_proj",
    "feat: in, out": "576, 576",
    "dtype: size": "f32: 1.3MB",
    "loss": "0.0000939589",
    "samples": "262144",
    "damp": "0.05000",
    "time": "0.439",
    "fwd_time": "2.158",
    "(v)ram": "n/a"
}
{
    "process": "gptq",
    "layer": 21,
    "module": "self_attn.v_proj",
    "feat: in, out": "576, 192",
    "dtype: size": "f32: 0.4MB",
    "loss": "0.0000420949",
    "samples": "262144",
    "damp": "0.05000",
    "time": "0.122",
    "fwd_time": "2.158",
    "(v)ram": "n/a"
}
{
    "process": "gptq",
    "layer": 21,
    "module": "self_attn.o_proj",
    "feat: in, out": "576, 576",
    "dtype: size": "f32: 1.3MB",
    "loss": "0.0001976072",
    "samples": "262144",
    "damp": "0.05000",
    "time": "0.167",
    "fwd_time": "4.812",
    "(v)ram": "n/a"
}
{
    "process": "gptq",
    "layer": 21,
    "module": "mlp.gate_proj",
    "feat: in, out": "576, 1536",
    "dtype: size": "f32: 3.4MB",
    "loss": "0.0001160620",
    "samples": "262144",
    "damp": "0.05000",
    "time": "0.508",
    "fwd_time": "9.064",
    "(v)ram": "n/a"
}
{
    "process": "gptq",
    "layer": 21,
    "module": "mlp.up_proj",
    "feat: in, out": "576, 1536",
    "dtype: size": "f32: 3.4MB",
    "loss": "0.0001283375",
    "samples": "262144",
    "damp": "0.05000",
    "time": "0.521",
    "fwd_time": "9.064",
    "(v)ram": "n/a"
}
{
    "process": "gptq",
    "layer": 21,
    "module": "mlp.down_proj",
    "feat: in, out": "1536, 576",
    "dtype: size": "f32: 3.4MB",
    "loss": "0.0006753176",
    "samples": "262144",
    "damp": "0.05000",
    "time": "0.555",
    "fwd_time": "12.796",
    "(v)ram": "n/a"
}
{
    "process": "gptq",
    "layer": 22,
    "module": "self_attn.k_proj",
    "feat: in, out": "576, 192",
    "dtype: size": "f32: 0.4MB",
    "loss": "0.0000270599",
    "samples": "262144",
    "damp": "0.05000",
    "time": "0.379",
    "fwd_time": "1.900",
    "(v)ram": "n/a"
}
{
    "process": "gptq",
    "layer": 22,
    "module": "self_attn.q_proj",
    "feat: in, out": "576, 576",
    "dtype: size": "f32: 1.3MB",
    "loss": "0.0000931924",
    "samples": "262144",
    "damp": "0.05000",
    "time": "0.423",
    "fwd_time": "1.900",
    "(v)ram": "n/a"
}
{
    "process": "gptq",
    "layer": 22,
    "module": "self_attn.v_proj",
    "feat: in, out": "576, 192",
    "dtype: size": "f32: 0.4MB",
    "loss": "0.0000443789",
    "samples": "262144",
    "damp": "0.05000",
    "time": "0.099",
    "fwd_time": "1.900",
    "(v)ram": "n/a"
}
{
    "process": "gptq",
    "layer": 22,
    "module": "self_attn.o_proj",
    "feat: in, out": "576, 576",
    "dtype: size": "f32: 1.3MB",
    "loss": "0.0002435651",
    "samples": "262144",
    "damp": "0.05000",
    "time": "0.136",
    "fwd_time": "4.952",
    "(v)ram": "n/a"
}
{
    "process": "gptq",
    "layer": 22,
    "module": "mlp.up_proj",
    "feat: in, out": "576, 1536",
    "dtype: size": "f32: 3.4MB",
    "loss": "0.0001433377",
    "samples": "262144",
    "damp": "0.05000",
    "time": "0.525",
    "fwd_time": "7.073",
    "(v)ram": "n/a"
}
{
    "process": "gptq",
    "layer": 22,
    "module": "mlp.gate_proj",
    "feat: in, out": "576, 1536",
    "dtype: size": "f32: 3.4MB",
    "loss": "0.0001241611",
    "samples": "262144",
    "damp": "0.05000",
    "time": "0.536",
    "fwd_time": "7.073",
    "(v)ram": "n/a"
}
{
    "process": "gptq",
    "layer": 22,
    "module": "mlp.down_proj",
    "feat: in, out": "1536, 576",
    "dtype: size": "f32: 3.4MB",
    "loss": "0.0011388110",
    "samples": "262144",
    "damp": "0.05000",
    "time": "0.379",
    "fwd_time": "10.482",
    "(v)ram": "n/a"
}
{
    "process": "gptq",
    "layer": 23,
    "module": "self_attn.k_proj",
    "feat: in, out": "576, 192",
    "dtype: size": "f32: 0.4MB",
    "loss": "0.0000396751",
    "samples": "262144",
    "damp": "0.05000",
    "time": "0.329",
    "fwd_time": "2.041",
    "(v)ram": "n/a"
}
{
    "process": "gptq",
    "layer": 23,
    "module": "self_attn.q_proj",
    "feat: in, out": "576, 576",
    "dtype: size": "f32: 1.3MB",
    "loss": "0.0001312201",
    "samples": "262144",
    "damp": "0.05000",
    "time": "0.377",
    "fwd_time": "2.041",
    "(v)ram": "n/a"
}
{
    "process": "gptq",
    "layer": 23,
    "module": "self_attn.v_proj",
    "feat: in, out": "576, 192",
    "dtype: size": "f32: 0.4MB",
    "loss": "0.0001419002",
    "samples": "262144",
    "damp": "0.05000",
    "time": "0.114",
    "fwd_time": "2.041",
    "(v)ram": "n/a"
}
{
    "process": "gptq",
    "layer": 23,
    "module": "self_attn.o_proj",
    "feat: in, out": "576, 576",
    "dtype: size": "f32: 1.3MB",
    "loss": "0.0007302617",
    "samples": "262144",
    "damp": "0.05000",
    "time": "0.171",
    "fwd_time": "4.945",
    "(v)ram": "n/a"
}
{
    "process": "gptq",
    "layer": 23,
    "module": "mlp.up_proj",
    "feat: in, out": "576, 1536",
    "dtype: size": "f32: 3.4MB",
    "loss": "0.0001744046",
    "samples": "262144",
    "damp": "0.05000",
    "time": "0.453",
    "fwd_time": "7.961",
    "(v)ram": "n/a"
}
{
    "process": "gptq",
    "layer": 23,
    "module": "mlp.gate_proj",
    "feat: in, out": "576, 1536",
    "dtype: size": "f32: 3.4MB",
    "loss": "0.0001340271",
    "samples": "262144",
    "damp": "0.05000",
    "time": "0.462",
    "fwd_time": "7.961",
    "(v)ram": "n/a"
}
{
    "process": "gptq",
    "layer": 23,
    "module": "mlp.down_proj",
    "feat: in, out": "1536, 576",
    "dtype: size": "f32: 3.4MB",
    "loss": "0.0013872776",
    "samples": "262144",
    "damp": "0.05000",
    "time": "0.533",
    "fwd_time": "11.475",
    "(v)ram": "n/a"
}
{
    "process": "gptq",
    "layer": 24,
    "module": "self_attn.k_proj",
    "feat: in, out": "576, 192",
    "dtype: size": "f32: 0.4MB",
    "loss": "0.0000325924",
    "samples": "262144",
    "damp": "0.05000",
    "time": "0.374",
    "fwd_time": "1.991",
    "(v)ram": "n/a"
}
{
    "process": "gptq",
    "layer": 24,
    "module": "self_attn.q_proj",
    "feat: in, out": "576, 576",
    "dtype: size": "f32: 1.3MB",
    "loss": "0.0001271854",
    "samples": "262144",
    "damp": "0.05000",
    "time": "0.426",
    "fwd_time": "1.991",
    "(v)ram": "n/a"
}
{
    "process": "gptq",
    "layer": 24,
    "module": "self_attn.v_proj",
    "feat: in, out": "576, 192",
    "dtype: size": "f32: 0.4MB",
    "loss": "0.0001395819",
    "samples": "262144",
    "damp": "0.05000",
    "time": "0.112",
    "fwd_time": "1.991",
    "(v)ram": "n/a"
}
{
    "process": "gptq",
    "layer": 24,
    "module": "self_attn.o_proj",
    "feat: in, out": "576, 576",
    "dtype: size": "f32: 1.3MB",
    "loss": "0.0005155759",
    "samples": "262144",
    "damp": "0.05000",
    "time": "0.133",
    "fwd_time": "4.533",
    "(v)ram": "n/a"
}
{
    "process": "gptq",
    "layer": 24,
    "module": "mlp.gate_proj",
    "feat: in, out": "576, 1536",
    "dtype: size": "f32: 3.4MB",
    "loss": "0.0001351693",
    "samples": "262144",
    "damp": "0.05000",
    "time": "0.581",
    "fwd_time": "7.085",
    "(v)ram": "n/a"
}
{
    "process": "gptq",
    "layer": 24,
    "module": "mlp.up_proj",
    "feat: in, out": "576, 1536",
    "dtype: size": "f32: 3.4MB",
    "loss": "0.0001768092",
    "samples": "262144",
    "damp": "0.05000",
    "time": "0.589",
    "fwd_time": "7.085",
    "(v)ram": "n/a"
}
{
    "process": "gptq",
    "layer": 24,
    "module": "mlp.down_proj",
    "feat: in, out": "1536, 576",
    "dtype: size": "f32: 3.4MB",
    "loss": "0.0018253697",
    "samples": "262144",
    "damp": "0.05000",
    "time": "0.408",
    "fwd_time": "10.674",
    "(v)ram": "n/a"
}
{
    "process": "gptq",
    "layer": 25,
    "module": "self_attn.k_proj",
    "feat: in, out": "576, 192",
    "dtype: size": "f32: 0.4MB",
    "loss": "0.0000289889",
    "samples": "262144",
    "damp": "0.05000",
    "time": "0.331",
    "fwd_time": "1.813",
    "(v)ram": "n/a"
}
{
    "process": "gptq",
    "layer": 25,
    "module": "self_attn.q_proj",
    "feat: in, out": "576, 576",
    "dtype: size": "f32: 1.3MB",
    "loss": "0.0000997421",
    "samples": "262144",
    "damp": "0.05000",
    "time": "0.372",
    "fwd_time": "1.813",
    "(v)ram": "n/a"
}
{
    "process": "gptq",
    "layer": 25,
    "module": "self_attn.v_proj",
    "feat: in, out": "576, 192",
    "dtype: size": "f32: 0.4MB",
    "loss": "0.0000590541",
    "samples": "262144",
    "damp": "0.05000",
    "time": "0.118",
    "fwd_time": "1.813",
    "(v)ram": "n/a"
}
{
    "process": "gptq",
    "layer": 25,
    "module": "self_attn.o_proj",
    "feat: in, out": "576, 576",
    "dtype: size": "f32: 1.3MB",
    "loss": "0.0002504969",
    "samples": "262144",
    "damp": "0.05000",
    "time": "0.158",
    "fwd_time": "4.565",
    "(v)ram": "n/a"
}
{
    "process": "gptq",
    "layer": 25,
    "module": "mlp.gate_proj",
    "feat: in, out": "576, 1536",
    "dtype: size": "f32: 3.4MB",
    "loss": "0.0001427428",
    "samples": "262144",
    "damp": "0.05000",
    "time": "0.536",
    "fwd_time": "7.712",
    "(v)ram": "n/a"
}
{
    "process": "gptq",
    "layer": 25,
    "module": "mlp.up_proj",
    "feat: in, out": "576, 1536",
    "dtype: size": "f32: 3.4MB",
    "loss": "0.0001811936",
    "samples": "262144",
    "damp": "0.05000",
    "time": "0.537",
    "fwd_time": "7.712",
    "(v)ram": "n/a"
}
{
    "process": "gptq",
    "layer": 25,
    "module": "mlp.down_proj",
    "feat: in, out": "1536, 576",
    "dtype: size": "f32: 3.4MB",
    "loss": "0.0015101251",
    "samples": "262144",
    "damp": "0.05000",
    "time": "0.494",
    "fwd_time": "11.559",
    "(v)ram": "n/a"
}
{
    "process": "gptq",
    "layer": 26,
    "module": "self_attn.k_proj",
    "feat: in, out": "576, 192",
    "dtype: size": "f32: 0.4MB",
    "loss": "0.0000272009",
    "samples": "262144",
    "damp": "0.05000",
    "time": "0.350",
    "fwd_time": "2.049",
    "(v)ram": "n/a"
}
{
    "process": "gptq",
    "layer": 26,
    "module": "self_attn.q_proj",
    "feat: in, out": "576, 576",
    "dtype: size": "f32: 1.3MB",
    "loss": "0.0000990557",
    "samples": "262144",
    "damp": "0.05000",
    "time": "0.394",
    "fwd_time": "2.049",
    "(v)ram": "n/a"
}
{
    "process": "gptq",
    "layer": 26,
    "module": "self_attn.v_proj",
    "feat: in, out": "576, 192",
    "dtype: size": "f32: 0.4MB",
    "loss": "0.0000841344",
    "samples": "262144",
    "damp": "0.05000",
    "time": "0.107",
    "fwd_time": "2.049",
    "(v)ram": "n/a"
}
{
    "process": "gptq",
    "layer": 26,
    "module": "self_attn.o_proj",
    "feat: in, out": "576, 576",
    "dtype: size": "f32: 1.3MB",
    "loss": "0.0004318203",
    "samples": "262144",
    "damp": "0.05000",
    "time": "0.151",
    "fwd_time": "4.723",
    "(v)ram": "n/a"
}
{
    "process": "gptq",
    "layer": 26,
    "module": "mlp.up_proj",
    "feat: in, out": "576, 1536",
    "dtype: size": "f32: 3.4MB",
    "loss": "0.0002020721",
    "samples": "262144",
    "damp": "0.05000",
    "time": "0.568",
    "fwd_time": "8.067",
    "(v)ram": "n/a"
}
{
    "process": "gptq",
    "layer": 26,
    "module": "mlp.gate_proj",
    "feat: in, out": "576, 1536",
    "dtype: size": "f32: 3.4MB",
    "loss": "0.0001579130",
    "samples": "262144",
    "damp": "0.05000",
    "time": "0.574",
    "fwd_time": "8.067",
    "(v)ram": "n/a"
}
{
    "process": "gptq",
    "layer": 26,
    "module": "mlp.down_proj",
    "feat: in, out": "1536, 576",
    "dtype: size": "f32: 3.4MB",
    "loss": "0.0020322464",
    "samples": "262144",
    "damp": "0.05000",
    "time": "0.522",
    "fwd_time": "11.765",
    "(v)ram": "n/a"
}
{
    "process": "gptq",
    "layer": 27,
    "module": "self_attn.k_proj",
    "feat: in, out": "576, 192",
    "dtype: size": "f32: 0.4MB",
    "loss": "0.0000268687",
    "samples": "262144",
    "damp": "0.05000",
    "time": "0.358",
    "fwd_time": "1.956",
    "(v)ram": "n/a"
}
{
    "process": "gptq",
    "layer": 27,
    "module": "self_attn.q_proj",
    "feat: in, out": "576, 576",
    "dtype: size": "f32: 1.3MB",
    "loss": "0.0001021881",
    "samples": "262144",
    "damp": "0.05000",
    "time": "0.399",
    "fwd_time": "1.956",
    "(v)ram": "n/a"
}
{
    "process": "gptq",
    "layer": 27,
    "module": "self_attn.v_proj",
    "feat: in, out": "576, 192",
    "dtype: size": "f32: 0.4MB",
    "loss": "0.0000680607",
    "samples": "262144",
    "damp": "0.05000",
    "time": "0.114",
    "fwd_time": "1.956",
    "(v)ram": "n/a"
}
{
    "process": "gptq",
    "layer": 27,
    "module": "self_attn.o_proj",
    "feat: in, out": "576, 576",
    "dtype: size": "f32: 1.3MB",
    "loss": "0.0005280753",
    "samples": "262144",
    "damp": "0.05000",
    "time": "0.131",
    "fwd_time": "4.971",
    "(v)ram": "n/a"
}
{
    "process": "gptq",
    "layer": 27,
    "module": "mlp.gate_proj",
    "feat: in, out": "576, 1536",
    "dtype: size": "f32: 3.4MB",
    "loss": "0.0001585220",
    "samples": "262144",
    "damp": "0.05000",
    "time": "0.525",
    "fwd_time": "7.249",
    "(v)ram": "n/a"
}
{
    "process": "gptq",
    "layer": 27,
    "module": "mlp.up_proj",
    "feat: in, out": "576, 1536",
    "dtype: size": "f32: 3.4MB",
    "loss": "0.0002040206",
    "samples": "262144",
    "damp": "0.05000",
    "time": "0.537",
    "fwd_time": "7.249",
    "(v)ram": "n/a"
}
{
    "process": "gptq",
    "layer": 27,
    "module": "mlp.down_proj",
    "feat: in, out": "1536, 576",
    "dtype: size": "f32: 3.4MB",
    "loss": "0.0028152002",
    "samples": "262144",
    "damp": "0.05000",
    "time": "0.418",
    "fwd_time": "11.517",
    "(v)ram": "n/a"
}
{
    "process": "gptq",
    "layer": 28,
    "module": "self_attn.k_proj",
    "feat: in, out": "576, 192",
    "dtype: size": "f32: 0.4MB",
    "loss": "0.0000239564",
    "samples": "262144",
    "damp": "0.05000",
    "time": "0.405",
    "fwd_time": "2.311",
    "(v)ram": "n/a"
}
{
    "process": "gptq",
    "layer": 28,
    "module": "self_attn.q_proj",
    "feat: in, out": "576, 576",
    "dtype: size": "f32: 1.3MB",
    "loss": "0.0000810916",
    "samples": "262144",
    "damp": "0.05000",
    "time": "0.445",
    "fwd_time": "2.311",
    "(v)ram": "n/a"
}
{
    "process": "gptq",
    "layer": 28,
    "module": "self_attn.v_proj",
    "feat: in, out": "576, 192",
    "dtype: size": "f32: 0.4MB",
    "loss": "0.0000855703",
    "samples": "262144",
    "damp": "0.05000",
    "time": "0.112",
    "fwd_time": "2.311",
    "(v)ram": "n/a"
}
{
    "process": "gptq",
    "layer": 28,
    "module": "self_attn.o_proj",
    "feat: in, out": "576, 576",
    "dtype: size": "f32: 1.3MB",
    "loss": "0.0006277166",
    "samples": "262144",
    "damp": "0.05000",
    "time": "0.130",
    "fwd_time": "5.146",
    "(v)ram": "n/a"
}
{
    "process": "gptq",
    "layer": 28,
    "module": "mlp.gate_proj",
    "feat: in, out": "576, 1536",
    "dtype: size": "f32: 3.4MB",
    "loss": "0.0001631390",
    "samples": "262144",
    "damp": "0.05000",
    "time": "0.540",
    "fwd_time": "7.787",
    "(v)ram": "n/a"
}
{
    "process": "gptq",
    "layer": 28,
    "module": "mlp.up_proj",
    "feat: in, out": "576, 1536",
    "dtype: size": "f32: 3.4MB",
    "loss": "0.0002265335",
    "samples": "262144",
    "damp": "0.05000",
    "time": "0.551",
    "fwd_time": "7.787",
    "(v)ram": "n/a"
}
{
    "process": "gptq",
    "layer": 28,
    "module": "mlp.down_proj",
    "feat: in, out": "1536, 576",
    "dtype: size": "f32: 3.4MB",
    "loss": "0.0290996395",
    "samples": "262144",
    "damp": "0.05000",
    "time": "0.402",
    "fwd_time": "12.057",
    "(v)ram": "n/a"
}
{
    "process": "gptq",
    "layer": 29,
    "module": "self_attn.k_proj",
    "feat: in, out": "576, 192",
    "dtype: size": "f32: 0.4MB",
    "loss": "0.0000222549",
    "samples": "262144",
    "damp": "0.05000",
    "time": "0.323",
    "fwd_time": "1.838",
    "(v)ram": "n/a"
}
{
    "process": "gptq",
    "layer": 29,
    "module": "self_attn.q_proj",
    "feat: in, out": "576, 576",
    "dtype: size": "f32: 1.3MB",
    "loss": "0.0000955389",
    "samples": "262144",
    "damp": "0.05000",
    "time": "0.361",
    "fwd_time": "1.838",
    "(v)ram": "n/a"
}
{
    "process": "gptq",
    "layer": 29,
    "module": "self_attn.v_proj",
    "feat: in, out": "576, 192",
    "dtype: size": "f32: 0.4MB",
    "loss": "0.0001004006",
    "samples": "262144",
    "damp": "0.05000",
    "time": "0.113",
    "fwd_time": "1.838",
    "(v)ram": "n/a"
}
{
    "process": "gptq",
    "layer": 29,
    "module": "self_attn.o_proj",
    "feat: in, out": "576, 576",
    "dtype: size": "f32: 1.3MB",
    "loss": "0.0015086883",
    "samples": "262144",
    "damp": "0.05000",
    "time": "0.149",
    "fwd_time": "3.960",
    "(v)ram": "n/a"
}
{
    "process": "gptq",
    "layer": 29,
    "module": "mlp.up_proj",
    "feat: in, out": "576, 1536",
    "dtype: size": "f32: 3.4MB",
    "loss": "0.0003725010",
    "samples": "262144",
    "damp": "0.05000",
    "time": "0.524",
    "fwd_time": "7.073",
    "(v)ram": "n/a"
}
{
    "process": "gptq",
    "layer": 29,
    "module": "mlp.gate_proj",
    "feat: in, out": "576, 1536",
    "dtype: size": "f32: 3.4MB",
    "loss": "0.0002753344",
    "samples": "262144",
    "damp": "0.05000",
    "time": "0.532",
    "fwd_time": "7.073",
    "(v)ram": "n/a"
}
{
    "process": "gptq",
    "layer": 29,
    "module": "mlp.down_proj",
    "feat: in, out": "1536, 576",
    "dtype: size": "f32: 3.4MB",
    "loss": "0.0268404186",
    "samples": "262144",
    "damp": "0.05000",
    "time": "0.440",
    "fwd_time": "12.382",
    "(v)ram": "n/a"
}
