Collecting lm-eval==0.4.13
  Using cached lm_eval-0.4.13-py3-none-any.whl.metadata (64 kB)
Collecting optimum-benchmark==0.6.0
  Using cached optimum_benchmark-0.6.0-py3-none-any.whl.metadata (24 kB)
Requirement already satisfied: datasets>=2.16.0 in /home/user/venv/lib/python3.11/site-packages (from lm-eval==0.4.13) (5.0.1)
Requirement already satisfied: numpy in /home/user/venv/lib/python3.11/site-packages (from lm-eval==0.4.13) (2.2.6)
Collecting evaluate>=0.4.0 (from lm-eval==0.4.13)
  Using cached evaluate-0.4.6-py3-none-any.whl.metadata (9.5 kB)
Requirement already satisfied: jinja2 in /home/user/venv/lib/python3.11/site-packages (from lm-eval==0.4.13) (3.1.6)
Collecting pytablewriter (from lm-eval==0.4.13)
  Using cached pytablewriter-1.2.1-py3-none-any.whl.metadata (38 kB)
Collecting rouge-score>=0.0.4 (from lm-eval==0.4.13)
  Using cached rouge_score-0.1.2.tar.gz (17 kB)
  Installing build dependencies: started
  Installing build dependencies: finished with status 'done'
  Getting requirements to build wheel: started
  Getting requirements to build wheel: finished with status 'done'
  Preparing metadata (pyproject.toml): started
  Preparing metadata (pyproject.toml): finished with status 'done'
Collecting sacrebleu>=1.5.0 (from lm-eval==0.4.13)
  Using cached sacrebleu-2.6.0-py3-none-any.whl.metadata (39 kB)
Collecting scikit-learn>=0.24.1 (from lm-eval==0.4.13)
  Using cached scikit_learn-1.9.1-cp311-cp311-manylinux_2_27_x86_64.manylinux_2_28_x86_64.whl.metadata (9.3 kB)
Collecting sqlitedict (from lm-eval==0.4.13)
  Using cached sqlitedict-2.1.0.tar.gz (21 kB)
  Installing build dependencies: started
  Installing build dependencies: finished with status 'done'
  Getting requirements to build wheel: started
  Getting requirements to build wheel: finished with status 'done'
  Preparing metadata (pyproject.toml): started
  Preparing metadata (pyproject.toml): finished with status 'done'
Requirement already satisfied: dill in /home/user/venv/lib/python3.11/site-packages (from lm-eval==0.4.13) (0.4.1)
Collecting word2number (from lm-eval==0.4.13)
  Using cached word2number-1.1.zip (9.7 kB)
  Installing build dependencies: started
  Installing build dependencies: finished with status 'done'
  Getting requirements to build wheel: started
  Getting requirements to build wheel: finished with status 'done'
  Preparing metadata (pyproject.toml): started
  Preparing metadata (pyproject.toml): finished with status 'done'
Collecting more_itertools (from lm-eval==0.4.13)
  Using cached more_itertools-11.1.0-py3-none-any.whl.metadata (41 kB)
Requirement already satisfied: typing_extensions in /home/user/venv/lib/python3.11/site-packages (from lm-eval==0.4.13) (4.16.0)
Requirement already satisfied: tqdm>=4.59.0 in /home/user/venv/lib/python3.11/site-packages (from lm-eval==0.4.13) (4.70.1)
Requirement already satisfied: accelerate in /home/user/venv/lib/python3.11/site-packages (from optimum-benchmark==0.6.0) (1.15.0)
Collecting colorlog (from optimum-benchmark==0.6.0)
  Using cached colorlog-6.12.0-py3-none-any.whl.metadata (11 kB)
Collecting flatten-dict (from optimum-benchmark==0.6.0)
  Using cached flatten_dict-0.5.0-py3-none-any.whl.metadata (8.9 kB)
Requirement already satisfied: hf-xet in /home/user/venv/lib/python3.11/site-packages (from optimum-benchmark==0.6.0) (1.6.0)
Requirement already satisfied: huggingface-hub in /home/user/venv/lib/python3.11/site-packages (from optimum-benchmark==0.6.0) (1.33.0)
Collecting hydra-core (from optimum-benchmark==0.6.0)
  Using cached hydra_core-1.3.7-py3-none-any.whl.metadata (5.7 kB)
Collecting nvidia-ml-py (from optimum-benchmark==0.6.0)
  Using cached nvidia_ml_py-13.615.71-py3-none-any.whl.metadata (9.7 kB)
Collecting omegaconf (from optimum-benchmark==0.6.0)
  Using cached omegaconf-2.3.1-py3-none-any.whl.metadata (4.5 kB)
Requirement already satisfied: pandas in /home/user/venv/lib/python3.11/site-packages (from optimum-benchmark==0.6.0) (3.0.6)
Requirement already satisfied: psutil in /home/user/venv/lib/python3.11/site-packages (from optimum-benchmark==0.6.0) (7.2.2)
Requirement already satisfied: rich in /home/user/venv/lib/python3.11/site-packages (from optimum-benchmark==0.6.0) (15.0.0)
Requirement already satisfied: transformers in /home/user/venv/lib/python3.11/site-packages (from optimum-benchmark==0.6.0) (5.18.0)
Requirement already satisfied: filelock in /home/user/venv/lib/python3.11/site-packages (from datasets>=2.16.0->lm-eval==0.4.13) (4.0.9)
Requirement already satisfied: pyarrow>=21.0.0 in /home/user/venv/lib/python3.11/site-packages (from datasets>=2.16.0->lm-eval==0.4.13) (25.0.1)
Requirement already satisfied: requests>=2.32.2 in /home/user/venv/lib/python3.11/site-packages (from datasets>=2.16.0->lm-eval==0.4.13) (2.34.2)
Requirement already satisfied: httpx<1.0.0 in /home/user/venv/lib/python3.11/site-packages (from datasets>=2.16.0->lm-eval==0.4.13) (0.28.1)
Requirement already satisfied: xxhash in /home/user/venv/lib/python3.11/site-packages (from datasets>=2.16.0->lm-eval==0.4.13) (4.0.1)
Requirement already satisfied: multiprocess<0.70.20 in /home/user/venv/lib/python3.11/site-packages (from datasets>=2.16.0->lm-eval==0.4.13) (0.70.19)
Requirement already satisfied: fsspec<=2026.6.0,>=2023.1.0 in /home/user/venv/lib/python3.11/site-packages (from fsspec[http]<=2026.6.0,>=2023.1.0->datasets>=2.16.0->lm-eval==0.4.13) (2026.6.0)
Requirement already satisfied: packaging in /home/user/venv/lib/python3.11/site-packages (from datasets>=2.16.0->lm-eval==0.4.13) (26.3)
Requirement already satisfied: pyyaml>=5.1 in /home/user/venv/lib/python3.11/site-packages (from datasets>=2.16.0->lm-eval==0.4.13) (6.0.3)
Requirement already satisfied: aiohttp!=4.0.0a0,!=4.0.0a1 in /home/user/venv/lib/python3.11/site-packages (from fsspec[http]<=2026.6.0,>=2023.1.0->datasets>=2.16.0->lm-eval==0.4.13) (3.14.3)
Requirement already satisfied: anyio in /home/user/venv/lib/python3.11/site-packages (from httpx<1.0.0->datasets>=2.16.0->lm-eval==0.4.13) (4.15.1)
Requirement already satisfied: certifi in /home/user/venv/lib/python3.11/site-packages (from httpx<1.0.0->datasets>=2.16.0->lm-eval==0.4.13) (2026.7.22)
Requirement already satisfied: httpcore==1.* in /home/user/venv/lib/python3.11/site-packages (from httpx<1.0.0->datasets>=2.16.0->lm-eval==0.4.13) (1.0.9)
Requirement already satisfied: idna in /home/user/venv/lib/python3.11/site-packages (from httpx<1.0.0->datasets>=2.16.0->lm-eval==0.4.13) (3.20)
Requirement already satisfied: h11>=0.16 in /home/user/venv/lib/python3.11/site-packages (from httpcore==1.*->httpx<1.0.0->datasets>=2.16.0->lm-eval==0.4.13) (0.16.0)
Requirement already satisfied: click<9.0.0,>=8.4.2 in /home/user/venv/lib/python3.11/site-packages (from huggingface-hub->optimum-benchmark==0.6.0) (8.5.0)
Requirement already satisfied: aiohappyeyeballs>=2.5.0 in /home/user/venv/lib/python3.11/site-packages (from aiohttp!=4.0.0a0,!=4.0.0a1->fsspec[http]<=2026.6.0,>=2023.1.0->datasets>=2.16.0->lm-eval==0.4.13) (2.7.1)
Requirement already satisfied: aiosignal>=1.4.0 in /home/user/venv/lib/python3.11/site-packages (from aiohttp!=4.0.0a0,!=4.0.0a1->fsspec[http]<=2026.6.0,>=2023.1.0->datasets>=2.16.0->lm-eval==0.4.13) (1.4.0)
Requirement already satisfied: attrs>=17.3.0 in /home/user/venv/lib/python3.11/site-packages (from aiohttp!=4.0.0a0,!=4.0.0a1->fsspec[http]<=2026.6.0,>=2023.1.0->datasets>=2.16.0->lm-eval==0.4.13) (26.1.0)
Requirement already satisfied: frozenlist>=1.1.1 in /home/user/venv/lib/python3.11/site-packages (from aiohttp!=4.0.0a0,!=4.0.0a1->fsspec[http]<=2026.6.0,>=2023.1.0->datasets>=2.16.0->lm-eval==0.4.13) (1.8.0)
Requirement already satisfied: multidict<7.0,>=4.5 in /home/user/venv/lib/python3.11/site-packages (from aiohttp!=4.0.0a0,!=4.0.0a1->fsspec[http]<=2026.6.0,>=2023.1.0->datasets>=2.16.0->lm-eval==0.4.13) (6.9.1)
Requirement already satisfied: propcache>=0.2.0 in /home/user/venv/lib/python3.11/site-packages (from aiohttp!=4.0.0a0,!=4.0.0a1->fsspec[http]<=2026.6.0,>=2023.1.0->datasets>=2.16.0->lm-eval==0.4.13) (0.5.4)
Requirement already satisfied: yarl<2.0,>=1.17.0 in /home/user/venv/lib/python3.11/site-packages (from aiohttp!=4.0.0a0,!=4.0.0a1->fsspec[http]<=2026.6.0,>=2023.1.0->datasets>=2.16.0->lm-eval==0.4.13) (1.25.1)
Requirement already satisfied: charset_normalizer<4,>=2 in /home/user/venv/lib/python3.11/site-packages (from requests>=2.32.2->datasets>=2.16.0->lm-eval==0.4.13) (3.5.2)
Requirement already satisfied: urllib3<3,>=1.26 in /home/user/venv/lib/python3.11/site-packages (from requests>=2.32.2->datasets>=2.16.0->lm-eval==0.4.13) (2.8.0)
Collecting absl-py (from rouge-score>=0.0.4->lm-eval==0.4.13)
  Using cached absl_py-2.5.0-py3-none-any.whl.metadata (3.3 kB)
Collecting nltk (from rouge-score>=0.0.4->lm-eval==0.4.13)
  Using cached nltk-3.10.3-py3-none-any.whl.metadata (3.2 kB)
Requirement already satisfied: six>=1.14.0 in /home/user/venv/lib/python3.11/site-packages (from rouge-score>=0.0.4->lm-eval==0.4.13) (1.17.0)
Collecting portalocker (from sacrebleu>=1.5.0->lm-eval==0.4.13)
  Using cached portalocker-4.4.0-py3-none-any.whl.metadata (10 kB)
Requirement already satisfied: regex in /home/user/venv/lib/python3.11/site-packages (from sacrebleu>=1.5.0->lm-eval==0.4.13) (2026.9.29)
Collecting tabulate>=0.8.9 (from sacrebleu>=1.5.0->lm-eval==0.4.13)
  Using cached tabulate-0.10.0-py3-none-any.whl.metadata (40 kB)
Collecting colorama (from sacrebleu>=1.5.0->lm-eval==0.4.13)
  Using cached colorama-0.4.6-py2.py3-none-any.whl.metadata (17 kB)
Collecting lxml (from sacrebleu>=1.5.0->lm-eval==0.4.13)
  Using cached lxml-6.1.3-cp311-cp311-manylinux_2_26_x86_64.manylinux_2_28_x86_64.whl.metadata (3.3 kB)
Collecting scipy>=1.10.0 (from scikit-learn>=0.24.1->lm-eval==0.4.13)
  Using cached scipy-1.17.1-cp311-cp311-manylinux_2_27_x86_64.manylinux_2_28_x86_64.whl.metadata (62 kB)
Collecting joblib>=1.4.0 (from scikit-learn>=0.24.1->lm-eval==0.4.13)
  Using cached joblib-1.6.0-py3-none-any.whl.metadata (6.5 kB)
Collecting narwhals>=2.0.1 (from scikit-learn>=0.24.1->lm-eval==0.4.13)
  Using cached narwhals-2.26.0-py3-none-any.whl.metadata (15 kB)
Requirement already satisfied: threadpoolctl>=3.5.0 in /home/user/venv/lib/python3.11/site-packages (from scikit-learn>=0.24.1->lm-eval==0.4.13) (3.7.0)
Collecting cloudpickle>=3.0 (from joblib>=1.4.0->scikit-learn>=0.24.1->lm-eval==0.4.13)
  Using cached cloudpickle-3.1.2-py3-none-any.whl.metadata (7.1 kB)
Requirement already satisfied: torch>=2.0.0 in /home/user/venv/lib/python3.11/site-packages (from accelerate->optimum-benchmark==0.6.0) (2.14.1)
Requirement already satisfied: safetensors>=0.4.3 in /home/user/venv/lib/python3.11/site-packages (from accelerate->optimum-benchmark==0.6.0) (0.8.0)
Requirement already satisfied: setuptools>=77.0.3 in /home/user/venv/lib/python3.11/site-packages (from torch>=2.0.0->accelerate->optimum-benchmark==0.6.0) (79.0.1)
Requirement already satisfied: sympy>=1.13.3 in /home/user/venv/lib/python3.11/site-packages (from torch>=2.0.0->accelerate->optimum-benchmark==0.6.0) (1.14.0)
Requirement already satisfied: networkx>=2.5.1 in /home/user/venv/lib/python3.11/site-packages (from torch>=2.0.0->accelerate->optimum-benchmark==0.6.0) (3.6.1)
Requirement already satisfied: cuda-toolkit==13.0.3 in /home/user/venv/lib/python3.11/site-packages (from cuda-toolkit[cublas,cudart,cufft,cufile,cupti,curand,cusolver,cusparse,nvjitlink,nvrtc,nvtx]==13.0.3; platform_system == "Linux"->torch>=2.0.0->accelerate->optimum-benchmark==0.6.0) (13.0.3.0)
Requirement already satisfied: cuda-bindings<14,>=13.0.3 in /home/user/venv/lib/python3.11/site-packages (from torch>=2.0.0->accelerate->optimum-benchmark==0.6.0) (13.4.3)
Requirement already satisfied: nvidia-cudnn-cu13==9.24.0.43 in /home/user/venv/lib/python3.11/site-packages (from torch>=2.0.0->accelerate->optimum-benchmark==0.6.0) (9.24.0.43)
Requirement already satisfied: nvidia-cusparselt-cu13==0.8.1 in /home/user/venv/lib/python3.11/site-packages (from torch>=2.0.0->accelerate->optimum-benchmark==0.6.0) (0.8.1)
Requirement already satisfied: nvidia-nccl-cu13==2.30.7 in /home/user/venv/lib/python3.11/site-packages (from torch>=2.0.0->accelerate->optimum-benchmark==0.6.0) (2.30.7)
Requirement already satisfied: nvidia-nvshmem-cu13==3.4.5 in /home/user/venv/lib/python3.11/site-packages (from torch>=2.0.0->accelerate->optimum-benchmark==0.6.0) (3.4.5)
Requirement already satisfied: triton~=3.8.0 in /home/user/venv/lib/python3.11/site-packages (from torch>=2.0.0->accelerate->optimum-benchmark==0.6.0) (3.8.0)
Requirement already satisfied: nvidia-cublas==13.1.1.3.* in /home/user/venv/lib/python3.11/site-packages (from cuda-toolkit[cublas,cudart,cufft,cufile,cupti,curand,cusolver,cusparse,nvjitlink,nvrtc,nvtx]==13.0.3; platform_system == "Linux"->torch>=2.0.0->accelerate->optimum-benchmark==0.6.0) (13.1.1.3)
Requirement already satisfied: nvidia-cuda-nvrtc==13.0.88.* in /home/user/venv/lib/python3.11/site-packages (from cuda-toolkit[cublas,cudart,cufft,cufile,cupti,curand,cusolver,cusparse,nvjitlink,nvrtc,nvtx]==13.0.3; platform_system == "Linux"->torch>=2.0.0->accelerate->optimum-benchmark==0.6.0) (13.0.88)
Requirement already satisfied: nvidia-cuda-runtime==13.0.96.* in /home/user/venv/lib/python3.11/site-packages (from cuda-toolkit[cublas,cudart,cufft,cufile,cupti,curand,cusolver,cusparse,nvjitlink,nvrtc,nvtx]==13.0.3; platform_system == "Linux"->torch>=2.0.0->accelerate->optimum-benchmark==0.6.0) (13.0.96)
Requirement already satisfied: nvidia-cufft==12.0.0.61.* in /home/user/venv/lib/python3.11/site-packages (from cuda-toolkit[cublas,cudart,cufft,cufile,cupti,curand,cusolver,cusparse,nvjitlink,nvrtc,nvtx]==13.0.3; platform_system == "Linux"->torch>=2.0.0->accelerate->optimum-benchmark==0.6.0) (12.0.0.61)
Requirement already satisfied: nvidia-nvjitlink<14,>=13.0.88 in /home/user/venv/lib/python3.11/site-packages (from cuda-toolkit[cublas,cudart,cufft,cufile,cupti,curand,cusolver,cusparse,nvjitlink,nvrtc,nvtx]==13.0.3; platform_system == "Linux"->torch>=2.0.0->accelerate->optimum-benchmark==0.6.0) (13.4.92)
Requirement already satisfied: nvidia-cufile==1.15.1.6.* in /home/user/venv/lib/python3.11/site-packages (from cuda-toolkit[cublas,cudart,cufft,cufile,cupti,curand,cusolver,cusparse,nvjitlink,nvrtc,nvtx]==13.0.3; platform_system == "Linux"->torch>=2.0.0->accelerate->optimum-benchmark==0.6.0) (1.15.1.6)
Requirement already satisfied: nvidia-cuda-cupti==13.0.85.* in /home/user/venv/lib/python3.11/site-packages (from cuda-toolkit[cublas,cudart,cufft,cufile,cupti,curand,cusolver,cusparse,nvjitlink,nvrtc,nvtx]==13.0.3; platform_system == "Linux"->torch>=2.0.0->accelerate->optimum-benchmark==0.6.0) (13.0.85)
Requirement already satisfied: nvidia-curand==10.4.0.35.* in /home/user/venv/lib/python3.11/site-packages (from cuda-toolkit[cublas,cudart,cufft,cufile,cupti,curand,cusolver,cusparse,nvjitlink,nvrtc,nvtx]==13.0.3; platform_system == "Linux"->torch>=2.0.0->accelerate->optimum-benchmark==0.6.0) (10.4.0.35)
Requirement already satisfied: nvidia-cusolver==12.0.4.66.* in /home/user/venv/lib/python3.11/site-packages (from cuda-toolkit[cublas,cudart,cufft,cufile,cupti,curand,cusolver,cusparse,nvjitlink,nvrtc,nvtx]==13.0.3; platform_system == "Linux"->torch>=2.0.0->accelerate->optimum-benchmark==0.6.0) (12.0.4.66)
Requirement already satisfied: nvidia-cusparse==12.6.3.3.* in /home/user/venv/lib/python3.11/site-packages (from cuda-toolkit[cublas,cudart,cufft,cufile,cupti,curand,cusolver,cusparse,nvjitlink,nvrtc,nvtx]==13.0.3; platform_system == "Linux"->torch>=2.0.0->accelerate->optimum-benchmark==0.6.0) (12.6.3.3)
Requirement already satisfied: nvidia-nvtx==13.0.85.* in /home/user/venv/lib/python3.11/site-packages (from cuda-toolkit[cublas,cudart,cufft,cufile,cupti,curand,cusolver,cusparse,nvjitlink,nvrtc,nvtx]==13.0.3; platform_system == "Linux"->torch>=2.0.0->accelerate->optimum-benchmark==0.6.0) (13.0.85)
Requirement already satisfied: cuda-pathfinder>=1.4.2 in /home/user/venv/lib/python3.11/site-packages (from cuda-bindings<14,>=13.0.3->torch>=2.0.0->accelerate->optimum-benchmark==0.6.0) (1.8.3)
Requirement already satisfied: mpmath<1.4,>=1.1.0 in /home/user/venv/lib/python3.11/site-packages (from sympy>=1.13.3->torch>=2.0.0->accelerate->optimum-benchmark==0.6.0) (1.3.0)
Collecting antlr4-python3-runtime==4.9.* (from hydra-core->optimum-benchmark==0.6.0)
  Using cached antlr4-python3-runtime-4.9.3.tar.gz (117 kB)
  Installing build dependencies: started
  Installing build dependencies: finished with status 'done'
  Getting requirements to build wheel: started
  Getting requirements to build wheel: finished with status 'done'
  Preparing metadata (pyproject.toml): started
  Preparing metadata (pyproject.toml): finished with status 'done'
Requirement already satisfied: MarkupSafe>=2.0 in /home/user/venv/lib/python3.11/site-packages (from jinja2->lm-eval==0.4.13) (3.0.3)
Collecting defusedxml (from nltk->rouge-score>=0.0.4->lm-eval==0.4.13)
  Using cached defusedxml-0.7.1-py2.py3-none-any.whl.metadata (32 kB)
Requirement already satisfied: python-dateutil>=2.8.2 in /home/user/venv/lib/python3.11/site-packages (from pandas->optimum-benchmark==0.6.0) (2.9.0.post0)
Collecting DataProperty<2,>=1.1.0 (from pytablewriter->lm-eval==0.4.13)
  Using cached dataproperty-1.1.1-py3-none-any.whl.metadata (12 kB)
Collecting mbstrdecoder<2,>=1.0.0 (from pytablewriter->lm-eval==0.4.13)
  Using cached mbstrdecoder-1.1.5-py3-none-any.whl.metadata (4.3 kB)
Collecting pathvalidate<4,>=2.3.0 (from pytablewriter->lm-eval==0.4.13)
  Using cached pathvalidate-3.3.1-py3-none-any.whl.metadata (12 kB)
Collecting tabledata<2,>=1.3.1 (from pytablewriter->lm-eval==0.4.13)
  Using cached tabledata-1.3.5-py3-none-any.whl.metadata (4.0 kB)
Collecting tcolorpy<1,>=0.0.5 (from pytablewriter->lm-eval==0.4.13)
  Using cached tcolorpy-0.1.7-py3-none-any.whl.metadata (6.3 kB)
Collecting typepy<2,>=1.3.2 (from typepy[datetime]<2,>=1.3.2->pytablewriter->lm-eval==0.4.13)
  Using cached typepy-1.3.5-py3-none-any.whl.metadata (9.6 kB)
Collecting chardet<7,>=3.0.4 (from mbstrdecoder<2,>=1.0.0->pytablewriter->lm-eval==0.4.13)
  Using cached chardet-6.0.0.post1-py3-none-any.whl.metadata (3.3 kB)
Collecting pytz>=2018.9 (from typepy[datetime]<2,>=1.3.2->pytablewriter->lm-eval==0.4.13)
  Using cached pytz-2026.4-py2.py3-none-any.whl.metadata (22 kB)
Requirement already satisfied: markdown-it-py>=2.2.0 in /home/user/venv/lib/python3.11/site-packages (from rich->optimum-benchmark==0.6.0) (4.2.0)
Requirement already satisfied: pygments<3.0.0,>=2.13.0 in /home/user/venv/lib/python3.11/site-packages (from rich->optimum-benchmark==0.6.0) (2.21.0)
Requirement already satisfied: mdurl~=0.1 in /home/user/venv/lib/python3.11/site-packages (from markdown-it-py>=2.2.0->rich->optimum-benchmark==0.6.0) (0.1.2)
Requirement already satisfied: tokenizers<0.24.0,>=0.23.1 in /home/user/venv/lib/python3.11/site-packages (from transformers->optimum-benchmark==0.6.0) (0.23.2)
Requirement already satisfied: typer in /home/user/venv/lib/python3.11/site-packages (from transformers->optimum-benchmark==0.6.0) (0.27.2)
Requirement already satisfied: shellingham>=1.3.0 in /home/user/venv/lib/python3.11/site-packages (from typer->transformers->optimum-benchmark==0.6.0) (1.5.4)
Requirement already satisfied: annotated-doc>=0.0.2 in /home/user/venv/lib/python3.11/site-packages (from typer->transformers->optimum-benchmark==0.6.0) (0.0.5)
Downloading lm_eval-0.4.13-py3-none-any.whl (9.1 MB)
   ━━━━━━━━━━━━━━━━━━━━━━━━━━━━━━━━━━━━━━━━ 9.1/9.1 MB 54.4 MB/s  0:00:00
Downloading optimum_benchmark-0.6.0-py3-none-any.whl (104 kB)
Downloading evaluate-0.4.6-py3-none-any.whl (84 kB)
Downloading sacrebleu-2.6.0-py3-none-any.whl (100 kB)
Downloading scikit_learn-1.9.1-cp311-cp311-manylinux_2_27_x86_64.manylinux_2_28_x86_64.whl (9.3 MB)
   ━━━━━━━━━━━━━━━━━━━━━━━━━━━━━━━━━━━━━━━━ 9.3/9.3 MB 62.8 MB/s  0:00:00
Downloading joblib-1.6.0-py3-none-any.whl (306 kB)
Downloading cloudpickle-3.1.2-py3-none-any.whl (22 kB)
Downloading narwhals-2.26.0-py3-none-any.whl (474 kB)
Downloading scipy-1.17.1-cp311-cp311-manylinux_2_27_x86_64.manylinux_2_28_x86_64.whl (35.3 MB)
   ━━━━━━━━━━━━━━━━━━━━━━━━━━━━━━━━━━━━━━━━ 35.3/35.3 MB 62.4 MB/s  0:00:00
Downloading tabulate-0.10.0-py3-none-any.whl (39 kB)
Downloading absl_py-2.5.0-py3-none-any.whl (137 kB)
Downloading colorama-0.4.6-py2.py3-none-any.whl (25 kB)
Downloading colorlog-6.12.0-py3-none-any.whl (12 kB)
Downloading flatten_dict-0.5.0-py3-none-any.whl (9.9 kB)
Downloading hydra_core-1.3.7-py3-none-any.whl (168 kB)
Downloading omegaconf-2.3.1-py3-none-any.whl (79 kB)
Downloading lxml-6.1.3-cp311-cp311-manylinux_2_26_x86_64.manylinux_2_28_x86_64.whl (5.2 MB)
   ━━━━━━━━━━━━━━━━━━━━━━━━━━━━━━━━━━━━━━━━ 5.2/5.2 MB 42.0 MB/s  0:00:00
Downloading more_itertools-11.1.0-py3-none-any.whl (72 kB)
Downloading nltk-3.10.3-py3-none-any.whl (1.8 MB)
   ━━━━━━━━━━━━━━━━━━━━━━━━━━━━━━━━━━━━━━━━ 1.8/1.8 MB 62.1 MB/s  0:00:00
Downloading defusedxml-0.7.1-py2.py3-none-any.whl (25 kB)
Downloading nvidia_ml_py-13.615.71-py3-none-any.whl (58 kB)
Downloading portalocker-4.4.0-py3-none-any.whl (129 kB)
Downloading pytablewriter-1.2.1-py3-none-any.whl (91 kB)
Downloading dataproperty-1.1.1-py3-none-any.whl (27 kB)
Downloading mbstrdecoder-1.1.5-py3-none-any.whl (8.0 kB)
Downloading chardet-6.0.0.post1-py3-none-any.whl (627 kB)
   ━━━━━━━━━━━━━━━━━━━━━━━━━━━━━━━━━━━━━━━━ 627.2/627.2 kB 28.4 MB/s  0:00:00
Downloading pathvalidate-3.3.1-py3-none-any.whl (24 kB)
Downloading tabledata-1.3.5-py3-none-any.whl (11 kB)
Downloading tcolorpy-0.1.7-py3-none-any.whl (8.1 kB)
Downloading typepy-1.3.5-py3-none-any.whl (31 kB)
Downloading pytz-2026.4-py2.py3-none-any.whl (506 kB)
Building wheels for collected packages: rouge-score, antlr4-python3-runtime, sqlitedict, word2number
  Building wheel for rouge-score (pyproject.toml): started
  Building wheel for rouge-score (pyproject.toml): finished with status 'done'
  Created wheel for rouge-score: filename=rouge_score-0.1.2-py3-none-any.whl size=24987 sha256=413f7f257bb7c09a39e783a99d0333a156b2c977c1040c1bfafa79e70cd152ed
  Stored in directory: /root/.cache/pip/wheels/1e/19/43/8a442dc83660ca25e163e1bd1f89919284ab0d0c1475475148
  Building wheel for antlr4-python3-runtime (pyproject.toml): started
  Building wheel for antlr4-python3-runtime (pyproject.toml): finished with status 'done'
  Created wheel for antlr4-python3-runtime: filename=antlr4_python3_runtime-4.9.3-py3-none-any.whl size=144590 sha256=0a93b31d0a4e0d1f4bc3b7451a9f45be57ebb82b3d0d81deb6665e994c1e35fe
  Stored in directory: /root/.cache/pip/wheels/1a/97/32/461f837398029ad76911109f07047fde1d7b661a147c7c56d1
  Building wheel for sqlitedict (pyproject.toml): started
  Building wheel for sqlitedict (pyproject.toml): finished with status 'done'
  Created wheel for sqlitedict: filename=sqlitedict-2.1.0-py3-none-any.whl size=16958 sha256=b4eda52bec029e4cd96dae8bc460809f05ab3a5ce07edf9010b7c194ff34d09c
  Stored in directory: /root/.cache/pip/wheels/73/63/89/7210274f9b7fb033b8f22671f64c0e0b55083d30c3c046a3ff
  Building wheel for word2number (pyproject.toml): started
  Building wheel for word2number (pyproject.toml): finished with status 'done'
  Created wheel for word2number: filename=word2number-1.1-py3-none-any.whl size=5658 sha256=e3bdd4025ed7e845f50ff2ab3401d3cdf61ce71197f118c3251ced2fe7123beb
  Stored in directory: /root/.cache/pip/wheels/cd/ef/ae/073b491b14d25e2efafcffca9e16b2ee6d114ec5c643ba4f06
Successfully built rouge-score antlr4-python3-runtime sqlitedict word2number
Installing collected packages: word2number, sqlitedict, pytz, nvidia-ml-py, antlr4-python3-runtime, tcolorpy, tabulate, scipy, portalocker, pathvalidate, omegaconf, narwhals, more_itertools, lxml, flatten-dict, defusedxml, colorlog, colorama, cloudpickle, chardet, absl-py, sacrebleu, mbstrdecoder, joblib, hydra-core, typepy, scikit-learn, nltk, rouge-score, evaluate, DataProperty, tabledata, optimum-benchmark, pytablewriter, lm-eval

Successfully installed DataProperty-1.1.1 absl-py-2.5.0 antlr4-python3-runtime-4.9.3 chardet-6.0.0.post1 cloudpickle-3.1.2 colorama-0.4.6 colorlog-6.12.0 defusedxml-0.7.1 evaluate-0.4.6 flatten-dict-0.5.0 hydra-core-1.3.7 joblib-1.6.0 lm-eval-0.4.13 lxml-6.1.3 mbstrdecoder-1.1.5 more_itertools-11.1.0 narwhals-2.26.0 nltk-3.10.3 nvidia-ml-py-13.615.71 omegaconf-2.3.1 optimum-benchmark-0.6.0 pathvalidate-3.3.1 portalocker-4.4.0 pytablewriter-1.2.1 pytz-2026.4 rouge-score-0.1.2 sacrebleu-2.6.0 scikit-learn-1.9.1 scipy-1.17.1 sqlitedict-2.1.0 tabledata-1.3.5 tabulate-0.10.0 tcolorpy-0.1.7 typepy-1.3.5 word2number-1.1
