[MAIN-PROCESS][[36m2026-10-03 09:18:56,750[0m][[34minline[0m][[32mINFO[0m] - Allocated inline launcher[0m
[MAIN-PROCESS][[36m2026-10-03 09:18:56,750[0m][[34minline[0m][[33mWARNING[0m] - The inline launcher is only recommended for debugging purposes and not for benchmarking[0m
[MAIN-PROCESS][[36m2026-10-03 09:18:57,173[0m][[34mpytorch[0m][[32mINFO[0m] - Allocating pytorch backend[0m
[MAIN-PROCESS][[36m2026-10-03 09:18:57,173[0m][[34mpytorch[0m][[32mINFO[0m] - 	+ Seeding backend with 0[0m
[MAIN-PROCESS][[36m2026-10-03 09:18:57,176[0m][[34mpytorch[0m][[32mINFO[0m] - 	+ Benchmarking a Transformers model[0m
[MAIN-PROCESS][[36m2026-10-03 09:18:58,325[0m][[34minference[0m][[32mINFO[0m] - Allocating inference scenario[0m
[MAIN-PROCESS][[36m2026-10-03 09:18:58,326[0m][[34minference[0m][[32mINFO[0m] - 	+ Updating Text Generation kwargs with default values[0m
[MAIN-PROCESS][[36m2026-10-03 09:18:58,326[0m][[34minference[0m][[32mINFO[0m] - 	+ Initializing Text Generation targets list[0m
[MAIN-PROCESS][[36m2026-10-03 09:18:58,326[0m][[34minference[0m][[32mINFO[0m] - 	+ Initializing Latency tracker[0m
[MAIN-PROCESS][[36m2026-10-03 09:18:58,327[0m][[34mlatency[0m][[32mINFO[0m] - 		+ Tracking latency using CPU performance counter[0m
[MAIN-PROCESS][[36m2026-10-03 09:18:58,327[0m][[34minference[0m][[32mINFO[0m] - 	+ Initializing Per-Token Latency tracker[0m
[MAIN-PROCESS][[36m2026-10-03 09:18:58,327[0m][[34mlatency[0m][[32mINFO[0m] - 		+ Tracking latency using CPU performance counter[0m
[MAIN-PROCESS][[36m2026-10-03 09:18:58,327[0m][[34minference[0m][[32mINFO[0m] - 	+ Initializing Memory tracker[0m
[MAIN-PROCESS][[36m2026-10-03 09:18:58,327[0m][[34mmemory[0m][[32mINFO[0m] - 		+ Tracking RAM memory of process 6960[0m
[MAIN-PROCESS][[36m2026-10-03 09:18:58,327[0m][[34minference[0m][[32mINFO[0m] - 	+ Generating inputs for task text-generation[0m
[MAIN-PROCESS][[36m2026-10-03 09:18:58,328[0m][[34minference[0m][[32mINFO[0m] - 	+ Running model loading tracking[0m
[MAIN-PROCESS][[36m2026-10-03 09:18:58,342[0m][[34mpytorch[0m][[32mINFO[0m] - 	+ Creating backend temporary directory[0m
[MAIN-PROCESS][[36m2026-10-03 09:18:58,343[0m][[34mpytorch[0m][[32mINFO[0m] - 	+ Loading model with pretrained weights[0m
[MAIN-PROCESS][[36m2026-10-03 09:18:58,343[0m][[34mpytorch[0m][[32mINFO[0m] - 	+ Loading Transformers model[0m
[MAIN-PROCESS][[36m2026-10-03 09:18:58,944[0m][[34mpytorch[0m][[32mINFO[0m] - 	+ Enabling eval mode[0m
[MAIN-PROCESS][[36m2026-10-03 09:18:58,946[0m][[34mpytorch[0m][[32mINFO[0m] - 	+ Cleaning up backend temporary directory[0m
[MAIN-PROCESS][[36m2026-10-03 09:18:58,948[0m][[34minference[0m][[32mINFO[0m] - 	+ Preparing inputs for backend pytorch[0m
[MAIN-PROCESS][[36m2026-10-03 09:18:58,948[0m][[34minference[0m][[32mINFO[0m] - 	+ Warming up backend for Text Generation[0m
[MAIN-PROCESS][[36m2026-10-03 09:19:02,115[0m][[34minference[0m][[32mINFO[0m] - 	+ Running Per-Token Text Generation latency tracking[0m
[MAIN-PROCESS][[36m2026-10-03 09:19:06,471[0m][[34minference[0m][[32mINFO[0m] - 	+ Running Text Generation memory tracking[0m
[MAIN-PROCESS][[36m2026-10-03 09:19:07,635[0m][[34mreport[0m][[32mINFO[0m] - + load_model:[0m
[MAIN-PROCESS][[36m2026-10-03 09:19:07,636[0m][[34mreport[0m][[32mINFO[0m] - 	+ memory:[0m
[MAIN-PROCESS][[36m2026-10-03 09:19:07,636[0m][[34mreport[0m][[32mINFO[0m] - 		+ max_ram: 1395.95 (MB)[0m
[MAIN-PROCESS][[36m2026-10-03 09:19:07,636[0m][[34mreport[0m][[32mINFO[0m] - 	+ latency:[0m
[MAIN-PROCESS][[36m2026-10-03 09:19:07,636[0m][[34mreport[0m][[32mINFO[0m] - 		+ count: 1[0m
[MAIN-PROCESS][[36m2026-10-03 09:19:07,636[0m][[34mreport[0m][[32mINFO[0m] - 		+ total: 0.604757 (s)[0m
[MAIN-PROCESS][[36m2026-10-03 09:19:07,636[0m][[34mreport[0m][[32mINFO[0m] - 		+ mean: 0.604757 (s)[0m
[MAIN-PROCESS][[36m2026-10-03 09:19:07,636[0m][[34mreport[0m][[32mINFO[0m] - 		+ p50: 0.604757 (s)[0m
[MAIN-PROCESS][[36m2026-10-03 09:19:07,636[0m][[34mreport[0m][[32mINFO[0m] - 		+ p90: 0.604757 (s)[0m
[MAIN-PROCESS][[36m2026-10-03 09:19:07,636[0m][[34mreport[0m][[32mINFO[0m] - 		+ p95: 0.604757 (s)[0m
[MAIN-PROCESS][[36m2026-10-03 09:19:07,636[0m][[34mreport[0m][[32mINFO[0m] - 		+ p99: 0.604757 (s)[0m
[MAIN-PROCESS][[36m2026-10-03 09:19:07,637[0m][[34mreport[0m][[32mINFO[0m] - 		+ stdev: 0.000000 (s)[0m
[MAIN-PROCESS][[36m2026-10-03 09:19:07,637[0m][[34mreport[0m][[32mINFO[0m] - 		+ stdev_: 0.00 (%)[0m
[MAIN-PROCESS][[36m2026-10-03 09:19:07,637[0m][[34mreport[0m][[32mINFO[0m] - + first_generate:[0m
[MAIN-PROCESS][[36m2026-10-03 09:19:07,637[0m][[34mreport[0m][[32mINFO[0m] - 	+ memory:[0m
[MAIN-PROCESS][[36m2026-10-03 09:19:07,637[0m][[34mreport[0m][[32mINFO[0m] - 		+ max_ram: 1170.42 (MB)[0m
[MAIN-PROCESS][[36m2026-10-03 09:19:07,637[0m][[34mreport[0m][[32mINFO[0m] - 	+ latency:[0m
[MAIN-PROCESS][[36m2026-10-03 09:19:07,637[0m][[34mreport[0m][[32mINFO[0m] - 		+ count: 1[0m
[MAIN-PROCESS][[36m2026-10-03 09:19:07,637[0m][[34mreport[0m][[32mINFO[0m] - 		+ total: 0.931797 (s)[0m
[MAIN-PROCESS][[36m2026-10-03 09:19:07,637[0m][[34mreport[0m][[32mINFO[0m] - 		+ mean: 0.931797 (s)[0m
[MAIN-PROCESS][[36m2026-10-03 09:19:07,637[0m][[34mreport[0m][[32mINFO[0m] - 		+ p50: 0.931797 (s)[0m
[MAIN-PROCESS][[36m2026-10-03 09:19:07,637[0m][[34mreport[0m][[32mINFO[0m] - 		+ p90: 0.931797 (s)[0m
[MAIN-PROCESS][[36m2026-10-03 09:19:07,638[0m][[34mreport[0m][[32mINFO[0m] - 		+ p95: 0.931797 (s)[0m
[MAIN-PROCESS][[36m2026-10-03 09:19:07,638[0m][[34mreport[0m][[32mINFO[0m] - 		+ p99: 0.931797 (s)[0m
[MAIN-PROCESS][[36m2026-10-03 09:19:07,638[0m][[34mreport[0m][[32mINFO[0m] - 		+ stdev: 0.000000 (s)[0m
[MAIN-PROCESS][[36m2026-10-03 09:19:07,638[0m][[34mreport[0m][[32mINFO[0m] - 		+ stdev_: 0.00 (%)[0m
[MAIN-PROCESS][[36m2026-10-03 09:19:07,638[0m][[34mreport[0m][[32mINFO[0m] - + generate:[0m
[MAIN-PROCESS][[36m2026-10-03 09:19:07,638[0m][[34mreport[0m][[32mINFO[0m] - 	+ latency:[0m
[MAIN-PROCESS][[36m2026-10-03 09:19:07,638[0m][[34mreport[0m][[32mINFO[0m] - 		+ count: 5[0m
[MAIN-PROCESS][[36m2026-10-03 09:19:07,638[0m][[34mreport[0m][[32mINFO[0m] - 		+ total: 4.354803 (s)[0m
[MAIN-PROCESS][[36m2026-10-03 09:19:07,638[0m][[34mreport[0m][[32mINFO[0m] - 		+ mean: 0.870961 (s)[0m
[MAIN-PROCESS][[36m2026-10-03 09:19:07,638[0m][[34mreport[0m][[32mINFO[0m] - 		+ p50: 0.867822 (s)[0m
[MAIN-PROCESS][[36m2026-10-03 09:19:07,638[0m][[34mreport[0m][[32mINFO[0m] - 		+ p90: 0.913644 (s)[0m
[MAIN-PROCESS][[36m2026-10-03 09:19:07,638[0m][[34mreport[0m][[32mINFO[0m] - 		+ p95: 0.920124 (s)[0m
[MAIN-PROCESS][[36m2026-10-03 09:19:07,639[0m][[34mreport[0m][[32mINFO[0m] - 		+ p99: 0.925308 (s)[0m
[MAIN-PROCESS][[36m2026-10-03 09:19:07,639[0m][[34mreport[0m][[32mINFO[0m] - 		+ stdev: 0.039173 (s)[0m
[MAIN-PROCESS][[36m2026-10-03 09:19:07,639[0m][[34mreport[0m][[32mINFO[0m] - 		+ stdev_: 4.50 (%)[0m
[MAIN-PROCESS][[36m2026-10-03 09:19:07,639[0m][[34mreport[0m][[32mINFO[0m] - 	+ throughput:[0m
[MAIN-PROCESS][[36m2026-10-03 09:19:07,639[0m][[34mreport[0m][[32mINFO[0m] - 		+ throughput: 35.59 (samples/s)[0m
[MAIN-PROCESS][[36m2026-10-03 09:19:07,639[0m][[34mreport[0m][[32mINFO[0m] - + prefill:[0m
[MAIN-PROCESS][[36m2026-10-03 09:19:07,639[0m][[34mreport[0m][[32mINFO[0m] - 	+ memory:[0m
[MAIN-PROCESS][[36m2026-10-03 09:19:07,639[0m][[34mreport[0m][[32mINFO[0m] - 		+ max_ram: 1170.73 (MB)[0m
[MAIN-PROCESS][[36m2026-10-03 09:19:07,639[0m][[34mreport[0m][[32mINFO[0m] - 	+ latency:[0m
[MAIN-PROCESS][[36m2026-10-03 09:19:07,639[0m][[34mreport[0m][[32mINFO[0m] - 		+ count: 5[0m
[MAIN-PROCESS][[36m2026-10-03 09:19:07,639[0m][[34mreport[0m][[32mINFO[0m] - 		+ total: 0.522279 (s)[0m
[MAIN-PROCESS][[36m2026-10-03 09:19:07,639[0m][[34mreport[0m][[32mINFO[0m] - 		+ mean: 0.104456 (s)[0m
[MAIN-PROCESS][[36m2026-10-03 09:19:07,640[0m][[34mreport[0m][[32mINFO[0m] - 		+ p50: 0.102369 (s)[0m
[MAIN-PROCESS][[36m2026-10-03 09:19:07,640[0m][[34mreport[0m][[32mINFO[0m] - 		+ p90: 0.119514 (s)[0m
[MAIN-PROCESS][[36m2026-10-03 09:19:07,640[0m][[34mreport[0m][[32mINFO[0m] - 		+ p95: 0.124729 (s)[0m
[MAIN-PROCESS][[36m2026-10-03 09:19:07,640[0m][[34mreport[0m][[32mINFO[0m] - 		+ p99: 0.128902 (s)[0m
[MAIN-PROCESS][[36m2026-10-03 09:19:07,640[0m][[34mreport[0m][[32mINFO[0m] - 		+ stdev: 0.013535 (s)[0m
[MAIN-PROCESS][[36m2026-10-03 09:19:07,640[0m][[34mreport[0m][[32mINFO[0m] - 		+ stdev_: 12.96 (%)[0m
[MAIN-PROCESS][[36m2026-10-03 09:19:07,640[0m][[34mreport[0m][[32mINFO[0m] - 	+ throughput:[0m
[MAIN-PROCESS][[36m2026-10-03 09:19:07,640[0m][[34mreport[0m][[32mINFO[0m] - 		+ throughput: 9.57 (samples/s)[0m
[MAIN-PROCESS][[36m2026-10-03 09:19:07,640[0m][[34mreport[0m][[32mINFO[0m] - + decode:[0m
[MAIN-PROCESS][[36m2026-10-03 09:19:07,640[0m][[34mreport[0m][[32mINFO[0m] - 	+ memory:[0m
[MAIN-PROCESS][[36m2026-10-03 09:19:07,640[0m][[34mreport[0m][[32mINFO[0m] - 		+ max_ram: 1170.73 (MB)[0m
[MAIN-PROCESS][[36m2026-10-03 09:19:07,641[0m][[34mreport[0m][[32mINFO[0m] - 	+ latency:[0m
[MAIN-PROCESS][[36m2026-10-03 09:19:07,641[0m][[34mreport[0m][[32mINFO[0m] - 		+ count: 5[0m
[MAIN-PROCESS][[36m2026-10-03 09:19:07,641[0m][[34mreport[0m][[32mINFO[0m] - 		+ total: 3.832523 (s)[0m
[MAIN-PROCESS][[36m2026-10-03 09:19:07,641[0m][[34mreport[0m][[32mINFO[0m] - 		+ mean: 0.766505 (s)[0m
[MAIN-PROCESS][[36m2026-10-03 09:19:07,641[0m][[34mreport[0m][[32mINFO[0m] - 		+ p50: 0.775586 (s)[0m
[MAIN-PROCESS][[36m2026-10-03 09:19:07,641[0m][[34mreport[0m][[32mINFO[0m] - 		+ p90: 0.814678 (s)[0m
[MAIN-PROCESS][[36m2026-10-03 09:19:07,641[0m][[34mreport[0m][[32mINFO[0m] - 		+ p95: 0.819456 (s)[0m
[MAIN-PROCESS][[36m2026-10-03 09:19:07,641[0m][[34mreport[0m][[32mINFO[0m] - 		+ p99: 0.823279 (s)[0m
[MAIN-PROCESS][[36m2026-10-03 09:19:07,641[0m][[34mreport[0m][[32mINFO[0m] - 		+ stdev: 0.049754 (s)[0m
[MAIN-PROCESS][[36m2026-10-03 09:19:07,641[0m][[34mreport[0m][[32mINFO[0m] - 		+ stdev_: 6.49 (%)[0m
[MAIN-PROCESS][[36m2026-10-03 09:19:07,641[0m][[34mreport[0m][[32mINFO[0m] - 	+ throughput:[0m
[MAIN-PROCESS][[36m2026-10-03 09:19:07,641[0m][[34mreport[0m][[32mINFO[0m] - 		+ throughput: 40.44 (tokens/s)[0m
[MAIN-PROCESS][[36m2026-10-03 09:19:07,642[0m][[34mreport[0m][[32mINFO[0m] - + per_token:[0m
[MAIN-PROCESS][[36m2026-10-03 09:19:07,642[0m][[34mreport[0m][[32mINFO[0m] - 	+ latency:[0m
[MAIN-PROCESS][[36m2026-10-03 09:19:07,642[0m][[34mreport[0m][[32mINFO[0m] - 		+ count: 475[0m
[MAIN-PROCESS][[36m2026-10-03 09:19:07,642[0m][[34mreport[0m][[32mINFO[0m] - 		+ total: 12.576743 (s)[0m
[MAIN-PROCESS][[36m2026-10-03 09:19:07,642[0m][[34mreport[0m][[32mINFO[0m] - 		+ mean: 0.026477 (s)[0m
[MAIN-PROCESS][[36m2026-10-03 09:19:07,642[0m][[34mreport[0m][[32mINFO[0m] - 		+ p50: 0.023852 (s)[0m
[MAIN-PROCESS][[36m2026-10-03 09:19:07,642[0m][[34mreport[0m][[32mINFO[0m] - 		+ p90: 0.032787 (s)[0m
[MAIN-PROCESS][[36m2026-10-03 09:19:07,642[0m][[34mreport[0m][[32mINFO[0m] - 		+ p95: 0.035267 (s)[0m
[MAIN-PROCESS][[36m2026-10-03 09:19:07,642[0m][[34mreport[0m][[32mINFO[0m] - 		+ p99: 0.095319 (s)[0m
[MAIN-PROCESS][[36m2026-10-03 09:19:07,642[0m][[34mreport[0m][[32mINFO[0m] - 		+ stdev: 0.011445 (s)[0m
[MAIN-PROCESS][[36m2026-10-03 09:19:07,642[0m][[34mreport[0m][[32mINFO[0m] - 		+ stdev_: 43.23 (%)[0m
Error executing job with overrides: ['launcher=inline', 'scenario.warmup_runs=10', 'scenario.input_shapes.batch_size=1', 'scenario.input_shapes.sequence_length=128', 'scenario.iterations=5', 'scenario.duration=0', '+scenario.generate_kwargs.max_new_tokens=32', '+scenario.generate_kwargs.min_new_tokens=32']
Traceback (most recent call last):
  File "/opt/venvs/bench/lib/python3.11/site-packages/optimum_benchmark/cli.py", line 80, in main
    benchmark.save_json("benchmark.json")
  File "/opt/venvs/bench/lib/python3.11/site-packages/optimum_benchmark/hub_utils.py", line 49, in save_json
    dump(self.to_dict(flat=flat), f, indent=4)
  File "/usr/lib/python3.11/json/__init__.py", line 179, in dump
    for chunk in iterable:
  File "/usr/lib/python3.11/json/encoder.py", line 432, in _iterencode
    yield from _iterencode_dict(o, _current_indent_level)
  File "/usr/lib/python3.11/json/encoder.py", line 406, in _iterencode_dict
    yield from chunks
  File "/usr/lib/python3.11/json/encoder.py", line 406, in _iterencode_dict
    yield from chunks
  File "/usr/lib/python3.11/json/encoder.py", line 406, in _iterencode_dict
    yield from chunks
  [Previous line repeated 1 more time]
  File "/usr/lib/python3.11/json/encoder.py", line 326, in _iterencode_list
    yield from chunks
  File "/usr/lib/python3.11/json/encoder.py", line 439, in _iterencode
    o = _default(o)
        ^^^^^^^^^^^
  File "/usr/lib/python3.11/json/encoder.py", line 180, in default
    raise TypeError(f'Object of type {o.__class__.__name__} '
TypeError: Object of type PerTokenLatencySessionTrackerLogitsProcessor is not JSON serializable

Set the environment variable HYDRA_FULL_ERROR=1 for a complete stack trace.
