Warning: You are sending unauthenticated requests to the HF Hub. Please set a HF_TOKEN to enable higher rate limits and faster downloads.
[transformers] Token indices sequence length is longer than the specified maximum sequence length for this model (2568237 > 8192). Running this sequence through the model will result in indexing errors
[33.6s] data: {'wall_s': 25.13, 'rss_gb': 1.36, 'peak_rss_gb': 2.067}

INFO  LogBar: headless/CI mode; progress animations disabled.                   
WARN  Python GIL is enabled: Multi-gpu quant acceleration for MoE models is sub-optimal and multi-core accelerated cpu packing is also disabled. We recommend Python >= 3.13.3t with Pytorch > 2.8 for mult-gpu quantization and multi-cpu packing with env `PYTHON_GIL=0`.
Failed to load /opt/venvs/main/lib/python3.11/site-packages/torchao/_C_mxfp8.cpython-310-x86_64-linux-gnu.so: Could not load this library: /opt/venvs/main/lib/python3.11/site-packages/torchao/_C_mxfp8.cpython-310-x86_64-linux-gnu.so
Failed to load /opt/venvs/main/lib/python3.11/site-packages/torchao/_C_cutlass_90a.abi3.so: Could not load this library: /opt/venvs/main/lib/python3.11/site-packages/torchao/_C_cutlass_90a.abi3.so
W1003 09:24:07.983000 397 torch/utils/_pytree.py:630] <enum 'KernelPreference'> is an Enum subclass and is now natively supported by torch.compile as an opaque value type. Calling register_constant() on Enum subclasses is deprecated and will be an error in a future release.
W1003 09:24:08.054000 397 torch/utils/_pytree.py:630] <enum 'ScaleCalculationMode'> is an Enum subclass and is now natively supported by torch.compile as an opaque value type. Calling register_constant() on Enum subclasses is deprecated and will be an error in a future release.
INFO  ENV: Auto setting PYTORCH_ALLOC_CONF='expandable_segments:True,max_split_size_mb:256,garbage_collection_threshold:0.7' for memory saving.
INFO  ENV: Auto setting CUDA_DEVICE_ORDER=PCI_BUS_ID for correctness.           
INFO  

┌─────────────┐    ┌────────────────────────┐    ┌────────────┐    ┌─────────┐
│ GPT-QModel  │ -> │ ▓▓▓▓▓▓▓▓▓▓▓▓ 16bit     │ -> │ ▒▒▒▒ 8bit  │ -> │ ░░ 4bit │
└─────────────┘    └────────────────────────┘    └────────────┘    └─────────┘
GPT-QModel   : 7.5.0
Transformers : 5.18.0
Torch        : 2.14.1+cpu
INFO  QuantizeConfig: offload_to_disk_path auto set to temporary dir `/tmp/gptqmodel__c7qi1mt`
INFO:httpx:HTTP Request: GET https://huggingface.co/api/models/HuggingFaceTB/SmolLM2-135M/tree/main?recursive=true&expand=false "HTTP/1.1 200 OK"
INFO:httpx:HTTP Request: GET https://huggingface.co/api/models/HuggingFaceTB/SmolLM2-135M "HTTP/1.1 200 OK"
INFO:httpx:HTTP Request: GET https://huggingface.co/api/models/HuggingFaceTB/SmolLM2-135M/tree/main?recursive=true&expand=false "HTTP/1.1 200 OK"
INFO:httpx:HTTP Request: GET https://huggingface.co/api/models/HuggingFaceTB/SmolLM2-135M/tree/main?recursive=true&expand=false "HTTP/1.1 200 OK"
INFO:httpx:HTTP Request: GET https://huggingface.co/api/models/HuggingFaceTB/SmolLM2-135M "HTTP/1.1 200 OK"
INFO:httpx:HTTP Request: GET https://huggingface.co/api/models/HuggingFaceTB/SmolLM2-135M "HTTP/1.1 200 OK"
INFO:httpx:HTTP Request: GET https://huggingface.co/api/models/HuggingFaceTB/SmolLM2-135M/revision/main "HTTP/1.1 200 OK"
Fetching 10 files:   0%|          | 0/10 [00:00<?, ?it/s]Fetching 10 files: 100%|██████████| 10/10 [00:00<00:00, 1855.56it/s]
INFO:tokenicer.tokenicer:Tokenicer: Auto fixed pad_token_id=0 (token='<|endoftext|>').
INFO  Estimated Quantization BPW (bits per weight): 3.2796875 bpw, based on [bits: 3, group_size: 128]
