[5.55s] data: {'wall_s': 0.58, 'rss_gb': 0.844, 'peak_rss_gb': 0.844}

INFO  LogBar: headless/CI mode; progress animations disabled.                   
WARN  Python GIL is enabled: Multi-gpu quant acceleration for MoE models is sub-optimal and multi-core accelerated cpu packing is also disabled. We recommend Python >= 3.13.3t with Pytorch > 2.8 for mult-gpu quantization and multi-cpu packing with env `PYTHON_GIL=0`.
W1002 17:29:54.492000 15905 torch/utils/_pytree.py:630] <enum 'KernelPreference'> is an Enum subclass and is now natively supported by torch.compile as an opaque value type. Calling register_constant() on Enum subclasses is deprecated and will be an error in a future release.
W1002 17:29:54.535000 15905 torch/utils/_pytree.py:630] <enum 'ScaleCalculationMode'> is an Enum subclass and is now natively supported by torch.compile as an opaque value type. Calling register_constant() on Enum subclasses is deprecated and will be an error in a future release.
INFO  ENV: Auto setting PYTORCH_ALLOC_CONF='expandable_segments:True,max_split_size_mb:256,garbage_collection_threshold:0.7' for memory saving.
INFO  ENV: Auto setting CUDA_DEVICE_ORDER=PCI_BUS_ID for correctness.           
INFO  

┌─────────────┐    ┌────────────────────────┐    ┌────────────┐    ┌─────────┐
│ GPT-QModel  │ -> │ ▓▓▓▓▓▓▓▓▓▓▓▓ 16bit     │ -> │ ▒▒▒▒ 8bit  │ -> │ ░░ 4bit │
└─────────────┘    └────────────────────────┘    └────────────┘    └─────────┘
GPT-QModel   : 7.5.0
Transformers : 5.18.0
Torch        : 2.14.1+cu130
Triton       : 3.8.0
INFO  QuantizeConfig: offload_to_disk_path auto set to temporary dir `/tmp/gptqmodel_li3w5q41`
INFO:tokenicer.tokenicer:Tokenicer: Auto fixed pad_token_id=0 (token='t0').
INFO  Estimated Quantization BPW (bits per weight): 4.2875 bpw, based on [bits: 4, group_size: 128]
INFO  Loader: using checkpoint-backed lazy turtle source for `feasibility/models/synth-SmolLM2-135M`
INFO:tokenicer.tokenicer:Tokenicer: Auto fixed pad_token_id=0 (token='t0').
INFO  Model: Loaded `generation_config`: GenerationConfig {
  "bos_token_id": 0,
  "eos_token_id": 0,
  "output_attentions": false,
  "output_hidden_states": false,
  "pad_token_id": 0,
  "use_cache": true
}

INFO  Model: Auto-fixed `generation_config` mismatch between model and `generation_config.json`.
INFO  Model: Updated `generation_config`: GenerationConfig {
  "bos_token_id": 0,
  "do_sample": true,
  "eos_token_id": 0,
  "output_attentions": false,
  "output_hidden_states": false,
  "pad_token_id": 0,
  "use_cache": true
}

INFO  Kernel: loaded -> `[]`                                                    
[7.11s] load_for_quant: {'wall_s': 0.25, 'rss_gb': 0.944, 'peak_rss_gb': 0.944}
INFO  Calibration: Sort in descending order by length                           
INFO  Calibration: Total padded tokens: 0                                       
INFO  Calibration: Total non-padded tokens: 65536                               
INFO  Calibration: Total tokens: 65536                                          
calib_check {'passed': 128, 'after_prepare': 128, 'same_multiset': True, 'lengths': [512]}
INFO  Packing Kernel: selected: `AwqGEMMLinear`                                 
Traceback (most recent call last):
  File "/home/user/GPTQModel/feasibility/quant_eval.py", line 138, in <module>
    main()
  File "/home/user/GPTQModel/feasibility/quant_eval.py", line 99, in main
    model.quantize(samples, batch_size=1)
  File "/home/user/venv/lib/python3.11/site-packages/gptqmodel/utils/device_telemetry.py", line 51, in run
    return fn(model, *args, **kwargs)
           ^^^^^^^^^^^^^^^^^^^^^^^^^^
  File "/home/user/venv/lib/python3.11/site-packages/gptqmodel/models/base.py", line 1113, in quantize
    _ = select_quant_linear(
        ^^^^^^^^^^^^^^^^^^^^
  File "/home/user/venv/lib/python3.11/site-packages/gptqmodel/utils/importer.py", line 1033, in select_quant_linear
    raise ValueError(err)
ValueError: AWQ: CUDA is not available.
