2026-10-02:14:38:44 WARNING  [config.evaluate_config:337] --limit SHOULD ONLY BE USED FOR TESTING. REAL METRICS SHOULD NOT BE COMPUTED USING LIMIT.
2026-10-02:14:38:56 INFO     [_cli.run:392] Selected Tasks: ['arc_easy', 'hellaswag']
2026-10-02:14:38:59 INFO     [evaluator:214] Setting random seed to 0 | Setting numpy seed to 0 | Setting torch manual seed to 0 | Setting fewshot manual seed to 0
2026-10-02:14:38:59 INFO     [evaluator:239] Initializing hf model, with arguments: {'pretrained': 'HuggingFaceTB/SmolLM2-135M'}
2026-10-02:14:39:05 INFO     [models.huggingface:289] Using device 'cpu'
Traceback (most recent call last):
  File "/home/user/venv/lib/python3.11/site-packages/httpx/_transports/default.py", line 101, in map_httpcore_exceptions
    yield
  File "/home/user/venv/lib/python3.11/site-packages/httpx/_transports/default.py", line 250, in handle_request
    resp = self._pool.handle_request(req)
           ^^^^^^^^^^^^^^^^^^^^^^^^^^^^^^
  File "/home/user/venv/lib/python3.11/site-packages/httpcore/_sync/connection_pool.py", line 256, in handle_request
    raise exc from None
  File "/home/user/venv/lib/python3.11/site-packages/httpcore/_sync/connection_pool.py", line 236, in handle_request
    response = connection.handle_request(
               ^^^^^^^^^^^^^^^^^^^^^^^^^^
  File "/home/user/venv/lib/python3.11/site-packages/httpcore/_sync/http_proxy.py", line 297, in handle_request
    raise ProxyError(msg)
httpcore.ProxyError: 403 Forbidden

The above exception was the direct cause of the following exception:

Traceback (most recent call last):
  File "/home/user/venv/lib/python3.11/site-packages/transformers/configuration_utils.py", line 844, in _get_config_dict
    resolved_config_file = cached_file(
                           ^^^^^^^^^^^^
  File "/home/user/venv/lib/python3.11/site-packages/transformers/utils/hub.py", line 370, in cached_file
    file = cached_files(path_or_repo_id=path_or_repo_id, filenames=[filename], **kwargs)
           ^^^^^^^^^^^^^^^^^^^^^^^^^^^^^^^^^^^^^^^^^^^^^^^^^^^^^^^^^^^^^^^^^^^^^^^^^^^^^
  File "/home/user/venv/lib/python3.11/site-packages/transformers/utils/hub.py", line 634, in cached_files
    raise e
  File "/home/user/venv/lib/python3.11/site-packages/transformers/utils/hub.py", line 537, in cached_files
    hf_hub_download(
  File "/home/user/venv/lib/python3.11/site-packages/huggingface_hub/utils/_validators.py", line 89, in _inner_fn
    return fn(*args, **kwargs)
           ^^^^^^^^^^^^^^^^^^^
  File "/home/user/venv/lib/python3.11/site-packages/huggingface_hub/utils/_http.py", line 266, in _inner
    return fn(*args, **kwargs)
           ^^^^^^^^^^^^^^^^^^^
  File "/home/user/venv/lib/python3.11/site-packages/huggingface_hub/file_download.py", line 1047, in hf_hub_download
    return _hf_hub_download_to_cache_dir(
           ^^^^^^^^^^^^^^^^^^^^^^^^^^^^^^
  File "/home/user/venv/lib/python3.11/site-packages/huggingface_hub/file_download.py", line 1117, in _hf_hub_download_to_cache_dir
    (url_to_download, etag, commit_hash, expected_size, xet_file_data, head_call_error) = _get_metadata_or_catch_error(
                                                                                          ^^^^^^^^^^^^^^^^^^^^^^^^^^^^^
  File "/home/user/venv/lib/python3.11/site-packages/huggingface_hub/file_download.py", line 1762, in _get_metadata_or_catch_error
    metadata = get_hf_file_metadata(
               ^^^^^^^^^^^^^^^^^^^^^
  File "/home/user/venv/lib/python3.11/site-packages/huggingface_hub/utils/_validators.py", line 89, in _inner_fn
    return fn(*args, **kwargs)
           ^^^^^^^^^^^^^^^^^^^
  File "/home/user/venv/lib/python3.11/site-packages/huggingface_hub/file_download.py", line 1669, in get_hf_file_metadata
    response = _httpx_follow_hub_redirects_with_backoff(
               ^^^^^^^^^^^^^^^^^^^^^^^^^^^^^^^^^^^^^^^^^
  File "/home/user/venv/lib/python3.11/site-packages/huggingface_hub/utils/_http.py", line 754, in _httpx_follow_hub_redirects_with_backoff
    response = http_backoff(
               ^^^^^^^^^^^^^
  File "/home/user/venv/lib/python3.11/site-packages/huggingface_hub/utils/_http.py", line 627, in http_backoff
    return next(
           ^^^^^
  File "/home/user/venv/lib/python3.11/site-packages/huggingface_hub/utils/_http.py", line 535, in _http_backoff_base
    response = client.request(method=method, url=url, **kwargs)
               ^^^^^^^^^^^^^^^^^^^^^^^^^^^^^^^^^^^^^^^^^^^^^^^^
  File "/home/user/venv/lib/python3.11/site-packages/httpx/_client.py", line 825, in request
    return self.send(request, auth=auth, follow_redirects=follow_redirects)
           ^^^^^^^^^^^^^^^^^^^^^^^^^^^^^^^^^^^^^^^^^^^^^^^^^^^^^^^^^^^^^^^^
  File "/home/user/venv/lib/python3.11/site-packages/httpx/_client.py", line 914, in send
    response = self._send_handling_auth(
               ^^^^^^^^^^^^^^^^^^^^^^^^^
  File "/home/user/venv/lib/python3.11/site-packages/httpx/_client.py", line 942, in _send_handling_auth
    response = self._send_handling_redirects(
               ^^^^^^^^^^^^^^^^^^^^^^^^^^^^^^
  File "/home/user/venv/lib/python3.11/site-packages/httpx/_client.py", line 979, in _send_handling_redirects
    response = self._send_single_request(request)
               ^^^^^^^^^^^^^^^^^^^^^^^^^^^^^^^^^^
  File "/home/user/venv/lib/python3.11/site-packages/httpx/_client.py", line 1014, in _send_single_request
    response = transport.handle_request(request)
               ^^^^^^^^^^^^^^^^^^^^^^^^^^^^^^^^^
  File "/home/user/venv/lib/python3.11/site-packages/httpx/_transports/default.py", line 249, in handle_request
    with map_httpcore_exceptions():
  File "/usr/lib/python3.11/contextlib.py", line 158, in __exit__
    self.gen.throw(typ, value, traceback)
  File "/home/user/venv/lib/python3.11/site-packages/httpx/_transports/default.py", line 118, in map_httpcore_exceptions
    raise mapped_exc(message) from exc
httpx.ProxyError: 403 Forbidden

During handling of the above exception, another exception occurred:

Traceback (most recent call last):
  File "/home/user/venv/bin/lm_eval", line 6, in <module>
    sys.exit(cli_evaluate())
             ^^^^^^^^^^^^^^
  File "/home/user/venv/lib/python3.11/site-packages/lm_eval/__main__.py", line 10, in cli_evaluate
    parser.execute(args)
  File "/home/user/venv/lib/python3.11/site-packages/lm_eval/_cli/harness.py", line 60, in execute
    args.func(args)
  File "/home/user/venv/lib/python3.11/site-packages/lm_eval/_cli/run.py", line 395, in _execute
    results = simple_evaluate(
              ^^^^^^^^^^^^^^^^
  File "/home/user/venv/lib/python3.11/site-packages/lm_eval/utils.py", line 580, in _wrapper
    return fn(*args, **kwargs)
           ^^^^^^^^^^^^^^^^^^^
  File "/home/user/venv/lib/python3.11/site-packages/lm_eval/evaluator.py", line 242, in simple_evaluate
    lm = lm_eval.api.registry.get_model(model).create_from_arg_obj(
         ^^^^^^^^^^^^^^^^^^^^^^^^^^^^^^^^^^^^^^^^^^^^^^^^^^^^^^^^^^
  File "/home/user/venv/lib/python3.11/site-packages/lm_eval/api/model.py", line 169, in create_from_arg_obj
    return cls(**arg_dict, **additional_config)
           ^^^^^^^^^^^^^^^^^^^^^^^^^^^^^^^^^^^^
  File "/home/user/venv/lib/python3.11/site-packages/lm_eval/models/huggingface.py", line 321, in __init__
    self._get_config(
  File "/home/user/venv/lib/python3.11/site-packages/lm_eval/models/huggingface.py", line 737, in _get_config
    self._config = transformers.AutoConfig.from_pretrained(
                   ^^^^^^^^^^^^^^^^^^^^^^^^^^^^^^^^^^^^^^^^
  File "/home/user/venv/lib/python3.11/site-packages/transformers/models/auto/configuration_auto.py", line 397, in from_pretrained
    config_dict, unused_kwargs = PreTrainedConfig.get_config_dict(pretrained_model_name_or_path, **kwargs)
                                 ^^^^^^^^^^^^^^^^^^^^^^^^^^^^^^^^^^^^^^^^^^^^^^^^^^^^^^^^^^^^^^^^^^^^^^^^^
  File "/home/user/venv/lib/python3.11/site-packages/transformers/configuration_utils.py", line 792, in get_config_dict
    config_dict, kwargs = cls._get_config_dict(pretrained_model_name_or_path, **kwargs)
                          ^^^^^^^^^^^^^^^^^^^^^^^^^^^^^^^^^^^^^^^^^^^^^^^^^^^^^^^^^^^^^
  File "/home/user/venv/lib/python3.11/site-packages/transformers/configuration_utils.py", line 864, in _get_config_dict
    raise OSError(
OSError: Can't load the configuration of 'HuggingFaceTB/SmolLM2-135M'. If you were trying to load it from 'https://huggingface.co/models', make sure you don't have a local directory with the same name. Otherwise, make sure 'HuggingFaceTB/SmolLM2-135M' is the correct path to a directory containing a config.json file
