[MAIN-PROCESS][[36m2026-10-02 15:35:45,453[0m][[34minline[0m][[32mINFO[0m] - Allocated inline launcher[0m
[MAIN-PROCESS][[36m2026-10-02 15:35:45,453[0m][[34minline[0m][[33mWARNING[0m] - The inline launcher is only recommended for debugging purposes and not for benchmarking[0m
[MAIN-PROCESS][[36m2026-10-02 15:35:45,991[0m][[34mpytorch[0m][[32mINFO[0m] - Allocating pytorch backend[0m
[MAIN-PROCESS][[36m2026-10-02 15:35:45,992[0m][[34mpytorch[0m][[32mINFO[0m] - 	+ Seeding backend with 0[0m
[MAIN-PROCESS][[36m2026-10-02 15:35:46,002[0m][[34mpytorch[0m][[32mINFO[0m] - 	+ Benchmarking a Transformers model[0m
[MAIN-PROCESS][[36m2026-10-02 15:35:46,013[0m][[34minference[0m][[32mINFO[0m] - Allocating inference scenario[0m
[MAIN-PROCESS][[36m2026-10-02 15:35:46,014[0m][[34minference[0m][[32mINFO[0m] - 	+ Updating Text Generation kwargs with default values[0m
[MAIN-PROCESS][[36m2026-10-02 15:35:46,014[0m][[34minference[0m][[32mINFO[0m] - 	+ Initializing Text Generation targets list[0m
[MAIN-PROCESS][[36m2026-10-02 15:35:46,015[0m][[34minference[0m][[32mINFO[0m] - 	+ Initializing Latency tracker[0m
[MAIN-PROCESS][[36m2026-10-02 15:35:46,015[0m][[34mlatency[0m][[32mINFO[0m] - 		+ Tracking latency using CPU performance counter[0m
[MAIN-PROCESS][[36m2026-10-02 15:35:46,015[0m][[34minference[0m][[32mINFO[0m] - 	+ Initializing Per-Token Latency tracker[0m
[MAIN-PROCESS][[36m2026-10-02 15:35:46,015[0m][[34mlatency[0m][[32mINFO[0m] - 		+ Tracking latency using CPU performance counter[0m
[MAIN-PROCESS][[36m2026-10-02 15:35:46,016[0m][[34minference[0m][[32mINFO[0m] - 	+ Generating inputs for task text-generation[0m
[MAIN-PROCESS][[36m2026-10-02 15:35:46,017[0m][[34minference[0m][[32mINFO[0m] - 	+ Running model loading tracking[0m
[MAIN-PROCESS][[36m2026-10-02 15:35:46,017[0m][[34mpytorch[0m][[32mINFO[0m] - 	+ Creating backend temporary directory[0m
[MAIN-PROCESS][[36m2026-10-02 15:35:46,018[0m][[34mpytorch[0m][[32mINFO[0m] - 	+ Loading model with pretrained weights[0m
[MAIN-PROCESS][[36m2026-10-02 15:35:46,018[0m][[34mpytorch[0m][[32mINFO[0m] - 	+ Loading Transformers model[0m
[MAIN-PROCESS][[36m2026-10-02 15:35:46,355[0m][[34mpytorch[0m][[32mINFO[0m] - 	+ Enabling eval mode[0m
[MAIN-PROCESS][[36m2026-10-02 15:35:46,357[0m][[34mpytorch[0m][[32mINFO[0m] - 	+ Cleaning up backend temporary directory[0m
[MAIN-PROCESS][[36m2026-10-02 15:35:46,359[0m][[34minference[0m][[32mINFO[0m] - 	+ Preparing inputs for backend pytorch[0m
[MAIN-PROCESS][[36m2026-10-02 15:35:46,360[0m][[34minference[0m][[32mINFO[0m] - 	+ Warming up backend for Text Generation[0m
[MAIN-PROCESS][[36m2026-10-02 15:35:49,435[0m][[34minference[0m][[32mINFO[0m] - 	+ Running Per-Token Text Generation latency tracking[0m
[MAIN-PROCESS][[36m2026-10-02 15:35:53,288[0m][[34mreport[0m][[32mINFO[0m] - + load_model:[0m
[MAIN-PROCESS][[36m2026-10-02 15:35:53,289[0m][[34mreport[0m][[32mINFO[0m] - 	+ latency:[0m
[MAIN-PROCESS][[36m2026-10-02 15:35:53,289[0m][[34mreport[0m][[32mINFO[0m] - 		+ count: 1[0m
[MAIN-PROCESS][[36m2026-10-02 15:35:53,289[0m][[34mreport[0m][[32mINFO[0m] - 		+ total: 0.340542 (s)[0m
[MAIN-PROCESS][[36m2026-10-02 15:35:53,289[0m][[34mreport[0m][[32mINFO[0m] - 		+ mean: 0.340542 (s)[0m
[MAIN-PROCESS][[36m2026-10-02 15:35:53,290[0m][[34mreport[0m][[32mINFO[0m] - 		+ p50: 0.340542 (s)[0m
[MAIN-PROCESS][[36m2026-10-02 15:35:53,290[0m][[34mreport[0m][[32mINFO[0m] - 		+ p90: 0.340542 (s)[0m
[MAIN-PROCESS][[36m2026-10-02 15:35:53,290[0m][[34mreport[0m][[32mINFO[0m] - 		+ p95: 0.340542 (s)[0m
[MAIN-PROCESS][[36m2026-10-02 15:35:53,290[0m][[34mreport[0m][[32mINFO[0m] - 		+ p99: 0.340542 (s)[0m
[MAIN-PROCESS][[36m2026-10-02 15:35:53,290[0m][[34mreport[0m][[32mINFO[0m] - 		+ stdev: 0.000000 (s)[0m
[MAIN-PROCESS][[36m2026-10-02 15:35:53,290[0m][[34mreport[0m][[32mINFO[0m] - 		+ stdev_: 0.00 (%)[0m
[MAIN-PROCESS][[36m2026-10-02 15:35:53,291[0m][[34mreport[0m][[32mINFO[0m] - + first_generate:[0m
[MAIN-PROCESS][[36m2026-10-02 15:35:53,291[0m][[34mreport[0m][[32mINFO[0m] - 	+ latency:[0m
[MAIN-PROCESS][[36m2026-10-02 15:35:53,291[0m][[34mreport[0m][[32mINFO[0m] - 		+ count: 1[0m
[MAIN-PROCESS][[36m2026-10-02 15:35:53,291[0m][[34mreport[0m][[32mINFO[0m] - 		+ total: 1.274684 (s)[0m
[MAIN-PROCESS][[36m2026-10-02 15:35:53,291[0m][[34mreport[0m][[32mINFO[0m] - 		+ mean: 1.274684 (s)[0m
[MAIN-PROCESS][[36m2026-10-02 15:35:53,291[0m][[34mreport[0m][[32mINFO[0m] - 		+ p50: 1.274684 (s)[0m
[MAIN-PROCESS][[36m2026-10-02 15:35:53,292[0m][[34mreport[0m][[32mINFO[0m] - 		+ p90: 1.274684 (s)[0m
[MAIN-PROCESS][[36m2026-10-02 15:35:53,292[0m][[34mreport[0m][[32mINFO[0m] - 		+ p95: 1.274684 (s)[0m
[MAIN-PROCESS][[36m2026-10-02 15:35:53,292[0m][[34mreport[0m][[32mINFO[0m] - 		+ p99: 1.274684 (s)[0m
[MAIN-PROCESS][[36m2026-10-02 15:35:53,292[0m][[34mreport[0m][[32mINFO[0m] - 		+ stdev: 0.000000 (s)[0m
[MAIN-PROCESS][[36m2026-10-02 15:35:53,292[0m][[34mreport[0m][[32mINFO[0m] - 		+ stdev_: 0.00 (%)[0m
[MAIN-PROCESS][[36m2026-10-02 15:35:53,292[0m][[34mreport[0m][[32mINFO[0m] - + generate:[0m
[MAIN-PROCESS][[36m2026-10-02 15:35:53,293[0m][[34mreport[0m][[32mINFO[0m] - 	+ latency:[0m
[MAIN-PROCESS][[36m2026-10-02 15:35:53,293[0m][[34mreport[0m][[32mINFO[0m] - 		+ count: 3[0m
[MAIN-PROCESS][[36m2026-10-02 15:35:53,293[0m][[34mreport[0m][[32mINFO[0m] - 		+ total: 3.838926 (s)[0m
[MAIN-PROCESS][[36m2026-10-02 15:35:53,293[0m][[34mreport[0m][[32mINFO[0m] - 		+ mean: 1.279642 (s)[0m
[MAIN-PROCESS][[36m2026-10-02 15:35:53,293[0m][[34mreport[0m][[32mINFO[0m] - 		+ p50: 1.290244 (s)[0m
[MAIN-PROCESS][[36m2026-10-02 15:35:53,293[0m][[34mreport[0m][[32mINFO[0m] - 		+ p90: 1.309693 (s)[0m
[MAIN-PROCESS][[36m2026-10-02 15:35:53,294[0m][[34mreport[0m][[32mINFO[0m] - 		+ p95: 1.312124 (s)[0m
[MAIN-PROCESS][[36m2026-10-02 15:35:53,294[0m][[34mreport[0m][[32mINFO[0m] - 		+ p99: 1.314069 (s)[0m
[MAIN-PROCESS][[36m2026-10-02 15:35:53,294[0m][[34mreport[0m][[32mINFO[0m] - 		+ stdev: 0.033679 (s)[0m
[MAIN-PROCESS][[36m2026-10-02 15:35:53,294[0m][[34mreport[0m][[32mINFO[0m] - 		+ stdev_: 2.63 (%)[0m
[MAIN-PROCESS][[36m2026-10-02 15:35:53,294[0m][[34mreport[0m][[32mINFO[0m] - 	+ throughput:[0m
[MAIN-PROCESS][[36m2026-10-02 15:35:53,294[0m][[34mreport[0m][[32mINFO[0m] - 		+ throughput: 14.85 (samples/s)[0m
[MAIN-PROCESS][[36m2026-10-02 15:35:53,295[0m][[34mreport[0m][[32mINFO[0m] - + prefill:[0m
[MAIN-PROCESS][[36m2026-10-02 15:35:53,295[0m][[34mreport[0m][[32mINFO[0m] - 	+ latency:[0m
[MAIN-PROCESS][[36m2026-10-02 15:35:53,295[0m][[34mreport[0m][[32mINFO[0m] - 		+ count: 3[0m
[MAIN-PROCESS][[36m2026-10-02 15:35:53,295[0m][[34mreport[0m][[32mINFO[0m] - 		+ total: 0.706828 (s)[0m
[MAIN-PROCESS][[36m2026-10-02 15:35:53,295[0m][[34mreport[0m][[32mINFO[0m] - 		+ mean: 0.235609 (s)[0m
[MAIN-PROCESS][[36m2026-10-02 15:35:53,295[0m][[34mreport[0m][[32mINFO[0m] - 		+ p50: 0.241516 (s)[0m
[MAIN-PROCESS][[36m2026-10-02 15:35:53,295[0m][[34mreport[0m][[32mINFO[0m] - 		+ p90: 0.245558 (s)[0m
[MAIN-PROCESS][[36m2026-10-02 15:35:53,296[0m][[34mreport[0m][[32mINFO[0m] - 		+ p95: 0.246063 (s)[0m
[MAIN-PROCESS][[36m2026-10-02 15:35:53,296[0m][[34mreport[0m][[32mINFO[0m] - 		+ p99: 0.246468 (s)[0m
[MAIN-PROCESS][[36m2026-10-02 15:35:53,296[0m][[34mreport[0m][[32mINFO[0m] - 		+ stdev: 0.012103 (s)[0m
[MAIN-PROCESS][[36m2026-10-02 15:35:53,296[0m][[34mreport[0m][[32mINFO[0m] - 		+ stdev_: 5.14 (%)[0m
[MAIN-PROCESS][[36m2026-10-02 15:35:53,296[0m][[34mreport[0m][[32mINFO[0m] - 	+ throughput:[0m
[MAIN-PROCESS][[36m2026-10-02 15:35:53,296[0m][[34mreport[0m][[32mINFO[0m] - 		+ throughput: 4.24 (samples/s)[0m
[MAIN-PROCESS][[36m2026-10-02 15:35:53,297[0m][[34mreport[0m][[32mINFO[0m] - + decode:[0m
[MAIN-PROCESS][[36m2026-10-02 15:35:53,297[0m][[34mreport[0m][[32mINFO[0m] - 	+ latency:[0m
[MAIN-PROCESS][[36m2026-10-02 15:35:53,297[0m][[34mreport[0m][[32mINFO[0m] - 		+ count: 3[0m
[MAIN-PROCESS][[36m2026-10-02 15:35:53,297[0m][[34mreport[0m][[32mINFO[0m] - 		+ total: 3.132098 (s)[0m
[MAIN-PROCESS][[36m2026-10-02 15:35:53,297[0m][[34mreport[0m][[32mINFO[0m] - 		+ mean: 1.044033 (s)[0m
[MAIN-PROCESS][[36m2026-10-02 15:35:53,297[0m][[34mreport[0m][[32mINFO[0m] - 		+ p50: 1.067986 (s)[0m
[MAIN-PROCESS][[36m2026-10-02 15:35:53,298[0m][[34mreport[0m][[32mINFO[0m] - 		+ p90: 1.070797 (s)[0m
[MAIN-PROCESS][[36m2026-10-02 15:35:53,298[0m][[34mreport[0m][[32mINFO[0m] - 		+ p95: 1.071148 (s)[0m
[MAIN-PROCESS][[36m2026-10-02 15:35:53,298[0m][[34mreport[0m][[32mINFO[0m] - 		+ p99: 1.071430 (s)[0m
[MAIN-PROCESS][[36m2026-10-02 15:35:53,298[0m][[34mreport[0m][[32mINFO[0m] - 		+ stdev: 0.036388 (s)[0m
[MAIN-PROCESS][[36m2026-10-02 15:35:53,298[0m][[34mreport[0m][[32mINFO[0m] - 		+ stdev_: 3.49 (%)[0m
[MAIN-PROCESS][[36m2026-10-02 15:35:53,299[0m][[34mreport[0m][[32mINFO[0m] - 	+ throughput:[0m
[MAIN-PROCESS][[36m2026-10-02 15:35:53,299[0m][[34mreport[0m][[32mINFO[0m] - 		+ throughput: 18.20 (tokens/s)[0m
[MAIN-PROCESS][[36m2026-10-02 15:35:53,299[0m][[34mreport[0m][[32mINFO[0m] - + per_token:[0m
[MAIN-PROCESS][[36m2026-10-02 15:35:53,299[0m][[34mreport[0m][[32mINFO[0m] - 	+ latency:[0m
[MAIN-PROCESS][[36m2026-10-02 15:35:53,299[0m][[34mreport[0m][[32mINFO[0m] - 		+ count: 117[0m
[MAIN-PROCESS][[36m2026-10-02 15:35:53,299[0m][[34mreport[0m][[32mINFO[0m] - 		+ total: 6.895142 (s)[0m
[MAIN-PROCESS][[36m2026-10-02 15:35:53,300[0m][[34mreport[0m][[32mINFO[0m] - 		+ mean: 0.058933 (s)[0m
[MAIN-PROCESS][[36m2026-10-02 15:35:53,300[0m][[34mreport[0m][[32mINFO[0m] - 		+ p50: 0.053005 (s)[0m
[MAIN-PROCESS][[36m2026-10-02 15:35:53,300[0m][[34mreport[0m][[32mINFO[0m] - 		+ p90: 0.065836 (s)[0m
[MAIN-PROCESS][[36m2026-10-02 15:35:53,300[0m][[34mreport[0m][[32mINFO[0m] - 		+ p95: 0.066735 (s)[0m
[MAIN-PROCESS][[36m2026-10-02 15:35:53,300[0m][[34mreport[0m][[32mINFO[0m] - 		+ p99: 0.242662 (s)[0m
[MAIN-PROCESS][[36m2026-10-02 15:35:53,300[0m][[34mreport[0m][[32mINFO[0m] - 		+ stdev: 0.029983 (s)[0m
[MAIN-PROCESS][[36m2026-10-02 15:35:53,300[0m][[34mreport[0m][[32mINFO[0m] - 		+ stdev_: 50.88 (%)[0m
Error executing job with overrides: ['launcher=inline', 'scenario.memory=false', 'scenario.warmup_runs=2', 'scenario.iterations=3', 'scenario.duration=0', '+scenario.generate_kwargs.max_new_tokens=20', '+scenario.generate_kwargs.min_new_tokens=20']
Traceback (most recent call last):
  File "/home/user/venv-ob/lib/python3.11/site-packages/optimum_benchmark/cli.py", line 80, in main
    benchmark.save_json("benchmark.json")
  File "/home/user/venv-ob/lib/python3.11/site-packages/optimum_benchmark/hub_utils.py", line 49, in save_json
    dump(self.to_dict(flat=flat), f, indent=4)
  File "/usr/lib/python3.11/json/__init__.py", line 179, in dump
    for chunk in iterable:
  File "/usr/lib/python3.11/json/encoder.py", line 432, in _iterencode
    yield from _iterencode_dict(o, _current_indent_level)
  File "/usr/lib/python3.11/json/encoder.py", line 406, in _iterencode_dict
    yield from chunks
  File "/usr/lib/python3.11/json/encoder.py", line 406, in _iterencode_dict
    yield from chunks
  File "/usr/lib/python3.11/json/encoder.py", line 406, in _iterencode_dict
    yield from chunks
  [Previous line repeated 1 more time]
  File "/usr/lib/python3.11/json/encoder.py", line 326, in _iterencode_list
    yield from chunks
  File "/usr/lib/python3.11/json/encoder.py", line 439, in _iterencode
    o = _default(o)
        ^^^^^^^^^^^
  File "/usr/lib/python3.11/json/encoder.py", line 180, in default
    raise TypeError(f'Object of type {o.__class__.__name__} '
TypeError: Object of type PerTokenLatencySessionTrackerLogitsProcessor is not JSON serializable

Set the environment variable HYDRA_FULL_ERROR=1 for a complete stack trace.
