[MAIN-PROCESS][[36m2026-10-02 15:20:35,744[0m][[34mprocess[0m][[32mINFO[0m] - Allocated process launcher[0m
[MAIN-PROCESS][[36m2026-10-02 15:20:35,744[0m][[34mprocess[0m][[32mINFO[0m] - 	+ Setting multiprocessing start method to spawn[0m
[ISOLATED-PROCESS][[36m2026-10-02 15:20:42,567[0m][[34mpytorch[0m][[32mINFO[0m] - Allocating pytorch backend[0m
[ISOLATED-PROCESS][[36m2026-10-02 15:20:42,567[0m][[34mpytorch[0m][[32mINFO[0m] - 	+ Seeding backend with 0[0m
[ISOLATED-PROCESS][[36m2026-10-02 15:20:42,571[0m][[34mpytorch[0m][[32mINFO[0m] - 	+ Benchmarking a Transformers model[0m
[ISOLATED-PROCESS][[36m2026-10-02 15:20:42,581[0m][[34minference[0m][[32mINFO[0m] - Allocating inference scenario[0m
[ISOLATED-PROCESS][[36m2026-10-02 15:20:42,581[0m][[34minference[0m][[32mINFO[0m] - 	+ Updating Text Generation kwargs with default values[0m
[ISOLATED-PROCESS][[36m2026-10-02 15:20:42,581[0m][[34minference[0m][[32mINFO[0m] - 	+ Initializing Text Generation targets list[0m
[ISOLATED-PROCESS][[36m2026-10-02 15:20:42,583[0m][[34minference[0m][[32mINFO[0m] - 	+ Initializing Latency tracker[0m
[ISOLATED-PROCESS][[36m2026-10-02 15:20:42,583[0m][[34mlatency[0m][[32mINFO[0m] - 		+ Tracking latency using CPU performance counter[0m
[ISOLATED-PROCESS][[36m2026-10-02 15:20:42,583[0m][[34minference[0m][[32mINFO[0m] - 	+ Initializing Per-Token Latency tracker[0m
[ISOLATED-PROCESS][[36m2026-10-02 15:20:42,583[0m][[34mlatency[0m][[32mINFO[0m] - 		+ Tracking latency using CPU performance counter[0m
[ISOLATED-PROCESS][[36m2026-10-02 15:20:42,583[0m][[34minference[0m][[32mINFO[0m] - 	+ Initializing Memory tracker[0m
[ISOLATED-PROCESS][[36m2026-10-02 15:20:42,583[0m][[34mmemory[0m][[32mINFO[0m] - 		+ Tracking RAM memory of process 8516[0m
[ISOLATED-PROCESS][[36m2026-10-02 15:20:42,583[0m][[34minference[0m][[32mINFO[0m] - 	+ Generating inputs for task text-generation[0m
[ISOLATED-PROCESS][[36m2026-10-02 15:20:42,584[0m][[34minference[0m][[32mINFO[0m] - 	+ Running model loading tracking[0m
[ISOLATED-PROCESS][[36m2026-10-02 15:20:48,274[0m][[34mpytorch[0m][[32mINFO[0m] - 	+ Creating backend temporary directory[0m
[ISOLATED-PROCESS][[36m2026-10-02 15:20:48,275[0m][[34mpytorch[0m][[32mINFO[0m] - 	+ Loading model with pretrained weights[0m
[ISOLATED-PROCESS][[36m2026-10-02 15:20:48,275[0m][[34mpytorch[0m][[32mINFO[0m] - 	+ Loading Transformers model[0m
[ISOLATED-PROCESS][[36m2026-10-02 15:20:49,159[0m][[34mpytorch[0m][[32mINFO[0m] - 	+ Enabling eval mode[0m
[ISOLATED-PROCESS][[36m2026-10-02 15:20:49,160[0m][[34mpytorch[0m][[32mINFO[0m] - 	+ Cleaning up backend temporary directory[0m
[ISOLATED-PROCESS][[36m2026-10-02 15:20:49,163[0m][[34minference[0m][[32mINFO[0m] - 	+ Preparing inputs for backend pytorch[0m
[ISOLATED-PROCESS][[36m2026-10-02 15:20:49,163[0m][[34minference[0m][[32mINFO[0m] - 	+ Warming up backend for Text Generation[0m
[ISOLATED-PROCESS][[36m2026-10-02 15:23:05,953[0m][[34minference[0m][[32mINFO[0m] - 	+ Running Per-Token Text Generation latency tracking[0m
[ISOLATED-PROCESS][[36m2026-10-02 15:30:02,338[0m][[34minference[0m][[32mINFO[0m] - 	+ Running Text Generation memory tracking[0m
[ISOLATED-PROCESS][[36m2026-10-02 15:31:13,945[0m][[34mprocess[0m][[32mINFO[0m] - 	+ Sending report dictionary to main process[0m
[ISOLATED-PROCESS][[36m2026-10-02 15:31:13,954[0m][[34mprocess[0m][[32mINFO[0m] - 	+ Sending report dictionary directly (115388 bytes)[0m
[ISOLATED-PROCESS][[36m2026-10-02 15:31:13,956[0m][[34mprocess[0m][[32mINFO[0m] - 	+ Exiting isolated process[0m
[MAIN-PROCESS][[36m2026-10-02 15:31:13,956[0m][[34mprocess[0m][[32mINFO[0m] - 	+ Received report dictionary from isolated process[0m
[MAIN-PROCESS][[36m2026-10-02 15:31:13,997[0m][[34mreport[0m][[32mINFO[0m] - + load_model:[0m
[MAIN-PROCESS][[36m2026-10-02 15:31:13,998[0m][[34mreport[0m][[32mINFO[0m] - 	+ memory:[0m
[MAIN-PROCESS][[36m2026-10-02 15:31:13,998[0m][[34mreport[0m][[32mINFO[0m] - 		+ max_ram: 1931.60 (MB)[0m
[MAIN-PROCESS][[36m2026-10-02 15:31:13,999[0m][[34mreport[0m][[32mINFO[0m] - 	+ latency:[0m
[MAIN-PROCESS][[36m2026-10-02 15:31:13,999[0m][[34mreport[0m][[32mINFO[0m] - 		+ count: 1[0m
[MAIN-PROCESS][[36m2026-10-02 15:31:13,999[0m][[34mreport[0m][[32mINFO[0m] - 		+ total: 0.887050 (s)[0m
[MAIN-PROCESS][[36m2026-10-02 15:31:13,999[0m][[34mreport[0m][[32mINFO[0m] - 		+ mean: 0.887050 (s)[0m
[MAIN-PROCESS][[36m2026-10-02 15:31:14,000[0m][[34mreport[0m][[32mINFO[0m] - 		+ p50: 0.887050 (s)[0m
[MAIN-PROCESS][[36m2026-10-02 15:31:14,000[0m][[34mreport[0m][[32mINFO[0m] - 		+ p90: 0.887050 (s)[0m
[MAIN-PROCESS][[36m2026-10-02 15:31:14,000[0m][[34mreport[0m][[32mINFO[0m] - 		+ p95: 0.887050 (s)[0m
[MAIN-PROCESS][[36m2026-10-02 15:31:14,000[0m][[34mreport[0m][[32mINFO[0m] - 		+ p99: 0.887050 (s)[0m
[MAIN-PROCESS][[36m2026-10-02 15:31:14,001[0m][[34mreport[0m][[32mINFO[0m] - 		+ stdev: 0.000000 (s)[0m
[MAIN-PROCESS][[36m2026-10-02 15:31:14,001[0m][[34mreport[0m][[32mINFO[0m] - 		+ stdev_: 0.00 (%)[0m
[MAIN-PROCESS][[36m2026-10-02 15:31:14,001[0m][[34mreport[0m][[32mINFO[0m] - + first_generate:[0m
[MAIN-PROCESS][[36m2026-10-02 15:31:14,001[0m][[34mreport[0m][[32mINFO[0m] - 	+ memory:[0m
[MAIN-PROCESS][[36m2026-10-02 15:31:14,002[0m][[34mreport[0m][[32mINFO[0m] - 		+ max_ram: 1705.01 (MB)[0m
[MAIN-PROCESS][[36m2026-10-02 15:31:14,002[0m][[34mreport[0m][[32mINFO[0m] - 	+ latency:[0m
[MAIN-PROCESS][[36m2026-10-02 15:31:14,002[0m][[34mreport[0m][[32mINFO[0m] - 		+ count: 1[0m
[MAIN-PROCESS][[36m2026-10-02 15:31:14,002[0m][[34mreport[0m][[32mINFO[0m] - 		+ total: 72.624718 (s)[0m
[MAIN-PROCESS][[36m2026-10-02 15:31:14,003[0m][[34mreport[0m][[32mINFO[0m] - 		+ mean: 72.624718 (s)[0m
[MAIN-PROCESS][[36m2026-10-02 15:31:14,003[0m][[34mreport[0m][[32mINFO[0m] - 		+ p50: 72.624718 (s)[0m
[MAIN-PROCESS][[36m2026-10-02 15:31:14,004[0m][[34mreport[0m][[32mINFO[0m] - 		+ p90: 72.624718 (s)[0m
[MAIN-PROCESS][[36m2026-10-02 15:31:14,004[0m][[34mreport[0m][[32mINFO[0m] - 		+ p95: 72.624718 (s)[0m
[MAIN-PROCESS][[36m2026-10-02 15:31:14,005[0m][[34mreport[0m][[32mINFO[0m] - 		+ p99: 72.624718 (s)[0m
[MAIN-PROCESS][[36m2026-10-02 15:31:14,005[0m][[34mreport[0m][[32mINFO[0m] - 		+ stdev: 0.000000 (s)[0m
[MAIN-PROCESS][[36m2026-10-02 15:31:14,005[0m][[34mreport[0m][[32mINFO[0m] - 		+ stdev_: 0.00 (%)[0m
[MAIN-PROCESS][[36m2026-10-02 15:31:14,006[0m][[34mreport[0m][[32mINFO[0m] - + generate:[0m
[MAIN-PROCESS][[36m2026-10-02 15:31:14,006[0m][[34mreport[0m][[32mINFO[0m] - 	+ latency:[0m
[MAIN-PROCESS][[36m2026-10-02 15:31:14,006[0m][[34mreport[0m][[32mINFO[0m] - 		+ count: 10[0m
[MAIN-PROCESS][[36m2026-10-02 15:31:14,007[0m][[34mreport[0m][[32mINFO[0m] - 		+ total: 416.376302 (s)[0m
[MAIN-PROCESS][[36m2026-10-02 15:31:14,007[0m][[34mreport[0m][[32mINFO[0m] - 		+ mean: 41.637630 (s)[0m
[MAIN-PROCESS][[36m2026-10-02 15:31:14,007[0m][[34mreport[0m][[32mINFO[0m] - 		+ p50: 40.764248 (s)[0m
[MAIN-PROCESS][[36m2026-10-02 15:31:14,007[0m][[34mreport[0m][[32mINFO[0m] - 		+ p90: 44.183381 (s)[0m
[MAIN-PROCESS][[36m2026-10-02 15:31:14,007[0m][[34mreport[0m][[32mINFO[0m] - 		+ p95: 46.348596 (s)[0m
[MAIN-PROCESS][[36m2026-10-02 15:31:14,008[0m][[34mreport[0m][[32mINFO[0m] - 		+ p99: 48.080769 (s)[0m
[MAIN-PROCESS][[36m2026-10-02 15:31:14,008[0m][[34mreport[0m][[32mINFO[0m] - 		+ stdev: 2.684648 (s)[0m
[MAIN-PROCESS][[36m2026-10-02 15:31:14,008[0m][[34mreport[0m][[32mINFO[0m] - 		+ stdev_: 6.45 (%)[0m
[MAIN-PROCESS][[36m2026-10-02 15:31:14,008[0m][[34mreport[0m][[32mINFO[0m] - 	+ throughput:[0m
[MAIN-PROCESS][[36m2026-10-02 15:31:14,009[0m][[34mreport[0m][[32mINFO[0m] - 		+ throughput: 2.38 (samples/s)[0m
[MAIN-PROCESS][[36m2026-10-02 15:31:14,009[0m][[34mreport[0m][[32mINFO[0m] - + prefill:[0m
[MAIN-PROCESS][[36m2026-10-02 15:31:14,009[0m][[34mreport[0m][[32mINFO[0m] - 	+ memory:[0m
[MAIN-PROCESS][[36m2026-10-02 15:31:14,009[0m][[34mreport[0m][[32mINFO[0m] - 		+ max_ram: 1705.80 (MB)[0m
[MAIN-PROCESS][[36m2026-10-02 15:31:14,010[0m][[34mreport[0m][[32mINFO[0m] - 	+ latency:[0m
[MAIN-PROCESS][[36m2026-10-02 15:31:14,010[0m][[34mreport[0m][[32mINFO[0m] - 		+ count: 10[0m
[MAIN-PROCESS][[36m2026-10-02 15:31:14,010[0m][[34mreport[0m][[32mINFO[0m] - 		+ total: 14.678798 (s)[0m
[MAIN-PROCESS][[36m2026-10-02 15:31:14,011[0m][[34mreport[0m][[32mINFO[0m] - 		+ mean: 1.467880 (s)[0m
[MAIN-PROCESS][[36m2026-10-02 15:31:14,011[0m][[34mreport[0m][[32mINFO[0m] - 		+ p50: 1.398723 (s)[0m
[MAIN-PROCESS][[36m2026-10-02 15:31:14,011[0m][[34mreport[0m][[32mINFO[0m] - 		+ p90: 1.738034 (s)[0m
[MAIN-PROCESS][[36m2026-10-02 15:31:14,011[0m][[34mreport[0m][[32mINFO[0m] - 		+ p95: 2.030661 (s)[0m
[MAIN-PROCESS][[36m2026-10-02 15:31:14,011[0m][[34mreport[0m][[32mINFO[0m] - 		+ p99: 2.264762 (s)[0m
[MAIN-PROCESS][[36m2026-10-02 15:31:14,012[0m][[34mreport[0m][[32mINFO[0m] - 		+ stdev: 0.357612 (s)[0m
[MAIN-PROCESS][[36m2026-10-02 15:31:14,012[0m][[34mreport[0m][[32mINFO[0m] - 		+ stdev_: 24.36 (%)[0m
[MAIN-PROCESS][[36m2026-10-02 15:31:14,012[0m][[34mreport[0m][[32mINFO[0m] - 	+ throughput:[0m
[MAIN-PROCESS][[36m2026-10-02 15:31:14,013[0m][[34mreport[0m][[32mINFO[0m] - 		+ throughput: 0.68 (samples/s)[0m
[MAIN-PROCESS][[36m2026-10-02 15:31:14,013[0m][[34mreport[0m][[32mINFO[0m] - + decode:[0m
[MAIN-PROCESS][[36m2026-10-02 15:31:14,013[0m][[34mreport[0m][[32mINFO[0m] - 	+ memory:[0m
[MAIN-PROCESS][[36m2026-10-02 15:31:14,013[0m][[34mreport[0m][[32mINFO[0m] - 		+ max_ram: 1705.82 (MB)[0m
[MAIN-PROCESS][[36m2026-10-02 15:31:14,014[0m][[34mreport[0m][[32mINFO[0m] - 	+ latency:[0m
[MAIN-PROCESS][[36m2026-10-02 15:31:14,014[0m][[34mreport[0m][[32mINFO[0m] - 		+ count: 10[0m
[MAIN-PROCESS][[36m2026-10-02 15:31:14,014[0m][[34mreport[0m][[32mINFO[0m] - 		+ total: 401.697503 (s)[0m
[MAIN-PROCESS][[36m2026-10-02 15:31:14,015[0m][[34mreport[0m][[32mINFO[0m] - 		+ mean: 40.169750 (s)[0m
[MAIN-PROCESS][[36m2026-10-02 15:31:14,015[0m][[34mreport[0m][[32mINFO[0m] - 		+ p50: 39.375864 (s)[0m
[MAIN-PROCESS][[36m2026-10-02 15:31:14,016[0m][[34mreport[0m][[32mINFO[0m] - 		+ p90: 43.212802 (s)[0m
[MAIN-PROCESS][[36m2026-10-02 15:31:14,016[0m][[34mreport[0m][[32mINFO[0m] - 		+ p95: 45.084652 (s)[0m
[MAIN-PROCESS][[36m2026-10-02 15:31:14,016[0m][[34mreport[0m][[32mINFO[0m] - 		+ p99: 46.582131 (s)[0m
[MAIN-PROCESS][[36m2026-10-02 15:31:14,017[0m][[34mreport[0m][[32mINFO[0m] - 		+ stdev: 2.718966 (s)[0m
[MAIN-PROCESS][[36m2026-10-02 15:31:14,017[0m][[34mreport[0m][[32mINFO[0m] - 		+ stdev_: 6.77 (%)[0m
[MAIN-PROCESS][[36m2026-10-02 15:31:14,017[0m][[34mreport[0m][[32mINFO[0m] - 	+ throughput:[0m
[MAIN-PROCESS][[36m2026-10-02 15:31:14,018[0m][[34mreport[0m][[32mINFO[0m] - 		+ throughput: 2.46 (tokens/s)[0m
[MAIN-PROCESS][[36m2026-10-02 15:31:14,018[0m][[34mreport[0m][[32mINFO[0m] - + per_token:[0m
[MAIN-PROCESS][[36m2026-10-02 15:31:14,018[0m][[34mreport[0m][[32mINFO[0m] - 	+ latency:[0m
[MAIN-PROCESS][[36m2026-10-02 15:31:14,018[0m][[34mreport[0m][[32mINFO[0m] - 		+ count: 5490[0m
[MAIN-PROCESS][[36m2026-10-02 15:31:14,018[0m][[34mreport[0m][[32mINFO[0m] - 		+ total: 2288.646389 (s)[0m
[MAIN-PROCESS][[36m2026-10-02 15:31:14,019[0m][[34mreport[0m][[32mINFO[0m] - 		+ mean: 0.416875 (s)[0m
[MAIN-PROCESS][[36m2026-10-02 15:31:14,019[0m][[34mreport[0m][[32mINFO[0m] - 		+ p50: 0.384209 (s)[0m
[MAIN-PROCESS][[36m2026-10-02 15:31:14,019[0m][[34mreport[0m][[32mINFO[0m] - 		+ p90: 0.724276 (s)[0m
[MAIN-PROCESS][[36m2026-10-02 15:31:14,019[0m][[34mreport[0m][[32mINFO[0m] - 		+ p95: 0.795354 (s)[0m
[MAIN-PROCESS][[36m2026-10-02 15:31:14,019[0m][[34mreport[0m][[32mINFO[0m] - 		+ p99: 1.078158 (s)[0m
[MAIN-PROCESS][[36m2026-10-02 15:31:14,020[0m][[34mreport[0m][[32mINFO[0m] - 		+ stdev: 0.235933 (s)[0m
[MAIN-PROCESS][[36m2026-10-02 15:31:14,020[0m][[34mreport[0m][[32mINFO[0m] - 		+ stdev_: 56.60 (%)[0m
