[MAIN-PROCESS][[36m2026-10-02 15:16:46,062[0m][[34mprocess[0m][[32mINFO[0m] - Allocated process launcher[0m
[MAIN-PROCESS][[36m2026-10-02 15:16:46,063[0m][[34mprocess[0m][[32mINFO[0m] - 	+ Setting multiprocessing start method to spawn[0m
W1002 15:16:55.444000 7790 torch/utils/_pytree.py:630] <enum 'KernelPreference'> is an Enum subclass and is now natively supported by torch.compile as an opaque value type. Calling register_constant() on Enum subclasses is deprecated and will be an error in a future release.
W1002 15:16:55.521000 7790 torch/utils/_pytree.py:630] <enum 'ScaleCalculationMode'> is an Enum subclass and is now natively supported by torch.compile as an opaque value type. Calling register_constant() on Enum subclasses is deprecated and will be an error in a future release.
[ISOLATED-PROCESS][[36m2026-10-02 15:16:55,696[0m][[34mhydra.utils[0m][[31mERROR[0m] - Error getting class at optimum_benchmark.backends.pytorch.backend.PyTorchBackend: Error loading 'optimum_benchmark.backends.pytorch.backend.PyTorchBackend':
ImportError("cannot import name 'SpecialTokensMixin' from 'transformers' (/home/user/venv/lib/python3.11/site-packages/transformers/__init__.py)")[0m
[ISOLATED-PROCESS][[36m2026-10-02 15:16:55,697[0m][[34mprocess[0m][[31mERROR[0m] - 	+ Sending traceback string to main process[0m
[ISOLATED-PROCESS][[36m2026-10-02 15:16:55,701[0m][[34mprocess[0m][[32mINFO[0m] - 	+ Sending traceback string directly (2939 bytes)[0m
[ISOLATED-PROCESS][[36m2026-10-02 15:16:55,701[0m][[34mprocess[0m][[32mINFO[0m] - 	+ Exiting isolated process[0m
[MAIN-PROCESS][[36m2026-10-02 15:16:55,701[0m][[34mprocess[0m][[31mERROR[0m] - 	+ Received traceback from isolated process[0m
Error executing job with overrides: []
Traceback (most recent call last):
  File "/home/user/venv/lib/python3.11/site-packages/optimum_benchmark/cli.py", line 74, in main
    benchmark_report = Benchmark.launch(benchmark_config)
                       ^^^^^^^^^^^^^^^^^^^^^^^^^^^^^^^^^^
  File "/home/user/venv/lib/python3.11/site-packages/optimum_benchmark/benchmark/base.py", line 51, in launch
    report = launcher.launch(worker=Benchmark.run, worker_args=[config])
             ^^^^^^^^^^^^^^^^^^^^^^^^^^^^^^^^^^^^^^^^^^^^^^^^^^^^^^^^^^^
  File "/home/user/venv/lib/python3.11/site-packages/optimum_benchmark/launchers/process/launcher.py", line 72, in launch
    raise ChildProcessError(response)
ChildProcessError: Traceback (most recent call last):
  File "/home/user/venv/lib/python3.11/site-packages/hydra/_internal/utils.py", line 644, in _locate
    obj = getattr(obj, part)
          ^^^^^^^^^^^^^^^^^^
AttributeError: module 'optimum_benchmark.backends.pytorch' has no attribute 'backend'

During handling of the above exception, another exception occurred:

Traceback (most recent call last):
  File "/home/user/venv/lib/python3.11/site-packages/hydra/_internal/utils.py", line 650, in _locate
    obj = import_module(mod)
          ^^^^^^^^^^^^^^^^^^
  File "/usr/lib/python3.11/importlib/__init__.py", line 126, in import_module
    return _bootstrap._gcd_import(name[level:], package, level)
           ^^^^^^^^^^^^^^^^^^^^^^^^^^^^^^^^^^^^^^^^^^^^^^^^^^^^
  File "<frozen importlib._bootstrap>", line 1204, in _gcd_import
  File "<frozen importlib._bootstrap>", line 1176, in _find_and_load
  File "<frozen importlib._bootstrap>", line 1147, in _find_and_load_unlocked
  File "<frozen importlib._bootstrap>", line 690, in _load_unlocked
  File "<frozen importlib._bootstrap_external>", line 940, in exec_module
  File "<frozen importlib._bootstrap>", line 241, in _call_with_frames_removed
  File "/home/user/venv/lib/python3.11/site-packages/optimum_benchmark/backends/pytorch/backend.py", line 20, in <module>
    from ..base import Backend
  File "/home/user/venv/lib/python3.11/site-packages/optimum_benchmark/backends/base.py", line 24, in <module>
    from .transformers_utils import (
  File "/home/user/venv/lib/python3.11/site-packages/optimum_benchmark/backends/transformers_utils.py", line 7, in <module>
    from transformers import (
ImportError: cannot import name 'SpecialTokensMixin' from 'transformers' (/home/user/venv/lib/python3.11/site-packages/transformers/__init__.py)

The above exception was the direct cause of the following exception:

Traceback (most recent call last):
  File "/home/user/venv/lib/python3.11/site-packages/optimum_benchmark/launchers/process/launcher.py", line 107, in target
    report = worker(*worker_args)
             ^^^^^^^^^^^^^^^^^^^^
  File "/home/user/venv/lib/python3.11/site-packages/optimum_benchmark/benchmark/base.py", line 69, in run
    backend_factory: Type[Backend] = get_class(backend_config._target_)
                                     ^^^^^^^^^^^^^^^^^^^^^^^^^^^^^^^^^^
  File "/home/user/venv/lib/python3.11/site-packages/hydra/utils.py", line 44, in get_class
    raise e
  File "/home/user/venv/lib/python3.11/site-packages/hydra/utils.py", line 35, in get_class
    cls = _locate(path)
          ^^^^^^^^^^^^^
  File "/home/user/venv/lib/python3.11/site-packages/hydra/_internal/utils.py", line 658, in _locate
    raise ImportError(
ImportError: Error loading 'optimum_benchmark.backends.pytorch.backend.PyTorchBackend':
ImportError("cannot import name 'SpecialTokensMixin' from 'transformers' (/home/user/venv/lib/python3.11/site-packages/transformers/__init__.py)")


Set the environment variable HYDRA_FULL_ERROR=1 for a complete stack trace.
